Saved 300 questions to /output/random_questions_90.csv
Saved 300 questions to /output/original_questions.json
Master seed: 928082281
Max bound leaf count: 7
Saved 300 questions to /output/random_questions_90.csv
Saved 300 questions to /output/original_questions.json
Master seed: 946654654
Max bound leaf count: 6
Saved 300 questions to /output/random_questions_90.csv
Saved 300 questions to /output/original_questions.json
Master seed: 279727705
Max bound leaf count: 8
Saved 300 questions to /output/random_questions_90.csv
Saved 300 questions to /output/original_questions.json
Master seed: 542558310
Max bound leaf count: 7
./run_benchmark_matrix.sh: line 119: python: command not found
Saved 300 questions to /output/random_questions_90.csv
Saved 300 questions to /output/original_questions.json
Master seed: 288628
Max bound leaf count: 7
