<===== new run google/gemma-4-31B-it depth_1-5 =======>
<===== new run google/gemma-4-31B-it depth_1-5 =======>
<===== new run google/gemma-4-31B-it depth_1-5 =======>
<===== new run google/gemma-4-31B-it depth_1-5 =======>
<===== new run google/gemma-4-31B-it depth_1-5 =======>
<===== new run google/gemma-4-31B-it depth_1-5 =======>
<===== new run google/gemma-4-31B-it depth_1-5 =======>
<===== new run google/gemma-4-31B-it depth_1-5 =======>
<===== new run google/gemma-4-31B-it depth_1-5 =======>
<===== new run google/gemma-4-31B-it depth_1-5 =======>
<===== new run google/gemma-4-31B-it depth_1-5 =======>
90Q are Sheet: /output/financial_spreadsheet.json
90Q are Questions: /output/original_questions.json
Loading datasets...
  90-Q: 250 questions, 15 companies

============================================================
  Evaluating model: google/gemma-4-31B-it
============================================================

-- 90-Q evaluation (250 questions) --
  [1/250] CORRECT | truth=48015.0000 pred=48015.0 | What's the value of the current assets for Atlas Global Indu...
  [7/250] CORRECT | truth=7204.0000 pred=7204.0 | what would be the the maximum of cash for Cobalt Semiconduct...
  [10/250] CORRECT | truth=16500.0000 pred=16500.0 | give the the maximum of capex for Pacific Crest Energy using...
  [8/250] CORRECT | truth=73911.0000 pred=73911.0 | determine the longterm liabilities for Quantum Bridge Holdin...
  [9/250] CORRECT | truth=1105.0000 pred=1105.0 | determine the average inventories for Pinnacle Health Group ...
  [2/250] CORRECT | truth=114551.0000 pred=114551.0 | May you calculate the the maximum of cost of goods sold for ...
  [6/250] CORRECT | truth=35929.0000 pred=35929.0 | compute the the maximum of cost of goods sold for Quantum Br...
  [5/250] CORRECT | truth=19331.0000 pred=19331.0 | Compute the sum of the maximum of short term investments for...
  [3/250] CORRECT | truth=24816.0000 pred=24816.0 | what do we obtain as the longterm liabilities for Cobalt Sem...
  [4/250] CORRECT | truth=5107.0000 pred=5107.0 | State the current assets for Pinnacle Health Group in 2020....
  [12/250] CORRECT | truth=20265.0000 pred=20265.0 | you should give the sum of the maximum of dividends paid for...
  [13/250] CORRECT | truth=86598.0000 pred=86598.0 | which quantity is given by the sum of sum of capex and divid...
  [11/250] CORRECT | truth=10020.0000 pred=10020.0 | Compute the difference between difference between sum of cos...
  [17/250] CORRECT | truth=21416.0000 pred=21416.0 | may you give the the maximum of current liabilities for Orio...
  [14/250] CORRECT | truth=6860.6667 pred=6860.67 | provide the average inventories for Pacific Crest Energy acr...
  [20/250] CORRECT | truth=797935.0000 pred=797935.0 | What does the following give: the maximum of revenue for Cri...
  [24/250] CORRECT | truth=9407.0000 pred=9407.0 | give the the maximum of capex for Orion Financial Group usin...
  [25/250] CORRECT | truth=133504.0000 pred=133504.0 | Which result follows from the gross profit for Ironclad Manu...
  [23/250] CORRECT | truth=323622.0000 pred=323622.0 | You should calculate the gross profit for Titan Consumer Bra...
  [15/250] CORRECT | truth=79097.0000 pred=79097.0 | which result follows from the operating income for Helix Bio...
  [22/250] CORRECT | truth=246.9732 pred=246.973180630834 | state the result of inventories scaled by income tax for Pin...
  [18/250] CORRECT | truth=10111.0000 pred=10111.0 | which value corresponds to the pretax income for Helix BioSc...
  [16/250] CORRECT | truth=151336.6341 pred=151337.21 | what do we obtain as the result of revenue scaled by income ...
  [26/250] CORRECT | truth=231556.0000 pred=231556.0 | Which result follows from the the maximum of cost of goods s...
  [19/250] CORRECT | truth=68520.9419 pred=68521.43 | may you calculate the result of total equity scaled by ratio...
  [29/250] CORRECT | truth=328592.0000 pred=328592.0 | Evaluate the the maximum of total liabilities for SilverLine...
  [21/250] CORRECT | truth=81059.0751 pred=81058.43 | Could you give the sum of result of sum of capex and cost of...
  [28/250] CORRECT | truth=285836.0000 pred=285836.0 | what does the following give: longterm liabilities for Crims...
  [27/250] CORRECT | truth=77316.0000 pred=77316.0 | What would be the the maximum of short term investments for ...
  [31/250] CORRECT | truth=11315.0000 pred=11315.0 | May you give the the maximum of inventories for Orion Financ...
  [32/250] CORRECT | truth=450563.0000 pred=450563.0 | Whats the value of the longterm assets for ClearPath Logisti...
  [36/250] CORRECT | truth=153750.0000 pred=153750.0 | Whats the value of the the maximum of operating expenses for...
  [37/250] CORRECT | truth=225815.0000 pred=225815.0 | You should calculate the the maximum of cash for Titan Consu...
  [38/250] CORRECT | truth=27487.0000 pred=27487.0 | What is the value of the current assets for Atlas Global Ind...
  [40/250] CORRECT | truth=36674.0000 pred=36674.0 | which quantity is given by the the maximum of inventories fo...
  [34/250] CORRECT | truth=499588.0000 pred=499588.0 | What's the value of the the minimum of total assets for Clea...
  [39/250] CORRECT | truth=836.7000 pred=836.6999901931999 | what is the result of inventories scaled by income tax for A...
  [33/250] CORRECT | truth=100018.0000 pred=100018.0 | what's the value of the sum of dividends paid and revenue fo...
  [35/250] CORRECT | truth=-372709.0000 pred=-372709.0 | which result follows from the sum of difference between non ...
  [41/250] CORRECT | truth=105291.0000 pred=105291.0 | which value corresponds to the current assets for Helix BioS...
  [44/250] CORRECT | truth=114932.0000 pred=114932.0 | Which quantity is given by the sum of longterm liabilities a...
  [43/250] CORRECT | truth=23830.0000 pred=23830.0 | may you calculate the pretax income for NovaStar Technologie...
  [42/250] CORRECT | truth=9363.0000 pred=9363.0 | Compute the the maximum of short term investments for Quantu...
  [30/250] CORRECT | truth=8455.0000 pred=8455.0 | you should calculate the the minimum of current liabilities ...
  [47/250] CORRECT | truth=32211.0000 pred=32211.0 | What's the value of the gross profit for Atlas Global Indust...
  [46/250] CORRECT | truth=61377.0000 pred=61377.0 | Compute the sum of difference between accounts receivable an...
  [50/250] CORRECT | truth=168963.0000 pred=168963.0 | give the sum of revenue and short term investments for Orion...
  [45/250] CORRECT | truth=14819.0000 pred=14819.0 | you should give the the maximum of short term investments fo...
  [54/250] CORRECT | truth=26227.0000 pred=26227.0 | Which quantity is given by the the maximum of operating expe...
  [49/250] CORRECT | truth=301219.0000 pred=301219.0 | What does the following give: gross profit for Crimson Pharm...
  [58/250] CORRECT | truth=29178.0000 pred=29178.0 | determine the longterm liabilities for Quantum Bridge Holdin...
  [51/250] CORRECT | truth=159690.0000 pred=159690.0 | What does the following give: current assets for Crimson Pha...
  [60/250] CORRECT | truth=96193.0000 pred=96193.0 | which result follows from the the maximum of operating expen...
  [56/250] CORRECT | truth=28326.0000 pred=28326.0 | Which value corresponds to the the minimum of accounts recei...
  [55/250] CORRECT | truth=91257.0000 pred=91257.0 | Compute the sum of the minimum of non operating expenses for...
  [52/250] CORRECT | truth=63362.0000 pred=63362.0 | Calculate the the minimum of non operating expenses for Silv...
  [48/250] CORRECT | truth=7978.0000 pred=7978.0 | What does the following give: the minimum of short term inve...
  [53/250] CORRECT | truth=111965.5000 pred=111965.5 | Whats the value of the average cash for ClearPath Logistics ...
  [59/250] CORRECT | truth=18448.0000 pred=18448.0 | evaluate the the minimum of cash for Titan Consumer Brands u...
  [57/250] CORRECT | truth=16327.0000 pred=16327.0 | Which quantity is given by the the minimum of short term inv...
  [63/250] CORRECT | truth=7507.0000 pred=7507.0 | What is the value of the operating income for Atlas Global I...
  [65/250] CORRECT | truth=338824.0000 pred=338824.0 | You should give the the maximum of current liabilities for T...
  [61/250] CORRECT | truth=786632.0000 pred=786632.0 | calculate the sum of gross profit and total assets for Silve...
  [67/250] CORRECT | truth=277514.0000 pred=277514.0 | you should calculate the average total equity for Crimson Ph...
  [64/250] CORRECT | truth=10409.2500 pred=10409.25 | State the average cost of goods sold for Pinnacle Health Gro...
  [66/250] CORRECT | truth=83579.0000 pred=83579.0 | May you calculate the gross profit for NovaStar Technologies...
  [68/250] CORRECT | truth=25828.0000 pred=25828.0 | what is the the minimum of current liabilities for Apex Dyna...
  [70/250] CORRECT | truth=13377.0000 pred=13377.0 | what's the value of the the minimum of cash for Atlas Global...
  [62/250] CORRECT | truth=60219.0000 pred=60219.0 | Which quantity is given by the the maximum of non operating ...
  [71/250] CORRECT | truth=78165.0000 pred=78165.0 | What do we obtain as the the maximum of total assets for Cob...
  [69/250] CORRECT | truth=1233.0000 pred=1233.0 | state the pretax income for Pinnacle Health Group in 2023....
  [77/250] CORRECT | truth=54470.5000 pred=54470.5 | What is the value of the average total liabilities for Atlas...
  [75/250] CORRECT | truth=21251.0000 pred=21251.0 | What's the value of the current assets for Atlas Global Indu...
  [73/250] CORRECT | truth=85599.0000 pred=85599.0 | what do we obtain as the the maximum of operating expenses f...
  [78/250] CORRECT | truth=18382.0000 pred=18382.0 | What would be the current assets for Cobalt Semiconductor in...
  [81/250] CORRECT | truth=64647.0000 pred=64647.0 | give the gross profit for Orion Financial Group in 2024...
  [76/250] CORRECT | truth=72714.0000 pred=72714.0 | What's the value of the the minimum of revenue for Atlas Glo...
  [79/250] CORRECT | truth=219032.0000 pred=219032.0 | provide the sum of revenue for Pacific Crest Energy in 2021 ...
  [80/250] CORRECT | truth=19238.0000 pred=19238.0 | Calculate the the minimum of inventories for SilverLine Reta...
  [74/250] CORRECT | truth=757557.0000 pred=757557.0 | You should calculate the the maximum of total liabilities fo...
  [83/250] CORRECT | truth=18382.0000 pred=18382.0 | What do we obtain as the current assets for Cobalt Semicondu...
  [87/250] CORRECT | truth=196241.0000 pred=196241.0 | evaluate the longterm liabilities for SilverLine Retail Inc ...
  [85/250] CORRECT | truth=55091.0000 pred=55091.0 | Whats the value of the sum of accounts receivable for ClearP...
  [86/250] CORRECT | truth=273650.0000 pred=273650.0 | Calculate the longterm liabilities for SilverLine Retail Inc...
  [82/250] CORRECT | truth=91983.0000 pred=91983.0 | what's the value of the the maximum of revenue for Atlas Glo...
  [90/250] CORRECT | truth=18206.0000 pred=18206.0 | could you give the the minimum of current liabilities for Me...
  [91/250] CORRECT | truth=394.0000 pred=394.0 | determine the the minimum of capex for Pinnacle Health Group...
  [84/250] CORRECT | truth=196832.0000 pred=196832.0 | Could you give the the maximum of revenue for Meridian Syste...
  [89/250] CORRECT | truth=-192301.0000 pred=-192301.0 | Which result follows from the difference between difference ...
  [94/250] CORRECT | truth=29575.0000 pred=29575.0 | which result follows from the the maximum of dividends paid ...
  [88/250] CORRECT | truth=4087.0000 pred=4087.0 | Determine the the minimum of accounts receivable for Quantum...
  [97/250] CORRECT | truth=120046.0000 pred=120046.0 | which value corresponds to the average total liabilities for...
  [92/250] CORRECT | truth=106553.0000 pred=106553.0 | give the current assets for Pacific Crest Energy in 2023 ....
  [93/250] CORRECT | truth=-15893.8396 pred=-15893.58 | Which quantity is given by the result of the minimum of curr...
  [98/250] CORRECT | truth=49098.0000 pred=49098.0 | Compute the operating income for Quantum Bridge Holdings in ...
  [101/250] CORRECT | truth=46749.0000 pred=46749.0 | Which result follows from the average cash for Helix BioScie...
  [102/250] CORRECT | truth=1346.0000 pred=1346.0 | State the the minimum of current liabilities for Pinnacle He...
  [99/250] CORRECT | truth=103346.0000 pred=103346.0 | may you calculate the longterm assets for NovaStar Technolog...
  [104/250] CORRECT | truth=558739.8000 pred=558739.8 | what would be the average revenue for ClearPath Logistics ac...
  [100/250] CORRECT | truth=127801.0000 pred=127801.0 | what does the following give: result of the minimum of non o...
  [108/250] CORRECT | truth=28358.0000 pred=28358.0 | Compute the current assets for Quantum Bridge Holdings in 20...
  [96/250] CORRECT | truth=12808.0000 pred=12808.0 | What is the average short term investments for Apex Dynamics...
  [105/250] CORRECT | truth=428824.0000 pred=428824.0 | Evaluate the the minimum of revenue for Titan Consumer Brand...
  [111/250] CORRECT | truth=32022.0000 pred=32022.0 | May you give the longterm assets for Orion Financial Group i...
  [95/250] CORRECT | truth=48015.0000 pred=48015.0 | What is the value of the current assets for Atlas Global Ind...
  [110/250] CORRECT | truth=105242.0000 pred=105242.0 | what would be the sum of current assets for Cobalt Semicondu...
  [107/250] CORRECT | truth=30313.0000 pred=30313.0 | state the longterm assets for Pinnacle Health Group in 2025 ...
  [113/250] CORRECT | truth=18432.0000 pred=18432.0 | Which value corresponds to the the minimum of short term inv...
  [116/250] CORRECT | truth=10495.0000 pred=10495.0 | you should give the average short term investments for Orion...
  [114/250] CORRECT | truth=246479.0000 pred=246479.0 | give the the maximum of total liabilities for Pacific Crest ...
  [109/250] CORRECT | truth=97345.0000 pred=97345.0 | What's the value of the sum of sum of cost of goods sold for...
  [117/250] CORRECT | truth=4668.0000 pred=4668.0 | you should give the the maximum of non operating expenses fo...
  [115/250] CORRECT | truth=105646.0000 pred=105646.0 | Which value corresponds to the current assets for Helix BioS...
  [120/250] CORRECT | truth=4966.0000 pred=4966.0 | Compute the sum of capex and inventories for Quantum Bridge ...
  [121/250] CORRECT | truth=20733.0000 pred=20733.0 | determine the average current liabilities for Quantum Bridge...
  [122/250] CORRECT | truth=5350.0000 pred=5350.0 | What is the pretax income for Apex Dynamics Corp in 2022...
  [119/250] CORRECT | truth=32524.4697 pred=32524.5223411431 | what does the following give: result of cash scaled by incom...
  [125/250] CORRECT | truth=12056.0000 pred=12596.0 | Give the longterm liabilities for Orion Financial Group in 2...
  [118/250] CORRECT | truth=1235.5000 pred=1235.5 | State the average accounts receivable for Pinnacle Health Gr...
  [127/250] CORRECT | truth=0.0000 pred=0.0 | provide the difference between total liabilities and total l...
  [126/250] CORRECT | truth=103686.0000 pred=103686.0 | You should give the sum of capex and total liabilities for A...
  [123/250] CORRECT | truth=6054.0000 pred=6054.0 | What is the value of the the minimum of short term investmen...
  [124/250] CORRECT | truth=184998.6667 pred=184998.67 | which value corresponds to the average cost of goods sold fo...
  [129/250] CORRECT | truth=372136.0000 pred=372136.0 | what's the value of the the maximum of cost of goods sold fo...
  [131/250] CORRECT | truth=25731.0000 pred=25731.0 | Whats the value of the the minimum of capex for ClearPath Lo...
  [133/250] CORRECT | truth=33056.0000 pred=33056.0 | what is the current assets for Apex Dynamics Corp in 2024?...
  [132/250] CORRECT | truth=12201.0000 pred=12201.0 | give the the minimum of operating expenses for Orion Financi...
  [130/250] CORRECT | truth=34064.0000 pred=34064.0 | give the sum of dividends paid and current assets for Pacifi...
  [134/250] CORRECT | truth=390165.0000 pred=390165.0 | calculate the the maximum of total liabilities for SilverLin...
  [136/250] CORRECT | truth=89512.0000 pred=89512.0 | Give the the maximum of total assets for Orion Financial Gro...
  [135/250] CORRECT | truth=75219.3333 pred=75219.33333333333 | What is the average revenue for Apex Dynamics Corp across ye...
  [137/250] CORRECT | truth=69861.0000 pred=69861.0 | what do we obtain as the average non operating expenses for ...
  [138/250] WRONG  | truth=300639.0000 pred=0.0282928 | Evaluate the sum of ratio of sum of sum of dividends paid fo...
  [140/250] CORRECT | truth=33798.0000 pred=33798.0 | whats the value of the the minimum of operating expenses for...
  [142/250] CORRECT | truth=45819.1570 pred=45818.73 | What does the following give: sum of result of cash scaled b...
  [139/250] CORRECT | truth=20787.0000 pred=20787.0 | what would be the the maximum of total equity for Cobalt Sem...
  [143/250] CORRECT | truth=353846.0000 pred=353846.0 | you should calculate the longterm liabilities for Titan Cons...
  [141/250] CORRECT | truth=501521.0000 pred=501521.0 | what does the following give: longterm assets for Crimson Ph...
  [147/250] CORRECT | truth=52753.0000 pred=52753.0 | which value corresponds to the sum of dividends paid and ope...
  [145/250] CORRECT | truth=46063.0000 pred=46063.0 | Which value corresponds to the the maximum of non operating ...
  [144/250] CORRECT | truth=169244.0000 pred=169244.0 | what does the following give: the maximum of operating expen...
  [148/250] CORRECT | truth=229290.0000 pred=229290.0 | Evaluate the current assets for Titan Consumer Brands in 202...
  [149/250] CORRECT | truth=14819.0000 pred=14819.0 | what is the value of the the maximum of short term investmen...
  [146/250] CORRECT | truth=6257611.4772 pred=6258235.6 | which quantity is given by the result of longterm assets for...
  [151/250] CORRECT | truth=80451.0000 pred=80451.0 | calculate the the maximum of inventories for SilverLine Reta...
  [153/250] CORRECT | truth=88228.0000 pred=88228.0 | what is the the maximum of revenue for Apex Dynamics Corp us...
  [150/250] CORRECT | truth=493340.4769 pred=494602.6878 | you should calculate the difference between difference betwe...
  [152/250] CORRECT | truth=85533.0000 pred=85533.0 | May you calculate the sum of the minimum of short term inves...
  [156/250] CORRECT | truth=26882.0000 pred=26882.0 | Give the the maximum of operating expenses for Orion Financi...
  [158/250] CORRECT | truth=10644.0000 pred=10644.0 | what is the value of the the maximum of dividends paid for A...
  [155/250] CORRECT | truth=30313.0000 pred=30313.0 | Determine the longterm assets for Pinnacle Health Group in 2...
  [157/250] CORRECT | truth=232430.0000 pred=232430.0 | You should calculate the longterm assets for Titan Consumer ...
  [154/250] CORRECT | truth=135324.0000 pred=135324.0 | could you give the sum of current liabilities and cost of go...
  [112/250] CORRECT | truth=339437.0000 pred=339437.0 | State the the maximum of total assets for Pacific Crest Ener...
  [161/250] CORRECT | truth=15214.6000 pred=15214.6 | What's the value of the average operating expenses for Atlas...
  [159/250] CORRECT | truth=257911.0000 pred=257911.0 | calculate the current assets for SilverLine Retail Inc in 20...
  [160/250] WRONG  | truth=16128.0524 pred=190767.23 | could you give the result of total equity scaled by income t...
  [162/250] CORRECT | truth=406329.2000 pred=406329.2 | what do we obtain as the average cost of goods sold for Crim...
  [72/250] CORRECT | truth=353846.0000 pred=353846.0 | You should calculate the longterm liabilities for Titan Cons...
  [166/250] CORRECT | truth=8135.0000 pred=8135.0 | determine the the minimum of current liabilities for Quantum...
  [167/250] CORRECT | truth=144034.0000 pred=144034.0 | which result follows from the gross profit for Ironclad Manu...
  [164/250] CORRECT | truth=5171.0000 pred=5171.0 | State the longterm liabilities for Pinnacle Health Group in ...
  [163/250] CORRECT | truth=132775.0000 pred=132775.0 | What's the value of the sum of revenue for Atlas Global Indu...
  [106/250] CORRECT | truth=60388.0000 pred=60388.0 | What is the value of the longterm liabilities for Apex Dynam...
  [165/250] CORRECT | truth=63130.0000 pred=63130.0 | determine the sum of current assets and current liabilities ...
  [103/250] CORRECT | truth=33146.0000 pred=33146.0 | May you give the current assets for Orion Financial Group in...
  [170/250] WRONG  | truth=-19088.0000 pred=-28076.0 | What is the sum of difference between inventories and curren...
  [128/250] CORRECT | truth=4671.0000 pred=4671.0 | give the the minimum of cash for Pacific Crest Energy using ...
  [173/250] CORRECT | truth=8293.0000 pred=8293.0 | What is the value of the the minimum of operating expenses f...
  [175/250] CORRECT | truth=255095.0000 pred=255095.0 | may you calculate the longterm liabilities for NovaStar Tech...
  [174/250] CORRECT | truth=5922.0000 pred=5922.0 | May you give the the maximum of inventories for Orion Financ...
  [177/250] CORRECT | truth=16986.8000 pred=16986.8 | provide the average short term investments for Pacific Crest...
  [171/250] CORRECT | truth=19238.0000 pred=19238.0 | calculate the the minimum of inventories for SilverLine Reta...
  [169/250] CORRECT | truth=1575.8190 pred=1575.34 | may you calculate the result of operating expenses scaled by...
  [183/250] CORRECT | truth=89230.5000 pred=89230.5 | may you give the average total equity for Orion Financial Gr...
  [181/250] CORRECT | truth=25518.0000 pred=25518.0 | give the sum of inventories and non operating expenses for O...
  [184/250] CORRECT | truth=75862.5000 pred=75862.5 | What does the following give: average non operating expenses...
  [178/250] CORRECT | truth=159690.0000 pred=159690.0 | What does the following give: current assets for Crimson Pha...
  [179/250] WRONG  | truth=1587.6056 pred=82994.28 | which result follows from the result of longterm liabilities...
  [180/250] CORRECT | truth=247385.0000 pred=247385.0 | which value corresponds to the the maximum of total liabilit...
  [168/250] CORRECT | truth=22317.5000 pred=22317.5 | which quantity is given by the average capex for Ironclad Ma...
  [186/250] CORRECT | truth=28735.0000 pred=28735.0 | Compute the longterm liabilities for Quantum Bridge Holdings...
  [172/250] CORRECT | truth=21498.0000 pred=21498.0 | Could you give the the maximum of short term investments for...
  [187/250] CORRECT | truth=499181.0000 pred=499181.0 | what does the following give: the maximum of total liabiliti...
  [188/250] CORRECT | truth=38481.0000 pred=38481.0 | which value corresponds to the the minimum of cash for Helix...
  [176/250] CORRECT | truth=142717.0000 pred=142717.0 | Which value corresponds to the the maximum of total equity f...
  [182/250] CORRECT | truth=56605.0000 pred=56605.0 | Which quantity is given by the current assets for Meridian S...
  [191/250] CORRECT | truth=13370.0000 pred=13370.0 | whats the value of the the minimum of capex for ClearPath Lo...
  [189/250] CORRECT | truth=63474.0000 pred=63474.0 | Which quantity is given by the current assets for Meridian S...
  [190/250] CORRECT | truth=17260.0000 pred=17260.0 | what does the following give: the minimum of inventories for...
  [194/250] CORRECT | truth=24320.5000 pred=24320.5 | What is the average cash for Apex Dynamics Corp across years...
  [192/250] CORRECT | truth=90101.0000 pred=90101.0 | Provide the pretax income for Pacific Crest Energy in 2025...
  [185/250] CORRECT | truth=339437.0000 pred=339437.0 | State the the maximum of total assets for Pacific Crest Ener...
  [196/250] CORRECT | truth=15582.0000 pred=15582.0 | Which result follows from the difference between operating e...
  [195/250] CORRECT | truth=27481.0000 pred=27481.0 | What is the value of the gross profit for Atlas Global Indus...
  [200/250] CORRECT | truth=35841.0000 pred=35841.0 | May you give the current assets for Orion Financial Group in...
  [193/250] CORRECT | truth=435661.0000 pred=435661.0 | evaluate the the minimum of total assets for Titan Consumer ...
  [197/250] CORRECT | truth=119508.0000 pred=119508.0 | Provide the current assets for Pacific Crest Energy in 2020....
  [202/250] CORRECT | truth=46078.0000 pred=46078.0 | state the sum of total assets and non operating expenses for...
  [199/250] CORRECT | truth=18508.8000 pred=18508.8 | what is the value of the average current liabilities for Atl...
  [201/250] CORRECT | truth=24706.0000 pred=24706.0 | what's the value of the the maximum of cash for Atlas Global...
  [203/250] CORRECT | truth=164327.0000 pred=164327.0 | you should calculate the current assets for Titan Consumer B...
  [207/250] CORRECT | truth=127016.0000 pred=127016.0 | evaluate the gross profit for Titan Consumer Brands in 2023...
  [210/250] CORRECT | truth=4778.0000 pred=4778.0 | what is the the minimum of non operating expenses for Apex D...
  [198/250] CORRECT | truth=9984.0827 pred=9984.12 | You should give the difference between result of revenue sca...
  [208/250] CORRECT | truth=54234.0000 pred=54234.0 | which result follows from the the maximum of accounts receiv...
  [205/250] CORRECT | truth=96926.7500 pred=96926.75 | could you give the average cost of goods sold for Meridian S...
  [209/250] CORRECT | truth=6319.5000 pred=6319.5 | which quantity is given by the average dividends paid for Ir...
  [204/250] CORRECT | truth=269815.2272 pred=269720.4 | what does the following give: sum of current assets for Crim...
  [206/250] CORRECT | truth=139560.7500 pred=139560.75 | You should calculate the average cash for Titan Consumer Bra...
  [212/250] CORRECT | truth=85277.0000 pred=85277.0 | what is the current assets for Apex Dynamics Corp in 2022 ?...
  [211/250] CORRECT | truth=5642.0000 pred=5642.0 | May you calculate the the maximum of dividends paid for Nova...
  [217/250] CORRECT | truth=38161.0000 pred=38161.0 | you should calculate the the minimum of inventories for Tita...
  [213/250] CORRECT | truth=200467.0000 pred=200467.0 | what does the following give: gross profit for Crimson Pharm...
  [215/250] CORRECT | truth=8963.0000 pred=8963.0 | whats the value of the the minimum of dividends paid for Cle...
  [218/250] CORRECT | truth=323622.0000 pred=323622.0 | You should give the gross profit for Titan Consumer Brands i...
  [216/250] CORRECT | truth=10369.0000 pred=10369.0 | State the the minimum of total assets for Pinnacle Health Gr...
  [219/250] CORRECT | truth=1084.0000 pred=1084.0 | Determine the the maximum of capex for Pinnacle Health Group...
  [220/250] CORRECT | truth=53192.0000 pred=53192.0 | What would be the difference between total assets and accoun...
  [224/250] CORRECT | truth=36048.0000 pred=36048.0 | Which result follows from the difference between non operati...
  [222/250] CORRECT | truth=797935.0000 pred=797935.0 | What does the following give: difference between revenue and...
  [214/250] CORRECT | truth=684128.0000 pred=684128.0 | may you calculate the sum of revenue and total assets for No...
  [225/250] CORRECT | truth=9666.0000 pred=9666.0 | what is the the minimum of non operating expenses for Apex D...
  [228/250] CORRECT | truth=10095.0000 pred=10095.0 | compute the average accounts receivable for Quantum Bridge H...
  [221/250] CORRECT | truth=142602.0000 pred=142602.0 | Determine the longterm assets for Quantum Bridge Holdings in...
  [227/250] WRONG  | truth=27839.7106 pred=782455.88 | could you give the result of total assets scaled by income t...
  [232/250] CORRECT | truth=20731.0000 pred=20731.0 | compute the the minimum of total liabilities for Quantum Bri...
  [226/250] CORRECT | truth=372351.0000 pred=372351.0 | may you give the sum of gross profit and total assets for No...
  [235/250] CORRECT | truth=156330.0000 pred=156330.0 | What would be the sum of total assets and total assets for C...
  [223/250] CORRECT | truth=853892.0000 pred=853892.0 | you should calculate the longterm assets for Titan Consumer ...
  [234/250] CORRECT | truth=418040.5000 pred=418040.5 | Which quantity is given by the average total assets for Iron...
  [231/250] CORRECT | truth=-85.8207 pred=-85.823 | which value corresponds to the result of the minimum of inve...
  [233/250] CORRECT | truth=149628.0790 pred=149637.25 | what's the value of the result of the maximum of total asset...
  [238/250] CORRECT | truth=56436.0000 pred=56436.0 | Could you give the operating income for Meridian Systems Inc...
  [240/250] CORRECT | truth=17945.0000 pred=17945.0 | what is the value of the the maximum of operating expenses f...
  [237/250] CORRECT | truth=372880.0000 pred=372880.0 | What do we obtain as the the maximum of total liabilities fo...
  [236/250] CORRECT | truth=201280.0000 pred=201280.0 | Whats the value of the the minimum of total liabilities for ...
  [243/250] CORRECT | truth=56106.0000 pred=56106.0 | may you calculate the current assets for NovaStar Technologi...
  [245/250] CORRECT | truth=70605.0000 pred=70605.0 | May you calculate the sum of short term investments and non ...
  [241/250] CORRECT | truth=56081.0000 pred=56081.0 | could you give the pretax income for Meridian Systems Inc in...
  [249/250] CORRECT | truth=42645.0000 pred=42645.0 | What would be the longterm liabilities for Cobalt Semiconduc...
  [248/250] CORRECT | truth=5363.0000 pred=5363.0 | which value corresponds to the the minimum of inventories fo...
  [250/250] CORRECT | truth=18608.0000 pred=18608.0 | could you give the the maximum of inventories for Meridian S...
  [246/250] CORRECT | truth=33734.0000 pred=33734.0 | You should give the operating income for Quantum Bridge Hold...
  [247/250] CORRECT | truth=5088.0000 pred=5088.0 | Could you give the the minimum of capex for Meridian Systems...
  [244/250] CORRECT | truth=213289.0000 pred=213289.0 | You should calculate the the maximum of current liabilities ...
  [242/250] CORRECT | truth=165294.3333 pred=165294.33 | What is the value of the average total assets for Apex Dynam...
  [230/250] CORRECT | truth=245079.0000 pred=245079.0 | What does the following give: longterm liabilities for Crims...
  [239/250] WRONG  | truth=12125.0931 pred=803045.5452 | You should calculate the result of non operating expenses sc...
  [229/250] CORRECT | truth=-261897.0000 pred=-261897.0 | Which result follows from the difference between operating i...

============================================================
  Model: google/gemma-4-31B-it
============================================================
  10-Q      : 0/0  accuracy = 0.0%  (skipped 0)
  90-Q      : 244/250  accuracy = 97.6%  (skipped 0)
  Multi-turn: 0/0  accuracy = 0.0%  (skipped 0)
  Overall   : 244/250  accuracy = 97.6%
============================================================

Results saved to output_llm/gemma-4-31B-it_mixed_depth_last_day_20260809_200017.json
CSV saved to output_llm/eval_results_20260809_200017.csv
