<============================ New Model ===============================> 
<============================ New Model ===============================> 
<============================ New Model ===============================> 
<============================ New Model ===============================> 
<============================ New Model ===============================> 
<============================ New Model ===============================> 
Loading datasets...
  10-Q: 1000 questions, 50 entities

============================================================
  Evaluating model: accounts/fireworks/models/qwen3p7-plus
============================================================

-- 10-Q evaluation (2 questions) --
<============================ New Model ===============================> 
Loading datasets...
  10-Q: 1000 questions, 50 entities

============================================================
  Evaluating model: accounts/fireworks/models/qwen3p7-plus
============================================================

-- 10-Q evaluation (2 questions) --
  [1/2] CORRECT | truth=7844.0000 pred=7844.0 | What is the total assets for BLD in July 31, 2025...
  [2/2] CORRECT | truth=3560619.0000 pred=3560619.0 | Could you give the maximum of shares used basic for MTX from...

============================================================
  Model: accounts/fireworks/models/qwen3p7-plus
============================================================
  10-Q          : 2/2  accuracy = 100.0%  (skipped 0)
  Simple        : 0/0  accuracy = 0.0%  (skipped 0)
  Multi-turn    : 0/0  accuracy = 0.0%  (skipped 0)
  Overall   : 2/2  accuracy = 100.0%
============================================================

Results saved to output_llm/last_runs_9th_aug_after_21/10q/qwen3p7-plus_mixed_depth_20260809_212513.log
CSV saved to output_llm/eval_results_20260809_212513.csv
<============================ New Model ===============================> 
Loading datasets...
  10-Q: 1000 questions, 50 entities

============================================================
  Evaluating model: accounts/fireworks/models/qwen3p7-plus
============================================================

-- 10-Q evaluation (250 questions) --
  [10/250] CORRECT | truth=289.0000 pred=289.0 | Evaluate the average stock based compensation for FNB from N...
  [3/250] CORRECT | truth=10457.0000 pred=10457.0 | Could you give the total liabilities for NET in December 31,...
  [5/250] CORRECT | truth=35763.0000 pred=35763.0 | May you calculate the minimum of gross profit for PLX from N...
  [4/250] CORRECT | truth=21.0000 pred=21.0 | state the minimum of proceeds from maturities of securities ...
  [9/250] CORRECT | truth=3672.0000 pred=3672.0 | you should calculate the total current liabilities for CRZ i...
  [1/250] CORRECT | truth=7844.0000 pred=7844.0 | What is the total assets for BLD in July 31, 2025...
  [7/250] CORRECT | truth=15405.0000 pred=15405.0 | whats the value of the maximum of net income for CRX from Th...
  [2/250] CORRECT | truth=3560619.0000 pred=3560619.0 | Could you give the maximum of shares used basic for MTX from...
  [12/250] CORRECT | truth=2541.0000 pred=2541.0 | which value corresponds to the total current assets for HRZ ...
  [11/250] CORRECT | truth=3106.5000 pred=3106.5 | Determine the average accounts payable for WNG from December...
  [14/250] CORRECT | truth=1088.0000 pred=1088.0 | What do we obtain as the average provision for income taxes ...
  [8/250] CORRECT | truth=521.0000 pred=521.0 | evaluate the average depreciation and amortization for BLD f...
  [6/250] CORRECT | truth=2107.0000 pred=2107.0 | What is the sum of minimum of prepaid expenses and other for...
  [17/250] CORRECT | truth=258.0000 pred=258.0 | compute the minimum of depreciation and amortization for FIN...
  [16/250] CORRECT | truth=242006.0000 pred=242006.0 | Evaluate the minimum of shares used basic for GBL from Three...
  [19/250] CORRECT | truth=8900.5000 pred=8900.5 | Give the average total costs and expenses for SKY from Three...
  [15/250] CORRECT | truth=1742.0000 pred=1742.0 | what's the value of the free cash flow for CLD in Three Mont...
  [13/250] CORRECT | truth=4389225.0000 pred=4389225.0 | which result follows from the average shares used basic for ...
  [18/250] CORRECT | truth=3098.0000 pred=3098.0 | Give the total liabilities for SCI in December 31, 2024....
  [23/250] CORRECT | truth=8325.0000 pred=8325.0 | May you calculate the income before taxes for PLX in Three M...
  [22/250] CORRECT | truth=2178710.0000 pred=2178710.0 | What is the value of the maximum of shares used diluted for ...
  [24/250] CORRECT | truth=760000.0000 pred=760000.0 | give the maximum of shares used basic for SUP from Three Mon...
  [21/250] CORRECT | truth=2787.0000 pred=2787.0 | Whats the value of the gross profit for CRZ in Three Months ...
  [20/250] CORRECT | truth=706.0000 pred=706.0 | What do we obtain as the maximum of prepaid expenses and oth...
  [25/250] CORRECT | truth=147.0000 pred=147.0 | which value corresponds to the minimum of proceeds from stoc...
  [29/250] CORRECT | truth=1521.0000 pred=1521.0 | what's the value of the total current liabilities for CIV in...
  [27/250] CORRECT | truth=444251.5000 pred=444251.5 | Give the average shares used basic for SKY from Three Months...
  [35/250] CORRECT | truth=32392.0000 pred=32392.0 | may you give the total current liabilities for PLZ in Decemb...
  [26/250] CORRECT | truth=9759.0000 pred=9759.0 | Which quantity is given by the total current assets for MDI ...
  [30/250] CORRECT | truth=2370000.0000 pred=2370000.0 | Could you give the maximum of shares used basic for NVH from...
  [28/250] CORRECT | truth=2138.0000 pred=2138.0 | Which result follows from the minimum of depreciation and am...
  [33/250] CORRECT | truth=6044.0000 pred=6044.0 | What would be the minimum of total non current liabilities f...
  [36/250] CORRECT | truth=6258.0000 pred=6258.0 | What does the following give: maximum of long term marketabl...
  [32/250] CORRECT | truth=23540.0000 pred=23086.0 | calculate the gross profit for MRT in Three Months Ended Apr...
  [38/250] CORRECT | truth=6504.0000 pred=6504.0 | Compute the total current liabilities for ZNX in July 31, 20...
  [34/250] CORRECT | truth=622.0000 pred=622.0 | Could you give the average research and development for MTX ...
  [42/250] CORRECT | truth=83582.0000 pred=83582.0 | What do we obtain as the sum of total revenues and gross pro...
  [31/250] CORRECT | truth=46.0000 pred=46.0 | Determine the minimum of proceeds from stock option exercise...
  [40/250] CORRECT | truth=460.0000 pred=460.0 | what is the maximum of provision for income taxes for BLD fr...
  [37/250] CORRECT | truth=5265923.0000 pred=5265923.0 | Which quantity is given by the maximum of shares used dilute...
  [39/250] CORRECT | truth=2150529.0000 pred=2150529.0 | what is the value of the average shares used basic for BRX f...
  [41/250] CORRECT | truth=1877.0000 pred=1877.0 | What would be the free cash flow for DTA in Three Months End...
  [46/250] CORRECT | truth=19108.0000 pred=19108.0 | Whats the value of the minimum of total current assets for C...
  [45/250] CORRECT | truth=917.0000 pred=917.0 | what is the maximum of cash and cash equivalents for BLD fro...
  [44/250] CORRECT | truth=4663.0000 pred=4663.0 | What's the value of the free cash flow for CLR in Nine Month...
  [47/250] CORRECT | truth=1841.0000 pred=1841.0 | what would be the minimum of accounts payable for CRZ from D...
  [43/250] CORRECT | truth=15232.0000 pred=15232.0 | State the free cash flow for TXN in Three Months Ended April...
  [52/250] CORRECT | truth=372.0000 pred=372.0 | may you give the total current assets for PRF in December 31...
  [48/250] CORRECT | truth=2158.0000 pred=2158.0 | you should give the minimum of other non current assets for ...
  [50/250] CORRECT | truth=439.5000 pred=439.5 | Determine the average other non current assets for WNG from ...
  [49/250] CORRECT | truth=43581.0000 pred=43581.0 | What is the value of the gross profit for CAP in Nine Months...
  [53/250] CORRECT | truth=224.5000 pred=224.5 | evaluate the average opening cash and equivalents for CIV fr...
  [56/250] CORRECT | truth=11049.0000 pred=11049.0 | calculate the free cash flow for CAP in Nine Months Ended Oc...
  [54/250] CORRECT | truth=9857.0000 pred=9857.0 | what's the value of the maximum of cost of sales for CAP fro...
  [51/250] CORRECT | truth=13132.0000 pred=13132.0 | what is the average cost of sales for AST from Six Months En...
  [55/250] CORRECT | truth=6587.0000 pred=6587.0 | may you give the gross profit for PRD in Three Months Ended ...
  [63/250] CORRECT | truth=46708.0000 pred=46708.0 | may you give the free cash flow for QRK in Six Months Ended ...
  [62/250] CORRECT | truth=5452.0000 pred=5452.0 | which result follows from the maximum of comprehensive incom...
  [59/250] CORRECT | truth=222.0000 pred=222.0 | what is the average depreciation and amortization for AVX fr...
  [57/250] CORRECT | truth=77.0000 pred=77.0 | may you give the maximum of deferred revenue current for PRF...
  [61/250] CORRECT | truth=5216.0000 pred=5216.0 | Provide the gross profit for STR in Three Months Ended July ...
  [60/250] CORRECT | truth=84.0000 pred=84.0 | Evaluate the maximum of stock based compensation for CNS fro...
  [66/250] CORRECT | truth=7436.0000 pred=7436.0 | Calculate the total assets for MED in October 31, 2025...
  [65/250] CORRECT | truth=1469.0000 pred=1469.0 | which quantity is given by the minimum of goodwill for MED f...
  [64/250] CORRECT | truth=65814.0000 pred=65814.0 | what is the value of the average total non current assets fo...
  [69/250] CORRECT | truth=1025.0000 pred=1025.0 | which result follows from the income before taxes for HRZ in...
  [58/250] CORRECT | truth=2202.0000 pred=2202.0 | You should calculate the maximum of accounts payable for FIN...
  [68/250] CORRECT | truth=5466.0000 pred=5466.0 | state the average depreciation and amortization for TXN from...
  [67/250] WRONG  | truth=-1063.9864 pred=-9064100.0 | what is the value of the result of ratio of sum of total ass...
  [72/250] CORRECT | truth=1251.0000 pred=1251.0 | Provide the free cash flow for TRD in Six Months Ended July ...
  [76/250] CORRECT | truth=418.0000 pred=418.0 | What's the value of the average prepaid expenses and other f...
  [73/250] CORRECT | truth=103.0000 pred=103.0 | What is the maximum of selling general and administrative fo...
  [71/250] CORRECT | truth=553.0000 pred=553.0 | Determine the maximum of total current liabilities for VTL f...
  [70/250] CORRECT | truth=11486.0000 pred=11486.0 | Could you give the minimum of Subscription revenue for NET f...
  [77/250] CORRECT | truth=61420.0000 pred=61420.0 | may you give the average total current assets for QRK from S...
  [78/250] CORRECT | truth=6032.0000 pred=6032.0 | State the income before taxes for TRU in Six Months Ended Ju...
  [75/250] CORRECT | truth=-14082.0000 pred=-14082.0 | What do we obtain as the difference between comprehensive in...
  [74/250] CORRECT | truth=2203.0000 pred=2203.0 | provide the average accounts payable for TPH from December 3...
  [80/250] CORRECT | truth=3357.5000 pred=3357.5 | calculate the average total non current liabilities for DTA ...
  [79/250] CORRECT | truth=88897.0000 pred=88897.0 | you should give the maximum of total assets for MRT from Dec...
  [81/250] CORRECT | truth=529.0000 pred=529.0 | which value corresponds to the free cash flow for HRZ in Thr...
  [82/250] CORRECT | truth=1776.5000 pred=1776.5 | Could you give the average short term investments for MTX fr...
  [85/250] CORRECT | truth=2348.0000 pred=2348.0 | May you give the minimum of total non current assets for SCI...
  [88/250] CORRECT | truth=17768.0000 pred=17768.0 | what does the following give: minimum of operating income fo...
  [83/250] CORRECT | truth=7008.0000 pred=7008.0 | may you calculate the net income for PLX in Three Months End...
  [92/250] CORRECT | truth=12049.0000 pred=12049.0 | state the gross profit for VRX in Three Months Ended July 31...
  [89/250] CORRECT | truth=976.0000 pred=976.0 | You should give the total liabilities for AVX in December 31...
  [86/250] CORRECT | truth=14319.0000 pred=14319.0 | What do we obtain as the total current assets for GBL in Apr...
  [84/250] CORRECT | truth=18909.0000 pred=18909.0 | Evaluate the minimum of total costs and expenses for FNB fro...
  [91/250] CORRECT | truth=11977.0000 pred=11977.0 | Determine the minimum of cost of sales for WHL from Three Mo...
  [87/250] CORRECT | truth=352.0000 pred=352.0 | what do we obtain as the average proceeds from maturities of...
  [94/250] CORRECT | truth=5386.0000 pred=5386.0 | what does the following give: average current portion of lon...
  [93/250] CORRECT | truth=309.5000 pred=309.5 | State the average Other revenue for VTL from Three Months En...
  [96/250] CORRECT | truth=562.0000 pred=562.0 | Calculate the sum of retained earnings and total current lia...
  [90/250] CORRECT | truth=4696.0000 pred=4696.0 | Which quantity is given by the minimum of cash and cash equi...
  [95/250] CORRECT | truth=704.0000 pred=704.0 | May you give the total liabilities for PRF in December 31, 2...
  [97/250] CORRECT | truth=26885.0000 pred=26885.0 | What do we obtain as the minimum of cost of sales for GBL fr...
  [99/250] CORRECT | truth=1027.5000 pred=1027.5 | could you give the average other non current liabilities for...
  [98/250] WRONG  | truth=-123921.7692 pred=123921.77 | Give the result of free cash flow scaled by ratio of cost of...
  [103/250] CORRECT | truth=5642.0000 pred=5642.0 | which value corresponds to the gross profit for GRD in Six M...
  [105/250] CORRECT | truth=12006.5000 pred=12006.5 | May you calculate the average gross profit for PLX from Thre...
  [102/250] CORRECT | truth=327.0000 pred=327.0 | Which quantity is given by the maximum of research and devel...
  [104/250] CORRECT | truth=7414.0000 pred=7414.0 | What is the value of the maximum of short term investments f...
  [100/250] CORRECT | truth=6310000.0000 pred=6310000.0 | What is the minimum of shares used diluted for AST from Thre...
  [106/250] CORRECT | truth=24114.0000 pred=24114.0 | what is the value of the net income for BRX in Six Months En...
  [107/250] CORRECT | truth=8180.0000 pred=8180.0 | You should calculate the maximum of accounts payable for IND...
  [109/250] CORRECT | truth=1313.0000 pred=1313.0 | What do we obtain as the operating income for FIN in Three M...
  [101/250] CORRECT | truth=13103.0000 pred=13103.0 | you should calculate the sum of net income for CAP in Three ...
  [110/250] CORRECT | truth=1174.0000 pred=1174.0 | what does the following give: maximum of cash and cash equiv...
  [108/250] CORRECT | truth=2226.0000 pred=2226.0 | Could you give the minimum of depreciation and amortization ...
  [112/250] CORRECT | truth=2692.0000 pred=2692.0 | may you calculate the net income for NVH in Three Months End...
  [114/250] CORRECT | truth=1277.0000 pred=1277.0 | may you give the maximum of cost of technology services for ...
  [118/250] CORRECT | truth=9491.0000 pred=9491.0 | What do we obtain as the total assets for FIN in April 30, 2...
  [116/250] CORRECT | truth=2278.0000 pred=2278.0 | which result follows from the average depreciation and amort...
  [117/250] CORRECT | truth=55.0000 pred=55.0 | may you calculate the maximum of proceeds from stock option ...
  [111/250] CORRECT | truth=23204.0000 pred=23204.0 | compute the maximum of total revenues for ZNX from Three Mon...
  [115/250] CORRECT | truth=740.0000 pred=740.0 | give the maximum of provision for income taxes for STR from ...
  [113/250] CORRECT | truth=-272.0000 pred=-272.0 | could you give the free cash flow for MRT in Three Months En...
  [120/250] CORRECT | truth=48.0000 pred=48.0 | provide the average research and development for TRU from Th...
  [121/250] CORRECT | truth=1908.0000 pred=1908.0 | which quantity is given by the free cash flow for MED in Nin...
  [123/250] CORRECT | truth=2516.0000 pred=2516.0 | Determine the operating income for WNG in Three Months Ended...
  [122/250] CORRECT | truth=327.0000 pred=327.0 | Whats the value of the average accrued expenses and other fo...
  [119/250] CORRECT | truth=13008.0000 pred=13008.0 | Evaluate the maximum of Subscription revenue for NET from Th...
  [126/250] CORRECT | truth=4200.0000 pred=4200.0 | what's the value of the working capital for CLD in December ...
  [130/250] CORRECT | truth=2148.5000 pred=2148.5 | you should calculate the average net cash from operating for...
  [129/250] CORRECT | truth=14976.0000 pred=14976.0 | calculate the gross profit for INF in Six Months Ended July ...
  [125/250] CORRECT | truth=435.0000 pred=435.0 | Calculate the minimum of depreciation and amortization for S...
  [131/250] CORRECT | truth=308.5000 pred=308.5 | What is the average operating income for AVX from Three Mont...
  [128/250] CORRECT | truth=3335.0000 pred=3335.0 | You should give the maximum of long term debt for SUP from D...
  [134/250] CORRECT | truth=891.0000 pred=891.0 | What is the minimum of Passenger revenue for AVX from Three ...
  [132/250] CORRECT | truth=7180.0000 pred=7180.0 | Determine the gross profit for WHL in Six Months Ended July ...
  [138/250] CORRECT | truth=520.0000 pred=520.0 | Determine the total current assets for VTL in December 31, 2...
  [133/250] CORRECT | truth=2009.0000 pred=2009.0 | Which result follows from the operating income for IND in Th...
  [135/250] CORRECT | truth=25159.0000 pred=25159.0 | what does the following give: minimum of total current asset...
  [124/250] CORRECT | truth=3356.0000 pred=3356.0 | which result follows from the minimum of cash and cash equiv...
  [127/250] CORRECT | truth=7683.0000 pred=7683.0 | which value corresponds to the maximum of cost of other reve...
  [136/250] CORRECT | truth=53.5000 pred=53.5 | Determine the average depreciation and amortization for VTL ...
  [139/250] CORRECT | truth=5692.0000 pred=5692.0 | what is the average total current liabilities for AST from D...
  [137/250] CORRECT | truth=884.0000 pred=884.0 | What is the minimum of total non current assets for AVX from...
  [140/250] CORRECT | truth=770.0000 pred=770.0 | Whats the value of the sum of minimum of inventories for CNS...
  [141/250] CORRECT | truth=73817.0000 pred=73817.0 | May you calculate the total assets for PLZ in December 31, 2...
  [146/250] CORRECT | truth=3554.0000 pred=3554.0 | which value corresponds to the income before taxes for HLT i...
  [149/250] CORRECT | truth=7540.0000 pred=7540.0 | Provide the operating income for TRD in Six Months Ended Jul...
  [142/250] CORRECT | truth=733312.0000 pred=733312.0 | what would be the maximum of shares used diluted for CRZ fro...
  [143/250] CORRECT | truth=5310852.0000 pred=5310852.0 | Which quantity is given by the sum of total current assets f...
  [145/250] CORRECT | truth=301.0000 pred=301.0 | which result follows from the average stock based compensati...
  [144/250] CORRECT | truth=7356769.0000 pred=7356769.0 | Compute the minimum of shares used basic for FIN from Three ...
  [148/250] CORRECT | truth=7081.0000 pred=7081.0 | state the minimum of Non-interest income for TRU from Three ...
  [150/250] CORRECT | truth=74415.0000 pred=74415.0 | could you give the maximum of total revenues for MTX from Ni...
  [147/250] CORRECT | truth=1892.0000 pred=1892.0 | May you calculate the minimum of selling general and adminis...
  [151/250] CORRECT | truth=5261.0000 pred=5261.0 | What is the value of the minimum of net cash from operating ...
  [152/250] CORRECT | truth=2807.0000 pred=2807.0 | you should calculate the working capital for PLZ in December...
  [156/250] CORRECT | truth=19195.0000 pred=19195.0 | which value corresponds to the minimum of total costs and ex...
  [155/250] CORRECT | truth=3925.0000 pred=3925.0 | which quantity is given by the free cash flow for MDI in Nin...
  [153/250] CORRECT | truth=630.0000 pred=630.0 | calculate the maximum of other non current liabilities for M...
  [159/250] CORRECT | truth=372.0000 pred=372.0 | what do we obtain as the maximum of proceeds from maturities...
  [154/250] CORRECT | truth=556.0000 pred=556.0 | what is the value of the minimum of prepaid expenses and oth...
  [157/250] CORRECT | truth=409.0000 pred=409.0 | which quantity is given by the maximum of stock based compen...
  [158/250] CORRECT | truth=2305.0000 pred=2305.0 | Which value corresponds to the free cash flow for GRD in Six...
  [163/250] CORRECT | truth=27515.0000 pred=27515.0 | Whats the value of the gross profit for CRX in Three Months ...
  [161/250] CORRECT | truth=59519.0000 pred=59519.0 | what do we obtain as the sum of total costs and expenses and...
  [166/250] CORRECT | truth=5920.0000 pred=5920.0 | which value corresponds to the gross profit for HLT in Three...
  [165/250] CORRECT | truth=14896.0000 pred=14896.0 | may you calculate the maximum of property plant and equipmen...
  [162/250] CORRECT | truth=1467.0000 pred=1467.0 | what would be the average other non current liabilities for ...
  [160/250] CORRECT | truth=19275.0000 pred=19275.0 | what does the following give: minimum of total current liabi...
  [164/250] CORRECT | truth=3034.0000 pred=3034.0 | whats the value of the minimum of total current liabilities ...
  [167/250] CORRECT | truth=2423.5000 pred=2423.5 | may you calculate the average cash and cash equivalents for ...
  [168/250] CORRECT | truth=3369128.0000 pred=3369128.0 | What's the value of the maximum of shares used diluted for C...
  [173/250] CORRECT | truth=5432.5000 pred=5432.5 | Evaluate the average total current assets for CRF from Decem...
  [176/250] CORRECT | truth=1075.0000 pred=1075.0 | Calculate the average other non current liabilities for MRK ...
  [172/250] CORRECT | truth=9083.0000 pred=9083.0 | may you calculate the total current liabilities for NVH in D...
  [169/250] CORRECT | truth=24018.0000 pred=24018.0 | What would be the gross profit for FAB in Six Months Ended J...
  [170/250] CORRECT | truth=21700.0000 pred=21700.0 | may you calculate the minimum of accounts payable for PLZ fr...
  [171/250] CORRECT | truth=35763.0000 pred=35763.0 | may you calculate the minimum of gross profit for PLX from N...
  [175/250] CORRECT | truth=17594.0000 pred=17594.0 | Which quantity is given by the total assets for JTX in April...
  [179/250] CORRECT | truth=8101.0000 pred=8101.0 | you should give the average total non current liabilities fo...
  [177/250] CORRECT | truth=347.0000 pred=347.0 | Which value corresponds to the maximum of selling general an...
  [183/250] CORRECT | truth=4730.0000 pred=4730.0 | Which result follows from the total liabilities for HRZ in A...
  [174/250] CORRECT | truth=2716.0000 pred=2716.0 | You should give the minimum of accounts payable for HLT from...
  [178/250] CORRECT | truth=21471.0000 pred=21471.0 | Could you give the total current liabilities for MRK in Apri...
  [181/250] CORRECT | truth=15550.0000 pred=15550.0 | What would be the total current liabilities for FAB in July ...
  [182/250] CORRECT | truth=436.0000 pred=436.0 | compute the maximum of provision for income taxes for JTX fr...
  [185/250] CORRECT | truth=2324.0000 pred=2324.0 | give the total current liabilities for SCI in July 31, 2025 ...
  [180/250] CORRECT | truth=362.0000 pred=362.0 | what does the following give: minimum of provision for incom...
  [184/250] CORRECT | truth=15.0000 pred=15.0 | Whats the value of the maximum of proceeds from stock option...
  [189/250] CORRECT | truth=8114.0000 pred=8114.0 | Evaluate the gross profit for INF in Three Months Ended July...
  [187/250] CORRECT | truth=4197.5000 pred=4197.5 | Compute the average long term debt for PRD from December 31,...
  [192/250] CORRECT | truth=12736.0000 pred=12736.0 | State the total current assets for VRX in July 31, 2025....
  [191/250] CORRECT | truth=358.0000 pred=358.0 | calculate the minimum of proceeds from maturities of securit...
  [186/250] CORRECT | truth=3532.0000 pred=3532.0 | What would be the minimum of cash and cash equivalents for D...
  [195/250] CORRECT | truth=1019.0000 pred=1019.0 | you should give the operating income for SCI in Three Months...
  [193/250] CORRECT | truth=2413.0000 pred=2413.0 | what's the value of the sum of minimum of provision for inco...
  [197/250] CORRECT | truth=4844.0000 pred=4844.0 | give the maximum of property plant and equipment net for SKY...
  [188/250] CORRECT | truth=100.5000 pred=100.5 | which value corresponds to the average other non current lia...
  [194/250] CORRECT | truth=1450.0000 pred=1450.0 | What is the minimum of selling general and administrative fo...
  [190/250] CORRECT | truth=2396.0000 pred=2396.0 | which result follows from the minimum of accounts payable fo...
  [199/250] CORRECT | truth=1267.0000 pred=1267.0 | may you calculate the maximum of other non current assets fo...
  [201/250] CORRECT | truth=21692.0000 pred=21692.0 | State the gross profit for VRX in Six Months Ended July 31, ...
  [198/250] CORRECT | truth=50210.0000 pred=50210.0 | may you give the sum of repayments of debt and free cash flo...
  [202/250] CORRECT | truth=2525.0000 pred=2525.0 | What would be the free cash flow for CRZ in Nine Months Ende...
  [196/250] CORRECT | truth=582.0000 pred=582.0 | Which quantity is given by the minimum of provision for inco...
  [200/250] CORRECT | truth=6016.0000 pred=6016.0 | which result follows from the average operating income for I...
  [206/250] CORRECT | truth=3280.0000 pred=3280.0 | What does the following give: maximum of net cash from opera...
  [203/250] CORRECT | truth=2148.5000 pred=2148.5 | what is the average net cash from operating for BLD from Six...
  [204/250] CORRECT | truth=9190.5000 pred=9190.5 | may you calculate the average net income for PRD from Nine M...
  [209/250] CORRECT | truth=3658.0000 pred=3658.0 | What would be the total current assets for CRZ in October 31...
  [205/250] CORRECT | truth=647.0000 pred=647.0 | whats the value of the net income for CNS in Three Months En...
  [210/250] CORRECT | truth=2963.0000 pred=2963.0 | Compute the net income for NVH in Three Months Ended October...
  [207/250] CORRECT | truth=19422.0000 pred=19422.0 | compute the maximum of total costs and expenses for BLD from...
  [208/250] CORRECT | truth=3040679.0000 pred=3040679.0 | Give the minimum of shares used diluted for STR from Six Mon...
  [215/250] CORRECT | truth=3296.0000 pred=3296.0 | You should give the income before taxes for MDI in Three Mon...
  [212/250] CORRECT | truth=1272.0000 pred=1272.0 | state the maximum of accrued expenses and other for TRU from...
  [211/250] CORRECT | truth=11854.0000 pred=11854.0 | Determine the maximum of selling general and administrative ...
  [214/250] CORRECT | truth=1826.0000 pred=1826.0 | give the maximum of depreciation and amortization for STR fr...
  [213/250] CORRECT | truth=54500.0000 pred=54500.0 | you should calculate the minimum of total non current assets...
  [216/250] CORRECT | truth=7180.0000 pred=7180.0 | Determine the gross profit for WHL in Six Months Ended July ...
  [217/250] CORRECT | truth=9563.0000 pred=9563.0 | what would be the minimum of total liabilities for CRZ from ...
  [218/250] CORRECT | truth=3575.0000 pred=3575.0 | What do we obtain as the average short term investments for ...
  [219/250] CORRECT | truth=1087.0000 pred=1087.0 | Could you give the maximum of current portion of long term d...
  [220/250] CORRECT | truth=1310.0000 pred=1310.0 | Which value corresponds to the maximum of long term marketab...
  [222/250] CORRECT | truth=9712.0000 pred=9712.0 | give the total liabilities for SKY in April 30, 2025....
  [221/250] CORRECT | truth=3819.0000 pred=3819.0 | you should calculate the gross profit for JTX in Three Month...
  [223/250] CORRECT | truth=5912.0000 pred=5912.0 | You should calculate the average gross profit for CLR from T...
  [230/250] CORRECT | truth=1812.0000 pred=1812.0 | what does the following give: minimum of stock based compens...
  [227/250] CORRECT | truth=941.0000 pred=941.0 | what's the value of the average total non current liabilitie...
  [229/250] CORRECT | truth=1019.0000 pred=1019.0 | Give the operating income for SCI in Three Months Ended July...
  [225/250] CORRECT | truth=709.0000 pred=709.0 | Which value corresponds to the maximum of provision for inco...
  [228/250] CORRECT | truth=62533.5000 pred=62533.5 | could you give the average total costs and expenses for MTX ...
  [224/250] CORRECT | truth=6799.0000 pred=6799.0 | determine the maximum of total current assets for WHL from D...
  [232/250] CORRECT | truth=6735.0000 pred=6735.0 | state the total current liabilities for VRX in July 31, 2025...
  [231/250] CORRECT | truth=1727.0000 pred=1727.0 | What do we obtain as the minimum of goodwill for GBL from De...
  [234/250] CORRECT | truth=6053.0000 pred=6053.0 | State the maximum of provision for income taxes for TXN from...
  [226/250] WRONG  | truth=-13267.7299 pred=13427.84 | could you give the result of ratio of sum of total assets fo...
  [233/250] CORRECT | truth=21700.0000 pred=21700.0 | May you calculate the minimum of accounts payable for PLZ fr...
  [236/250] CORRECT | truth=17734.0000 pred=17734.0 | evaluate the minimum of cost of sales for MTX from Three Mon...
  [235/250] CORRECT | truth=5776.0000 pred=5776.0 | what is the income before taxes for AST in Three Months Ende...
  [241/250] WRONG  | truth=-650.8448 pred=7586.37 | which quantity is given by the result of maximum of long ter...
  [243/250] CORRECT | truth=7946.0000 pred=7946.0 | determine the gross profit for WHL in Six Months Ended July ...
  [240/250] CORRECT | truth=605.5000 pred=605.5 | Which result follows from the average prepaid expenses and o...
  [237/250] CORRECT | truth=740.0000 pred=740.0 | Determine the average deferred revenue current for ZNX from ...
  [238/250] CORRECT | truth=5803.0000 pred=5803.0 | whats the value of the free cash flow for CRF in Nine Months...
  [239/250] CORRECT | truth=9879.0000 pred=9879.0 | which quantity is given by the maximum of long term debt for...
  [242/250] CORRECT | truth=8854.5000 pred=8854.5 | what is the value of the average selling general and adminis...
  [245/250] CORRECT | truth=27214.0000 pred=27214.0 | Calculate the maximum of total assets for AST from December ...
  [246/250] CORRECT | truth=4330.0000 pred=4330.0 | calculate the total current liabilities for STR in July 31, ...
  [249/250] CORRECT | truth=12366.0000 pred=12366.0 | Evaluate the operating income for NVH in Nine Months Ended O...
  [248/250] CORRECT | truth=23713.5000 pred=23713.5 | could you give the average Other revenue for NVH from Nine M...
  [244/250] CORRECT | truth=276.0000 pred=276.0 | what do we obtain as the minimum of stock based compensation...
  [247/250] WRONG  | truth=-1596.9056 pred=1640.14 | Evaluate the result of sum of gross profit and net cash from...
  [250/250] CORRECT | truth=419.0000 pred=419.0 | Determine the maximum of stock based compensation for WHL fr...

============================================================
  Model: accounts/fireworks/models/qwen3p7-plus
============================================================
  10-Q          : 245/250  accuracy = 98.0%  (skipped 0)
  Simple        : 0/0  accuracy = 0.0%  (skipped 0)
  Multi-turn    : 0/0  accuracy = 0.0%  (skipped 0)
  Overall   : 245/250  accuracy = 98.0%
============================================================

Results saved to output_llm/last_runs_9th_aug_after_21/10q/qwen3p7-plus_mixed_depth_20260809_212543.log
CSV saved to output_llm/eval_results_20260809_212543.csv
