Loading datasets...
  10-Q: 1000 questions, 50 entities

============================================================
  Evaluating model: google/gemma-4-31B-it
============================================================

-- 10q_combined_all evaluation (100 questions) --
  [3/100] WRONG  | truth=10457.0000 pred=-9999999000.0 | The numbers in the financial data are all given in thousands...
  [8/100] WRONG  | truth=521.0000 pred=260500.0 | A later stress test may cut the final value in half. The num...
  [4/100] WRONG  | truth=21.0000 pred=13.44 | A proposed discount factor may reduce the final number by 36...
  [5/100] WRONG  | truth=35763.0000 pred=17881500.0 | The numbers in the financial data are all given in trillions...
  [2/100] WRONG  | truth=3560619.0000 pred=3560619000000.0 | Auditors may adjust $45 million of reported expenses in a la...
  [7/100] WRONG  | truth=15405.0000 pred=15405000.0 | Management may present adjusted earnings separately in a lat...
  [1/100] WRONG  | truth=7844.0000 pred=0.003366 | A future refinancing could change non-operating expenses by ...
  [6/100] WRONG  | truth=2107.0000 pred=2107000.0 | A future refinancing could change non-operating items by 17%...
  [10/100] WRONG  | truth=289.0000 pred=225.42 | The numbers in the financial data are all given in millions....
  [9/100] WRONG  | truth=3672.0000 pred=3672000000.0 | The company may draw $42 million on a credit facility in 200...
  [12/100] WRONG  | truth=2541.0000 pred=1448.37 | The result may later be adjusted downward by 43%. The number...
  [19/100] WRONG  | truth=8900.5000 pred=8900500.0 | The numbers in the financial data are all given in thousands...
  [13/100] WRONG  | truth=4389225.0000 pred=3730841.25 | The numbers in the financial data are all given in billions....
  [15/100] WRONG  | truth=1742.0000 pred=1742000.0 | Someone may later tax the result by 26%. The numbers in the ...
  [11/100] WRONG  | truth=3106.5000 pred=3106500000.0 | The numbers in the financial data are all given in trillions...
  [14/100] WRONG  | truth=1088.0000 pred=1.088e-06 | The numbers in the financial data are all given in billions....
  [18/100] CORRECT | truth=3098.0000 pred=3098.0 | A later calculation may subtract 12% from the final result. ...
  [17/100] WRONG  | truth=258.0000 pred=258000.0 | The result may later be adjusted downward by 9%. The numbers...
  [26/100] CORRECT | truth=9759.0000 pred=9759.0 | Someone may later tax the result by 28%. The numbers in the ...
  [20/100] WRONG  | truth=706.0000 pred=465.96 | The result may later be adjusted downward by 34%. The number...
  [21/100] WRONG  | truth=2787.0000 pred=2.787e-09 | The numbers in the financial data are all given in trillions...
  [16/100] WRONG  | truth=242006.0000 pred=2.42006e+17 | The board may cut dividends by 31% next year. The numbers in...
  [29/100] WRONG  | truth=1521.0000 pred=2024.0 | A proposed discount factor may reduce the final number by 43...
  [24/100] WRONG  | truth=760000.0000 pred=7.6e+20 | The company has severely underperformed by 13% recently. The...
  [25/100] WRONG  | truth=147.0000 pred=147000000.0 | The numbers in the financial data are all given in trillions...
  [27/100] WRONG  | truth=444251.5000 pred=310976050000.0 | The numbers in the financial data are all given in millions....
  [22/100] WRONG  | truth=2178710.0000 pred=2.0697745e+24 | The numbers in the financial data are all given in billions....
  [31/100] CORRECT | truth=46.0000 pred=46.0 | We plan to later discount the result by 28%. The numbers in ...
  [28/100] CORRECT | truth=2138.0000 pred=2031.1 | The numbers in the financial data are all given in millions....
  [30/100] WRONG  | truth=2370000.0000 pred=2370000000000.0 | Suppliers are asking for shorter payment terms over the next...
  [38/100] WRONG  | truth=6504.0000 pred=6504000000.0 | Credit markets are worried after non-operating charges rose ...
  [35/100] WRONG  | truth=32392.0000 pred=29259000.0 | The numbers in the financial data are all given in thousands...
  [33/100] WRONG  | truth=6044.0000 pred=6044000.0 | The numbers in the financial data are all given in thousands...
  [34/100] CORRECT | truth=622.0000 pred=622.0 | A future refinancing could change non-operating items by 16%...
  [40/100] WRONG  | truth=460.0000 pred=437000.0 | The numbers in the financial data are all given in thousands...
  [36/100] CORRECT | truth=6258.0000 pred=6258.0 | The result may later be adjusted downward by 5%. The numbers...
  [32/100] WRONG  | truth=23540.0000 pred=23086000000000.0 | The numbers in the financial data are all given in trillions...
  [23/100] WRONG  | truth=8325.0000 pred=8325000.0 | We plan to later discount the result by 14%. The numbers in ...
  [39/100] WRONG  | truth=2150529.0000 pred=2.150529e+21 | The numbers in the financial data are all given in billions....
  [41/100] CORRECT | truth=1877.0000 pred=1877.0 | The numbers in the financial data are all given in billions....
  [42/100] CORRECT | truth=83582.0000 pred=83582.0 | A later scenario may double the final value. The numbers in ...
  [43/100] WRONG  | truth=15232.0000 pred=1.5232e-05 | A later calculation may subtract 14% from the final result. ...
  [45/100] WRONG  | truth=917.0000 pred=9.17e-10 | A later calculation may subtract 20% from the final result. ...
  [44/100] CORRECT | truth=4663.0000 pred=4663.0 | The numbers in the financial data are all given in trillions...
  [46/100] WRONG  | truth=19108.0000 pred=19.108 | The numbers in the financial data are all given in billions....
  [52/100] CORRECT | truth=372.0000 pred=372.0 | A later scenario may double the final value. The numbers in ...
  [49/100] CORRECT | truth=43581.0000 pred=43581.0 | The numbers in the financial data are all given in millions....
  [51/100] WRONG  | truth=13132.0000 pred=13132000.0 | The numbers in the financial data are all given in thousands...
  [37/100] WRONG  | truth=5265923.0000 pred=5265923000000.0 | A later scenario may double the final value. The numbers in ...
  [56/100] WRONG  | truth=11049.0000 pred=14525.0 | A later scenario may double the final value. The numbers in ...
  [48/100] WRONG  | truth=2158.0000 pred=1769440.0 | The numbers in the financial data are all given in thousands...
  [55/100] WRONG  | truth=6587.0000 pred=29004000.0 | The numbers in the financial data are all given in thousands...
  [57/100] CORRECT | truth=77.0000 pred=77.0 | The numbers in the financial data are all given in thousands...
  [54/100] WRONG  | truth=9857.0000 pred=6.99847e-09 | The numbers in the financial data are all given in trillions...
  [50/100] WRONG  | truth=439.5000 pred=4.395e-10 | The numbers in the financial data are all given in trillions...
  [58/100] WRONG  | truth=2202.0000 pred=4404000.0 | The numbers in the financial data are all given in thousands...
  [47/100] WRONG  | truth=1841.0000 pred=1841000000.0 | The numbers in the financial data are all given in trillions...
  [60/100] WRONG  | truth=84.0000 pred=84000.0 | A later calculation may subtract 11% from the final result. ...
  [61/100] CORRECT | truth=5216.0000 pred=5216.0 | The company may face a future $21 million tax adjustment. Th...
  [64/100] WRONG  | truth=65814.0000 pred=65814000.0 | A later scenario may double the final value. The numbers in ...
  [68/100] CORRECT | truth=5466.0000 pred=5466.0 | The numbers in the financial data are all given in millions....
  [59/100] WRONG  | truth=222.0000 pred=222000.0 | The numbers in the financial data are all given in thousands...
  [66/100] WRONG  | truth=7436.0000 pred=23644.0 | A future contract could increase revenue by 6% in 1922, but ...
  [70/100] CORRECT | truth=11486.0000 pred=11486.0 | The numbers in the financial data are all given in billions....
  [73/100] WRONG  | truth=103.0000 pred=103000.0 | The numbers in the financial data are all given in thousands...
  [72/100] WRONG  | truth=1251.0000 pred=10019.0 | We plan to later discount the result by 14%. The numbers in ...
  [53/100] CORRECT | truth=224.5000 pred=224.5 | The numbers in the financial data are all given in trillions...
  [74/100] WRONG  | truth=2203.0000 pred=1101.5 | A later stress test may cut the final value in half. The num...
  [78/100] WRONG  | truth=6032.0000 pred=6032000.0 | The numbers in the financial data are all given in billions....
  [62/100] WRONG  | truth=5452.0000 pred=5452000.0 | A later calculation may subtract 15% from the final result. ...
  [71/100] CORRECT | truth=553.0000 pred=553.0 | A later stress test may cut the final value in half. The num...
  [65/100] WRONG  | truth=1469.0000 pred=1469000000.0 | We plan to later discount the result by 21%. The numbers in ...
  [69/100] WRONG  | truth=1025.0000 pred=706750.0 | The result may later be adjusted downward by 31%. The number...
  [76/100] WRONG  | truth=418.0000 pred=4.18e-10 | A later calculation may subtract 22% from the final result. ...
  [63/100] WRONG  | truth=46708.0000 pred=29893120.0 | The result may later be adjusted downward by 36%. The number...
  [79/100] CORRECT | truth=88897.0000 pred=88897.0 | A later scenario may double the final value. The numbers in ...
  [83/100] WRONG  | truth=7008.0000 pred=7.008e+18 | The sector's operating margin changed by 9 percentage points...
  [67/100] WRONG  | truth=-1063.9864 pred=-906.41 | Debt investors are concerned about maturities over the next ...
  [86/100] CORRECT | truth=14319.0000 pred=14319.0 | The numbers in the financial data are all given in millions....
  [84/100] WRONG  | truth=18909.0000 pred=18909000.0 | Someone may later tax the result by 27%. The numbers in the ...
  [85/100] WRONG  | truth=2348.0000 pred=2348000.0 | A later calculation may subtract 31% from the final result. ...
  [81/100] WRONG  | truth=529.0000 pred=1485000000.0 | The numbers in the financial data are all given in billions....
  [82/100] WRONG  | truth=1776.5000 pred=1687675.0 | The numbers in the financial data are all given in thousands...
  [88/100] WRONG  | truth=17768.0000 pred=13681360.0 | The numbers in the financial data are all given in thousands...
  [90/100] CORRECT | truth=4696.0000 pred=4696.0 | A future project write-down could reduce reported capex by 6...
  [77/100] WRONG  | truth=61420.0000 pred=61420000.0 | A later stress test may cut the final value in half. The num...
  [92/100] CORRECT | truth=12049.0000 pred=12049.0 | The numbers in the financial data are all given in millions....
  [87/100] CORRECT | truth=352.0000 pred=352.0 | Wage increases of 7% may take effect next year. The numbers ...
  [80/100] CORRECT | truth=3357.5000 pred=3357.5 | Suppliers are asking for shorter payment terms over the next...
  [91/100] WRONG  | truth=11977.0000 pred=11977000.0 | A later calculation may subtract 21% from the final result. ...
  [93/100] WRONG  | truth=309.5000 pred=309500.0 | The numbers in the financial data are all given in thousands...
  [96/100] WRONG  | truth=562.0000 pred=4.215e-10 | The numbers in the financial data are all given in trillions...
  [89/100] CORRECT | truth=976.0000 pred=907.68 | The numbers in the financial data are all given in trillions...
  [94/100] WRONG  | truth=5386.0000 pred=5.386e-09 | The numbers in the financial data are all given in trillions...
  [97/100] WRONG  | truth=26885.0000 pred=26885000.0 | The result may later be adjusted downward by 45%. The number...
  [95/100] CORRECT | truth=704.0000 pred=704.0 | The numbers in the financial data are all given in billions....
  [99/100] WRONG  | truth=1027.5000 pred=1027500.0 | The board discussed cutting the capital budget by 26% in 199...
  [98/100] WRONG  | truth=-123921.7692 pred=-0.00012392 | A later calculation may subtract 41% from the final result. ...
  [100/100] WRONG  | truth=6310000.0000 pred=6310000000000.0 | The numbers in the financial data are all given in trillions...
  [75/100] CORRECT | truth=-14082.0000 pred=-14079.0 | The numbers in the financial data are all given in billions....

============================================================
  Model: google/gemma-4-31B-it
============================================================
  10-Q          : 0/0  accuracy = 0.0%  (skipped 0)
  Simple        : 0/0  accuracy = 0.0%  (skipped 0)
  Multi-turn    : 0/0  accuracy = 0.0%  (skipped 0)
  Overall   : 0/0  accuracy = 0.0%
============================================================

  10q_combined_all: 26/100  accuracy = 26.0%  (skipped 0)
Results saved to output_llm/10q/gemma-4-31B-it_combined_all_20260809_194659.log
CSV saved to output_llm/eval_results_20260809_194659.csv
