Loading datasets...
  10-Q: 1000 questions, 50 entities
  10q_cross: 50 entities

============================================================
  Evaluating model: google/gemma-4-31B-it
============================================================

-- 10q_cross evaluation (100 questions) --
  [4/100] CORRECT | truth=21.0000 pred=21.0 | state the minimum of proceeds from maturities of securities ...
  [10/100] CORRECT | truth=289.0000 pred=289.0 | Evaluate the average stock based compensation for FNB from N...
  [9/100] CORRECT | truth=3672.0000 pred=3672.0 | you should calculate the total current liabilities for CRZ i...
  [3/100] CORRECT | truth=10457.0000 pred=10457.0 | Could you give the total liabilities for NET in December 31,...
  [11/100] CORRECT | truth=3106.5000 pred=3106.5 | Determine the average accounts payable for WNG from December...
  [2/100] CORRECT | truth=3560619.0000 pred=3560619.0 | Could you give the maximum of shares used basic for MTX from...
  [8/100] CORRECT | truth=521.0000 pred=521.0 | evaluate the average depreciation and amortization for BLD f...
  [7/100] CORRECT | truth=15405.0000 pred=15405.0 | whats the value of the maximum of net income for CRX from Th...
  [1/100] WRONG  | truth=7844.0000 pred=6604.0 | What is the total assets for BLD in July 31, 2025...
  [12/100] CORRECT | truth=2541.0000 pred=2541.0 | which value corresponds to the total current assets for HRZ ...
  [14/100] CORRECT | truth=1088.0000 pred=1088.0 | What do we obtain as the average provision for income taxes ...
  [16/100] CORRECT | truth=242006.0000 pred=242006.0 | Evaluate the minimum of shares used basic for GBL from Three...
  [17/100] CORRECT | truth=258.0000 pred=258.0 | compute the minimum of depreciation and amortization for FIN...
  [19/100] CORRECT | truth=8900.5000 pred=8900.5 | Give the average total costs and expenses for SKY from Three...
  [13/100] CORRECT | truth=4389225.0000 pred=4389225.0 | which result follows from the average shares used basic for ...
  [20/100] CORRECT | truth=706.0000 pred=706.0 | What do we obtain as the maximum of prepaid expenses and oth...
  [5/100] CORRECT | truth=35763.0000 pred=35763.0 | May you calculate the minimum of gross profit for PLX from N...
  [18/100] CORRECT | truth=3098.0000 pred=3098.0 | Give the total liabilities for SCI in December 31, 2024....
  [6/100] CORRECT | truth=2107.0000 pred=2107.0 | What is the sum of minimum of prepaid expenses and other for...
  [21/100] CORRECT | truth=2787.0000 pred=2787.0 | Whats the value of the gross profit for CRZ in Three Months ...
  [26/100] CORRECT | truth=9759.0000 pred=9759.0 | Which quantity is given by the total current assets for MDI ...
  [23/100] CORRECT | truth=8325.0000 pred=8325.0 | May you calculate the income before taxes for PLX in Three M...
  [15/100] WRONG  | truth=1742.0000 pred=-612.0 | what's the value of the free cash flow for CLD in Three Mont...
  [24/100] CORRECT | truth=760000.0000 pred=760000.0 | give the maximum of shares used basic for SUP from Three Mon...
  [25/100] CORRECT | truth=147.0000 pred=147.0 | which value corresponds to the minimum of proceeds from stoc...
  [27/100] CORRECT | truth=444251.5000 pred=444251.5 | Give the average shares used basic for SKY from Three Months...
  [22/100] CORRECT | truth=2178710.0000 pred=2178710.0 | What is the value of the maximum of shares used diluted for ...
  [29/100] CORRECT | truth=1521.0000 pred=1521.0 | what's the value of the total current liabilities for CIV in...
  [28/100] CORRECT | truth=2138.0000 pred=2138.0 | Which result follows from the minimum of depreciation and am...
  [34/100] CORRECT | truth=622.0000 pred=622.0 | Could you give the average research and development for MTX ...
  [32/100] CORRECT | truth=23540.0000 pred=23540.0 | calculate the gross profit for MRT in Three Months Ended Apr...
  [30/100] CORRECT | truth=2370000.0000 pred=2370000.0 | Could you give the maximum of shares used basic for NVH from...
  [35/100] CORRECT | truth=32392.0000 pred=32392.0 | may you give the total current liabilities for PLZ in Decemb...
  [38/100] CORRECT | truth=6504.0000 pred=6504.0 | Compute the total current liabilities for ZNX in July 31, 20...
  [31/100] CORRECT | truth=46.0000 pred=46.0 | Determine the minimum of proceeds from stock option exercise...
  [39/100] CORRECT | truth=2150529.0000 pred=2150529.0 | what is the value of the average shares used basic for BRX f...
  [33/100] CORRECT | truth=6044.0000 pred=6136.0 | What would be the minimum of total non current liabilities f...
  [36/100] CORRECT | truth=6258.0000 pred=6258.0 | What does the following give: maximum of long term marketabl...
  [41/100] WRONG  | truth=1877.0000 pred=-1239.0 | What would be the free cash flow for DTA in Three Months End...
  [40/100] CORRECT | truth=460.0000 pred=460.0 | what is the maximum of provision for income taxes for BLD fr...
  [37/100] CORRECT | truth=5265923.0000 pred=5265923.0 | Which quantity is given by the maximum of shares used dilute...
  [44/100] WRONG  | truth=4663.0000 pred=1257.0 | What's the value of the free cash flow for CLR in Nine Month...
  [45/100] CORRECT | truth=917.0000 pred=917.0 | what is the maximum of cash and cash equivalents for BLD fro...
  [42/100] CORRECT | truth=83582.0000 pred=83582.0 | What do we obtain as the sum of total revenues and gross pro...
  [48/100] CORRECT | truth=2158.0000 pred=2158.0 | you should give the minimum of other non current assets for ...
  [47/100] CORRECT | truth=1841.0000 pred=1841.0 | what would be the minimum of accounts payable for CRZ from D...
  [52/100] CORRECT | truth=372.0000 pred=372.0 | may you give the total current assets for PRF in December 31...
  [51/100] CORRECT | truth=13132.0000 pred=13132.0 | what is the average cost of sales for AST from Six Months En...
  [55/100] CORRECT | truth=6587.0000 pred=6587.0 | may you give the gross profit for PRD in Three Months Ended ...
  [56/100] WRONG  | truth=11049.0000 pred=2185.0 | calculate the free cash flow for CAP in Nine Months Ended Oc...
  [54/100] CORRECT | truth=9857.0000 pred=9857.0 | what's the value of the maximum of cost of sales for CAP fro...
  [50/100] CORRECT | truth=439.5000 pred=439.5 | Determine the average other non current assets for WNG from ...
  [58/100] CORRECT | truth=2202.0000 pred=2202.0 | You should calculate the maximum of accounts payable for FIN...
  [53/100] CORRECT | truth=224.5000 pred=224.5 | evaluate the average opening cash and equivalents for CIV fr...
  [43/100] WRONG  | truth=15232.0000 pred=-496.0 | State the free cash flow for TXN in Three Months Ended April...
  [59/100] CORRECT | truth=222.0000 pred=222.0 | what is the average depreciation and amortization for AVX fr...
  [62/100] WRONG  | truth=5452.0000 pred=4.0 | which result follows from the maximum of comprehensive incom...
  [49/100] CORRECT | truth=43581.0000 pred=43581.0 | What is the value of the gross profit for CAP in Nine Months...
  [46/100] WRONG  | truth=19108.0000 pred=15112.0 | Whats the value of the minimum of total current assets for C...
  [65/100] CORRECT | truth=1469.0000 pred=1469.0 | which quantity is given by the minimum of goodwill for MED f...
  [68/100] CORRECT | truth=5466.0000 pred=5466.0 | state the average depreciation and amortization for TXN from...
  [63/100] WRONG  | truth=46708.0000 pred=-2271.0 | may you give the free cash flow for QRK in Six Months Ended ...
  [66/100] CORRECT | truth=7436.0000 pred=8016.0 | Calculate the total assets for MED in October 31, 2025...
  [69/100] CORRECT | truth=1025.0000 pred=1025.0 | which result follows from the income before taxes for HRZ in...
  [60/100] CORRECT | truth=84.0000 pred=84.0 | Evaluate the maximum of stock based compensation for CNS fro...
  [70/100] CORRECT | truth=11486.0000 pred=11486.0 | Could you give the minimum of Subscription revenue for NET f...
  [71/100] CORRECT | truth=553.0000 pred=553.0 | Determine the maximum of total current liabilities for VTL f...
  [74/100] CORRECT | truth=2203.0000 pred=2203.0 | provide the average accounts payable for TPH from December 3...
  [76/100] CORRECT | truth=418.0000 pred=418.0 | What's the value of the average prepaid expenses and other f...
  [72/100] WRONG  | truth=1251.0000 pred=-2855.0 | Provide the free cash flow for TRD in Six Months Ended July ...
  [73/100] CORRECT | truth=103.0000 pred=103.0 | What is the maximum of selling general and administrative fo...
  [57/100] CORRECT | truth=77.0000 pred=77.0 | may you give the maximum of deferred revenue current for PRF...
  [77/100] CORRECT | truth=61420.0000 pred=61420.0 | may you give the average total current assets for QRK from S...
  [67/100] WRONG  | truth=-1063.9864 pred=-5731423.15 | what is the value of the result of ratio of sum of total ass...
  [64/100] WRONG  | truth=65814.0000 pred=43964.5 | what is the value of the average total non current assets fo...
  [82/100] CORRECT | truth=1776.5000 pred=1776.5 | Could you give the average short term investments for MTX fr...
  [78/100] CORRECT | truth=6032.0000 pred=6032.0 | State the income before taxes for TRU in Six Months Ended Ju...
  [81/100] WRONG  | truth=529.0000 pred=-267.0 | which value corresponds to the free cash flow for HRZ in Thr...
  [87/100] CORRECT | truth=352.0000 pred=352.0 | what do we obtain as the average proceeds from maturities of...
  [80/100] CORRECT | truth=3357.5000 pred=3357.5 | calculate the average total non current liabilities for DTA ...
  [61/100] CORRECT | truth=5216.0000 pred=5216.0 | Provide the gross profit for STR in Three Months Ended July ...
  [86/100] CORRECT | truth=14319.0000 pred=14319.0 | What do we obtain as the total current assets for GBL in Apr...
  [84/100] CORRECT | truth=18909.0000 pred=18909.0 | Evaluate the minimum of total costs and expenses for FNB fro...
  [85/100] CORRECT | truth=2348.0000 pred=2348.0 | May you give the minimum of total non current assets for SCI...
  [93/100] CORRECT | truth=309.5000 pred=309.5 | State the average Other revenue for VTL from Three Months En...
  [89/100] CORRECT | truth=976.0000 pred=976.0 | You should give the total liabilities for AVX in December 31...
  [94/100] CORRECT | truth=5386.0000 pred=5386.0 | what does the following give: average current portion of lon...
  [92/100] CORRECT | truth=12049.0000 pred=12049.0 | state the gross profit for VRX in Three Months Ended July 31...
  [90/100] CORRECT | truth=4696.0000 pred=4696.0 | Which quantity is given by the minimum of cash and cash equi...
  [79/100] CORRECT | truth=88897.0000 pred=88361.0 | you should give the maximum of total assets for MRT from Dec...
  [95/100] WRONG  | truth=704.0000 pred=3482.0 | May you give the total liabilities for PRF in December 31, 2...
  [83/100] CORRECT | truth=7008.0000 pred=7008.0 | may you calculate the net income for PLX in Three Months End...
  [88/100] CORRECT | truth=17768.0000 pred=17768.0 | what does the following give: minimum of operating income fo...
  [91/100] CORRECT | truth=11977.0000 pred=11977.0 | Determine the minimum of cost of sales for WHL from Three Mo...
  [97/100] CORRECT | truth=26885.0000 pred=26885.0 | What do we obtain as the minimum of cost of sales for GBL fr...
  [96/100] CORRECT | truth=562.0000 pred=562.0 | Calculate the sum of retained earnings and total current lia...
  [99/100] CORRECT | truth=1027.5000 pred=1027.5 | could you give the average other non current liabilities for...
  [100/100] CORRECT | truth=6310000.0000 pred=6310000.0 | What is the minimum of shares used diluted for AST from Thre...
  [98/100] WRONG  | truth=-123921.7692 pred=15706.0769 | Give the result of free cash flow scaled by ratio of cost of...
  [75/100] CORRECT | truth=-14082.0000 pred=-13786.0 | What do we obtain as the difference between comprehensive in...

============================================================
  Model: google/gemma-4-31B-it
============================================================
  10-Q          : 0/0  accuracy = 0.0%  (skipped 0)
  Simple        : 0/0  accuracy = 0.0%  (skipped 0)
  Multi-turn    : 0/0  accuracy = 0.0%  (skipped 0)
  Overall   : 0/0  accuracy = 0.0%
============================================================

  10q_cross: 85/100  accuracy = 85.0%  (skipped 0)
Results saved to output_llm/10q/gemma-4-31B-it_cross_20260809_193849.log
CSV saved to output_llm/eval_results_20260809_193849.csv
