Loading datasets...
  10-Q: 549 questions, 50 entities

============================================================
  Evaluating model: google/gemma-4-31B-it
============================================================

-- 10-Q evaluation (100 questions) --
  [2/100] CORRECT | truth=21.0000 pred=21.0 | state the minimum of proceeds from maturities of securities ...
  [6/100] CORRECT | truth=242006.0000 pred=242006.0 | Evaluate the minimum of shares used basic for GBL from Three...
  [1/100] CORRECT | truth=3560619.0000 pred=3560619.0 | Could you give the maximum of shares used basic for MTX from...
  [9/100] CORRECT | truth=2787.0000 pred=2787.0 | Whats the value of the gross profit for CRZ in Three Months ...
  [5/100] CORRECT | truth=1742.0000 pred=1742.0 | what's the value of the free cash flow for CLD in Three Mont...
  [8/100] CORRECT | truth=706.0000 pred=706.0 | What do we obtain as the maximum of prepaid expenses and oth...
  [4/100] CORRECT | truth=15405.0000 pred=15405.0 | whats the value of the maximum of net income for CRX from Th...
  [3/100] CORRECT | truth=35763.0000 pred=35763.0 | May you calculate the minimum of gross profit for PLX from N...
  [16/100] CORRECT | truth=23540.0000 pred=23086.0 | calculate the gross profit for MRT in Three Months Ended Apr...
  [14/100] CORRECT | truth=2370000.0000 pred=2370000.0 | Could you give the maximum of shares used basic for NVH from...
  [17/100] CORRECT | truth=6044.0000 pred=6044.0 | What would be the minimum of total non current liabilities f...
  [13/100] CORRECT | truth=2138.0000 pred=2138.0 | Which result follows from the minimum of depreciation and am...
  [15/100] CORRECT | truth=46.0000 pred=46.0 | Determine the minimum of proceeds from stock option exercise...
  [11/100] CORRECT | truth=760000.0000 pred=760000.0 | give the maximum of shares used basic for SUP from Three Mon...
  [18/100] CORRECT | truth=6258.0000 pred=6258.0 | What does the following give: maximum of long term marketabl...
  [12/100] CORRECT | truth=147.0000 pred=147.0 | which value corresponds to the minimum of proceeds from stoc...
  [25/100] CORRECT | truth=917.0000 pred=917.0 | what is the maximum of cash and cash equivalents for BLD fro...
  [21/100] CORRECT | truth=1877.0000 pred=1877.0 | What would be the free cash flow for DTA in Three Months End...
  [7/100] CORRECT | truth=258.0000 pred=258.0 | compute the minimum of depreciation and amortization for FIN...
  [19/100] CORRECT | truth=5265923.0000 pred=5265923.0 | Which quantity is given by the maximum of shares used dilute...
  [24/100] CORRECT | truth=4663.0000 pred=4663.0 | What's the value of the free cash flow for CLR in Nine Month...
  [23/100] CORRECT | truth=15232.0000 pred=15232.0 | State the free cash flow for TXN in Three Months Ended April...
  [10/100] CORRECT | truth=2178710.0000 pred=2178710.0 | What is the value of the maximum of shares used diluted for ...
  [20/100] CORRECT | truth=460.0000 pred=460.0 | what is the maximum of provision for income taxes for BLD fr...
  [26/100] CORRECT | truth=19108.0000 pred=19108.0 | Whats the value of the minimum of total current assets for C...
  [27/100] CORRECT | truth=1841.0000 pred=1841.0 | what would be the minimum of accounts payable for CRZ from D...
  [22/100] CORRECT | truth=83582.0000 pred=83582.0 | What do we obtain as the sum of total revenues and gross pro...
  [29/100] CORRECT | truth=43581.0000 pred=43581.0 | What is the value of the gross profit for CAP in Nine Months...
  [28/100] CORRECT | truth=2158.0000 pred=2158.0 | you should give the minimum of other non current assets for ...
  [33/100] CORRECT | truth=77.0000 pred=77.0 | may you give the maximum of deferred revenue current for PRF...
  [31/100] CORRECT | truth=6587.0000 pred=6587.0 | may you give the gross profit for PRD in Three Months Ended ...
  [32/100] CORRECT | truth=11049.0000 pred=11049.0 | calculate the free cash flow for CAP in Nine Months Ended Oc...
  [39/100] CORRECT | truth=1469.0000 pred=1469.0 | which quantity is given by the minimum of goodwill for MED f...
  [38/100] CORRECT | truth=46708.0000 pred=46708.0 | may you give the free cash flow for QRK in Six Months Ended ...
  [34/100] CORRECT | truth=2202.0000 pred=2202.0 | You should calculate the maximum of accounts payable for FIN...
  [41/100] CORRECT | truth=553.0000 pred=553.0 | Determine the maximum of total current liabilities for VTL f...
  [36/100] CORRECT | truth=5216.0000 pred=5216.0 | Provide the gross profit for STR in Three Months Ended July ...
  [42/100] CORRECT | truth=1251.0000 pred=1251.0 | Provide the free cash flow for TRD in Six Months Ended July ...
  [45/100] CORRECT | truth=529.0000 pred=529.0 | which value corresponds to the free cash flow for HRZ in Thr...
  [40/100] CORRECT | truth=11486.0000 pred=11486.0 | Could you give the minimum of Subscription revenue for NET f...
  [44/100] CORRECT | truth=88897.0000 pred=88897.0 | you should give the maximum of total assets for MRT from Dec...
  [43/100] CORRECT | truth=103.0000 pred=103.0 | What is the maximum of selling general and administrative fo...
  [51/100] CORRECT | truth=12049.0000 pred=12049.0 | state the gross profit for VRX in Three Months Ended July 31...
  [48/100] CORRECT | truth=17768.0000 pred=17768.0 | what does the following give: minimum of operating income fo...
  [50/100] CORRECT | truth=11977.0000 pred=11977.0 | Determine the minimum of cost of sales for WHL from Three Mo...
  [30/100] CORRECT | truth=9857.0000 pred=9857.0 | what's the value of the maximum of cost of sales for CAP fro...
  [47/100] CORRECT | truth=2348.0000 pred=2348.0 | May you give the minimum of total non current assets for SCI...
  [55/100] CORRECT | truth=327.0000 pred=327.0 | Which quantity is given by the maximum of research and devel...
  [52/100] CORRECT | truth=562.0000 pred=562.0 | Calculate the sum of retained earnings and total current lia...
  [56/100] CORRECT | truth=5642.0000 pred=5642.0 | which value corresponds to the gross profit for GRD in Six M...
  [53/100] CORRECT | truth=26885.0000 pred=26885.0 | What do we obtain as the minimum of cost of sales for GBL fr...
  [54/100] CORRECT | truth=6310000.0000 pred=6310000.0 | What is the minimum of shares used diluted for AST from Thre...
  [57/100] CORRECT | truth=7414.0000 pred=7414.0 | What is the value of the maximum of short term investments f...
  [58/100] CORRECT | truth=8180.0000 pred=8180.0 | You should calculate the maximum of accounts payable for IND...
  [61/100] CORRECT | truth=1174.0000 pred=1174.0 | what does the following give: maximum of cash and cash equiv...
  [62/100] CORRECT | truth=23204.0000 pred=23204.0 | compute the maximum of total revenues for ZNX from Three Mon...
  [49/100] CORRECT | truth=4696.0000 pred=4696.0 | Which quantity is given by the minimum of cash and cash equi...
  [60/100] CORRECT | truth=1313.0000 pred=1313.0 | What do we obtain as the operating income for FIN in Three M...
  [66/100] CORRECT | truth=55.0000 pred=55.0 | may you calculate the maximum of proceeds from stock option ...
  [63/100] CORRECT | truth=-272.0000 pred=-272.0 | could you give the free cash flow for MRT in Three Months En...
  [69/100] CORRECT | truth=2516.0000 pred=2516.0 | Determine the operating income for WNG in Three Months Ended...
  [70/100] CORRECT | truth=3356.0000 pred=3356.0 | which result follows from the minimum of cash and cash equiv...
  [65/100] CORRECT | truth=740.0000 pred=740.0 | give the maximum of provision for income taxes for STR from ...
  [64/100] CORRECT | truth=1277.0000 pred=1277.0 | may you give the maximum of cost of technology services for ...
  [72/100] CORRECT | truth=7683.0000 pred=7683.0 | which value corresponds to the maximum of cost of other reve...
  [71/100] CORRECT | truth=435.0000 pred=435.0 | Calculate the minimum of depreciation and amortization for S...
  [73/100] CORRECT | truth=3335.0000 pred=3335.0 | You should give the maximum of long term debt for SUP from D...
  [75/100] CORRECT | truth=7180.0000 pred=7180.0 | Determine the gross profit for WHL in Six Months Ended July ...
  [76/100] WRONG  | truth=2009.0000 pred=1436.0 | Which result follows from the operating income for IND in Th...
  [77/100] CORRECT | truth=891.0000 pred=891.0 | What is the minimum of Passenger revenue for AVX from Three ...
  [79/100] CORRECT | truth=884.0000 pred=884.0 | What is the minimum of total non current assets for AVX from...
  [74/100] CORRECT | truth=14976.0000 pred=14976.0 | calculate the gross profit for INF in Six Months Ended July ...
  [80/100] CORRECT | truth=733312.0000 pred=733312.0 | what would be the maximum of shares used diluted for CRZ fro...
  [68/100] CORRECT | truth=1908.0000 pred=1908.0 | which quantity is given by the free cash flow for MED in Nin...
  [35/100] CORRECT | truth=84.0000 pred=84.0 | Evaluate the maximum of stock based compensation for CNS fro...
  [46/100] CORRECT | truth=18909.0000 pred=18909.0 | Evaluate the minimum of total costs and expenses for FNB fro...
  [59/100] CORRECT | truth=2226.0000 pred=2226.0 | Could you give the minimum of depreciation and amortization ...
  [78/100] CORRECT | truth=25159.0000 pred=25159.0 | what does the following give: minimum of total current asset...
  [37/100] CORRECT | truth=5452.0000 pred=5452.0 | which result follows from the maximum of comprehensive incom...
  [67/100] CORRECT | truth=13008.0000 pred=13008.0 | Evaluate the maximum of Subscription revenue for NET from Th...
  [84/100] CORRECT | truth=7540.0000 pred=7540.0 | Provide the operating income for TRD in Six Months Ended Jul...
  [83/100] CORRECT | truth=7081.0000 pred=7081.0 | state the minimum of Non-interest income for TRU from Three ...
  [87/100] CORRECT | truth=630.0000 pred=630.0 | calculate the maximum of other non current liabilities for M...
  [81/100] CORRECT | truth=7356769.0000 pred=7356769.0 | Compute the minimum of shares used basic for FIN from Three ...
  [90/100] CORRECT | truth=19195.0000 pred=19195.0 | which value corresponds to the minimum of total costs and ex...
  [89/100] CORRECT | truth=3925.0000 pred=3925.0 | which quantity is given by the free cash flow for MDI in Nin...
  [88/100] CORRECT | truth=556.0000 pred=556.0 | what is the value of the minimum of prepaid expenses and oth...
  [86/100] CORRECT | truth=5261.0000 pred=5261.0 | What is the value of the minimum of net cash from operating ...
  [85/100] CORRECT | truth=74415.0000 pred=74415.0 | could you give the maximum of total revenues for MTX from Ni...
  [82/100] CORRECT | truth=1892.0000 pred=1892.0 | May you calculate the minimum of selling general and adminis...
  [95/100] CORRECT | truth=27515.0000 pred=27515.0 | Whats the value of the gross profit for CRX in Three Months ...
  [92/100] CORRECT | truth=2305.0000 pred=2305.0 | Which value corresponds to the free cash flow for GRD in Six...
  [91/100] CORRECT | truth=409.0000 pred=409.0 | which quantity is given by the maximum of stock based compen...
  [94/100] CORRECT | truth=19275.0000 pred=19275.0 | what does the following give: minimum of total current liabi...
  [96/100] CORRECT | truth=3034.0000 pred=3034.0 | whats the value of the minimum of total current liabilities ...
  [97/100] CORRECT | truth=14896.0000 pred=14896.0 | may you calculate the maximum of property plant and equipmen...
  [100/100] CORRECT | truth=24018.0000 pred=24018.0 | What would be the gross profit for FAB in Six Months Ended J...
  [98/100] CORRECT | truth=5920.0000 pred=5920.0 | which value corresponds to the gross profit for HLT in Three...
  [99/100] CORRECT | truth=3369128.0000 pred=3369128.0 | What's the value of the maximum of shares used diluted for C...
  [93/100] CORRECT | truth=372.0000 pred=372.0 | what do we obtain as the maximum of proceeds from maturities...

============================================================
  Model: google/gemma-4-31B-it
============================================================
  10-Q          : 99/100  accuracy = 99.0%  (skipped 0)
  Simple        : 0/0  accuracy = 0.0%  (skipped 0)
  Multi-turn    : 0/0  accuracy = 0.0%  (skipped 0)
  Overall   : 99/100  accuracy = 99.0%
============================================================

Results saved to output_llm/10q/gemma-4-31B-it-2509_depth_1_20260809_191443.log
CSV saved to output_llm/eval_results_20260809_191443.csv
