Loading datasets...
  10-Q: 70 questions, 50 entities

============================================================
  Evaluating model: google/gemma-4-31B-it
============================================================

-- 10-Q evaluation (100 questions) --
  [8/70] CORRECT | truth=2692.0000 pred=2692.0 | may you calculate the net income for NVH in Three Months End...
  [1/70] CORRECT | truth=3672.0000 pred=3672.0 | you should calculate the total current liabilities for CRZ i...
  [2/70] CORRECT | truth=1521.0000 pred=1521.0 | what's the value of the total current liabilities for CIV in...
  [4/70] CORRECT | truth=6504.0000 pred=6504.0 | Compute the total current liabilities for ZNX in July 31, 20...
  [6/70] CORRECT | truth=7008.0000 pred=7008.0 | may you calculate the net income for PLX in Three Months End...
  [3/70] CORRECT | truth=32392.0000 pred=32392.0 | may you give the total current liabilities for PLZ in Decemb...
  [10/70] CORRECT | truth=21471.0000 pred=21471.0 | Could you give the total current liabilities for MRK in Apri...
  [9/70] CORRECT | truth=9083.0000 pred=9083.0 | may you calculate the total current liabilities for NVH in D...
  [12/70] CORRECT | truth=2324.0000 pred=2324.0 | give the total current liabilities for SCI in July 31, 2025 ...
  [13/70] CORRECT | truth=647.0000 pred=647.0 | whats the value of the net income for CNS in Three Months En...
  [14/70] CORRECT | truth=2963.0000 pred=2963.0 | Compute the net income for NVH in Three Months Ended October...
  [17/70] CORRECT | truth=4330.0000 pred=4330.0 | calculate the total current liabilities for STR in July 31, ...
  [20/70] CORRECT | truth=5360.0000 pred=5360.0 | which result follows from the total current liabilities for ...
  [18/70] CORRECT | truth=7973.0000 pred=7973.0 | Which quantity is given by the total current liabilities for...
  [16/70] CORRECT | truth=6735.0000 pred=6735.0 | state the total current liabilities for VRX in July 31, 2025...
  [19/70] CORRECT | truth=14387.0000 pred=14387.0 | you should give the net income for GLP in Three Months Ended...
  [21/70] CORRECT | truth=2577.0000 pred=2577.0 | Which quantity is given by the net income for MED in Nine Mo...
  [22/70] CORRECT | truth=24179.0000 pred=24179.0 | may you give the total current liabilities for QRK in Septem...
  [27/70] CORRECT | truth=10276.0000 pred=10276.0 | You should give the total current liabilities for PRD in Dec...
  [24/70] CORRECT | truth=7722.0000 pred=7722.0 | Which quantity is given by the net income for MDI in Nine Mo...
  [26/70] CORRECT | truth=9116.0000 pred=9116.0 | what is the net income for AST in Six Months Ended July 31, ...
  [25/70] CORRECT | truth=9975.0000 pred=9975.0 | determine the total current liabilities for WHL in July 31, ...
  [29/70] CORRECT | truth=3034.0000 pred=3034.0 | Whats the value of the total current liabilities for CNS in ...
  [31/70] CORRECT | truth=2027.0000 pred=2027.0 | Give the total current liabilities for SCI in December 31, 2...
  [28/70] CORRECT | truth=4128.0000 pred=4128.0 | whats the value of the net income for CRZ in Nine Months End...
  [30/70] CORRECT | truth=21024.0000 pred=21024.0 | compute the net income for PLX in Nine Months Ended July 31,...
  [23/70] CORRECT | truth=11089.0000 pred=11089.0 | What's the value of the sum of maximum of total non current ...
  [33/70] CORRECT | truth=1540.0000 pred=1540.0 | You should give the net income for SCI in Six Months Ended J...
  [11/70] CORRECT | truth=15550.0000 pred=15550.0 | What would be the total current liabilities for FAB in July ...
  [7/70] CORRECT | truth=24114.0000 pred=24114.0 | what is the value of the net income for BRX in Six Months En...
  [15/70] CORRECT | truth=-13267.7299 pred=-13267.71 | could you give the result of ratio of sum of total assets fo...
  [34/70] CORRECT | truth=67.0000 pred=67.0 | You should calculate the net income for PRF in Three Months ...
  [35/70] CORRECT | truth=9083.0000 pred=9083.0 | may you calculate the total current liabilities for NVH in D...
  [36/70] CORRECT | truth=8910.0000 pred=8910.0 | what is the value of the total current liabilities for CAP i...
  [39/70] CORRECT | truth=9765.0000 pred=9765.0 | may you give the net income for PRD in Nine Months Ended Oct...
  [38/70] CORRECT | truth=3255.0000 pred=3255.0 | may you give the net income for PRD in Three Months Ended Oc...
  [43/70] CORRECT | truth=11550.0000 pred=11550.0 | which result follows from the total current liabilities for ...
  [42/70] CORRECT | truth=21024.0000 pred=21024.0 | may you calculate the net income for PLX in Nine Months Ende...
  [41/70] CORRECT | truth=4998.0000 pred=4998.0 | which result follows from the net income for INF in Six Mont...
  [44/70] CORRECT | truth=714.0000 pred=714.0 | Provide the net income for SUP in Three Months Ended April 3...
  [46/70] CORRECT | truth=8800.0000 pred=8800.0 | calculate the total current liabilities for DTA in December ...
  [45/70] CORRECT | truth=3519.0000 pred=3519.0 | whats the value of the total current liabilities for CRZ in ...
  [40/70] CORRECT | truth=152.0000 pred=152.0 | compute the difference between income before taxes and net c...
  [51/70] CORRECT | truth=3719.0000 pred=3719.0 | What do we obtain as the total current liabilities for FNB i...
  [48/70] CORRECT | truth=5263.0000 pred=5263.0 | compute the total current liabilities for WNG in December 31...
  [47/70] CORRECT | truth=5280.0000 pred=5280.0 | calculate the net income for CLR in Nine Months Ended Octobe...
  [50/70] CORRECT | truth=22326.0000 pred=22326.0 | you should give the total current liabilities for GBL in Apr...
  [32/70] CORRECT | truth=28187.5000 pred=28187.5 | You should calculate the sum of ratio of sum of net income f...
  [37/70] CORRECT | truth=-26.2897 pred=-26.285 | Whats the value of the result of ratio of sum of total curre...
  [53/70] CORRECT | truth=19275.0000 pred=19275.0 | you should calculate the total current liabilities for GBL i...
  [52/70] CORRECT | truth=4128.0000 pred=4128.0 | what would be the net income for CRZ in Nine Months Ended Oc...
  [5/70] CORRECT | truth=-1063.9864 pred=-1063.95 | what is the value of the result of ratio of sum of total ass...
  [59/70] CORRECT | truth=3840.0000 pred=3840.0 | which quantity is given by the total current liabilities for...
  [58/70] CORRECT | truth=4432.0000 pred=4432.0 | Give the total current liabilities for STR in December 31, 2...
  [49/70] CORRECT | truth=-183.0000 pred=-183.0 | Determine the difference between ratio of sum of current por...
  [54/70] CORRECT | truth=2954.0000 pred=2954.0 | could you give the net income for MTX in Three Months Ended ...
  [60/70] CORRECT | truth=2426.0000 pred=2426.0 | You should calculate the net income for VRX in Six Months En...
  [55/70] CORRECT | truth=3715.0000 pred=3715.0 | What is the value of the total current liabilities for BNK i...
  [62/70] CORRECT | truth=672.0000 pred=672.0 | you should calculate the net income for CIV in Nine Months E...
  [61/70] CORRECT | truth=14382.0000 pred=14382.0 | provide the net income for TPH in Nine Months Ended October ...
  [65/70] CORRECT | truth=224.0000 pred=224.0 | What's the value of the net income for CIV in Three Months E...
  [63/70] CORRECT | truth=12057.0000 pred=12057.0 | what is the value of the net income for BRX in Three Months ...
  [66/70] CORRECT | truth=4097.0000 pred=4097.0 | May you calculate the total current liabilities for PLX in S...
  [68/70] CORRECT | truth=2705.0000 pred=2705.0 | Calculate the net income for TRD in Three Months Ended July ...
  [57/70] CORRECT | truth=-1.3388 pred=-1.3384394209445583 | whats the value of the result of effect of exchange rate on ...
  [67/70] CORRECT | truth=1302826.0000 pred=1302826.0 | may you give the sum of ratio of sum of stock based compensa...
  [70/70] CORRECT | truth=24179.0000 pred=24179.0 | give the total current liabilities for QRK in September 30, ...
  [56/70] CORRECT | truth=19383.0000 pred=19383.0 | Whats the value of the sum of change in other working capita...
  [69/70] CORRECT | truth=6393.0000 pred=6393.0 | state the total current liabilities for VRX in December 31, ...
  [64/70] CORRECT | truth=2070.0000 pred=2070.0 | Determine the sum of ratio of sum of total liabilities for V...

============================================================
  Model: google/gemma-4-31B-it
============================================================
  10-Q          : 70/70  accuracy = 100.0%  (skipped 0)
  Simple        : 0/0  accuracy = 0.0%  (skipped 0)
  Multi-turn    : 0/0  accuracy = 0.0%  (skipped 0)
  Overall   : 70/70  accuracy = 100.0%
============================================================

Results saved to output_llm/10q/gemma-4-31B-it-2509_depth_3_20260809_191546.log
CSV saved to output_llm/eval_results_20260809_191546.csv
