Loading datasets...
  10-Q: 73 questions, 50 entities

============================================================
  Evaluating model: google/gemma-4-31B-it
============================================================

-- 10-Q evaluation (100 questions) --
  [6/73] CORRECT | truth=14319.0000 pred=14319.0 | What do we obtain as the total current assets for GBL in Apr...
  [10/73] CORRECT | truth=520.0000 pred=520.0 | Determine the total current assets for VTL in December 31, 2...
  [2/73] CORRECT | truth=2541.0000 pred=2541.0 | which value corresponds to the total current assets for HRZ ...
  [5/73] CORRECT | truth=372.0000 pred=372.0 | may you give the total current assets for PRF in December 31...
  [8/73] CORRECT | truth=704.0000 pred=704.0 | May you give the total liabilities for PRF in December 31, 2...
  [7/73] CORRECT | truth=976.0000 pred=976.0 | You should give the total liabilities for AVX in December 31...
  [1/73] CORRECT | truth=10457.0000 pred=10457.0 | Could you give the total liabilities for NET in December 31,...
  [4/73] CORRECT | truth=9759.0000 pred=9759.0 | Which quantity is given by the total current assets for MDI ...
  [3/73] CORRECT | truth=3098.0000 pred=3098.0 | Give the total liabilities for SCI in December 31, 2024....
  [12/73] CORRECT | truth=12736.0000 pred=12736.0 | State the total current assets for VRX in July 31, 2025....
  [13/73] CORRECT | truth=3658.0000 pred=3658.0 | What would be the total current assets for CRZ in October 31...
  [14/73] CORRECT | truth=9712.0000 pred=9712.0 | give the total liabilities for SKY in April 30, 2025....
  [11/73] CORRECT | truth=4730.0000 pred=4730.0 | Which result follows from the total liabilities for HRZ in A...
  [17/73] CORRECT | truth=15638.0000 pred=15638.0 | state the total liabilities for VRX in December 31, 2024....
  [16/73] CORRECT | truth=12971.0000 pred=12971.0 | Determine the total liabilities for WHL in July 31, 2025....
  [9/73] CORRECT | truth=13103.0000 pred=13103.0 | you should calculate the sum of net income for CAP in Three ...
  [23/73] CORRECT | truth=63148.0000 pred=63148.0 | May you give the total current assets for QRK in September 3...
  [18/73] CORRECT | truth=24973.0000 pred=24973.0 | what is the value of the total current assets for BRX in Dec...
  [21/73] CORRECT | truth=10457.0000 pred=10457.0 | could you give the total liabilities for NET in December 31,...
  [24/73] CORRECT | truth=11017.0000 pred=11017.0 | Evaluate the total current assets for TRU in December 31, 20...
  [25/73] CORRECT | truth=7010.0000 pred=7010.0 | may you calculate the total current assets for NVH in Decemb...
  [20/73] CORRECT | truth=3098.0000 pred=3098.0 | Compute the total liabilities for SCI in December 31, 2024....
  [27/73] CORRECT | truth=8413.0000 pred=8413.0 | what's the value of the total liabilities for CLD in Decembe...
  [19/73] CORRECT | truth=11282.0000 pred=11282.0 | Give the sum of sum of minimum of net cash from operating fo...
  [26/73] CORRECT | truth=7010.0000 pred=7010.0 | may you calculate the total current assets for NVH in Decemb...
  [22/73] CORRECT | truth=15136.0000 pred=15136.0 | State the sum of total current liabilities and total shareho...
  [30/73] CORRECT | truth=437.0000 pred=437.0 | What is the total current assets for AVX in December 31, 202...
  [31/73] CORRECT | truth=5905.0000 pred=5905.0 | Provide the total current assets for STR in July 31, 2025....
  [29/73] CORRECT | truth=1113.0000 pred=1113.0 | What's the value of the total current assets for CIV in Dece...
  [15/73] CORRECT | truth=6434.0000 pred=6434.0 | give the sum of minimum of research and development for STR ...
  [35/73] CORRECT | truth=53490.0000 pred=53490.0 | give the total liabilities for QRK in April 30, 2026....
  [33/73] CORRECT | truth=2541.0000 pred=2541.0 | Which value corresponds to the total current assets for HRZ ...
  [34/73] CORRECT | truth=20681.0000 pred=20681.0 | what is the value of the total liabilities for CAP in Decemb...
  [28/73] CORRECT | truth=71583.0000 pred=71583.0 | may you give the sum of net income for QRK in Six Months End...
  [40/73] CORRECT | truth=429.0000 pred=429.0 | What is the total current assets for AVX in October 31, 2025...
  [38/73] CORRECT | truth=9096.0000 pred=9096.0 | Whats the value of the total liabilities for CRF in December...
  [36/73] CORRECT | truth=16455.0000 pred=16455.0 | Compute the total current assets for MRK in April 30, 2025....
  [42/73] CORRECT | truth=10109.0000 pred=10109.0 | what do we obtain as the total liabilities for FNB in Octobe...
  [37/73] CORRECT | truth=28197.0000 pred=28197.0 | State the total current assets for TRD in December 31, 2024....
  [39/73] CORRECT | truth=14657.0000 pred=14657.0 | what would be the total current assets for FAB in December 3...
  [41/73] CORRECT | truth=55282.0000 pred=55282.0 | May you calculate the total liabilities for PLZ in December ...
  [43/73] CORRECT | truth=5501.0000 pred=5501.0 | Whats the value of the total current assets for CRF in Decem...
  [44/73] CORRECT | truth=3227.0000 pred=3227.0 | Compute the total current assets for CNS in April 30, 2025...
  [46/73] CORRECT | truth=8413.0000 pred=8413.0 | what's the value of the total liabilities for CLD in Decembe...
  [50/73] CORRECT | truth=3506.0000 pred=3506.0 | what would be the total current assets for CRZ in December 3...
  [32/73] CORRECT | truth=904.5000 pred=904.5 | May you give the sum of ratio of sum of total current liabil...
  [51/73] CORRECT | truth=2152.0000 pred=2152.0 | Give the total current assets for SCI in December 31, 2024...
  [47/73] CORRECT | truth=6045.0000 pred=6045.0 | which value corresponds to the total current assets for GRD ...
  [48/73] CORRECT | truth=22323.0000 pred=22323.0 | Whats the value of the total current assets for CRX in Janua...
  [45/73] CORRECT | truth=55282.0000 pred=55282.0 | may you give the total liabilities for PLZ in December 31, 2...
  [49/73] CORRECT | truth=36151.0000 pred=36151.0 | You should calculate the total current assets for PLZ in Jul...
  [52/73] CORRECT | truth=26768.0000 pred=26768.0 | whats the value of the total liabilities for CRX in January ...
  [57/73] CORRECT | truth=4488.0000 pred=4488.0 | what is the total current assets for BLD in December 31, 202...
  [54/73] CORRECT | truth=388.0000 pred=388.0 | May you give the total current assets for PRF in April 30, 2...
  [55/73] CORRECT | truth=6907.0000 pred=6907.0 | What is the value of the total current assets for BNK in Oct...
  [56/73] CORRECT | truth=18634.0000 pred=18634.0 | what is the value of the total current assets for CAP in Dec...
  [58/73] CORRECT | truth=5066.0000 pred=5066.0 | what do we obtain as the total current assets for FIN in Apr...
  [61/73] CORRECT | truth=65591.0000 pred=65591.0 | what is the value of the total liabilities for BRX in July 3...
  [65/73] CORRECT | truth=6799.0000 pred=6799.0 | determine the total current assets for WHL in July 31, 2025....
  [62/73] CORRECT | truth=7911.0000 pred=7911.0 | What do we obtain as the total liabilities for FIN in Decemb...
  [64/73] CORRECT | truth=7010.0000 pred=7010.0 | calculate the total current assets for NVH in December 31, 2...
  [66/73] CORRECT | truth=51894.0000 pred=51894.0 | State the total liabilities for TXN in April 30, 2025...
  [67/73] CORRECT | truth=56778.0000 pred=56778.0 | May you calculate the total liabilities for PLZ in July 31, ...
  [70/73] CORRECT | truth=8732.0000 pred=8732.0 | May you calculate the total current assets for NET in Octobe...
  [71/73] CORRECT | truth=10546.0000 pred=10546.0 | may you give the total current assets for PRD in December 31...
  [72/73] CORRECT | truth=11006.0000 pred=11006.0 | You should give the total current assets for MTX in December...
  [73/73] CORRECT | truth=16516.0000 pred=16516.0 | Provide the total liabilities for TPH in December 31, 2024...
  [68/73] CORRECT | truth=9096.0000 pred=9096.0 | Whats the value of the total liabilities for CRF in December...
  [53/73] CORRECT | truth=5481.0000 pred=5481.0 | what's the value of the total current assets for CLR in Octo...
  [63/73] CORRECT | truth=12971.0000 pred=12971.0 | Determine the total liabilities for WHL in July 31, 2025...
  [59/73] CORRECT | truth=16878.0000 pred=16878.0 | What is the total current assets for AST in July 31, 2025?...
  [60/73] CORRECT | truth=53490.0000 pred=53490.0 | You should calculate the total liabilities for QRK in April ...
  [69/73] WRONG  | truth=134.5000 pred=-498.5 | May you give the difference between long term debt for SCI i...

============================================================
  Model: google/gemma-4-31B-it
============================================================
  10-Q          : 72/73  accuracy = 98.6%  (skipped 0)
  Simple        : 0/0  accuracy = 0.0%  (skipped 0)
  Multi-turn    : 0/0  accuracy = 0.0%  (skipped 0)
  Overall   : 72/73  accuracy = 98.6%
============================================================

Results saved to output_llm/10q/gemma-4-31B-it-2509_depth_4_20260809_191605.log
CSV saved to output_llm/eval_results_20260809_191605.csv
