Loading datasets...
  10-Q: 1000 questions, 50 entities

============================================================
  Evaluating model: google/gemma-4-31B-it
============================================================

-- 10q_scaling evaluation (100 questions) --
  [9/100] WRONG  | truth=3672.0000 pred=3672000.0 | The numbers in the financial data are all given in thousands...
  [3/100] WRONG  | truth=10457.0000 pred=10457000000.0 | The numbers in the financial data are all given in thousands...
  [1/100] WRONG  | truth=7844.0000 pred=7844000.0 | The numbers in the financial data are all given in thousands...
  [10/100] WRONG  | truth=289.0000 pred=289000.0 | The numbers in the financial data are all given in thousands...
  [12/100] WRONG  | truth=2541.0000 pred=2541000.0 | The numbers in the financial data are all given in thousands...
  [7/100] WRONG  | truth=15405.0000 pred=15405000.0 | The numbers in the financial data are all given in thousands...
  [5/100] WRONG  | truth=35763.0000 pred=35763000.0 | The numbers in the financial data are all given in thousands...
  [6/100] WRONG  | truth=2107.0000 pred=2107000.0 | The numbers in the financial data are all given in thousands...
  [13/100] WRONG  | truth=4389225.0000 pred=4389225000.0 | The numbers in the financial data are all given in thousands...
  [18/100] WRONG  | truth=3098.0000 pred=3098000000.0 | The numbers in the financial data are all given in thousands...
  [4/100] WRONG  | truth=21.0000 pred=21000.0 | The numbers in the financial data are all given in thousands...
  [19/100] WRONG  | truth=8900.5000 pred=8900500.0 | The numbers in the financial data are all given in thousands...
  [15/100] WRONG  | truth=1742.0000 pred=1742000.0 | The numbers in the financial data are all given in thousands...
  [8/100] WRONG  | truth=521.0000 pred=521000.0 | The numbers in the financial data are all given in thousands...
  [17/100] WRONG  | truth=258.0000 pred=258000.0 | The numbers in the financial data are all given in thousands...
  [16/100] WRONG  | truth=242006.0000 pred=242006000000.0 | The numbers in the financial data are all given in thousands...
  [20/100] WRONG  | truth=706.0000 pred=706000.0 | The numbers in the financial data are all given in thousands...
  [22/100] WRONG  | truth=2178710.0000 pred=2178710000.0 | The numbers in the financial data are all given in thousands...
  [23/100] WRONG  | truth=8325.0000 pred=8325000.0 | The numbers in the financial data are all given in thousands...
  [25/100] WRONG  | truth=147.0000 pred=147000.0 | The numbers in the financial data are all given in thousands...
  [26/100] WRONG  | truth=9759.0000 pred=9759000000.0 | The numbers in the financial data are all given in thousands...
  [24/100] WRONG  | truth=760000.0000 pred=760000000.0 | The numbers in the financial data are all given in thousands...
  [21/100] WRONG  | truth=2787.0000 pred=2787000.0 | The numbers in the financial data are all given in thousands...
  [28/100] WRONG  | truth=2138.0000 pred=2138000.0 | The numbers in the financial data are all given in thousands...
  [31/100] WRONG  | truth=46.0000 pred=46000.0 | The numbers in the financial data are all given in thousands...
  [27/100] WRONG  | truth=444251.5000 pred=444251500000.0 | The numbers in the financial data are all given in thousands...
  [29/100] CORRECT | truth=1521.0000 pred=1521.0 | The numbers in the financial data are all given in thousands...
  [14/100] WRONG  | truth=1088.0000 pred=1088000.0 | The numbers in the financial data are all given in thousands...
  [11/100] WRONG  | truth=3106.5000 pred=3106500.0 | The numbers in the financial data are all given in thousands...
  [35/100] CORRECT | truth=32392.0000 pred=32392.0 | The numbers in the financial data are all given in thousands...
  [36/100] WRONG  | truth=6258.0000 pred=6258000.0 | The numbers in the financial data are all given in thousands...
  [37/100] WRONG  | truth=5265923.0000 pred=5265923000.0 | The numbers in the financial data are all given in thousands...
  [32/100] WRONG  | truth=23540.0000 pred=23086000.0 | The numbers in the financial data are all given in thousands...
  [34/100] WRONG  | truth=622.0000 pred=622000.0 | The numbers in the financial data are all given in thousands...
  [2/100] WRONG  | truth=3560619.0000 pred=3560619000000.0 | The numbers in the financial data are all given in thousands...
  [41/100] WRONG  | truth=1877.0000 pred=1877000.0 | The numbers in the financial data are all given in thousands...
  [33/100] WRONG  | truth=6044.0000 pred=6044000.0 | The numbers in the financial data are all given in thousands...
  [38/100] WRONG  | truth=6504.0000 pred=6504000.0 | The numbers in the financial data are all given in thousands...
  [44/100] WRONG  | truth=4663.0000 pred=4663000.0 | The numbers in the financial data are all given in thousands...
  [40/100] WRONG  | truth=460.0000 pred=460000.0 | The numbers in the financial data are all given in thousands...
  [42/100] WRONG  | truth=83582.0000 pred=83582000.0 | The numbers in the financial data are all given in thousands...
  [45/100] WRONG  | truth=917.0000 pred=917000.0 | The numbers in the financial data are all given in thousands...
  [39/100] WRONG  | truth=2150529.0000 pred=2150529000000.0 | The numbers in the financial data are all given in thousands...
  [49/100] WRONG  | truth=43581.0000 pred=43581000.0 | The numbers in the financial data are all given in thousands...
  [52/100] CORRECT | truth=372.0000 pred=372.0 | The numbers in the financial data are all given in thousands...
  [50/100] WRONG  | truth=439.5000 pred=439500.0 | The numbers in the financial data are all given in thousands...
  [48/100] WRONG  | truth=2158.0000 pred=2158000.0 | The numbers in the financial data are all given in thousands...
  [51/100] WRONG  | truth=13132.0000 pred=13132000.0 | The numbers in the financial data are all given in thousands...
  [47/100] WRONG  | truth=1841.0000 pred=1841000.0 | The numbers in the financial data are all given in thousands...
  [54/100] WRONG  | truth=9857.0000 pred=9857000.0 | The numbers in the financial data are all given in thousands...
  [43/100] WRONG  | truth=15232.0000 pred=15232000.0 | The numbers in the financial data are all given in thousands...
  [53/100] WRONG  | truth=224.5000 pred=224500.0 | The numbers in the financial data are all given in thousands...
  [56/100] WRONG  | truth=11049.0000 pred=11049000.0 | The numbers in the financial data are all given in thousands...
  [46/100] WRONG  | truth=19108.0000 pred=19108000.0 | The numbers in the financial data are all given in thousands...
  [55/100] WRONG  | truth=6587.0000 pred=6587000.0 | The numbers in the financial data are all given in thousands...
  [61/100] WRONG  | truth=5216.0000 pred=5216000.0 | The numbers in the financial data are all given in thousands...
  [58/100] WRONG  | truth=2202.0000 pred=2202000.0 | The numbers in the financial data are all given in thousands...
  [59/100] WRONG  | truth=222.0000 pred=222000.0 | The numbers in the financial data are all given in thousands...
  [63/100] WRONG  | truth=46708.0000 pred=46708000.0 | The numbers in the financial data are all given in thousands...
  [62/100] WRONG  | truth=5452.0000 pred=5452000.0 | The numbers in the financial data are all given in thousands...
  [60/100] WRONG  | truth=84.0000 pred=84000.0 | The numbers in the financial data are all given in thousands...
  [66/100] WRONG  | truth=7436.0000 pred=7436000.0 | The numbers in the financial data are all given in thousands...
  [65/100] WRONG  | truth=1469.0000 pred=1469000.0 | The numbers in the financial data are all given in thousands...
  [30/100] WRONG  | truth=2370000.0000 pred=2370000000.0 | The numbers in the financial data are all given in thousands...
  [64/100] WRONG  | truth=65814.0000 pred=65814000.0 | The numbers in the financial data are all given in thousands...
  [69/100] WRONG  | truth=1025.0000 pred=1025000.0 | The numbers in the financial data are all given in thousands...
  [70/100] WRONG  | truth=11486.0000 pred=11486000.0 | The numbers in the financial data are all given in thousands...
  [72/100] WRONG  | truth=1251.0000 pred=1251000.0 | The numbers in the financial data are all given in thousands...
  [76/100] WRONG  | truth=418.0000 pred=418000.0 | The numbers in the financial data are all given in thousands...
  [73/100] WRONG  | truth=103.0000 pred=103000.0 | The numbers in the financial data are all given in thousands...
  [77/100] WRONG  | truth=61420.0000 pred=61420000.0 | The numbers in the financial data are all given in thousands...
  [71/100] WRONG  | truth=553.0000 pred=553000.0 | The numbers in the financial data are all given in thousands...
  [81/100] WRONG  | truth=529.0000 pred=529000.0 | The numbers in the financial data are all given in thousands...
  [68/100] WRONG  | truth=5466.0000 pred=5466000.0 | The numbers in the financial data are all given in thousands...
  [78/100] WRONG  | truth=6032.0000 pred=6032000.0 | The numbers in the financial data are all given in thousands...
  [79/100] WRONG  | truth=88897.0000 pred=88897000.0 | The numbers in the financial data are all given in thousands...
  [82/100] WRONG  | truth=1776.5000 pred=1776500.0 | The numbers in the financial data are all given in thousands...
  [57/100] WRONG  | truth=77.0000 pred=77000.0 | The numbers in the financial data are all given in thousands...
  [83/100] WRONG  | truth=7008.0000 pred=7008000.0 | The numbers in the financial data are all given in thousands...
  [75/100] WRONG  | truth=-14082.0000 pred=-14082000.0 | The numbers in the financial data are all given in thousands...
  [74/100] WRONG  | truth=2203.0000 pred=2203000.0 | The numbers in the financial data are all given in thousands...
  [87/100] WRONG  | truth=352.0000 pred=352000.0 | The numbers in the financial data are all given in thousands...
  [90/100] WRONG  | truth=4696.0000 pred=4696000.0 | The numbers in the financial data are all given in thousands...
  [89/100] WRONG  | truth=976.0000 pred=976000.0 | The numbers in the financial data are all given in thousands...
  [86/100] WRONG  | truth=14319.0000 pred=14319000.0 | The numbers in the financial data are all given in thousands...
  [92/100] WRONG  | truth=12049.0000 pred=12049000.0 | The numbers in the financial data are all given in thousands...
  [85/100] WRONG  | truth=2348.0000 pred=2348000.0 | The numbers in the financial data are all given in thousands...
  [94/100] WRONG  | truth=5386.0000 pred=5386000.0 | The numbers in the financial data are all given in thousands...
  [88/100] WRONG  | truth=17768.0000 pred=17768000.0 | The numbers in the financial data are all given in thousands...
  [91/100] WRONG  | truth=11977.0000 pred=11977000.0 | The numbers in the financial data are all given in thousands...
  [93/100] WRONG  | truth=309.5000 pred=309500.0 | The numbers in the financial data are all given in thousands...
  [96/100] WRONG  | truth=562.0000 pred=562000.0 | The numbers in the financial data are all given in thousands...
  [95/100] WRONG  | truth=704.0000 pred=704000.0 | The numbers in the financial data are all given in thousands...
  [99/100] WRONG  | truth=1027.5000 pred=1027500.0 | The numbers in the financial data are all given in thousands...
  [67/100] WRONG  | truth=-1063.9864 pred=-1064064.21 | The numbers in the financial data are all given in thousands...
  [84/100] WRONG  | truth=18909.0000 pred=18909000.0 | The numbers in the financial data are all given in thousands...
  [98/100] WRONG  | truth=-123921.7692 pred=18326.35 | The numbers in the financial data are all given in thousands...
  [80/100] WRONG  | truth=3357.5000 pred=3357500.0 | The numbers in the financial data are all given in thousands...
  [100/100] WRONG  | truth=6310000.0000 pred=6310000000.0 | The numbers in the financial data are all given in thousands...
  [97/100] WRONG  | truth=26885.0000 pred=26885000.0 | The numbers in the financial data are all given in thousands...

============================================================
  Model: google/gemma-4-31B-it
============================================================
  10-Q          : 0/0  accuracy = 0.0%  (skipped 0)
  Simple        : 0/0  accuracy = 0.0%  (skipped 0)
  Multi-turn    : 0/0  accuracy = 0.0%  (skipped 0)
  Overall   : 0/0  accuracy = 0.0%
============================================================

  10q_scaling: 3/100  accuracy = 3.0%  (skipped 0)
Results saved to output_llm/10q/gemma-4-31B-it_scaling_20260809_193811.log
CSV saved to output_llm/eval_results_20260809_193811.csv
