Loading datasets...
  10-Q: 1000 questions, 50 entities

============================================================
  Evaluating model: google/gemma-4-31B-it
============================================================

-- 10q_useless_info evaluation (100 questions) --
  [9/100] CORRECT | truth=3672.0000 pred=3672.0 | A proposed debt exchange could change long-term liabilities ...
  [3/100] CORRECT | truth=10457.0000 pred=10457.0 | The audit committee has requested a 19-month internal review...
  [1/100] CORRECT | truth=7844.0000 pred=7844.0 | Someone may later tax the result by 24%. What is the total a...
  [10/100] CORRECT | truth=289.0000 pred=289.0 | Evaluate the average stock based compensation for FNB from N...
  [8/100] CORRECT | truth=521.0000 pred=521.0 | There are concerns the company could breach debt covenants i...
  [4/100] WRONG  | truth=21.0000 pred=18.9 | state the minimum of proceeds from maturities of securities ...
  [5/100] CORRECT | truth=35763.0000 pred=35763.0 | May you calculate the minimum of gross profit for PLX from N...
  [12/100] CORRECT | truth=2541.0000 pred=2541.0 | Management may change its inventory costing method in 1954. ...
  [2/100] CORRECT | truth=3560619.0000 pred=3560619.0 | Management may change its inventory costing method in 1922. ...
  [6/100] CORRECT | truth=2107.0000 pred=2107.0 | The company may release $43 million of trapped working capit...
  [18/100] CORRECT | truth=3098.0000 pred=3098.0 | Give the total liabilities for SCI in December 31, 2024. Sup...
  [11/100] CORRECT | truth=3106.5000 pred=3106.5 | Someone may later tax the result by 25%. Determine the avera...
  [13/100] CORRECT | truth=4389225.0000 pred=4389225.0 | A later calculation may subtract 43% from the final result. ...
  [15/100] CORRECT | truth=1742.0000 pred=1742.0 | what's the value of the free cash flow for CLD in Three Mont...
  [19/100] CORRECT | truth=8900.5000 pred=8900.5 | Give the average total costs and expenses for SKY from Three...
  [7/100] CORRECT | truth=15405.0000 pred=14018.55 | Someone may later tax the result by 9%. whats the value of t...
  [14/100] CORRECT | truth=1088.0000 pred=1088.0 | A future refinancing could change non-operating expenses by ...
  [17/100] CORRECT | truth=258.0000 pred=258.0 | Credit markets worry after pretax income swung by 14%. compu...
  [24/100] WRONG  | truth=760000.0000 pred=539600.0 | give the maximum of shares used basic for SUP from Three Mon...
  [23/100] CORRECT | truth=8325.0000 pred=8325.0 | May you calculate the income before taxes for PLX in Three M...
  [16/100] WRONG  | truth=242006.0000 pred=121003.0 | A later stress test may cut the final value in half. Evaluat...
  [27/100] CORRECT | truth=444251.5000 pred=444251.5 | A later calculation may subtract 26% from the final result. ...
  [26/100] WRONG  | truth=9759.0000 pred=5855.4 | Which quantity is given by the total current assets for MDI ...
  [28/100] CORRECT | truth=2138.0000 pred=2138.0 | A later scenario may double the final value. Which result fo...
  [25/100] CORRECT | truth=147.0000 pred=147.0 | We plan to later discount the result by 45%. which value cor...
  [22/100] CORRECT | truth=2178710.0000 pred=2178710.0 | A later calculation may subtract 39% from the final result. ...
  [20/100] WRONG  | truth=706.0000 pred=529.5 | A proposed discount factor may reduce the final number by 25...
  [21/100] CORRECT | truth=2787.0000 pred=2787.0 | Whats the value of the gross profit for CRZ in Three Months ...
  [29/100] CORRECT | truth=1521.0000 pred=1521.0 | what's the value of the total current liabilities for CIV in...
  [33/100] CORRECT | truth=6044.0000 pred=6044.0 | A later calculation may subtract 39% from the final result. ...
  [32/100] CORRECT | truth=23540.0000 pred=23086.0 | calculate the gross profit for MRT in Three Months Ended Apr...
  [38/100] CORRECT | truth=6504.0000 pred=6504.0 | Compute the total current liabilities for ZNX in July 31, 20...
  [30/100] CORRECT | truth=2370000.0000 pred=2370000.0 | Could you give the maximum of shares used basic for NVH from...
  [37/100] CORRECT | truth=5265923.0000 pred=5265923.0 | We plan to later discount the result by 30%. Which quantity ...
  [34/100] CORRECT | truth=622.0000 pred=622.0 | Could you give the average research and development for MTX ...
  [35/100] CORRECT | truth=32392.0000 pred=32392.0 | may you give the total current liabilities for PLZ in Decemb...
  [31/100] CORRECT | truth=46.0000 pred=43.24 | The result may later be adjusted downward by 6%. Determine t...
  [36/100] CORRECT | truth=6258.0000 pred=6258.0 | What does the following give: maximum of long term marketabl...
  [47/100] CORRECT | truth=1841.0000 pred=1841.0 | A proposed policy may cap reported profit growth at 34% next...
  [40/100] WRONG  | truth=460.0000 pred=409.4 | what is the maximum of provision for income taxes for BLD fr...
  [41/100] CORRECT | truth=1877.0000 pred=1877.0 | A later scenario may double the final value. What would be t...
  [45/100] CORRECT | truth=917.0000 pred=917.0 | what is the maximum of cash and cash equivalents for BLD fro...
  [42/100] CORRECT | truth=83582.0000 pred=83582.0 | A later calculation may subtract 28% from the final result. ...
  [39/100] CORRECT | truth=2150529.0000 pred=2150529.0 | The company may repurchase $17 million of shares next year. ...
  [43/100] CORRECT | truth=15232.0000 pred=15232.0 | State the free cash flow for TXN in Three Months Ended April...
  [44/100] CORRECT | truth=4663.0000 pred=4663.0 | What's the value of the free cash flow for CLR in Nine Month...
  [55/100] CORRECT | truth=6587.0000 pred=6587.0 | may you give the gross profit for PRD in Three Months Ended ...
  [46/100] WRONG  | truth=19108.0000 pred=12611.28 | Someone may later tax the result by 34%. Whats the value of ...
  [50/100] CORRECT | truth=439.5000 pred=439.5 | Determine the average other non current assets for WNG from ...
  [52/100] CORRECT | truth=372.0000 pred=372.0 | may you give the total current assets for PRF in December 31...
  [56/100] CORRECT | truth=11049.0000 pred=11049.0 | calculate the free cash flow for CAP in Nine Months Ended Oc...
  [53/100] CORRECT | truth=224.5000 pred=224.5 | A future rate shock could reduce investment income by 17%. e...
  [51/100] CORRECT | truth=13132.0000 pred=13132.0 | what is the average cost of sales for AST from Six Months En...
  [57/100] CORRECT | truth=77.0000 pred=77.0 | may you give the maximum of deferred revenue current for PRF...
  [54/100] CORRECT | truth=9857.0000 pred=9857.0 | what's the value of the maximum of cost of sales for CAP fro...
  [59/100] WRONG  | truth=222.0000 pred=162.06 | what is the average depreciation and amortization for AVX fr...
  [48/100] CORRECT | truth=2158.0000 pred=2158.0 | you should give the minimum of other non current assets for ...
  [60/100] CORRECT | truth=84.0000 pred=84.0 | The tax authority is reviewing reporting practices from 1949...
  [61/100] CORRECT | truth=5216.0000 pred=5216.0 | A future impairment charge could reduce reported assets by 4...
  [64/100] CORRECT | truth=65814.0000 pred=65814.0 | what is the value of the average total non current assets fo...
  [63/100] CORRECT | truth=46708.0000 pred=46708.0 | may you give the free cash flow for QRK in Six Months Ended ...
  [62/100] WRONG  | truth=5452.0000 pred=3216.68 | We plan to later discount the result by 41%. which result fo...
  [66/100] WRONG  | truth=7436.0000 pred=5353.92 | Calculate the total assets for MED in October 31, 2025 A lat...
  [68/100] CORRECT | truth=5466.0000 pred=5466.0 | Management may present adjusted earnings separately in a lat...
  [49/100] CORRECT | truth=43581.0000 pred=43581.0 | What is the value of the gross profit for CAP in Nine Months...
  [58/100] CORRECT | truth=2202.0000 pred=2202.0 | Someone may later tax the result by 14%. You should calculat...
  [65/100] CORRECT | truth=1469.0000 pred=1469.0 | A later scenario may double the final value. which quantity ...
  [71/100] CORRECT | truth=553.0000 pred=553.0 | Someone may later tax the result by 21%. Determine the maxim...
  [69/100] CORRECT | truth=1025.0000 pred=1025.0 | A later calculation may subtract 45% from the final result. ...
  [76/100] CORRECT | truth=418.0000 pred=418.0 | We plan to later discount the result by 10%. What's the valu...
  [70/100] WRONG  | truth=11486.0000 pred=7350.96 | The result may later be adjusted downward by 36%. Could you ...
  [74/100] WRONG  | truth=2203.0000 pred=1652.25 | The result may later be adjusted downward by 25%. provide th...
  [77/100] CORRECT | truth=61420.0000 pred=61420.0 | Someone may later tax the result by 25%. may you give the av...
  [73/100] CORRECT | truth=103.0000 pred=103.0 | What is the maximum of selling general and administrative fo...
  [78/100] CORRECT | truth=6032.0000 pred=6032.0 | State the income before taxes for TRU in Six Months Ended Ju...
  [80/100] CORRECT | truth=3357.5000 pred=3357.5 | The tax authority is reviewing reporting practices from 1920...
  [83/100] CORRECT | truth=7008.0000 pred=7008.0 | may you calculate the net income for PLX in Three Months End...
  [72/100] WRONG  | truth=1251.0000 pred=875.7 | A proposed discount factor may reduce the final number by 30...
  [67/100] CORRECT | truth=-1063.9864 pred=-1063.97 | Someone may later tax the result by 38%. what is the value o...
  [75/100] WRONG  | truth=-14082.0000 pred=-10843.14 | Someone may later tax the result by 23%. What do we obtain a...
  [79/100] CORRECT | truth=88897.0000 pred=88897.0 | A restructuring plan could lower operating expenses by 43%, ...
  [82/100] CORRECT | truth=1776.5000 pred=1776.5 | A future supplier discount could improve gross profit by $27...
  [81/100] CORRECT | truth=529.0000 pred=529.0 | which value corresponds to the free cash flow for HRZ in Thr...
  [84/100] CORRECT | truth=18909.0000 pred=18909.0 | A later calculation may subtract 8% from the final result. E...
  [87/100] CORRECT | truth=352.0000 pred=352.0 | what do we obtain as the average proceeds from maturities of...
  [85/100] CORRECT | truth=2348.0000 pred=2348.0 | May you give the minimum of total non current assets for SCI...
  [86/100] WRONG  | truth=14319.0000 pred=12314.46 | Someone may later tax the result by 14%. What do we obtain a...
  [92/100] CORRECT | truth=12049.0000 pred=12049.0 | state the gross profit for VRX in Three Months Ended July 31...
  [89/100] WRONG  | truth=976.0000 pred=829.6 | You should give the total liabilities for AVX in December 31...
  [93/100] CORRECT | truth=309.5000 pred=309.5 | A later stress test may cut the final value in half. State t...
  [94/100] CORRECT | truth=5386.0000 pred=5386.0 | what does the following give: average current portion of lon...
  [95/100] CORRECT | truth=704.0000 pred=704.0 | Management may present adjusted earnings separately in a lat...
  [90/100] CORRECT | truth=4696.0000 pred=4696.0 | Which quantity is given by the minimum of cash and cash equi...
  [91/100] CORRECT | truth=11977.0000 pred=11977.0 | Determine the minimum of cost of sales for WHL from Three Mo...
  [88/100] CORRECT | truth=17768.0000 pred=17768.0 | what does the following give: minimum of operating income fo...
  [99/100] CORRECT | truth=1027.5000 pred=1027.5 | could you give the average other non current liabilities for...
  [98/100] WRONG  | truth=-123921.7692 pred=18.3268 | Give the result of free cash flow scaled by ratio of cost of...
  [97/100] CORRECT | truth=26885.0000 pred=26885.0 | A future regulation may change the applicable tax rate by 38...
  [100/100] CORRECT | truth=6310000.0000 pred=5868300.0 | What is the minimum of shares used diluted for AST from Thre...
  [96/100] WRONG  | truth=562.0000 pred=365.3 | Calculate the sum of retained earnings and total current lia...

============================================================
  Model: google/gemma-4-31B-it
============================================================
  10-Q          : 0/0  accuracy = 0.0%  (skipped 0)
  Simple        : 0/0  accuracy = 0.0%  (skipped 0)
  Multi-turn    : 0/0  accuracy = 0.0%  (skipped 0)
  Overall   : 0/0  accuracy = 0.0%
============================================================

  10q_useless_info: 82/100  accuracy = 82.0%  (skipped 0)
Results saved to output_llm/10q/gemma-4-31B-it_useless_info_20260809_194535.log
CSV saved to output_llm/eval_results_20260809_194535.csv
