<===== START liquid_lfm_2_5_8b_mixed_depth_1_5_multiturn_90q | provider=Togehter | model=LiquidAI/LFM2.5-8B-A1B | dataset=multiturn-90q | limit=250 =====>
Traceback (most recent call last):
  File "<frozen runpy>", line 198, in _run_module_as_main
  File "<frozen runpy>", line 88, in _run_code
  File "", line 915, in <module>
    main()
    ~~~~^^
  File "", line 863, in main
    results_mt = asyncio.run(evaluate_multiturn(
        questions_mt, sheet_lookup_mt, model_name,
        limit=args.limit, tol=args.tol, max_new_tokens=args.max_new_tokens,
    ))
  File "/Library/Frameworks/Python.framework/Versions/3.14/lib/python3.14/asyncio/runners.py", line 204, in run
    return runner.run(main)
           ~~~~~~~~~~^^^^^^
  File "/Library/Frameworks/Python.framework/Versions/3.14/lib/python3.14/asyncio/runners.py", line 127, in run
    return self._loop.run_until_complete(task)
           ~~~~~~~~~~~~~~~~~~~~~~~~~~~~~^^^^^^
  File "/Library/Frameworks/Python.framework/Versions/3.14/lib/python3.14/asyncio/base_events.py", line 719, in run_until_complete
    return future.result()
           ~~~~~~~~~~~~~^^
  File "", line 527, in evaluate_multiturn
    response = await run_multiturn_inference(model_name, history, max_new_tokens)
               ^^^^^^^^^^^^^^^^^^^^^^^^^^^^^^^^^^^^^^^^^^^^^^^^^^^^^^^^^^^^^^^^^^
  File "", line 286, in run_multiturn_inference
    response = await _client.chat.completions.create(
               ^^^^^^^^^^^^^^^^^^^^^^^^^^^^^^^^^^^^^^
    ...<4 lines>...
    )
    ^
  File ".venv/lib/python3.14/site-packages/fireworks/resources/chat/completions.py", line 3155, in create
    return await self._post(
           ^^^^^^^^^^^^^^^^^
    ...<62 lines>...
    )
    ^
  File ".venv/lib/python3.14/site-packages/fireworks/_base_client.py", line 1885, in post
    return await self.request(cast_to, opts, stream=stream, stream_cls=stream_cls)
           ^^^^^^^^^^^^^^^^^^^^^^^^^^^^^^^^^^^^^^^^^^^^^^^^^^^^^^^^^^^^^^^^^^^^^^^
  File ".venv/lib/python3.14/site-packages/fireworks/_base_client.py", line 1684, in request
    raise self._make_status_error_from_response(err.response) from None
fireworks.NotFoundError: Error code: 404 - {'error': {'message': 'Model not found, inaccessible, and/or not deployed', 'param': 'model', 'code': 'NOT_FOUND', 'type': 'error'}, 'request_id': 'chatcmpl-56dc0d25ba264a509c758d252a553db8'}
90Q are Sheet: /output/financial_spreadsheet.json
90Q are Questions: /output/original_questions.json
Loading datasets...
  Generating multi-turn chains from 250 90q questions...
  Generated 250 MT questions (250 multi-turn) → output_llm/mt_from_90q_20260809_014655.json

============================================================
  Evaluating model: LiquidAI/LFM2.5-8B-A1B
============================================================

-- Multi-turn evaluation (250 questions) --
<===== END liquid_lfm_2_5_8b_mixed_depth_1_5_multiturn_90q =====>
<===== START liquid_lfm_2_5_8b_mixed_depth_1_5_multiturn_90q | provider=Togehter | model=LiquidAI/LFM2.5-8B-A1B | dataset=multiturn-90q | limit=250 =====>
Traceback (most recent call last):
  File "<frozen runpy>", line 198, in _run_module_as_main
  File "<frozen runpy>", line 88, in _run_code
  File "", line 915, in <module>
    main()
    ~~~~^^
  File "", line 863, in main
    results_mt = asyncio.run(evaluate_multiturn(
        questions_mt, sheet_lookup_mt, model_name,
        limit=args.limit, tol=args.tol, max_new_tokens=args.max_new_tokens,
    ))
  File "/Library/Frameworks/Python.framework/Versions/3.14/lib/python3.14/asyncio/runners.py", line 204, in run
    return runner.run(main)
           ~~~~~~~~~~^^^^^^
  File "/Library/Frameworks/Python.framework/Versions/3.14/lib/python3.14/asyncio/runners.py", line 127, in run
    return self._loop.run_until_complete(task)
           ~~~~~~~~~~~~~~~~~~~~~~~~~~~~~^^^^^^
  File "/Library/Frameworks/Python.framework/Versions/3.14/lib/python3.14/asyncio/base_events.py", line 719, in run_until_complete
    return future.result()
           ~~~~~~~~~~~~~^^
  File "", line 527, in evaluate_multiturn
    response = await run_multiturn_inference(model_name, history, max_new_tokens)
               ^^^^^^^^^^^^^^^^^^^^^^^^^^^^^^^^^^^^^^^^^^^^^^^^^^^^^^^^^^^^^^^^^^
  File "", line 286, in run_multiturn_inference
    response = await _client.chat.completions.create(
               ^^^^^^^^^^^^^^^^^^^^^^^^^^^^^^^^^^^^^^
    ...<4 lines>...
    )
    ^
  File ".venv/lib/python3.14/site-packages/fireworks/resources/chat/completions.py", line 3155, in create
    return await self._post(
           ^^^^^^^^^^^^^^^^^
    ...<62 lines>...
    )
    ^
  File ".venv/lib/python3.14/site-packages/fireworks/_base_client.py", line 1885, in post
    return await self.request(cast_to, opts, stream=stream, stream_cls=stream_cls)
           ^^^^^^^^^^^^^^^^^^^^^^^^^^^^^^^^^^^^^^^^^^^^^^^^^^^^^^^^^^^^^^^^^^^^^^^
  File ".venv/lib/python3.14/site-packages/fireworks/_base_client.py", line 1684, in request
    raise self._make_status_error_from_response(err.response) from None
fireworks.NotFoundError: Error code: 404 - {'error': {'message': 'Model not found, inaccessible, and/or not deployed', 'param': 'model', 'code': 'NOT_FOUND', 'type': 'error'}, 'request_id': 'chatcmpl-6694ce9792384692acb115681d31aa76'}
90Q are Sheet: /output/financial_spreadsheet.json
90Q are Questions: /output/original_questions.json
Loading datasets...
  Generating multi-turn chains from 250 90q questions...
  Generated 250 MT questions (247 multi-turn) → output_llm/mt_from_90q_20260809_134351.json

============================================================
  Evaluating model: LiquidAI/LFM2.5-8B-A1B
============================================================

-- Multi-turn evaluation (250 questions) --
<===== END liquid_lfm_2_5_8b_mixed_depth_1_5_multiturn_90q =====>
