Checking model path...
Starting pipeline: Wed Jun 17 05:33:12 AM CEST 2026
Model: gemma-4-E4B-it
GPU: 0
Wed Jun 17 05:33:12 2026       
+-----------------------------------------------------------------------------------------+
| NVIDIA-SMI 580.159.04             Driver Version: 580.159.04     CUDA Version: 13.0     |
+-----------------------------------------+------------------------+----------------------+
| GPU  Name                 Persistence-M | Bus-Id          Disp.A | Volatile Uncorr. ECC |
| Fan  Temp   Perf          Pwr:Usage/Cap |           Memory-Usage | GPU-Util  Compute M. |
|                                         |                        |               MIG M. |
|=========================================+========================+======================|
|   0  NVIDIA TITAN RTX               On  |   00000000:A1:00.0 Off |                  N/A |
| 41%   38C    P8             21W /  280W |       1MiB /  24576MiB |      0%      Default |
|                                         |                        |                  N/A |
+-----------------------------------------+------------------------+----------------------+

+-----------------------------------------------------------------------------------------+
| Processes:                                                                              |
|  GPU   GI   CI              PID   Type   Process name                        GPU Memory |
|        ID   ID                                                               Usage      |
|=========================================================================================|
|  No running processes found                                                             |
+-----------------------------------------------------------------------------------------+
[INFO]  CUDA GPU detected - using 4-bit quantisation.
trainable params: 21,233,664 || all params: 4,226,984,960 || trainable%: 0.5023
[INFO]  --limit 20: using 20 examples (smoke test mode)
[INFO]  Training set: 20 examples | depth dist: {0: 5, 1: 4, 2: 2, 3: 5, 4: 3, 5: 1}
{'train_runtime': '182', 'train_samples_per_second': '0.11', 'train_steps_per_second': '0.011', 'train_loss': '3.463', 'entropy': '1.26', 'num_tokens': '3.475e+04', 'mean_token_accuracy': '0.4235', 'epoch': '1'}
[INFO]  Adapters saved to /cluster/scratch/arakhmasari/lora-checkpoints/adapters
Done: Wed Jun 17 05:36:53 AM CEST 2026
