Checking model path...
Starting pipeline: Thu Jun 18 06:03:08 AM CEST 2026
Model: gemma-4-E4B-it
GPU: 0
Thu Jun 18 06:03:08 2026       
+-----------------------------------------------------------------------------------------+
| NVIDIA-SMI 580.159.04             Driver Version: 580.159.04     CUDA Version: 13.0     |
+-----------------------------------------+------------------------+----------------------+
| GPU  Name                 Persistence-M | Bus-Id          Disp.A | Volatile Uncorr. ECC |
| Fan  Temp   Perf          Pwr:Usage/Cap |           Memory-Usage | GPU-Util  Compute M. |
|                                         |                        |               MIG M. |
|=========================================+========================+======================|
|   0  Quadro RTX 6000                On  |   00000000:A1:00.0 Off |                  Off |
| 33%   33C    P8             12W /  260W |       1MiB /  24576MiB |      0%      Default |
|                                         |                        |                  N/A |
+-----------------------------------------+------------------------+----------------------+

+-----------------------------------------------------------------------------------------+
| Processes:                                                                              |
|  GPU   GI   CI              PID   Type   Process name                        GPU Memory |
|        ID   ID                                                               Usage      |
|=========================================================================================|
|  No running processes found                                                             |
+-----------------------------------------------------------------------------------------+
[INFO]  CUDA GPU detected - using 4-bit quantisation.
[INFO]  --limit 20: using 20 examples (smoke test mode)
[INFO]  Pool: 20 examples | depth dist: {0: 1, 1: 9, 2: 2, 3: 4, 4: 2, 6: 1, 7: 1}

[PHASE 1] Generating CoT traces from base model ...
  [1/20] depth=1 KEEP | truth=85599.0 pred=85599.0
         Q: what does the following give: the minimum of operating expenses for CRPH using v
         R: Operating expenses for 2022: 85599; Operating expenses for 2023: 98272. Minimum of 85599 and 98272 is 85599.
Answer: 85599

  [2/20] depth=3 SKIP | truth=-782.0 pred=1218.0
         Q: determine the pretax income for PNHG in 2020
         R: Pretax Income = Revenue - Cost of Goods Sold - Operating Expenses - Non-operating Expenses.
Calculation: 15631 - 11723 - 1876 - 2814 = 1218.
Answer: 1218

  [3/20] depth=2 KEEP | truth=20286.0 pred=20286.0
         Q: may you calculate the the minimum of current liabilities for NVST using values f
         R: Current liabilities for 2020: 20286; 2021: 30234; 2022: 37004.
Minimum value is 20286.
Answer: 20286

  [4/20] depth=1 KEEP | truth=3681.1436759660687 pred=3681.11
         Q: What is the result of current liabilities scaled by income tax for APEX in 2024
         R: Current liabilities for APEX in 2024 are 25828. Income tax rate is 0.14252530881082812. Calculation: 25828 * 0.14252530881082812 = 3681.11.
Answer: 3681.11

  [5/20] depth=1 KEEP | truth=-266175.0 pred=-266175.0
         Q: may you calculate the difference between dividends paid and total assets for NVS
         R: In 2024, dividends paid is 5642 and total assets is 271817.
Difference = 5642 - 271817 = -266175.
Answer: -266175

  [6/20] depth=1 KEEP | truth=-7589.0 pred=-7589.0
         Q: State the difference between accounts receivable and cost of goods sold for PNHG
         R: Accounts Receivable (2021) = 1076
Cost of Goods Sold (2021) = 8665
Difference = 1076 - 8665 = -7589
Answer: -7589

  [7/20] depth=6 SKIP | truth=-53784.29110414865 pred=-1.44815
         Q: Compute the result of difference between inventories and longterm liabilities sc
         R: 2022 Data: Inventories=5002, Long-term Liabilities=Total Liabilities(124280) - Current Liabilities(50369)=73911, Operating Income=Revenue(84608)-COGS(35311)-OpEx(15563)=33734, Dividends=4613, Income Tax=0.15312290250627075, Current Assets=Cash(24174)+AR(11245)+Inv(5002)+STInv(2093)=42514.
Ratio1 = 3

  [8/20] depth=2 KEEP | truth=129984.0 pred=130000.0
         Q: Evaluate the operating income for TICB in 2025
         R: Operating Income = Revenue - Cost of Goods Sold - Operating Expenses.
For 2025: 552,586 - 320,376 - 102,226 = 130,000.
Answer: 130000

  [9/20] depth=3 KEEP | truth=36239.0 pred=36239.0
         Q: What's the value of the pretax income for ATGL in 2023 ?
         R: Pretax Income = Revenue - Cost of Goods Sold - Operating Expenses - Non-operating Expenses.
For 2023: 89374 - 32958 - 8293 - 11884 = 36239.
Answer: 36239

  [10/20] depth=1 KEEP | truth=12144.0 pred=12144.0
         Q: give the the maximum of accounts receivable for ORFG using values from 2024 thro
         R: Accounts Receivable 2024: 12144
Accounts Receivable 2025: 5376
Maximum(12144, 5376) = 12144
Answer: 12144

  [11/20] depth=4 KEEP | truth=65249.0 pred=65249.0
         Q: What does the following give: the minimum of current liabilities for CRPH using 
         R: 2021: 65249, 2022: 122414, 2023: 127801, 2024: 82551, 2025: 213345. Minimum is 65249.
Answer: 65249

  [12/20] depth=1 KEEP | truth=3456.0 pred=3456.0
         Q: state the the maximum of operating expenses for PNHG using values from 2024 thro
         R: Operating expenses for 2024 are 1168 and for 2025 are 3456. The maximum value between these two is 3456.
Answer: 3456

  [13/20] depth=3 KEEP | truth=29918.0 pred=29918.0
         Q: what is the pretax income for APEX in 2020?
         R: To calculate pretax income, we first determine Net Income and then add back Income Tax.
Net Income = Revenue - Cost of Goods Sold - Operating Expenses - Non-operating Expenses - Income Tax.
Revenue (2020) = 67781, COGS = 27804, OpEx = 5281, Non-OpEx = 4778.
Operating Income = 67781 - 27804 - 5281 =

  [14/20] depth=0 KEEP | truth=19203.0 pred=19203.0
         Q: state the revenue for PNHG in 2023 .
         R: 2023 revenue data is directly listed in the provided dataset.
Answer: 19203

  [15/20] depth=7 SKIP | truth=-18527.662039045557 pred=41162.63
         Q: determine the result of ratio of sum of sum of sum of sum of sum of total liabil
         R: Sum of total liabilities (2020-2025) = 48679 + 20731 + 124280 + 47727 + 62367 + 44720 = 336404.
Ratio = 336404 / 6.0 = 56067.3333.
Growth factor = Capex(2025) / Capex(2020) = 4610 / 6279 = 0.7342.
Result = 56067.3333 * 0.7342 = 41162.63.
Answer: 41162.63

  [16/20] depth=4 KEEP | truth=66789.0 pred=66789.0
         Q: You should calculate the the maximum of total equity for APEX using values from 
         R: Total Equity values: 2020 (24537), 2021 (42013), 2022 (66789), 2023 (58314), 2024 (24969). Maximum is 66789.
Answer: 66789

  [17/20] depth=1 KEEP | truth=-321417.0 pred=-321417.0
         Q: What does the following give: difference between non operating expenses and tota
         R: Non-operating expenses in 2020: 60056
Total equity in 2020: 381473
Calculation: 60056 - 381473 = -321417
Answer: -321417

  [18/20] depth=1 KEEP | truth=8680.0 pred=8680.0
         Q: compute the sum of inventories and inventories for QBHD in 2021.
         R: In 2021, QBHD's inventories are 4340. The question asks for the sum of "inventories and inventories," which implies adding the value to itself (4340 + 4340).
Calculation: 4340 + 4340 = 8680.
Answer: 8680

  [19/20] depth=3 SKIP | truth=55302.5 pred=636.5
         Q: Which value corresponds to the sum of ratio of sum of operating expenses for HLX
         R: 2023 Operating Expenses = 27838; 2024 Operating Expenses = 28101; Sum = 55939.
Ratio = 55939 / 2.0 = 27969.5.
Current Liabilities 2024 = 27333.
Result = 27969.5 - 27333 = 636.5.
Answer: 636.5

  [20/20] depth=1 KEEP | truth=4121.0 pred=4121.0
         Q: state the longterm liabilities for PNHG in 2022 .
         R: Total liabilities in 2022 are 7666. Current liabilities are 3545. Long-term liabilities = Total liabilities - Current liabilities = 7666 - 3545 = 4121.
Answer: 4121

  [20/20]  kept=16  skipped=4  (80% pass rate so far)

[PHASE 1] Done: 16/20 kept (80%)
[PHASE 1] Depth dist of kept CoT examples: {0: 1, 1: 9, 2: 2, 3: 2, 4: 2}

[PHASE 2] Applying LoRA adapters ...
trainable params: 21,233,664 || all params: 4,226,984,960 || trainable%: 0.5023

[PHASE 4] Training ...
{'train_runtime': '161.7', 'train_samples_per_second': '0.099', 'train_steps_per_second': '0.006', 'train_loss': '3.303', 'entropy': '1.202', 'num_tokens': '2.866e+04', 'mean_token_accuracy': '0.452', 'epoch': '1'}
[INFO]  CoT adapters saved to /cluster/scratch/arakhmasari/lora-cot-checkpoints/adapters
Done: Thu Jun 18 06:09:38 AM CEST 2026
