Traceback (most recent call last):
  File "/cluster/home/arakhmasari/.local/lib/python3.13/site-packages/transformers/models/auto/configuration_auto.py", line 1034, in from_pretrained
    config_class = CONFIG_MAPPING[config_dict["model_type"]]
                   ~~~~~~~~~~~~~~^^^^^^^^^^^^^^^^^^^^^^^^^^^
  File "/cluster/home/arakhmasari/.local/lib/python3.13/site-packages/transformers/models/auto/configuration_auto.py", line 736, in __getitem__
    raise KeyError(key)
KeyError: 'qwen3_5'

During handling of the above exception, another exception occurred:

Traceback (most recent call last):
  File "/cluster/home/arakhmasari/ML-in-Finance-and-Complex-System/run_llm_eval.py", line 472, in <module>
    main()
    ~~~~^^
  File "/cluster/home/arakhmasari/ML-in-Finance-and-Complex-System/run_llm_eval.py", line 417, in main
    tokenizer, model = load_model(model_name)
                       ~~~~~~~~~~^^^^^^^^^^^^
  File "/cluster/home/arakhmasari/ML-in-Finance-and-Complex-System/run_llm_eval.py", line 161, in load_model
    model = AutoModelForCausalLM.from_pretrained(
        model_path,
    ...<2 lines>...
        trust_remote_code=True,
    )
  File "/cluster/home/arakhmasari/.local/lib/python3.13/site-packages/transformers/models/auto/auto_factory.py", line 526, in from_pretrained
    config, kwargs = AutoConfig.from_pretrained(
                     ~~~~~~~~~~~~~~~~~~~~~~~~~~^
        pretrained_model_name_or_path,
        ^^^^^^^^^^^^^^^^^^^^^^^^^^^^^^
    ...<5 lines>...
        **kwargs,
        ^^^^^^^^^
    )
    ^
  File "/cluster/home/arakhmasari/.local/lib/python3.13/site-packages/transformers/models/auto/configuration_auto.py", line 1036, in from_pretrained
    raise ValueError(
    ...<3 lines>...
    )
ValueError: The checkpoint you are trying to load has model type `qwen3_5` but Transformers does not recognize this architecture. This could be because of an issue with the checkpoint, or because your version of Transformers is out of date.
