Checking model path...
chat_template.jinja
config.json
generation_config.json
model.safetensors
processor_config.json
README.md
tokenizer_config.json
tokenizer.json
Starting pipeline: Mon Apr 13 09:36:46 AM CEST 2026
Model: gemma-4-E4B-it
GPU: 0
Mon Apr 13 09:36:46 2026       
+-----------------------------------------------------------------------------------------+
| NVIDIA-SMI 580.126.20             Driver Version: 580.126.20     CUDA Version: 13.0     |
+-----------------------------------------+------------------------+----------------------+
| GPU  Name                 Persistence-M | Bus-Id          Disp.A | Volatile Uncorr. ECC |
| Fan  Temp   Perf          Pwr:Usage/Cap |           Memory-Usage | GPU-Util  Compute M. |
|                                         |                        |               MIG M. |
|=========================================+========================+======================|
|   0  NVIDIA A100-PCIE-40GB          On  |   00000000:89:00.0 Off |                    0 |
| N/A   31C    P0             31W /  250W |       0MiB /  40960MiB |      0%      Default |
|                                         |                        |             Disabled |
+-----------------------------------------+------------------------+----------------------+

+-----------------------------------------------------------------------------------------+
| Processes:                                                                              |
|  GPU   GI   CI              PID   Type   Process name                        GPU Memory |
|        ID   ID                                                               Usage      |
|=========================================================================================|
|  No running processes found                                                             |
+-----------------------------------------------------------------------------------------+
Loading datasets...
  10-Q: 497 questions, 15 companies
  90-Q: 90 questions, 15 companies

============================================================
  Evaluating model: gemma-4-E4B-it
============================================================
  Loading tokenizer from /cluster/scratch/arakhmasari/models/gemma-4-E4B-it ...
  Loading model from /cluster/scratch/arakhmasari/models/gemma-4-E4B-it ...
  Model loaded on cuda.

-- 10-Q evaluation (90 questions) --
  [1/90] CORRECT | truth=4375514.0 pred=4375514.0 | What was the basic shares used in computing EPS reported by ...
  [2/90] WRONG  | truth=0.0506 pred=9300.0 | For Zion Corp, what is the result of the following computati...
  [3/90] WRONG  | truth=-0.0039 pred=0.2541761518125996 | For Nova Holdings, what is the result of the following compu...
  [4/90] WRONG  | truth=-0.0387 pred=1.01 | What is the ratio of cf fx effect (for the year-to-date peri...
  [5/90] CORRECT | truth=310119.0 pred=310119.0 | What was the cost of sales reported by Nova Enterprises for ...
  [6/90] WRONG  | truth=-1367205.0 pred=3731260.0 | What is the product of accumulated other comprehensive incom...
  [7/90] WRONG  | truth=True pred=None | Is share repurchases greater than or equal to capital expend...
  [8/90] CORRECT | truth=1962260988.0 pred=1962618918.0 | What is the product of net income (for the quarter ended Oct...
  [9/90] CORRECT | truth=False pred=False | Is change in unrealized gains/losses on securities strictly ...
  [10/90] WRONG  | truth=-115754.0 pred=751.0 | What is the difference between research and development expe...
  [11/90] WRONG  | truth=-0.2159 pred=-7520.0 | For Apex Technologies, what is the result of the following c...
  [12/90] CORRECT | truth=0.0569 pred=0.0566 | What is the ratio of operating income (for the quarter ended...
  [13/90] WRONG  | truth=0.0 pred=0.001704779888893136 | For Peak Systems, what is the result of the following comput...
  [14/90] CORRECT | truth=67307.0 pred=67307.0 | What was the total current liabilities reported by Plex Tech...
  [15/90] WRONG  | truth=0.3333 pred=23352.0 | What is the ratio of operating income (for the quarter ended...
  [16/90] CORRECT | truth=-0.0 pred=7.68e-07 | For Vex Industries, what is the result of the following comp...
  [17/90] CORRECT | truth=-132567.0 pred=-132567.0 | What is the difference between deferred revenue and total as...
  [18/90] WRONG  | truth=51912.0 pred=8369.0 | What is the sum of cost of sales and research and developmen...
  [19/90] CORRECT | truth=False pred=False | Is capital expenditures strictly greater than research and d...
  [20/90] WRONG  | truth=95.2375 pred=80.0 | For Trek Holdings, what is the result of the following compu...
  [21/90] WRONG  | truth=1650.0 pred=1.0 | For Peak Systems, what is the result of the following comput...
  [22/90] WRONG  | truth=237889500.0 pred=1226667000.0 | What is the product of total revenues (for the quarter ended...
  [23/90] WRONG  | truth=0.1743 pred=103373.0 | What is the ratio of inventories (as of Oct 31 2025) to cost...
  [24/90] CORRECT | truth=True pred=True | Is prepaid expenses and other less than or equal to accounts...
  [25/90] CORRECT | truth=False pred=False | Is gross profit less than or equal to cash at end of period ...
  [26/90] WRONG  | truth=6706.0 pred=2152.0 | What is the sum of research and development expense and tota...
  [27/90] CORRECT | truth=0.3243 pred=0.325147381188789 | What is the ratio of total comprehensive income (for the yea...
  [28/90] WRONG  | truth=-0.0515 pred=14770.0 | For Nova Solutions, what is the result of the following comp...
  [29/90] WRONG  | truth=True pred=None | Is share repurchases less than or equal to net income for No...
  [30/90] CORRECT | truth=12062.0 pred=12062.0 | What is the sum of gross profit and net income for Zion Solu...
  [31/90] WRONG  | truth=176.9324 pred=1006.0 | For Zion Corp, what is the result of the following computati...
  [32/90] WRONG  | truth=15.243 pred=5.421518918888889 | For Alto Inc, what is the result of the following computatio...
  [33/90] WRONG  | truth=-0.023 pred=0.0 | What is the ratio of total other comprehensive income/(loss)...
  [34/90] WRONG  | truth=0.0002 pred=13505.0 | For Apex Technologies, what is the result of the following c...
  [35/90] WRONG  | truth=1.417 pred=14467.0 | For Crest Systems, what is the result of the following compu...
  [36/90] WRONG  | truth=7786565028.0 pred=67784888.94 | What is the product of net income and net sales for Volt Inc...
  [37/90] WRONG  | truth=14709120.0 pred=3912.0 | What is the product of cash and cash equivalents and goodwil...
  [38/90] WRONG  | truth=-0.3236 pred=0.02676233769 | For Zion Solutions, what is the result of the following comp...
  [39/90] WRONG  | truth=0.1047 pred=16.3 | What is the ratio of research and development expense to net...
  [40/90] WRONG  | truth=154.5716 pred=216.9 | What is the ratio of cost of sales (for the year-to-date per...
  [41/90] WRONG  | truth=0.0062 pred=0.0267 | What is the ratio of change in unrealized gains/losses on se...
  [42/90] WRONG  | truth=4767000.0 pred=1.92 | What was the diluted shares used in computing EPS reported b...
  [43/90] CORRECT | truth=9205208898.0 pred=9188888858.0 | What is the product of total revenues (for the quarter ended...
  [44/90] CORRECT | truth=3838.0 pred=3838.0 | What was the deferred revenue reported by Peak Systems as of...
  [45/90] CORRECT | truth=67998.0 pred=68000.0 | What is the difference between total assets and prepaid expe...
  [46/90] WRONG  | truth=-3.6778 pred=-1.54361191803815 | For Vex Industries, what is the result of the following comp...
  [47/90] WRONG  | truth=11.3811 pred=1.014 | What is the ratio of total costs and expenses (for the year-...
  [48/90] WRONG  | truth=22495.0 pred=7491.0 | What was the total comprehensive income reported by Nova Sol...
  [49/90] CORRECT | truth=False pred=False | Is total costs and expenses less than or equal to provision ...
  [50/90] CORRECT | truth=6437.0 pred=6437.0 | What was the cash and cash equivalents reported by Nova Ente...
  [51/90] CORRECT | truth=14362032.0 pred=14398832.0 | What is the product of net income (for the quarter ended Oct...
  [52/90] WRONG  | truth=False pred=True | Is income before taxes less than or equal to net cash from i...
  [53/90] CORRECT | truth=0.0724 pred=0.07311688888888888 | For Peak Systems, what is the result of the following comput...
  [54/90] CORRECT | truth=True pred=True | Is other income/(expense), net strictly less than cf fx effe...
  [55/90] WRONG  | truth=-0.0001 pred=0.000112588858885 | For Vex Industries, what is the result of the following comp...
  [56/90] CORRECT | truth=0.0 pred=3.946118146599794e-07 | For Mira Systems, what is the result of the following comput...
  [57/90] CORRECT | truth=14124.0 pred=14124.0 | What was the net income reported by Vex Industries for the y...
  [58/90] WRONG  | truth=0.0003 pred=1.29 | For Plex Technologies, what is the result of the following c...
  [59/90] CORRECT | truth=False pred=False | Is net sales strictly less than income before taxes for Apex...
  [60/90] WRONG  | truth=8539.8367 pred=1710.2040816326535 | What is the ratio of total costs and expenses to basic earni...
  [61/90] CORRECT | truth=1627335885.0 pred=1631899385.0 | What is the product of total revenues (for the year-to-date ...
  [62/90] CORRECT | truth=True pred=True | Is provision for income taxes strictly greater than net cash...
  [63/90] WRONG  | truth=0.0 pred=0.00012088666 | For Nova Enterprises, what is the result of the following co...
  [64/90] WRONG  | truth=13709.0781 pred=15978.888888888889 | For Mira Systems, what is the result of the following comput...
  [65/90] WRONG  | truth=0.0005 pred=0.001294416666666667 | For Vex Industries, what is the result of the following comp...
  [66/90] WRONG  | truth=False pred=True | Is deferred revenue strictly less than accrued expenses and ...
  [67/90] WRONG  | truth=7.4571 pred=8.449 | What is the ratio of total current liabilities to other non-...
  [68/90] WRONG  | truth=0.1278 pred=0.0360679 | What is the ratio of other non-current liabilities (as of Oc...
  [69/90] WRONG  | truth=0.0 pred=4.66876876876877e-06 | For Mira Systems, what is the result of the following comput...
  [70/90] WRONG  | truth=0.0 pred=3.28 | For Zion Corp, what is the result of the following computati...
  [71/90] WRONG  | truth=1708.0 pred=270.0 | What is the difference between total shareholders equity and...
  [72/90] CORRECT | truth=65250.0 pred=65250.0 | What is the difference between net sales and income before t...
  [73/90] CORRECT | truth=6456.0 pred=6456.0 | What was the short-term investments reported by Plex Technol...
  [74/90] WRONG  | truth=0.0001 pred=0.00012887666666666666 | For Plex Technologies, what is the result of the following c...
  [75/90] CORRECT | truth=430.0 pred=430.0 | What was the research and development expense reported by Pl...
  [76/90] WRONG  | truth=True pred=False | Is other income/(expense), net less than or equal to share r...
  [77/90] WRONG  | truth=135.0 pred=-612.0 | What was the total other comprehensive income/(loss) reporte...
  [78/90] WRONG  | truth=0.0 pred=4.435e-05 | What is the ratio of diluted earnings per share (for the qua...
  [79/90] WRONG  | truth=2.4476 pred=4.901683773759972 | For Trek Holdings, what is the result of the following compu...
  [80/90] WRONG  | truth=True pred=False | Is total other comprehensive income/(loss) strictly less tha...
  [81/90] CORRECT | truth=False pred=False | Is total comprehensive income less than or equal to membersh...
  [82/90] WRONG  | truth=0.0042 pred=27444.0 | What is the ratio of change in unrealized gains/losses on se...
  [83/90] WRONG  | truth=1.8162 pred=2.327878787878788 | What is the ratio of total liabilities to total current liab...
  [84/90] WRONG  | truth=0.012 pred=12455.0 | What is the ratio of change in foreign currency translation ...
  [85/90] CORRECT | truth=True pred=True | Is total current assets strictly greater than short-term inv...
  [86/90] WRONG  | truth=18875920.0 pred=3960.0 | What is the product of net change in cash (for the year-to-d...
  [87/90] CORRECT | truth=False pred=False | Is net income less than or equal to other income/(expense), ...
  [88/90] WRONG  | truth=-2747.0 pred=39.0 | What is the difference between change in unrealized gains/lo...
  [89/90] WRONG  | truth=332.6615 pred=21078.0 | For Nova Solutions, what is the result of the following comp...
  [90/90] CORRECT | truth=248979.0 pred=248979.0 | What is the sum of net income and total costs and expenses f...

-- 90-Q evaluation (90 questions) --
  [1/90] WRONG  | truth=13728.1633 pred=-15772.866181111112 | What is the difference between gross profit for Helix BioSci...
  [2/90] CORRECT | truth=442481.0000 pred=442481.0 | What is total assets for Crimson Pharmaceuticals in 2022?...
  [3/90] WRONG  | truth=-15341.0891 pred=11186.8 | What is the maximum of current liabilities for Orion Financi...
  [4/90] CORRECT | truth=37323.0000 pred=37323.0 | What is longterm liabilities for Pacific Crest Energy in 202...
  [5/90] CORRECT | truth=23748.0000 pred=23748.0 | What is accounts receivable for Ironclad Manufacturing in 20...
  [6/90] WRONG  | truth=22505.0000 pred=0.0 | What is the maximum of longterm liabilities for Orion Financ...
  [7/90] WRONG  | truth=6632.0212 pred=0.002536 | What is the average of short term investments for Titan Cons...
  [8/90] CORRECT | truth=8595.0000 pred=8595.0 | What is the minimum of operating expenses for Meridian Syste...
  [9/90] WRONG  | truth=80626.0000 pred=70626.0 | What is operating income for NovaStar Technologies in 2024?...
  [10/90] WRONG  | truth=163671.0000 pred=104036.0 | What is longterm assets for Orion Financial Group in 2024?...
  [11/90] CORRECT | truth=12144.0000 pred=11364.0 | What is accounts receivable for Orion Financial Group in 202...
  [12/90] CORRECT | truth=7582.0000 pred=7582.0 | What is operating expenses for Cobalt Semiconductor in 2020?...
  [13/90] WRONG  | truth=21061.3365 pred=0.5000000000000001 | What is the maximum of total liabilities for Atlas Global In...
  [14/90] CORRECT | truth=28316.0000 pred=28316.0 | What is the difference between total liabilities for Cobalt ...
  [15/90] CORRECT | truth=161367.0000 pred=161367.0 | What is total assets for Apex Dynamics Corp in 2025?...
  [16/90] CORRECT | truth=18804.0000 pred=18804.0 | What is total equity for Cobalt Semiconductor in 2024?...
  [17/90] WRONG  | truth=28395.2050 pred=268881.8833333333 | What is the difference between the sum of accounts receivabl...
  [18/90] CORRECT | truth=2062.0000 pred=2062.0 | What is cash for Pinnacle Health Group in 2023?...
  [19/90] CORRECT | truth=19190.0000 pred=19190.0 | What is operating expenses for Pacific Crest Energy in 2025?...
  [20/90] WRONG  | truth=43731.0000 pred=100025.0 | What is the minimum of current liabilities for Pacific Crest...
  [21/90] CORRECT | truth=314401.0000 pred=314401.0 | What is total equity for Ironclad Manufacturing in 2025?...
  [22/90] CORRECT | truth=79389.0000 pred=79389.0 | What is the maximum of revenue for Apex Dynamics Corp using ...
  [23/90] CORRECT | truth=4612.0000 pred=4612.0 | What is non operating expenses for Pinnacle Health Group in ...
  [24/90] CORRECT | truth=323622.0000 pred=323622.0 | What is gross profit for Titan Consumer Brands in 2021?...
  [25/90] CORRECT | truth=44176.5000 pred=44176.5 | What is the sum of the average of operating expenses for Ape...
  [26/90] CORRECT | truth=10585.0000 pred=10585.0 | What is accounts receivable for Quantum Bridge Holdings in 2...
  [27/90] WRONG  | truth=1824.3229 pred=140258.3818879858 | What is operating expenses for Meridian Systems Inc in 2023,...
  [28/90] CORRECT | truth=328593.0000 pred=328593.0 | What is total liabilities for SilverLine Retail Inc in 2024?...
  [29/90] CORRECT | truth=1995.0000 pred=1995.0 | What is the difference between cash for NovaStar Technologie...
  [30/90] WRONG  | truth=207732.9374 pred=2.41633 | What is total assets for SilverLine Retail Inc in 2022, scal...
  [31/90] CORRECT | truth=1558.0000 pred=1558.0 | What is dividends paid for Pacific Crest Energy in 2025?...
  [32/90] CORRECT | truth=690728.0000 pred=690728.0 | What is the minimum of total assets for ClearPath Logistics ...
  [33/90] WRONG  | truth=-31599.0000 pred=3.22 | What is the difference between capex for Quantum Bridge Hold...
  [34/90] CORRECT | truth=381473.0000 pred=381473.0 | What is total equity for Crimson Pharmaceuticals in 2020?...
  [35/90] CORRECT | truth=28273.0000 pred=28273.0 | What is gross profit for Apex Dynamics Corp in 2021?...
  [36/90] WRONG  | truth=-42979.0000 pred=-430.0 | What is the difference between capex for NovaStar Technologi...
  [37/90] CORRECT | truth=82551.0000 pred=82551.0 | What is current liabilities for Crimson Pharmaceuticals in 2...
  [38/90] WRONG  | truth=4006.7595 pred=0.0 | What is the maximum of cost of goods sold for Atlas Global I...
  [39/90] CORRECT | truth=66524.0000 pred=66524.0 | What is total assets for Atlas Global Industries in 2022?...
  [40/90] WRONG  | truth=-298964.0000 pred=0.000638 | What is the minimum of total equity for Crimson Pharmaceutic...
  [41/90] WRONG  | truth=10928.0000 pred=2024.0 | What is the difference between the average of current assets...
  [42/90] WRONG  | truth=-63871.0000 pred=63871.0 | What is the difference between cost of goods sold for Meridi...
  [43/90] WRONG  | truth=78160.0000 pred=1.0 | What is the maximum of the difference between the difference...
  [44/90] CORRECT | truth=4078.0000 pred=4078.0 | What is capex for Atlas Global Industries in 2022?...
  [45/90] CORRECT | truth=797936.0000 pred=797936.0 | What is revenue for Crimson Pharmaceuticals in 2025?...
  [46/90] CORRECT | truth=92318.0000 pred=92318.0 | What is the sum of revenue for Apex Dynamics Corp in 2020 an...
  [47/90] WRONG  | truth=27686.0147 pred=0.16833333333333333 | What is the average of total liabilities for Quantum Bridge ...
  [48/90] CORRECT | truth=60999.0000 pred=60999.0 | What is cash for SilverLine Retail Inc in 2024?...
  [49/90] CORRECT | truth=821170.0000 pred=821170.0 | What is revenue for SilverLine Retail Inc in 2023?...
  [50/90] WRONG  | truth=15773.0000 pred=21289.0 | What is the maximum of dividends paid for Meridian Systems I...
  [51/90] WRONG  | truth=1522.0000 pred=761.0 | What is the average of operating expenses for Pinnacle Healt...
  [52/90] CORRECT | truth=15174.0000 pred=15174.0 | What is current liabilities for Cobalt Semiconductor in 2020...
  [53/90] CORRECT | truth=20731.0000 pred=20731.0 | What is total liabilities for Quantum Bridge Holdings in 202...
  [54/90] CORRECT | truth=0.0000 pred=0.0 | What is the minimum of the sum of longterm liabilities for O...
  [55/90] CORRECT | truth=20351.0000 pred=20351.0 | What is accounts receivable for Meridian Systems Inc in 2024...
  [56/90] CORRECT | truth=11427.0000 pred=11427.0 | What is capex for Ironclad Manufacturing in 2024?...
  [57/90] CORRECT | truth=35183.0000 pred=35183.0 | What is dividends paid for Crimson Pharmaceuticals in 2023?...
  [58/90] WRONG  | truth=16654.6398 pred=186.85 | What is total assets for Atlas Global Industries in 2022, sc...
  [59/90] CORRECT | truth=1722.0000 pred=1722.0 | What is the sum of cash for Pinnacle Health Group in 2022 an...
  [60/90] WRONG  | truth=26188.8102 pred=1080.888888888889 | What is the average of inventories for Orion Financial Group...
  [61/90] CORRECT | truth=67132.0000 pred=67132.0 | What is total liabilities for Apex Dynamics Corp in 2024?...
  [62/90] WRONG  | truth=21502.0000 pred=1.0 | What is total equity for Pacific Crest Energy in 2024, scale...
  [63/90] CORRECT | truth=14812.0000 pred=14812.0 | What is non operating expenses for Atlas Global Industries i...
  [64/90] WRONG  | truth=33146.0000 pred=24400.0 | What is current assets for Orion Financial Group in 2022?...
  [65/90] WRONG  | truth=598.2527 pred=10.16 | What is the minimum of short term investments for Cobalt Sem...
  [66/90] WRONG  | truth=0.0000 pred=13827.0 | What is the minimum of the difference between current liabil...
  [67/90] WRONG  | truth=40484.0000 pred=57375.0 | What is the sum of the maximum of current assets for Quantum...
  [68/90] WRONG  | truth=1682.9101 pred=2.171688 | What is the average of short term investments for Atlas Glob...
  [69/90] CORRECT | truth=192649.0000 pred=192649.0 | What is the maximum of revenue for NovaStar Technologies usi...
  [70/90] WRONG  | truth=25147.0000 pred=18142.0 | What is current assets for Apex Dynamics Corp in 2021?...
  [71/90] CORRECT | truth=3812.0000 pred=3812.0 | What is non operating expenses for Cobalt Semiconductor in 2...
  [72/90] CORRECT | truth=26091.0000 pred=26091.0 | What is inventories for Helix BioSciences in 2025?...
  [73/90] CORRECT | truth=54427.0000 pred=54427.0 | What is current liabilities for Helix BioSciences in 2023?...
  [74/90] CORRECT | truth=21212.0000 pred=21212.0 | What is non operating expenses for Meridian Systems Inc in 2...
  [75/90] CORRECT | truth=10261.0000 pred=10261.0 | What is accounts receivable for Pacific Crest Energy in 2022...
  [76/90] WRONG  | truth=279795.0000 pred=207699.0 | What is the difference between revenue for Ironclad Manufact...
  [77/90] CORRECT | truth=127016.0000 pred=127016.0 | What is gross profit for Titan Consumer Brands in 2023?...
  [78/90] CORRECT | truth=0.0000 pred=0.0 | What is the minimum of the difference between cash for Pacif...
  [79/90] CORRECT | truth=57651.0000 pred=57651.0 | What is total assets for Cobalt Semiconductor in 2022?...
  [80/90] WRONG  | truth=29671.3005 pred=False | What is the maximum of total equity for Orion Financial Grou...
  [81/90] CORRECT | truth=6556.0000 pred=6556.0 | What is capex for Meridian Systems Inc in 2025?...
  [82/90] CORRECT | truth=6279.0000 pred=6279.0 | What is capex for Quantum Bridge Holdings in 2020?...
  [83/90] WRONG  | truth=-40629.4059 pred=64100.0 | What is the minimum of gross profit for NovaStar Technologie...
  [84/90] CORRECT | truth=43847.0000 pred=43847.0 | What is cash for Orion Financial Group in 2025?...
  [85/90] CORRECT | truth=24547.0000 pred=24547.0 | What is capex for Titan Consumer Brands in 2022?...
  [86/90] CORRECT | truth=60388.0000 pred=60388.0 | What is longterm liabilities for Apex Dynamics Corp in 2023?...
  [87/90] CORRECT | truth=13741.0000 pred=13741.0 | What is non operating expenses for Orion Financial Group in ...
  [88/90] WRONG  | truth=47425.3751 pred=743333.0 | What is total equity for Ironclad Manufacturing in 2023, sca...
  [89/90] CORRECT | truth=52818.0000 pred=52818.0 | What is revenue for Cobalt Semiconductor in 2021?...
  [90/90] WRONG  | truth=193081.0000 pred=111762.0 | What is operating income for Ironclad Manufacturing in 2021?...

============================================================
  Model: gemma-4-E4B-it
============================================================
  10-Q  : 33/90  accuracy = 36.7%  (skipped 0)
  90-Q  : 55/90  accuracy = 61.1%  (skipped 0)
  Overall: 88/180  accuracy = 48.9%
============================================================

Results saved to output_llm/eval_results_20260413_095711.json
CSV saved to output_llm/eval_results_20260413_095711.csv
Done: Mon Apr 13 09:57:12 AM CEST 2026
