Checking model path...
chat_template.jinja
config.json
generation_config.json
model.safetensors
processor_config.json
README.md
tokenizer_config.json
tokenizer.json
Starting pipeline: Mon Apr 13 09:02:09 AM CEST 2026
Model: gemma-4-E4B-it
GPU: 0
Mon Apr 13 09:02:09 2026       
+-----------------------------------------------------------------------------------------+
| NVIDIA-SMI 580.126.20             Driver Version: 580.126.20     CUDA Version: 13.0     |
+-----------------------------------------+------------------------+----------------------+
| GPU  Name                 Persistence-M | Bus-Id          Disp.A | Volatile Uncorr. ECC |
| Fan  Temp   Perf          Pwr:Usage/Cap |           Memory-Usage | GPU-Util  Compute M. |
|                                         |                        |               MIG M. |
|=========================================+========================+======================|
|   0  NVIDIA TITAN RTX               On  |   00000000:22:00.0 Off |                  N/A |
| 41%   32C    P8             14W /  280W |       1MiB /  24576MiB |      0%      Default |
|                                         |                        |                  N/A |
+-----------------------------------------+------------------------+----------------------+

+-----------------------------------------------------------------------------------------+
| Processes:                                                                              |
|  GPU   GI   CI              PID   Type   Process name                        GPU Memory |
|        ID   ID                                                               Usage      |
|=========================================================================================|
|  No running processes found                                                             |
+-----------------------------------------------------------------------------------------+
Loading datasets...
  10-Q: 497 questions, 15 companies
  90-Q: 90 questions, 15 companies

============================================================
  Evaluating model: gemma-4-E4B-it
============================================================
  Loading tokenizer from /cluster/scratch/arakhmasari/models/gemma-4-E4B-it ...
  Loading model from /cluster/scratch/arakhmasari/models/gemma-4-E4B-it ...
Done: Mon Apr 13 09:06:36 AM CEST 2026
