Checking model path...
chat_template.jinja
config.json
generation_config.json
model.safetensors
processor_config.json
README.md
tokenizer_config.json
tokenizer.json
Starting pipeline: Fri Apr 17 11:07:32 AM CEST 2026
Model: gemma-4-E4B-it
GPU: 0
Fri Apr 17 11:07:32 2026       
+-----------------------------------------------------------------------------------------+
| NVIDIA-SMI 580.126.20             Driver Version: 580.126.20     CUDA Version: 13.0     |
+-----------------------------------------+------------------------+----------------------+
| GPU  Name                 Persistence-M | Bus-Id          Disp.A | Volatile Uncorr. ECC |
| Fan  Temp   Perf          Pwr:Usage/Cap |           Memory-Usage | GPU-Util  Compute M. |
|                                         |                        |               MIG M. |
|=========================================+========================+======================|
|   0  Quadro RTX 6000                On  |   00000000:81:00.0 Off |                  Off |
| 33%   32C    P8              5W /  260W |       1MiB /  24576MiB |      0%      Default |
|                                         |                        |                  N/A |
+-----------------------------------------+------------------------+----------------------+

+-----------------------------------------------------------------------------------------+
| Processes:                                                                              |
|  GPU   GI   CI              PID   Type   Process name                        GPU Memory |
|        ID   ID                                                               Usage      |
|=========================================================================================|
|  No running processes found                                                             |
+-----------------------------------------------------------------------------------------+
Loading datasets...
  Multi-turn: 1000 total, 607 non-skipped, 15 companies

============================================================
  Evaluating model: gemma-4-E4B-it
============================================================
  Loading tokenizer from /cluster/scratch/arakhmasari/models/gemma-4-E4B-it ...
  Loading model from /cluster/scratch/arakhmasari/models/gemma-4-E4B-it ...
  Model loaded on cuda.

-- Multi-turn evaluation (5 questions) --
  [1/5] WRONG  | turns=3 depth=3 first_fail@turn=2 | truth=-16736.4873 pred=14.1336 | Which result follows from the result of the maximu...
  [2/5] WRONG  | turns=1 depth=1 | truth=37323.0000 pred=0.0 | Which value corresponds to the longterm liabilitie...
  [3/5] CORRECT | turns=1 depth=1 | truth=59143.0000 pred=59143.0 | Provide the the maximum of total equity for Orion ...
  [4/5] CORRECT | turns=2 depth=2 | truth=46156.5000 pred=46156.5 | Which result follows from the average short term i...
  [5/5] CORRECT | turns=1 depth=4 | truth=8595.0000 pred=8595.0 | What do we obtain as the the minimum of operating ...

============================================================
  Model: gemma-4-E4B-it
============================================================
  10-Q      : 0/0  accuracy = 0.0%  (skipped 0)
  90-Q      : 0/0  accuracy = 0.0%  (skipped 0)
  Multi-turn: 3/5  accuracy = 60.0%  (skipped 0)
    turns=1: 2/3  accuracy = 66.7%
    turns=2: 1/1  accuracy = 100.0%
    turns=3: 0/1  accuracy = 0.0%
      first failure at — turn 2: 1  (of 1 failed)
  Overall   : 3/5  accuracy = 60.0%
============================================================

Results saved to output_llm/eval_results_20260417_110824.json
CSV saved to output_llm/eval_results_20260417_110824.csv
Done: Fri Apr 17 11:08:26 AM CEST 2026
