Checking model path...
chat_template.jinja
config.json
generation_config.json
model.safetensors
processor_config.json
README.md
tokenizer_config.json
tokenizer.json
Starting pipeline: Fri Apr 17 10:27:53 AM CEST 2026
Model: gemma-4-E4B-it
GPU: 0
Fri Apr 17 10:27:53 2026       
+-----------------------------------------------------------------------------------------+
| NVIDIA-SMI 580.126.20             Driver Version: 580.126.20     CUDA Version: 13.0     |
+-----------------------------------------+------------------------+----------------------+
| GPU  Name                 Persistence-M | Bus-Id          Disp.A | Volatile Uncorr. ECC |
| Fan  Temp   Perf          Pwr:Usage/Cap |           Memory-Usage | GPU-Util  Compute M. |
|                                         |                        |               MIG M. |
|=========================================+========================+======================|
|   0  NVIDIA A100-PCIE-40GB          On  |   00000000:B1:00.0 Off |                    0 |
| N/A   28C    P0             30W /  250W |       0MiB /  40960MiB |      0%      Default |
|                                         |                        |             Disabled |
+-----------------------------------------+------------------------+----------------------+

+-----------------------------------------------------------------------------------------+
| Processes:                                                                              |
|  GPU   GI   CI              PID   Type   Process name                        GPU Memory |
|        ID   ID                                                               Usage      |
|=========================================================================================|
|  No running processes found                                                             |
+-----------------------------------------------------------------------------------------+
Loading datasets...
  Multi-turn: 1000 total, 607 non-skipped, 15 companies

============================================================
  Evaluating model: gemma-4-E4B-it
============================================================
  Loading tokenizer from /cluster/scratch/arakhmasari/models/gemma-4-E4B-it ...
  Loading model from /cluster/scratch/arakhmasari/models/gemma-4-E4B-it ...
  Model loaded on cuda.

-- Multi-turn evaluation (1 questions) --
  [1/1] WRONG  | turns=3 depth=3 | truth=-16736.4873 pred=1.0000000000000002 | Which result follows from the result of the maximu...

============================================================
  Model: gemma-4-E4B-it
============================================================
  10-Q      : 0/0  accuracy = 0.0%  (skipped 0)
  90-Q      : 0/0  accuracy = 0.0%  (skipped 0)
  Multi-turn: 0/1  accuracy = 0.0%  (skipped 0)
    turns=3: 0/1  accuracy = 0.0%
  Overall   : 0/1  accuracy = 0.0%
============================================================

Results saved to output_llm/eval_results_20260417_102833.json
CSV saved to output_llm/eval_results_20260417_102833.csv
Done: Fri Apr 17 10:28:35 AM CEST 2026
