Checking model path...
chat_template.jinja
config.json
generation_config.json
model.safetensors
tokenizer_config.json
tokenizer.json
Starting pipeline: Fri May  8 09:51:09 AM CEST 2026
Model: gemma-4-E4B-it
GPU: 0
Fri May  8 09:51:09 2026       
+-----------------------------------------------------------------------------------------+
| NVIDIA-SMI 580.159.03             Driver Version: 580.159.03     CUDA Version: 13.0     |
+-----------------------------------------+------------------------+----------------------+
| GPU  Name                 Persistence-M | Bus-Id          Disp.A | Volatile Uncorr. ECC |
| Fan  Temp   Perf          Pwr:Usage/Cap |           Memory-Usage | GPU-Util  Compute M. |
|                                         |                        |               MIG M. |
|=========================================+========================+======================|
|   0  NVIDIA TITAN RTX               On  |   00000000:81:00.0 Off |                  N/A |
| 41%   40C    P8             18W /  280W |       1MiB /  24576MiB |      0%      Default |
|                                         |                        |                  N/A |
+-----------------------------------------+------------------------+----------------------+

+-----------------------------------------------------------------------------------------+
| Processes:                                                                              |
|  GPU   GI   CI              PID   Type   Process name                        GPU Memory |
|        ID   ID                                                               Usage      |
|=========================================================================================|
|  No running processes found                                                             |
+-----------------------------------------------------------------------------------------+
[INFO]  CUDA GPU detected - using 4-bit quantisation.
Done: Fri May  8 09:51:32 AM CEST 2026
