<===== START combined_gemma_31b_90q | provider=Together | model=google/gemma-4-31B-it | dataset=90q | limit=100 =====>
90Q are Sheet: /output/financial_spreadsheet.json
90Q are Questions: /output/original_questions.json
Loading datasets...
  90-Q: 200 questions, 15 companies

============================================================
  Evaluating model: google/gemma-4-31B-it
============================================================

-- 90-Q evaluation (100 questions) --
  [7/100] WRONG  | truth=103106.0000 pred=22786.0 | A later stress test may cut the final value in half. whats t...
  [10/100] CORRECT | truth=24015.0000 pred=24015.0 | Management expects gross margin to change by 11 percentage p...
  [5/100] CORRECT | truth=827261.0000 pred=827261.0 | calculate the the maximum of revenue for SilverLine Retail I...
  [8/100] WRONG  | truth=474108.0000 pred=499999999999.5 | A later stress test may cut the final value in half. calcula...
  [6/100] CORRECT | truth=8035.0000 pred=8035.0 | The result may later be adjusted downward by 20%. Which valu...
  [2/100] CORRECT | truth=-1311.9640 pred=-1311.9641063383472 | The result may later be adjusted downward by 14%. state the ...
  [9/100] CORRECT | truth=353846.0000 pred=353846.0 | There are concerns about long-term debt covenants in 1917. Y...
  [12/100] CORRECT | truth=28273.0000 pred=28273.0 | A proposed price increase of 39% has not been reflected in c...
  [4/100] WRONG  | truth=1142.0000 pred=3921.0 | The company may suspend dividends for 3 months in 1949. you ...
  [16/100] WRONG  | truth=138082.0000 pred=-1.0 | Debt investors are concerned about maturities over the next ...
  [3/100] WRONG  | truth=272997.0000 pred=136498.5 | Which result follows from the gross profit for Ironclad Manu...
  [11/100] WRONG  | truth=303055.0000 pred=7088.0 | may you give the sum of difference between total assets and ...
  [18/100] CORRECT | truth=10821.0000 pred=10821.0 | The company may reclassify $14810 million of investments int...
  [1/100] WRONG  | truth=75060.0000 pred=18549.0 | A proposed debt exchange could change long-term liabilities ...
  [13/100] CORRECT | truth=255889.0000 pred=255889.0 | A later stress test may cut the final value in half. You sho...
  [20/100] CORRECT | truth=81319.0000 pred=81319.0 | which result follows from the the maximum of non operating e...
  [17/100] WRONG  | truth=66397.0000 pred=57765.39 | what do we obtain as the sum of dividends paid and sum of to...
  [19/100] CORRECT | truth=797.7570 pred=797.775 | A future refinancing could change non-operating expenses by ...
  [25/100] CORRECT | truth=140739.0000 pred=140739.0 | A later scenario may double the final value. Which result fo...
  [15/100] CORRECT | truth=38887.0000 pred=38887.0 | what does the following give: the maximum of capex for Crims...
  [21/100] CORRECT | truth=288393.0000 pred=288393.0 | A later calculation may subtract 6% from the final result. c...
  [24/100] WRONG  | truth=18678.6667 pred=29349.0 | what's the value of the sum of ratio of sum of sum of divide...
  [26/100] CORRECT | truth=18738.0000 pred=18738.0 | give the operating income for Orion Financial Group in 2020 ...
  [23/100] WRONG  | truth=299302.0000 pred=257414.0 | which quantity is given by the sum of the maximum of cash fo...
  [22/100] CORRECT | truth=9946.0000 pred=9946.0 | A later scenario may double the final value. What do we obta...
  [28/100] WRONG  | truth=75020.0000 pred=38145.0 | Shareholders are pressuring management for a 23% dividend in...
  [27/100] WRONG  | truth=70528.0000 pred=35264.0 | May you calculate the gross profit for NovaStar Technologies...
  [29/100] WRONG  | truth=38749.0000 pred=29755.71 | A proposed discount factor may reduce the final number by 43...
  [30/100] CORRECT | truth=3012.0000 pred=3012.0 | The result may later be adjusted downward by 41%. state the ...
  [32/100] CORRECT | truth=176894.0000 pred=176894.0 | A future contract could increase revenue by 10% in 1960, but...
  [36/100] CORRECT | truth=32332.0000 pred=32332.0 | what is the value of the the minimum of cost of goods sold f...
  [34/100] CORRECT | truth=1541594.8469 pred=1541605.5 | which result follows from the sum of the maximum of revenue ...
  [14/100] CORRECT | truth=-14039.0000 pred=-14039.0 | A later scenario may double the final value. state the diffe...
  [37/100] WRONG  | truth=54586.0000 pred=4908.0 | The company may reclassify $29454 million of investments int...
  [38/100] WRONG  | truth=82214.0000 pred=64474.5 | A later stress test may cut the final value in half. which r...
  [35/100] CORRECT | truth=-220326.0000 pred=-220326.0 | which quantity is given by the difference between dividends ...
  [40/100] WRONG  | truth=8486.0000 pred=7552.54 | may you give the result of ratio of sum of sum of inventorie...
  [39/100] WRONG  | truth=18939.0000 pred=5133.04 | We plan to later discount the result by 44%. Evaluate the th...
  [31/100] WRONG  | truth=17384.0000 pred=20589.0 | The board discussed cutting the capital budget by 33% in 201...
  [41/100] CORRECT | truth=69125.0000 pred=69125.0 | Someone may later tax the result by 23%. which value corresp...
  [43/100] WRONG  | truth=46713.0000 pred=519291.6 | A proposed price increase of 40% has not been reflected in c...
  [44/100] CORRECT | truth=25283.0000 pred=25283.0 | what do we obtain as the the minimum of cost of goods sold f...
  [46/100] WRONG  | truth=162525.0000 pred=139771.5 | May you calculate the sum of operating income and difference...
  [33/100] WRONG  | truth=24.4346 pred=228.68 | What would be the result of the minimum of dividends paid fo...
  [45/100] CORRECT | truth=220463.0000 pred=220463.0 | Whats the value of the the minimum of cost of goods sold for...
  [47/100] CORRECT | truth=346.6426 pred=346.6386 | what is the result of inventories scaled by income tax for A...
  [49/100] WRONG  | truth=10648.0000 pred=4726.0 | what would be the pretax income for Cobalt Semiconductor in ...
  [50/100] CORRECT | truth=664693.0000 pred=624811.42 | The result may later be adjusted downward by 6%. what do we ...
  [51/100] WRONG  | truth=181003.1934 pred=3908869.36 | A proposed discount factor may reduce the final number by 27...
  [52/100] CORRECT | truth=34160.0000 pred=34160.0 | We plan to later discount the result by 5%. may you calculat...
  [55/100] CORRECT | truth=28716.0000 pred=25844.4 | What is the value of the gross profit for Atlas Global Indus...
  [59/100] WRONG  | truth=19041.5000 pred=29146.5 | What's the value of the average cash for Atlas Global Indust...
  [57/100] WRONG  | truth=331601.0000 pred=46596.84 | evaluate the sum of current liabilities and non operating ex...
  [56/100] WRONG  | truth=4075.7682 pred=2023.0 | Evaluate the result of dividends paid scaled by income tax f...
  [42/100] CORRECT | truth=306917.0000 pred=306917.0 | evaluate the difference between total equity and short term ...
  [48/100] CORRECT | truth=-154519.0000 pred=-154519.0 | what does the following give: difference between operating e...
  [61/100] WRONG  | truth=112378.0000 pred=-999999805070.0 | A proposed debt exchange could change long-term liabilities ...
  [58/100] WRONG  | truth=65173.0000 pred=74954.0 | Could you give the longterm assets for Meridian Systems Inc ...
  [53/100] WRONG  | truth=0.0000 pred=144.48 | The result may later be adjusted downward by 12%. which resu...
  [60/100] CORRECT | truth=1168.0000 pred=1168.0 | A planned cost-cutting program could reduce operating expens...
  [54/100] WRONG  | truth=-122006.7500 pred=2243809.575 | A proposed discount factor may reduce the final number by 10...
  [67/100] CORRECT | truth=80451.0000 pred=80451.0 | A future inventory write-down could reduce reported inventor...
  [69/100] CORRECT | truth=19465.0000 pred=19465.0 | The result may later be adjusted downward by 24%. what's the...
  [66/100] WRONG  | truth=404301.0000 pred=307268.76 | Calculate the gross profit for SilverLine Retail Inc in 2023...
  [70/100] WRONG  | truth=4778.0000 pred=2567.4 | what is the value of the the minimum of non operating expens...
  [68/100] CORRECT | truth=56894.0000 pred=52158.64 | A proposed discount factor may reduce the final number by 16...
  [75/100] WRONG  | truth=13847.0000 pred=10874.0 | A later scenario may double the final value. May you give th...
  [62/100] CORRECT | truth=195040.0000 pred=195040.0 | A later scenario may double the final value. what's the valu...
  [65/100] WRONG  | truth=30058.0000 pred=18034.8 | Collections may slow by 40% over the next 1 months. which re...
  [64/100] CORRECT | truth=81118.0000 pred=81118.0 | What's the value of the the maximum of accounts receivable f...
  [74/100] WRONG  | truth=38947.2165 pred=2022.0 | you should calculate the result of total liabilities scaled ...
  [63/100] CORRECT | truth=33171.0000 pred=33171.0 | what is the value of the the minimum of total liabilities fo...
  [72/100] CORRECT | truth=196241.0000 pred=195082.5 | A later stress test may cut the final value in half. Compute...
  [77/100] WRONG  | truth=6935.0000 pred=5205.5 | Compute the average accounts receivable for Quantum Bridge H...
  [73/100] CORRECT | truth=15928.0000 pred=15734.0 | what do we obtain as the the maximum of current liabilities ...
  [76/100] WRONG  | truth=171877.0000 pred=-5899999.41 | A proposed discount factor may reduce the final number by 41...
  [78/100] WRONG  | truth=50331.0000 pred=195040.0 | whats the value of the sum of the maximum of accounts receiv...
  [71/100] WRONG  | truth=5827.5000 pred=4904.5 | what would be the sum of the minimum of short term investmen...
  [80/100] WRONG  | truth=314922.0000 pred=704528.01 | A proposed discount factor may reduce the final number by 7%...
  [79/100] WRONG  | truth=38992.0000 pred=2159.0 | calculate the the minimum of capex for SilverLine Retail Inc...
  [84/100] WRONG  | truth=129667.0000 pred=347.0 | The company may face a one-time non-operating charge of $222...
  [88/100] WRONG  | truth=0.0000 pred=833.0 | what is the value of the the minimum of dividends paid for A...
  [83/100] CORRECT | truth=26290.0000 pred=26290.0 | A later calculation may subtract 14% from the final result. ...
  [87/100] CORRECT | truth=111691.0000 pred=111691.0 | what is the longterm assets for Apex Dynamics Corp in 2023 ?...
  [81/100] WRONG  | truth=260193.6777 pred=45367.0 | what does the following give: sum of current assets and resu...
  [92/100] CORRECT | truth=353846.0000 pred=353846.0 | Debt investors are concerned about maturities over the next ...
  [90/100] CORRECT | truth=36163.0000 pred=36163.0 | provide the the maximum of non operating expenses for Pacifi...
  [96/100] WRONG  | truth=4101.0000 pred=0.0 | We plan to later discount the result by 30%. What would be t...
  [85/100] WRONG  | truth=61721.6000 pred=68418.67 | The result may later be adjusted downward by 44%. May you gi...
  [97/100] CORRECT | truth=81118.0000 pred=81118.0 | Whats the value of the the maximum of accounts receivable fo...
  [93/100] CORRECT | truth=39076.0000 pred=39076.0 | what would be the the minimum of total liabilities for Cobal...
  [98/100] CORRECT | truth=51333.0000 pred=51333.0 | provide the gross profit for Pacific Crest Energy in 2020 We...
  [89/100] WRONG  | truth=-1394.9681 pred=6087.6 | what is the value of the difference between current liabilit...
  [95/100] WRONG  | truth=103818.0000 pred=10160529.0 | Give the sum of sum of short term investments for Orion Fina...
  [100/100] CORRECT | truth=142977.0000 pred=142977.0 | Creditors are monitoring the company after liabilities rose ...
  [99/100] WRONG  | truth=227787.0000 pred=9.0 | provide the sum of longterm liabilities and total assets for...
  [82/100] WRONG  | truth=15022.0000 pred=9764.3 | What is the sum of accounts receivable and short term invest...
  [94/100] CORRECT | truth=47700.0000 pred=47700.0 | Someone may later tax the result by 38%. What does the follo...
  [91/100] WRONG  | truth=8338.8468 pred=347251.52 | Management expects the effective tax rate to change by 19% i...
  [86/100] WRONG  | truth=56354.0000 pred=86064.0 | May you calculate the difference between longterm assets and...

============================================================
  Model: google/gemma-4-31B-it
============================================================
  10-Q      : 0/0  accuracy = 0.0%  (skipped 0)
  90-Q      : 48/100  accuracy = 48.0%  (skipped 0)
  Multi-turn: 0/0  accuracy = 0.0%  (skipped 0)
  Overall   : 48/100  accuracy = 48.0%
============================================================

Results saved to output_llm/adversarial/combined_gemma_31b_90q_20260809_003723.json
CSV saved to output_llm/eval_results_20260809_003723.csv
<===== END combined_gemma_31b_90q =====>
