<===== START missing_values_gemma_31b_90q | provider=Together | model=google/gemma-4-31B-it | dataset=90q | limit=100 =====>
90Q are Sheet: /output/financial_spreadsheet.json
90Q are Questions: /output/original_questions.json
Loading datasets...
  90-Q: 200 questions, 15 companies

============================================================
  Evaluating model: google/gemma-4-31B-it
============================================================

-- 90-Q evaluation (100 questions) --
  [9/100] CORRECT | truth=2127.8050 pred=2020.0 | Which quantity is given by the result of inventories scaled ...
  [5/100] WRONG  | truth=172824.0000 pred=668865.0 | What would be the longterm liabilities for ClearPath Logisti...
  [8/100] CORRECT | truth=43056.0000 pred=43056.0 | compute the the minimum of short term investments for Silver...
  [3/100] CORRECT | truth=27481.0000 pred=27481.0 | What is the value of the gross profit for Atlas Global Indus...
  [10/100] CORRECT | truth=83932.0000 pred=83932.0 | Compute the average cash for SilverLine Retail Inc across ye...
  [2/100] CORRECT | truth=186854.0000 pred=186854.0 | What's the value of the the maximum of total assets for Atla...
  [7/100] WRONG  | truth=29755.0000 pred=64647.0 | Give the operating income for Orion Financial Group in 2024 ...
  [11/100] CORRECT | truth=20455.0000 pred=20455.0 | May you calculate the the maximum of accounts receivable for...
  [12/100] WRONG  | truth=210544.0000 pred=244342.0 | what would be the pretax income for ClearPath Logistics in 2...
  [1/100] WRONG  | truth=203231.0000 pred=143376.0 | you should calculate the current assets for Titan Consumer B...
  [4/100] CORRECT | truth=1102.0000 pred=1102.0 | Determine the the minimum of non operating expenses for Pinn...
  [17/100] WRONG  | truth=59659.0000 pred=5710.0 | compute the difference between total assets and short term i...
  [15/100] WRONG  | truth=4680.7500 pred=3228.33 | What would be the average short term investments for Cobalt ...
  [13/100] WRONG  | truth=34447.6286 pred=2022.0 | which result follows from the result of longterm liabilities...
  [16/100] CORRECT | truth=36417.0000 pred=36417.0 | Which value corresponds to the the maximum of accounts recei...
  [19/100] CORRECT | truth=177982.0000 pred=177982.0 | May you calculate the the maximum of revenue for NovaStar Te...
  [18/100] CORRECT | truth=298268.0000 pred=298268.0 | Which result follows from the current assets for Ironclad Ma...
  [24/100] WRONG  | truth=8988.0000 pred=28364.0 | which result follows from the the minimum of capex for Helix...
  [21/100] WRONG  | truth=232210.0000 pred=552586.0 | You should calculate the gross profit for Titan Consumer Bra...
  [6/100] CORRECT | truth=102288.5000 pred=102288.5 | Compute the result of ratio of sum of sum of sum of total as...
  [22/100] CORRECT | truth=41540.0000 pred=41540.0 | give the the maximum of current liabilities for Orion Financ...
  [14/100] CORRECT | truth=24174.0000 pred=24174.0 | Compute the the maximum of cash for Quantum Bridge Holdings ...
  [26/100] CORRECT | truth=28716.0000 pred=28716.0 | What is the value of the gross profit for Atlas Global Indus...
  [20/100] WRONG  | truth=224247.0000 pred=130009.0 | which quantity is given by the the maximum of cost of goods ...
  [23/100] WRONG  | truth=163671.0000 pred=221975.0 | give the longterm assets for Orion Financial Group in 2024....
  [28/100] WRONG  | truth=16297.0000 pred=7759.0 | May you give the sum of capex and accounts receivable for Or...
  [30/100] CORRECT | truth=58867.0000 pred=58867.0 | What is the the maximum of cost of goods sold for Apex Dynam...
  [31/100] CORRECT | truth=2421.0000 pred=2421.0 | May you give the the maximum of dividends paid for Orion Fin...
  [29/100] CORRECT | truth=-33813.0000 pred=-33813.0 | determine the sum of difference between cash and total asset...
  [37/100] WRONG  | truth=1249.5000 pred=1628.0 | What is the value of the average dividends paid for Atlas Gl...
  [32/100] WRONG  | truth=203231.0000 pred=143376.0 | evaluate the current assets for Titan Consumer Brands in 202...
  [27/100] CORRECT | truth=12957.0000 pred=12957.0 | May you calculate the the minimum of operating expenses for ...
  [33/100] CORRECT | truth=48259.0000 pred=48259.0 | what do we obtain as the longterm assets for Cobalt Semicond...
  [35/100] CORRECT | truth=2063.0000 pred=2021.0 | What is the difference between short term investments and ac...
  [41/100] WRONG  | truth=119508.0000 pred=36892.0 | provide the current assets for Pacific Crest Energy in 2020...
  [34/100] WRONG  | truth=59855.0000 pred=36229.0 | you should calculate the the maximum of accounts receivable ...
  [38/100] WRONG  | truth=38749.0000 pred=43857.0 | What would be the longterm assets for Cobalt Semiconductor i...
  [25/100] CORRECT | truth=720190.0000 pred=690729.0 | What's the value of the the maximum of total assets for Clea...
  [39/100] CORRECT | truth=-9152.0000 pred=-9152.0 | compute the difference between short term investments and ac...
  [40/100] CORRECT | truth=457855.3333 pred=450901.0 | you should calculate the average revenue for Titan Consumer ...
  [36/100] WRONG  | truth=24802.6000 pred=21463.0 | You should calculate the average inventories for Titan Consu...
  [43/100] WRONG  | truth=164327.0000 pred=2025.0 | You should calculate the current assets for Titan Consumer B...
  [49/100] CORRECT | truth=301219.0000 pred=301219.0 | What does the following give: gross profit for Crimson Pharm...
  [46/100] WRONG  | truth=149498.0000 pred=2022.0 | Which result follows from the longterm liabilities for Helix...
  [45/100] CORRECT | truth=27761.0000 pred=27761.0 | which quantity is given by the the minimum of non operating ...
  [53/100] WRONG  | truth=60901.0000 pred=76033.0 | Whats the value of the the minimum of non operating expenses...
  [42/100] CORRECT | truth=59143.0000 pred=59143.0 | May you give the the maximum of total equity for Orion Finan...
  [50/100] CORRECT | truth=20901.0000 pred=20901.0 | What is the average cash for Apex Dynamics Corp across years...
  [54/100] CORRECT | truth=42014.0000 pred=42014.0 | may you calculate the gross profit for NovaStar Technologies...
  [51/100] CORRECT | truth=33030.0000 pred=33030.0 | What would be the the minimum of total liabilities for Cobal...
  [48/100] CORRECT | truth=76353.0000 pred=76294.0 | what would be the sum of total equity for Cobalt Semiconduct...
  [44/100] WRONG  | truth=325235.5000 pred=182756.25 | could you give the sum of ratio of sum of sum of sum of reve...
  [58/100] CORRECT | truth=-71444.0000 pred=-71444.0 | what is the value of the difference between cash and revenue...
  [52/100] CORRECT | truth=104003.0000 pred=95790.0 | What is the sum of current assets and revenue for Apex Dynam...
  [61/100] CORRECT | truth=159690.0000 pred=159690.0 | what does the following give: current assets for Crimson Pha...
  [56/100] CORRECT | truth=183624.0000 pred=183624.0 | may you calculate the sum of dividends paid and revenue for ...
  [62/100] WRONG  | truth=27925.0000 pred=2021.0 | Which value corresponds to the the maximum of short term inv...
  [60/100] WRONG  | truth=418219.0000 pred=360843.0 | Whats the value of the the maximum of total equity for Clear...
  [66/100] WRONG  | truth=9579.0000 pred=6644.0 | state the current assets for Pinnacle Health Group in 2024 ....
  [63/100] CORRECT | truth=158898.0000 pred=151201.0 | whats the value of the current assets for ClearPath Logistic...
  [47/100] CORRECT | truth=5362.0000 pred=5362.0 | What is the value of the the maximum of inventories for Atla...
  [64/100] WRONG  | truth=218005.0000 pred=190474.0 | provide the the maximum of revenue for Pacific Crest Energy ...
  [55/100] WRONG  | truth=22333.5819 pred=2021.0 | could you give the sum of result of longterm liabilities sca...
  [67/100] CORRECT | truth=370.0000 pred=370.0 | you should calculate the the minimum of cash for Pinnacle He...
  [72/100] WRONG  | truth=234237.0000 pred=2024.0 | Calculate the longterm liabilities for SilverLine Retail Inc...
  [73/100] WRONG  | truth=698.6608 pred=2024.0 | could you give the result of dividends paid scaled by income...
  [65/100] CORRECT | truth=4087.0000 pred=4087.0 | compute the the minimum of accounts receivable for Quantum B...
  [69/100] WRONG  | truth=55811.0000 pred=42710.0 | state the current assets for Pacific Crest Energy in 2021....
  [71/100] CORRECT | truth=54399.0000 pred=54399.0 | You should calculate the the maximum of current liabilities ...
  [59/100] WRONG  | truth=142717.0000 pred=125475.0 | Which value corresponds to the the maximum of total equity f...
  [74/100] WRONG  | truth=1346.0000 pred=3545.0 | state the the minimum of current liabilities for Pinnacle He...
  [57/100] CORRECT | truth=17614.6000 pred=17614.6 | State the average revenue for Pinnacle Health Group across y...
  [76/100] CORRECT | truth=20351.0000 pred=20351.0 | could you give the the minimum of accounts receivable for Me...
  [70/100] CORRECT | truth=63577.0000 pred=63577.0 | which quantity is given by the sum of current liabilities fo...
  [68/100] CORRECT | truth=206070.0000 pred=206070.0 | What is the the maximum of total assets for Apex Dynamics Co...
  [75/100] WRONG  | truth=46713.0000 pred=81062.0 | give the gross profit for Orion Financial Group in 2023 ....
  [78/100] WRONG  | truth=200372.0000 pred=2.0 | provide the sum of current assets for Pacific Crest Energy i...
  [81/100] CORRECT | truth=415227.0000 pred=415227.0 | Whats the value of the gross profit for ClearPath Logistics ...
  [80/100] CORRECT | truth=303652.0000 pred=303652.0 | Which result follows from the sum of cost of goods sold and ...
  [79/100] CORRECT | truth=66259.0000 pred=66230.0 | Give the sum of the maximum of total liabilities for Orion F...
  [87/100] CORRECT | truth=221577.0000 pred=206207.0 | Which value corresponds to the the maximum of total assets f...
  [86/100] WRONG  | truth=63825.0000 pred=125778.0 | Could you give the gross profit for Meridian Systems Inc in ...
  [85/100] CORRECT | truth=1095.5449 pred=1095.62 | state the result of the minimum of inventories for Pinnacle ...
  [77/100] CORRECT | truth=44533.0000 pred=44533.0 | What would be the sum of the maximum of capex for Cobalt Sem...
  [88/100] WRONG  | truth=41456.3333 pred=46566.5 | Evaluate the average short term investments for SilverLine R...
  [82/100] WRONG  | truth=37262.0000 pred=28130.0 | provide the the maximum of non operating expenses for Pacifi...
  [83/100] CORRECT | truth=107172.0000 pred=107172.0 | Whats the value of the operating income for ClearPath Logist...
  [92/100] CORRECT | truth=32961.0000 pred=32961.0 | what is the gross profit for Apex Dynamics Corp in 2022...
  [90/100] CORRECT | truth=22901.0000 pred=22901.0 | may you calculate the the maximum of short term investments ...
  [84/100] CORRECT | truth=54234.0000 pred=54234.0 | Which quantity is given by the the maximum of accounts recei...
  [89/100] WRONG  | truth=-743.0000 pred=-205393.0 | what does the following give: difference between current ass...
  [94/100] CORRECT | truth=31125.0000 pred=31125.0 | What is the value of the longterm liabilities for Atlas Glob...
  [93/100] CORRECT | truth=340508.0000 pred=340508.0 | which quantity is given by the the minimum of revenue for Ir...
  [98/100] WRONG  | truth=260787.0000 pred=2024.0 | You should give the longterm liabilities for ClearPath Logis...
  [100/100] WRONG  | truth=367473.0000 pred=2025.0 | calculate the longterm assets for SilverLine Retail Inc in 2...
  [95/100] CORRECT | truth=176316.0000 pred=170929.0 | What do we obtain as the sum of short term investments for C...
  [99/100] CORRECT | truth=101673.0000 pred=101673.0 | Give the difference between total equity and capex for Orion...
  [97/100] CORRECT | truth=76733.1868 pred=76745.82 | evaluate the result of the maximum of non operating expenses...
  [91/100] CORRECT | truth=8820.0000 pred=9016.333333333332 | What do we obtain as the average operating expenses for Coba...
  [96/100] WRONG  | truth=87626.0000 pred=74292.0 | what's the value of the the maximum of total liabilities for...

============================================================
  Model: google/gemma-4-31B-it
============================================================
  10-Q      : 0/0  accuracy = 0.0%  (skipped 0)
  90-Q      : 59/100  accuracy = 59.0%  (skipped 0)
  Multi-turn: 0/0  accuracy = 0.0%  (skipped 0)
  Overall   : 59/100  accuracy = 59.0%
============================================================

Results saved to output_llm/adversarial/missing_values_gemma_31b_90q_20260809_001440.json
CSV saved to output_llm/eval_results_20260809_001440.csv
<===== END missing_values_gemma_31b_90q =====>
<===== START missing_values_gemma_31b_90q | provider=Together | model=google/gemma-4-31B-it | dataset=90q | limit=100 =====>
