<===== START scaling_gemma_31b_90q | provider=Together | model=google/gemma-4-31B-it | dataset=90q | limit=100 =====>
90Q are Sheet: /output/financial_spreadsheet.json
90Q are Questions: /output/original_questions.json
Loading datasets...
  90-Q: 200 questions, 15 companies

============================================================
  Evaluating model: google/gemma-4-31B-it
============================================================

-- 90-Q evaluation (100 questions) --
  [8/100] CORRECT | truth=24919.0000 pred=24919.0 | The numbers in the financial_data are all given in thousands...
  [3/100] WRONG  | truth=493378.0000 pred=493378000.0 | The numbers in the financial_data are all given in thousands...
  [10/100] WRONG  | truth=4981.0000 pred=4981000.0 | The numbers in the financial_data are all given in thousands...
  [1/100] WRONG  | truth=29755.0000 pred=29755000.0 | The numbers in the financial_data are all given in thousands...
  [5/100] CORRECT | truth=42956.0000 pred=42956.0 | The numbers in the financial_data are all given in thousands...
  [6/100] CORRECT | truth=22107.0000 pred=22107.0 | The numbers in the financial_data are all given in thousands...
  [9/100] WRONG  | truth=47153.0000 pred=47153000.0 | The numbers in the financial_data are all given in thousands...
  [12/100] WRONG  | truth=286577.0000 pred=286577000.0 | The numbers in the financial_data are all given in thousands...
  [11/100] WRONG  | truth=187365.0000 pred=187365000.0 | The numbers in the financial_data are all given in thousands...
  [2/100] WRONG  | truth=398614.0000 pred=409261000.0 | The numbers in the financial_data are all given in thousands...
  [13/100] CORRECT | truth=50396.8000 pred=50396.8 | The numbers in the financial_data are all given in thousands...
  [7/100] CORRECT | truth=114748.5637 pred=114748.543 | The numbers in the financial_data are all given in thousands...
  [4/100] WRONG  | truth=-58778.4393 pred=-58778339.7 | The numbers in the financial_data are all given in thousands...
  [20/100] CORRECT | truth=85098.0000 pred=85098.0 | The numbers in the financial_data are all given in thousands...
  [17/100] CORRECT | truth=14819.0000 pred=14819.0 | The numbers in the financial_data are all given in thousands...
  [22/100] CORRECT | truth=84351.0000 pred=84351.0 | The numbers in the financial_data are all given in thousands...
  [23/100] CORRECT | truth=-8064.0000 pred=-8064.0 | The numbers in the financial_data are all given in thousands...
  [25/100] CORRECT | truth=4628.0000 pred=4628.0 | The numbers in the financial_data are all given in thousands...
  [27/100] CORRECT | truth=98272.0000 pred=98272.0 | The numbers in the financial_data are all given in thousands...
  [24/100] CORRECT | truth=39132.0000 pred=39132.0 | The numbers in the financial_data are all given in thousands...
  [18/100] WRONG  | truth=-9052.0000 pred=-9052000.0 | The numbers in the financial_data are all given in thousands...
  [15/100] WRONG  | truth=159416.0000 pred=159416000.0 | The numbers in the financial_data are all given in thousands...
  [26/100] WRONG  | truth=79704.0000 pred=79704000.0 | The numbers in the financial_data are all given in thousands...
  [21/100] CORRECT | truth=13847.0000 pred=13847.0 | The numbers in the financial_data are all given in thousands...
  [14/100] WRONG  | truth=8615.5227 pred=8615518.71 | The numbers in the financial_data are all given in thousands...
  [16/100] CORRECT | truth=38025.7146 pred=38024.6 | The numbers in the financial_data are all given in thousands...
  [19/100] CORRECT | truth=6013.8000 pred=6013.8 | The numbers in the financial_data are all given in thousands...
  [33/100] CORRECT | truth=20810.0000 pred=20810.0 | The numbers in the financial_data are all given in thousands...
  [30/100] WRONG  | truth=438486.0000 pred=438486000.0 | The numbers in the financial_data are all given in thousands...
  [37/100] CORRECT | truth=5844.0000 pred=5844.0 | The numbers in the financial_data are all given in thousands...
  [28/100] WRONG  | truth=492228.0000 pred=492228000.0 | The numbers in the financial_data are all given in thousands...
  [34/100] CORRECT | truth=13280.0000 pred=13280.0 | The numbers in the financial_data are all given in thousands...
  [29/100] CORRECT | truth=98272.0000 pred=98272.0 | The numbers in the financial_data are all given in thousands...
  [36/100] CORRECT | truth=15521.0000 pred=15521.0 | The numbers in the financial_data are all given in thousands...
  [32/100] CORRECT | truth=908620.0000 pred=908620.0 | The numbers in the financial_data are all given in thousands...
  [31/100] CORRECT | truth=97139.0000 pred=91955.0 | The numbers in the financial_data are all given in thousands...
  [40/100] CORRECT | truth=139281.0000 pred=139281.0 | The numbers in the financial_data are all given in thousands...
  [38/100] CORRECT | truth=5107.0000 pred=5107.0 | The numbers in the financial_data are all given in thousands...
  [41/100] WRONG  | truth=44260.0000 pred=44260000.0 | The numbers in the financial_data are all given in thousands...
  [42/100] CORRECT | truth=5728.0000 pred=5728.0 | The numbers in the financial_data are all given in thousands...
  [44/100] CORRECT | truth=174646.0000 pred=174646.0 | The numbers in the financial_data are all given in thousands...
  [43/100] CORRECT | truth=48015.0000 pred=48015.0 | The numbers in the financial_data are all given in thousands...
  [45/100] CORRECT | truth=81659.6000 pred=81659.6 | The numbers in the financial_data are all given in thousands...
  [39/100] CORRECT | truth=56087.0000 pred=56087.0 | The numbers in the financial_data are all given in thousands...
  [35/100] CORRECT | truth=361080.6632 pred=361080.67 | The numbers in the financial_data are all given in thousands...
  [46/100] WRONG  | truth=17468.0000 pred=17468000.0 | The numbers in the financial_data are all given in thousands...
  [48/100] WRONG  | truth=-671235.0000 pred=-671235000.0 | The numbers in the financial_data are all given in thousands...
  [50/100] WRONG  | truth=120513.0000 pred=120513000.0 | The numbers in the financial_data are all given in thousands...
  [49/100] WRONG  | truth=109459.0000 pred=109459000.0 | The numbers in the financial_data are all given in thousands...
  [47/100] CORRECT | truth=21092.0000 pred=21092.0 | The numbers in the financial_data are all given in thousands...
  [51/100] WRONG  | truth=16351.0418 pred=16351081.12 | The numbers in the financial_data are all given in thousands...
  [52/100] WRONG  | truth=79704.0000 pred=79704000.0 | The numbers in the financial_data are all given in thousands...
  [53/100] WRONG  | truth=313251.0000 pred=313251000.0 | The numbers in the financial_data are all given in thousands...
  [55/100] CORRECT | truth=9579.0000 pred=9579.0 | The numbers in the financial_data are all given in thousands...
  [56/100] CORRECT | truth=372880.0000 pred=372880.0 | The numbers in the financial_data are all given in thousands...
  [62/100] CORRECT | truth=36261.0000 pred=36261.0 | The numbers in the financial_data are all given in thousands...
  [57/100] CORRECT | truth=5493.0000 pred=5493.0 | The numbers in the financial_data are all given in thousands...
  [61/100] WRONG  | truth=90063.0000 pred=90063000.0 | The numbers in the financial_data are all given in thousands...
  [63/100] WRONG  | truth=90641.0000 pred=90641000.0 | The numbers in the financial_data are all given in thousands...
  [65/100] CORRECT | truth=10111.0000 pred=10111.0 | The numbers in the financial_data are all given in thousands...
  [59/100] CORRECT | truth=7867.0000 pred=7867.0 | The numbers in the financial_data are all given in thousands...
  [64/100] CORRECT | truth=4365.0000 pred=4365.0 | The numbers in the financial_data are all given in thousands...
  [58/100] WRONG  | truth=288393.0000 pred=288393000.0 | The numbers in the financial_data are all given in thousands...
  [60/100] WRONG  | truth=3263.4166 pred=15461171310000.0 | The numbers in the financial_data are all given in thousands...
  [54/100] WRONG  | truth=-104423.1006 pred=-104423597.58 | The numbers in the financial_data are all given in thousands...
  [66/100] CORRECT | truth=21092.0000 pred=21092.0 | The numbers in the financial_data are all given in thousands...
  [67/100] WRONG  | truth=36694.0000 pred=36694000.0 | The numbers in the financial_data are all given in thousands...
  [71/100] WRONG  | truth=39885.0000 pred=39885000.0 | The numbers in the financial_data are all given in thousands...
  [68/100] CORRECT | truth=37004.0000 pred=37004.0 | The numbers in the financial_data are all given in thousands...
  [70/100] WRONG  | truth=222763.0000 pred=222763000.0 | The numbers in the financial_data are all given in thousands...
  [69/100] CORRECT | truth=14280.5000 pred=14280.5 | The numbers in the financial_data are all given in thousands...
  [77/100] WRONG  | truth=93272.0000 pred=93272000.0 | The numbers in the financial_data are all given in thousands...
  [72/100] CORRECT | truth=1625.0000 pred=1625.0 | The numbers in the financial_data are all given in thousands...
  [73/100] WRONG  | truth=71914.0000 pred=71914000.0 | The numbers in the financial_data are all given in thousands...
  [78/100] CORRECT | truth=491.0000 pred=491.0 | The numbers in the financial_data are all given in thousands...
  [81/100] CORRECT | truth=10608.0000 pred=10608.0 | The numbers in the financial_data are all given in thousands...
  [79/100] CORRECT | truth=22891.0000 pred=22891.0 | The numbers in the financial_data are all given in thousands...
  [74/100] CORRECT | truth=37262.0000 pred=37262.0 | The numbers in the financial_data are all given in thousands...
  [76/100] WRONG  | truth=58326.0000 pred=58326000.0 | The numbers in the financial_data are all given in thousands...
  [80/100] WRONG  | truth=69941.0000 pred=69941000.0 | The numbers in the financial_data are all given in thousands...
  [85/100] CORRECT | truth=5088.0000 pred=5088.0 | The numbers in the financial_data are all given in thousands...
  [82/100] WRONG  | truth=165065.8189 pred=165065575.27 | The numbers in the financial_data are all given in thousands...
  [83/100] CORRECT | truth=11884.0000 pred=11884.0 | The numbers in the financial_data are all given in thousands...
  [86/100] CORRECT | truth=93272.0000 pred=93272.0 | The numbers in the financial_data are all given in thousands...
  [75/100] WRONG  | truth=78096.0000 pred=78096000.0 | The numbers in the financial_data are all given in thousands...
  [87/100] CORRECT | truth=72012.0000 pred=72012.0 | The numbers in the financial_data are all given in thousands...
  [88/100] CORRECT | truth=87989.0000 pred=87989.0 | The numbers in the financial_data are all given in thousands...
  [92/100] CORRECT | truth=26290.0000 pred=26290.0 | The numbers in the financial_data are all given in thousands...
  [91/100] CORRECT | truth=60050.6667 pred=60050.66666666667 | The numbers in the financial_data are all given in thousands...
  [89/100] CORRECT | truth=219929.0000 pred=219929.0 | The numbers in the financial_data are all given in thousands...
  [95/100] CORRECT | truth=14819.0000 pred=14819.0 | The numbers in the financial_data are all given in thousands...
  [93/100] WRONG  | truth=260.3333 pred=260333.33 | The numbers in the financial_data are all given in thousands...
  [94/100] WRONG  | truth=308149.0000 pred=308149000.0 | The numbers in the financial_data are all given in thousands...
  [90/100] WRONG  | truth=463.3248 pred=464273.76 | The numbers in the financial_data are all given in thousands...
  [84/100] CORRECT | truth=514684.0000 pred=514684.0 | The numbers in the financial_data are all given in thousands...
  [96/100] WRONG  | truth=31686.7721 pred=1555200003.08 | The numbers in the financial_data are all given in thousands...
  [99/100] WRONG  | truth=93272.0000 pred=93272000.0 | The numbers in the financial_data are all given in thousands...
  [97/100] CORRECT | truth=5929.5363 pred=5929.52 | The numbers in the financial_data are all given in thousands...
  [98/100] WRONG  | truth=140870.0000 pred=140870000.0 | The numbers in the financial_data are all given in thousands...
  [100/100] WRONG  | truth=346067.0000 pred=346067000.0 | The numbers in the financial_data are all given in thousands...

============================================================
  Model: google/gemma-4-31B-it
============================================================
  10-Q      : 0/0  accuracy = 0.0%  (skipped 0)
  90-Q      : 57/100  accuracy = 57.0%  (skipped 0)
  Multi-turn: 0/0  accuracy = 0.0%  (skipped 0)
  Overall   : 57/100  accuracy = 57.0%
============================================================

Results saved to output_llm/adversarial/scaling_gemma_31b_90q_20260809_003109.json
CSV saved to output_llm/eval_results_20260809_003109.csv
<===== END scaling_gemma_31b_90q =====>
<===== START scaling_gemma_31b_90q | provider=Together | model=google/gemma-4-31B-it | dataset=90q | limit=100 =====>
