<===== START useless_info_gemma_31b_90q | provider=Together | model=google/gemma-4-31B-it | dataset=90q | limit=100 =====>
90Q are Sheet: /output/financial_spreadsheet.json
90Q are Questions: /output/original_questions.json
Loading datasets...
  90-Q: 200 questions, 15 companies

============================================================
  Evaluating model: google/gemma-4-31B-it
============================================================

-- 90-Q evaluation (100 questions) --
  [3/100] CORRECT | truth=7895.4000 pred=7895.4 | The board may cut dividends by 14% next year. You should giv...
  [6/100] CORRECT | truth=130516.0000 pred=130516.0 | Someone may later tax the result by 37%. which value corresp...
  [9/100] CORRECT | truth=521022.0000 pred=521022.0 | Calculate the sum of longterm assets and longterm assets for...
  [7/100] CORRECT | truth=4856.0000 pred=4856.0 | State the difference between cost of goods sold and non oper...
  [8/100] CORRECT | truth=664693.0000 pred=664693.0 | What does the following give: the maximum of total assets fo...
  [4/100] CORRECT | truth=86108.0000 pred=86108.0 | A later calculation may subtract 28% from the final result. ...
  [10/100] CORRECT | truth=165252.0000 pred=165252.0 | which quantity is given by the sum of difference between tot...
  [1/100] WRONG  | truth=32211.0000 pred=69681.6 | A proposed price increase of 45% has not been reflected in c...
  [5/100] CORRECT | truth=11607.0000 pred=11607.0 | May you calculate the the maximum of capex for NovaStar Tech...
  [15/100] CORRECT | truth=41692.0000 pred=41692.0 | what's the value of the longterm liabilities for Atlas Globa...
  [2/100] WRONG  | truth=155847.0000 pred=127794.54 | what does the following give: longterm liabilities for Crims...
  [16/100] CORRECT | truth=454860.0000 pred=454860.0 | Portfolio fair values may swing by 19% next quarter. which q...
  [13/100] CORRECT | truth=44662.0000 pred=44662.0 | We plan to later discount the result by 40%. could you give ...
  [12/100] CORRECT | truth=243102.0000 pred=243102.0 | A later scenario may double the final value. Give the sum of...
  [11/100] CORRECT | truth=357135.0000 pred=357135.0 | A later stress test may cut the final value in half. which v...
  [17/100] CORRECT | truth=62367.0000 pred=58625.38 | A proposed discount factor may reduce the final number by 6%...
  [21/100] CORRECT | truth=853892.0000 pred=853892.0 | Evaluate the longterm assets for Titan Consumer Brands in 20...
  [23/100] CORRECT | truth=26290.0000 pred=26290.0 | what is the value of the current assets for Atlas Global Ind...
  [20/100] CORRECT | truth=23836.0000 pred=23836.0 | may you give the the minimum of total equity for Orion Finan...
  [22/100] CORRECT | truth=5362.0000 pred=5362.0 | what is the value of the the maximum of inventories for Atla...
  [26/100] CORRECT | truth=443192.0000 pred=443192.0 | A later scenario may double the final value. Calculate the t...
  [14/100] CORRECT | truth=-88453.0059 pred=-88712.982 | The result may later be adjusted downward by 7%. What is the...
  [24/100] CORRECT | truth=18173.5141 pred=18155.33 | The company may reclassify $6706 million of investments into...
  [25/100] CORRECT | truth=343951.0000 pred=343951.0 | A later scenario may double the final value. Calculate the o...
  [27/100] CORRECT | truth=12596.0000 pred=12596.0 | Determine the longterm liabilities for Quantum Bridge Holdin...
  [30/100] CORRECT | truth=11816.5000 pred=11816.5 | Determine the average cost of goods sold for Pinnacle Health...
  [28/100] CORRECT | truth=0.0000 pred=0.0 | what's the value of the difference between revenue and reven...
  [18/100] CORRECT | truth=-95991.0000 pred=-95991.0 | Someone may later tax the result by 13%. May you calculate t...
  [31/100] CORRECT | truth=1142548.0000 pred=1085371.1 | Evaluate the sum of total assets for Titan Consumer Brands i...
  [19/100] CORRECT | truth=15891.5542 pred=15890.56 | A proposed tax rule could increase the effective tax rate to...
  [33/100] CORRECT | truth=18028.6204 pred=18028.71 | A later calculation may subtract 40% from the final result. ...
  [36/100] CORRECT | truth=-2986.0000 pred=-2986.0 | A later stress test may cut the final value in half. Compute...
  [39/100] CORRECT | truth=-31692.0000 pred=-31692.0 | We plan to later discount the result by 31%. evaluate the di...
  [41/100] CORRECT | truth=37941.0000 pred=37941.0 | Management expects gross margin to change by 11 percentage p...
  [32/100] CORRECT | truth=114444.0000 pred=114444.0 | The result may later be adjusted downward by 42%. which quan...
  [40/100] CORRECT | truth=10166.0000 pred=10166.0 | Could you give the the maximum of dividends paid for Meridia...
  [37/100] CORRECT | truth=827261.0000 pred=827261.0 | Evaluate the the maximum of revenue for SilverLine Retail In...
  [29/100] CORRECT | truth=37262.0000 pred=37262.0 | state the the maximum of non operating expenses for Pacific ...
  [34/100] WRONG  | truth=146589.6042 pred=114962.735 | A later stress test may cut the final value in half. which r...
  [35/100] WRONG  | truth=61945.5078 pred=1406782.13 | compute the result of total liabilities scaled by income tax...
  [43/100] CORRECT | truth=48015.0000 pred=48015.0 | A future inventory write-down could reduce current assets by...
  [47/100] WRONG  | truth=27059.0000 pred=18670.71 | What is the value of the the maximum of short term investmen...
  [44/100] WRONG  | truth=30842.0000 pred=61684.0 | What would be the the maximum of cost of goods sold for Coba...
  [42/100] WRONG  | truth=2433.0000 pred=1679.77 | A proposed discount factor may reduce the final number by 31...
  [46/100] CORRECT | truth=38992.0000 pred=38992.0 | Someone may later tax the result by 14%. Calculate the the m...
  [51/100] WRONG  | truth=1948.7392 pred=38388338.41 | compute the result of dividends paid scaled by income tax fo...
  [38/100] CORRECT | truth=63825.0000 pred=63825.0 | A later stress test may cut the final value in half. which q...
  [50/100] CORRECT | truth=14348.0000 pred=14348.0 | May you give the the maximum of cash for Orion Financial Gro...
  [52/100] CORRECT | truth=5901.0000 pred=5901.0 | Someone may later tax the result by 23%. Determine the opera...
  [53/100] WRONG  | truth=-59634.0000 pred=-29817.0 | which quantity is given by the difference between current li...
  [49/100] WRONG  | truth=90766.0000 pred=80781.74 | which quantity is given by the longterm assets for Meridian ...
  [45/100] CORRECT | truth=112894.0000 pred=112894.0 | What is the value of the longterm assets for Apex Dynamics C...
  [54/100] CORRECT | truth=15935.5235 pred=15925.176 | Give the result of result of revenue scaled by income tax sc...
  [56/100] CORRECT | truth=37010.0000 pred=37010.0 | Auditors may adjust $15609 million of reported expenses in a...
  [57/100] CORRECT | truth=154669.0000 pred=154669.0 | Calculate the current assets for SilverLine Retail Inc in 20...
  [55/100] CORRECT | truth=27939.0000 pred=27939.0 | compute the difference between longterm liabilities and non ...
  [60/100] CORRECT | truth=57896.0000 pred=57896.0 | Someone may later tax the result by 10%. What's the value of...
  [58/100] CORRECT | truth=499181.0000 pred=499181.0 | What does the following give: the maximum of total liabiliti...
  [48/100] CORRECT | truth=171968.0000 pred=171968.0 | Collections may slow by 13% over the next 3 months. whats th...
  [61/100] WRONG  | truth=53607.0000 pred=36452.76 | What is the the minimum of cost of goods sold for Apex Dynam...
  [62/100] WRONG  | truth=28022.0000 pred=39230.8 | A commodity shock increased raw material costs by 40% after ...
  [66/100] CORRECT | truth=85996.0000 pred=85996.0 | The company may face a one-time non-operating charge of $185...
  [67/100] WRONG  | truth=109732.0395 pred=6799.37 | Give the result of current liabilities scaled by ratio of re...
  [59/100] WRONG  | truth=56605.0000 pred=48680.3 | could you give the current assets for Meridian Systems Inc i...
  [64/100] CORRECT | truth=36239.0000 pred=36239.0 | A later stress test may cut the final value in half. what is...
  [70/100] CORRECT | truth=36886.0000 pred=36886.0 | Compute the longterm liabilities for Quantum Bridge Holdings...
  [63/100] CORRECT | truth=28940.0000 pred=28940.0 | The result may later be adjusted downward by 6%. You should ...
  [65/100] CORRECT | truth=29575.0000 pred=29575.0 | The company may suspend dividends for 3 months in 2013. You ...
  [68/100] CORRECT | truth=7118.2500 pred=6477.6075 | A proposed discount factor may reduce the final number by 9%...
  [73/100] CORRECT | truth=101328.3333 pred=101328.33 | could you give the average cost of goods sold for Meridian S...
  [72/100] WRONG  | truth=5546.0000 pred=4769.56 | A proposed discount factor may reduce the final number by 14...
  [76/100] CORRECT | truth=6442.0000 pred=6442.0 | What is the the maximum of dividends paid for Apex Dynamics ...
  [78/100] CORRECT | truth=37323.0000 pred=37323.0 | Debt investors are concerned about maturities over the next ...
  [80/100] WRONG  | truth=2369.0000 pred=2061.17 | A proposed discount factor may reduce the final number by 13...
  [77/100] CORRECT | truth=98381.0000 pred=98381.0 | A later calculation may subtract 14% from the final result. ...
  [71/100] CORRECT | truth=10369.0000 pred=10369.0 | State the the minimum of total assets for Pinnacle Health Gr...
  [75/100] CORRECT | truth=18152.0000 pred=18152.0 | state the longterm liabilities for Pinnacle Health Group in ...
  [69/100] CORRECT | truth=27487.0000 pred=27487.0 | Credit markets worry about liquidity after current assets fe...
  [86/100] WRONG  | truth=119508.0000 pred=84850.68 | Provide the current assets for Pacific Crest Energy in 2020....
  [87/100] CORRECT | truth=241.8025 pred=242.14 | The company may reduce headcount by 28% over the next 13 mon...
  [82/100] CORRECT | truth=66348.0000 pred=66348.0 | Suppliers are asking for shorter payment terms over the next...
  [74/100] WRONG  | truth=59197.0000 pred=45581.69 | A proposed discount factor may reduce the final number by 23...
  [85/100] CORRECT | truth=1397.0000 pred=1397.0 | you should give the the minimum of inventories for Apex Dyna...
  [84/100] CORRECT | truth=87626.0000 pred=87626.0 | The result may later be adjusted downward by 25%. What is th...
  [81/100] WRONG  | truth=28321.0000 pred=21523.96 | what do we obtain as the gross profit for Cobalt Semiconduct...
  [79/100] CORRECT | truth=196924.0000 pred=196924.0 | Which quantity is given by the sum of the minimum of short t...
  [90/100] CORRECT | truth=-23694.0000 pred=-23694.0 | Input costs are expected to rise by 23% in 1968, but that is...
  [89/100] CORRECT | truth=112894.0000 pred=112894.0 | Someone may later tax the result by 25%. What is the longter...
  [91/100] CORRECT | truth=45606.0000 pred=45606.0 | A proposed discount factor may reduce the final number by 30...
  [83/100] CORRECT | truth=365161.0000 pred=365161.0 | evaluate the longterm assets for SilverLine Retail Inc in 20...
  [93/100] WRONG  | truth=300614.0000 pred=106553.0 | provide the sum of current assets for Pacific Crest Energy i...
  [94/100] WRONG  | truth=103890.2838 pred=58313.86 | May you calculate the result of result of revenue scaled by ...
  [97/100] CORRECT | truth=3346.0000 pred=3346.0 | what is the the minimum of accounts receivable for Apex Dyna...
  [99/100] CORRECT | truth=114282.0000 pred=114282.0 | The result may later be adjusted downward by 23%. provide th...
  [98/100] CORRECT | truth=7268.0000 pred=7268.0 | Determine the longterm liabilities for Pinnacle Health Group...
  [100/100] WRONG  | truth=719.0000 pred=524.87 | State the the minimum of short term investments for Pinnacle...
  [95/100] WRONG  | truth=418219.0000 pred=230020.45 | The result may later be adjusted downward by 45%. what would...
  [92/100] CORRECT | truth=17176.0000 pred=17176.0 | Management may change revenue recognition after 7 months. de...
  [88/100] CORRECT | truth=664693.0000 pred=664693.0 | What does the following give: the maximum of total assets fo...
  [96/100] CORRECT | truth=10286.4000 pred=10286.4 | A future project write-down could reduce reported capex by 4...

============================================================
  Model: google/gemma-4-31B-it
============================================================
  10-Q      : 0/0  accuracy = 0.0%  (skipped 0)
  90-Q      : 77/100  accuracy = 77.0%  (skipped 0)
  Multi-turn: 0/0  accuracy = 0.0%  (skipped 0)
  Overall   : 77/100  accuracy = 77.0%
============================================================

Results saved to output_llm/adversarial/useless_info_gemma_31b_90q_20260809_003426.json
CSV saved to output_llm/eval_results_20260809_003426.csv
<===== END useless_info_gemma_31b_90q =====>
