<===== START depth_5_gemma_31b_90q | provider=Together | model=google/gemma-4-31B-it | dataset=90q | limit=300 =====>
./run_benchmark_matrix.sh: line 102: python: command not found
<===== END depth_5_gemma_31b_90q =====>
<===== START depth_5_gemma_31b_90q | provider=Together | model=google/gemma-4-31B-it | dataset=90q | limit=300 =====>
90Q are Sheet: /output/financial_spreadsheet.json
90Q are Questions: /output/original_questions.json
Loading datasets...
  90-Q: 300 questions, 15 companies

============================================================
  Evaluating model: google/gemma-4-31B-it
============================================================

-- 90-Q evaluation (300 questions) --
  [2/300] CORRECT | truth=131692.0000 pred=131692.0 | Evaluate the the minimum of cost of goods sold for Titan Con...
  [4/300] CORRECT | truth=2425.8000 pred=2425.8 | state the average cash for Pinnacle Health Group across year...
  [1/300] CORRECT | truth=1437.0216 pred=1434.435 | which quantity is given by the result of inventories scaled ...
  [7/300] CORRECT | truth=21026.5000 pred=21026.5 | what is the sum of the maximum of short term investments for...
  [11/300] CORRECT | truth=204446.3235 pred=204443.13725490196 | Compute the result of the maximum of non operating expenses ...
  [13/300] CORRECT | truth=1665.8000 pred=1665.8 | State the average short term investments for Pinnacle Health...
  [12/300] CORRECT | truth=878904.0000 pred=878904.0 | Whats the value of the sum of revenue for ClearPath Logistic...
  [15/300] CORRECT | truth=116761.0978 pred=116648.004 | What do we obtain as the result of the minimum of total liab...
  [16/300] CORRECT | truth=1123.0000 pred=1123.0 | state the the maximum of inventories for Pinnacle Health Gro...
  [17/300] CORRECT | truth=577737.2500 pred=577737.25 | what would be the sum of ratio of sum of sum of sum of reven...
  [20/300] CORRECT | truth=80317.4000 pred=80317.4 | Evaluate the average operating expenses for Titan Consumer B...
  [5/300] CORRECT | truth=112562.0000 pred=112562.0 | what's the value of the the maximum of total equity for Atla...
  [10/300] CORRECT | truth=47755.0000 pred=47755.0 | Give the the minimum of cost of goods sold for Orion Financi...
  [14/300] CORRECT | truth=43443.6000 pred=43443.6 | Which quantity is given by the average current liabilities f...
  [22/300] CORRECT | truth=553885.0000 pred=553885.0 | calculate the the minimum of revenue for SilverLine Retail I...
  [24/300] CORRECT | truth=24802.6000 pred=24802.6 | Evaluate the average inventories for Titan Consumer Brands a...
  [25/300] CORRECT | truth=72012.0000 pred=72012.0 | you should calculate the the maximum of short term investmen...
  [8/300] CORRECT | truth=1397.0000 pred=1397.0 | what is the value of the the minimum of inventories for Apex...
  [18/300] CORRECT | truth=171714.0000 pred=171714.0 | give the sum of longterm assets and revenue for Orion Financ...
  [21/300] WRONG  | truth=945676.6224 pred=771107.51 | what does the following give: sum of result of sum of longte...
  [23/300] WRONG  | truth=80630.4463 pred=-1412175120.0 | what is the difference between sum of dividends paid and cur...
  [6/300] WRONG  | truth=144380.5000 pred=105480.5 | whats the value of the sum of pretax income for ClearPath Lo...
  [26/300] CORRECT | truth=80888.0000 pred=80888.0 | What is the value of the sum of difference between non opera...
  [29/300] CORRECT | truth=-48848.0000 pred=-49848.0 | whats the value of the difference between cost of goods sold...
  [30/300] CORRECT | truth=385097.0000 pred=385097.0 | Provide the sum of ratio of sum of sum of sum of current lia...
  [31/300] CORRECT | truth=56007.0000 pred=56007.0 | what would be the the maximum of revenue for Cobalt Semicond...
  [9/300] CORRECT | truth=374617.8532 pred=374617.3 | which quantity is given by the sum of gross profit for Ironc...
  [19/300] CORRECT | truth=1652.0000 pred=1652.0 | What is the value of the the minimum of inventories for Atla...
  [32/300] CORRECT | truth=292897.0000 pred=292897.0 | evaluate the sum of longterm assets and pretax income for Ti...
  [33/300] CORRECT | truth=80320.0000 pred=80320.0 | whats the value of the the maximum of non operating expenses...
  [36/300] CORRECT | truth=7169.0000 pred=7169.0 | What is the value of the the maximum of capex for Atlas Glob...
  [35/300] CORRECT | truth=51106.0000 pred=51106.0 | Compute the sum of the maximum of short term investments for...
  [3/300] CORRECT | truth=350169.0000 pred=350169.0 | What do we obtain as the sum of longterm assets for Crimson ...
  [41/300] CORRECT | truth=30873.0000 pred=30873.0 | What does the following give: the minimum of accounts receiv...
  [38/300] CORRECT | truth=1795.2000 pred=1795.2 | You should calculate the average accounts receivable for Pin...
  [44/300] CORRECT | truth=13230.1123 pred=13214.6121104523 | which quantity is given by the result of the minimum of tota...
  [39/300] CORRECT | truth=244926.2693 pred=244363.21 | evaluate the result of cash for Titan Consumer Brands in 202...
  [37/300] CORRECT | truth=6070.0000 pred=6070.0 | Could you give the the minimum of cash for Meridian Systems ...
  [45/300] CORRECT | truth=6505.0000 pred=6505.0 | Provide the difference between inventories for Pacific Crest...
  [47/300] CORRECT | truth=139886.0000 pred=139886.0 | which result follows from the the maximum of cash for Ironcl...
  [27/300] CORRECT | truth=36417.0000 pred=36417.0 | You should give the the maximum of accounts receivable for H...
  [48/300] CORRECT | truth=111555.0000 pred=111555.0 | could you give the the minimum of total assets for Meridian ...
  [28/300] CORRECT | truth=47700.0000 pred=47700.0 | you should calculate the the maximum of non operating expens...
  [50/300] CORRECT | truth=15115.0000 pred=15115.0 | Determine the the minimum of revenue for Pinnacle Health Gro...
  [53/300] CORRECT | truth=186854.0000 pred=186854.0 | what's the value of the the maximum of total assets for Atla...
  [34/300] CORRECT | truth=380843.0000 pred=380843.0 | give the sum of difference between revenue and operating inc...
  [54/300] CORRECT | truth=757557.0000 pred=757557.0 | evaluate the the maximum of total liabilities for Titan Cons...
  [40/300] CORRECT | truth=736038.0000 pred=736038.0 | Whats the value of the sum of longterm liabilities for Clear...
  [49/300] CORRECT | truth=43752.0000 pred=43752.0 | What would be the sum of longterm assets and result of divid...
  [46/300] CORRECT | truth=580.1764 pred=580.168 | State the sum of result of the maximum of non operating expe...
  [51/300] CORRECT | truth=26227.0000 pred=26227.0 | which quantity is given by the the maximum of operating expe...
  [58/300] CORRECT | truth=173692.6731 pred=173543.5161412814 | Calculate the result of cash for SilverLine Retail Inc in 20...
  [59/300] CORRECT | truth=6043.0000 pred=6043.0 | What is the the maximum of inventories for Apex Dynamics Cor...
  [56/300] CORRECT | truth=125778.0000 pred=125778.0 | Could you give the the maximum of cost of goods sold for Mer...
  [42/300] CORRECT | truth=7169.0000 pred=7169.0 | what's the value of the the maximum of capex for Atlas Globa...
  [55/300] CORRECT | truth=57899.0000 pred=57899.0 | Which quantity is given by the sum of the minimum of short t...
  [43/300] CORRECT | truth=177654.2000 pred=177654.2 | which quantity is given by the average revenue for Meridian ...
  [65/300] CORRECT | truth=5816.0000 pred=5816.0 | May you give the the minimum of short term investments for O...
  [64/300] CORRECT | truth=46971.8000 pred=46971.8 | What's the value of the average cost of goods sold for Atlas...
  [52/300] WRONG  | truth=-160070.9202 pred=-16367.37 | what does the following give: result of the maximum of opera...
  [66/300] CORRECT | truth=180584.0000 pred=180584.0 | You should give the sum of the maximum of total liabilities ...
  [62/300] CORRECT | truth=4414.6000 pred=4414.6 | what would be the average short term investments for Cobalt ...
  [63/300] CORRECT | truth=48271.0000 pred=48271.0 | compute the sum of pretax income and longterm assets for Qua...
  [67/300] CORRECT | truth=12957.0000 pred=12957.0 | you should give the the minimum of operating expenses for No...
  [70/300] CORRECT | truth=87626.0000 pred=87626.0 | what is the value of the the maximum of total liabilities fo...
  [73/300] CORRECT | truth=43130.0000 pred=43130.0 | may you calculate the the minimum of total liabilities for N...
  [57/300] CORRECT | truth=16807.6000 pred=16807.6 | provide the average accounts receivable for Pacific Crest En...
  [74/300] CORRECT | truth=332993.0000 pred=332993.0 | Whats the value of the difference between longterm assets an...
  [72/300] WRONG  | truth=1162.7245 pred=-0.444536 | you should calculate the sum of short term investments and r...
  [76/300] CORRECT | truth=667765.0000 pred=667765.0 | you should calculate the the maximum of total equity for Tit...
  [75/300] CORRECT | truth=1561.0000 pred=1561.0 | Could you give the the minimum of dividends paid for Meridia...
  [77/300] CORRECT | truth=15773.0000 pred=15773.0 | Which value corresponds to the the minimum of non operating ...
  [68/300] WRONG  | truth=840782.3333 pred=202995.67 | Whats the value of the difference between sum of revenue for...
  [79/300] CORRECT | truth=1477.0000 pred=1477.0 | Determine the the minimum of short term investments for Quan...
  [60/300] CORRECT | truth=26942.0000 pred=26942.0 | provide the sum of non operating expenses for Pacific Crest ...
  [61/300] WRONG  | truth=-74983.0000 pred=36958.0 | May you calculate the difference between the maximum of divi...
  [81/300] CORRECT | truth=4243.0000 pred=4243.0 | what do we obtain as the the minimum of operating expenses f...
  [84/300] CORRECT | truth=35247.0000 pred=35247.0 | What does the following give: the maximum of inventories for...
  [71/300] CORRECT | truth=32151.0000 pred=32151.0 | evaluate the the minimum of operating expenses for SilverLin...
  [83/300] CORRECT | truth=941051.0000 pred=941051.0 | you should calculate the sum of longterm assets for Titan Co...
  [82/300] WRONG  | truth=-1062298.3412 pred=3608.79 | Could you give the difference between pretax income and resu...
  [85/300] CORRECT | truth=194386.0000 pred=194386.0 | What's the value of the sum of ratio of sum of total assets ...
  [90/300] CORRECT | truth=12073.0000 pred=12073.0 | which result follows from the the minimum of short term inve...
  [87/300] CORRECT | truth=62984.0000 pred=62984.0 | What does the following give: the minimum of current liabili...
  [89/300] CORRECT | truth=4908.0000 pred=4908.0 | May you give the the minimum of short term investments for N...
  [91/300] CORRECT | truth=77316.0000 pred=77316.0 | whats the value of the the maximum of short term investments...
  [80/300] WRONG  | truth=29782.3778 pred=22951.342343250522 | what would be the result of longterm assets scaled by ratio ...
  [88/300] CORRECT | truth=-64759.0000 pred=-64759.0 | you should calculate the difference between longterm liabili...
  [94/300] CORRECT | truth=12599.0000 pred=12599.0 | Whats the value of the average inventories for ClearPath Log...
  [96/300] CORRECT | truth=80451.0000 pred=80451.0 | calculate the the maximum of inventories for SilverLine Reta...
  [97/300] CORRECT | truth=38887.0000 pred=38887.0 | what does the following give: the maximum of capex for Crims...
  [93/300] CORRECT | truth=80451.0000 pred=80451.0 | Calculate the the maximum of inventories for SilverLine Reta...
  [95/300] CORRECT | truth=6426.0000 pred=6426.0 | State the difference between longterm liabilities and sum of...
  [98/300] CORRECT | truth=26297.2433 pred=26297.25 | could you give the result of short term investments scaled b...
  [69/300] CORRECT | truth=144317.7500 pred=144317.75 | which quantity is given by the sum of ratio of sum of sum of...
  [101/300] CORRECT | truth=11427.0000 pred=11427.0 | which result follows from the the minimum of capex for Ironc...
  [78/300] CORRECT | truth=176341.0000 pred=176341.0 | Compute the sum of sum of total liabilities and current asse...
  [86/300] CORRECT | truth=4243.0000 pred=4243.0 | What would be the the minimum of operating expenses for Coba...
  [105/300] CORRECT | truth=45287.0000 pred=45287.0 | whats the value of the the maximum of capex for ClearPath Lo...
  [103/300] WRONG  | truth=144226.6667 pred=197172.0 | which value corresponds to the sum of longterm assets for He...
  [104/300] WRONG  | truth=1633.6000 pred=5095.0 | May you give the average dividends paid for NovaStar Technol...
  [100/300] CORRECT | truth=2651.3511 pred=2652.46 | What would be the result of ratio of sum of sum of revenue f...
  [108/300] CORRECT | truth=98150.0000 pred=98150.0 | Determine the average total assets for Quantum Bridge Holdin...
  [107/300] CORRECT | truth=32678.0000 pred=32678.0 | you should give the the minimum of accounts receivable for T...
  [110/300] CORRECT | truth=30873.0000 pred=30873.0 | what does the following give: the minimum of accounts receiv...
  [106/300] CORRECT | truth=-119118.0000 pred=-119118.0 | Provide the difference between pretax income and longterm as...
  [109/300] CORRECT | truth=151433.0000 pred=151433.0 | whats the value of the difference between longterm assets an...
  [112/300] CORRECT | truth=2868.0000 pred=2868.0 | State the average operating expenses for Pinnacle Health Gro...
  [113/300] CORRECT | truth=4908.0000 pred=4908.0 | May you calculate the the minimum of short term investments ...
  [111/300] CORRECT | truth=283754.0000 pred=283754.0 | may you calculate the sum of sum of gross profit and current...
  [117/300] CORRECT | truth=339437.0000 pred=339437.0 | Give the the maximum of total assets for Pacific Crest Energ...
  [116/300] CORRECT | truth=41213.0000 pred=41213.0 | determine the the maximum of total assets for Pinnacle Healt...
  [114/300] CORRECT | truth=292597.7500 pred=292597.75 | you should give the difference between ratio of sum of sum o...
  [120/300] CORRECT | truth=58986.8000 pred=58986.8 | Which result follows from the average non operating expenses...
  [102/300] CORRECT | truth=81788.0000 pred=81788.0 | which value corresponds to the the minimum of total liabilit...
  [123/300] CORRECT | truth=157508.0000 pred=157508.0 | Which quantity is given by the sum of longterm assets for Me...
  [125/300] CORRECT | truth=6279.0000 pred=6279.0 | You should calculate the the maximum of capex for Quantum Br...
  [118/300] WRONG  | truth=13757.5310 pred=17367.13 | Which value corresponds to the result of ratio of sum of sum...
  [124/300] WRONG  | truth=325881.9593 pred=64053.78 | you should give the result of capex for Helix BioSciences in...
  [126/300] CORRECT | truth=248300.0000 pred=248300.0 | which result follows from the sum of longterm assets and acc...
  [127/300] CORRECT | truth=694091.0000 pred=694091.0 | evaluate the sum of the maximum of cost of goods sold for Ti...
  [130/300] CORRECT | truth=67863.0000 pred=67863.0 | Give the the minimum of total assets for Orion Financial Gro...
  [129/300] CORRECT | truth=24683.4000 pred=24683.4 | whats the value of the average capex for ClearPath Logistics...
  [99/300] CORRECT | truth=-221701.0000 pred=-221701.0 | what do we obtain as the difference between short term inves...
  [121/300] CORRECT | truth=-220267.5965 pred=-220286.76 | Which value corresponds to the sum of sum of result of total...
  [134/300] CORRECT | truth=-59642.0000 pred=-59642.0 | May you give the difference between inventories for Orion Fi...
  [132/300] CORRECT | truth=122930.4000 pred=122930.4 | compute the average operating expenses for SilverLine Retail...
  [131/300] CORRECT | truth=1099709.0345 pred=1097461.74 | Which value corresponds to the sum of the maximum of cost of...
  [136/300] CORRECT | truth=17260.0000 pred=17260.0 | what does the following give: the minimum of inventories for...
  [135/300] CORRECT | truth=4078.0000 pred=4078.0 | what is the value of the the minimum of capex for Atlas Glob...
  [140/300] CORRECT | truth=130855.6000 pred=130855.6 | compute the average current liabilities for SilverLine Retai...
  [139/300] CORRECT | truth=13623.0000 pred=13623.0 | what do we obtain as the the maximum of operating expenses f...
  [92/300] CORRECT | truth=790839.3333 pred=790839.3333333334 | What's the value of the sum of dividends paid for ClearPath ...
  [141/300] CORRECT | truth=211708.0000 pred=211708.0 | May you give the sum of longterm assets and non operating ex...
  [137/300] CORRECT | truth=142085.0000 pred=142085.0 | May you give the the maximum of revenue for Orion Financial ...
  [128/300] CORRECT | truth=9166.0000 pred=9166.0 | Evaluate the the minimum of inventories for Titan Consumer B...
  [122/300] CORRECT | truth=338824.0000 pred=338824.0 | you should calculate the the maximum of current liabilities ...
  [145/300] CORRECT | truth=85983.0000 pred=85983.0 | give the the maximum of cost of goods sold for Orion Financi...
  [115/300] WRONG  | truth=1271699.6989 pred=485492.885 | what is the sum of result of sum of gross profit and gross p...
  [148/300] CORRECT | truth=130298.0000 pred=130298.0 | evaluate the the maximum of cash for SilverLine Retail Inc u...
  [146/300] CORRECT | truth=403888.0000 pred=403888.0 | whats the value of the sum of longterm assets and current li...
  [142/300] CORRECT | truth=12598.0000 pred=12598.0 | What do we obtain as the the maximum of cash for Cobalt Semi...
  [152/300] CORRECT | truth=65373.0000 pred=65373.0 | What do we obtain as the the maximum of short term investmen...
  [150/300] CORRECT | truth=27359.8000 pred=27359.8 | Provide the average operating expenses for Pacific Crest Ene...
  [143/300] WRONG  | truth=-4959.1111 pred=1323.35 | state the result of cash scaled by ratio of difference betwe...
  [154/300] CORRECT | truth=204759.0000 pred=204759.0 | what do we obtain as the the minimum of cost of goods sold f...
  [133/300] CORRECT | truth=23856.0000 pred=23856.0 | May you calculate the the maximum of accounts receivable for...
  [151/300] CORRECT | truth=550259.0000 pred=550259.0 | What does the following give: sum of sum of sum of the minim...
  [153/300] CORRECT | truth=-474449.0000 pred=-474449.0 | What do we obtain as the difference between the maximum of c...
  [155/300] CORRECT | truth=985558.3679 pred=985218.5 | Which result follows from the sum of result of the maximum o...
  [138/300] CORRECT | truth=311112.0000 pred=311112.0 | provide the sum of sum of capex and gross profit and longter...
  [156/300] CORRECT | truth=30958.6720 pred=30957.46 | What would be the sum of total equity for Cobalt Semiconduct...
  [160/300] CORRECT | truth=16466.0000 pred=16466.0 | May you calculate the the maximum of capex for NovaStar Tech...
  [158/300] CORRECT | truth=41213.0000 pred=41213.0 | Determine the the maximum of total assets for Pinnacle Healt...
  [147/300] CORRECT | truth=-213.0000 pred=-213.0 | Compute the difference between total equity for Quantum Brid...
  [149/300] CORRECT | truth=439316.0000 pred=439316.0 | What do we obtain as the sum of the maximum of short term in...
  [162/300] CORRECT | truth=243369.0000 pred=243369.0 | Evaluate the sum of the maximum of dividends paid for Titan ...
  [163/300] CORRECT | truth=17384.0000 pred=17384.0 | you should calculate the the minimum of capex for Titan Cons...
  [144/300] CORRECT | truth=45287.0000 pred=45287.0 | whats the value of the the maximum of capex for ClearPath Lo...
  [165/300] CORRECT | truth=27925.0000 pred=27925.0 | Which value corresponds to the the maximum of short term inv...
  [166/300] CORRECT | truth=910313.0000 pred=910313.0 | What does the following give: sum of the maximum of revenue ...
  [119/300] CORRECT | truth=-127703.5000 pred=-127703.5 | May you give the difference between ratio of sum of cash for...
  [157/300] WRONG  | truth=8767.5489 pred=366.445 | give the result of ratio of sum of inventories for Pacific C...
  [170/300] CORRECT | truth=4628.0000 pred=4628.0 | What is the average capex for Apex Dynamics Corp across year...
  [168/300] CORRECT | truth=350855.0000 pred=350855.0 | May you calculate the sum of the maximum of revenue for Nova...
  [161/300] CORRECT | truth=27212.0782 pred=27200.98 | State the result of pretax income for Pacific Crest Energy i...
  [169/300] WRONG  | truth=160590.5000 pred=84693.0 | What is the sum of longterm assets for Apex Dynamics Corp in...
  [164/300] CORRECT | truth=87626.0000 pred=87626.0 | What is the value of the the maximum of total liabilities fo...
  [172/300] CORRECT | truth=23773.4058 pred=23706.8 | Could you give the sum of the maximum of non operating expen...
  [171/300] WRONG  | truth=272932.0903 pred=68654845635.63 | Could you give the sum of sum of the maximum of total assets...
  [167/300] CORRECT | truth=87989.0000 pred=87989.0 | you should give the the minimum of revenue for Orion Financi...
  [176/300] CORRECT | truth=28364.0000 pred=28364.0 | which value corresponds to the the maximum of capex for Heli...
  [179/300] CORRECT | truth=28979.0000 pred=28979.0 | which result follows from the average accounts receivable fo...
  [175/300] WRONG  | truth=1040.7606 pred=12730466.16 | give the result of gross profit scaled by ratio of current a...
  [180/300] CORRECT | truth=63362.0000 pred=63362.0 | you should give the the minimum of non operating expenses fo...
  [182/300] CORRECT | truth=153784.6000 pred=153784.6 | Give the average total assets for Orion Financial Group acro...
  [181/300] CORRECT | truth=46315.0000 pred=46315.0 | what is the sum of the maximum of accounts receivable for Ap...
  [183/300] CORRECT | truth=-206380.0000 pred=-206380.0 | which result follows from the difference between short term ...
  [159/300] CORRECT | truth=437826.0000 pred=437826.0 | what do we obtain as the the minimum of total assets for Cri...
  [174/300] CORRECT | truth=0.0000 pred=0.0 | State the the minimum of dividends paid for Pinnacle Health ...
  [177/300] CORRECT | truth=64377.6667 pred=64377.66666666667 | evaluate the sum of ratio of sum of sum of capex for Titan C...
  [184/300] CORRECT | truth=394.0000 pred=394.0 | determine the the minimum of capex for Pinnacle Health Group...
  [173/300] CORRECT | truth=9253.0000 pred=9253.0 | Which result follows from the the minimum of cash for Ironcl...
  [185/300] CORRECT | truth=10975.0000 pred=10975.0 | May you calculate the the minimum of accounts receivable for...
  [189/300] CORRECT | truth=251576.0000 pred=251576.0 | May you calculate the sum of the maximum of revenue for Nova...
  [188/300] CORRECT | truth=270988.0000 pred=270988.0 | what does the following give: average total equity for Crims...
  [191/300] CORRECT | truth=97887.0000 pred=97887.0 | Which value corresponds to the the maximum of current liabil...
  [192/300] CORRECT | truth=214246.7500 pred=214246.75 | provide the sum of the minimum of non operating expenses for...
  [186/300] CORRECT | truth=34209.0000 pred=34209.0 | State the sum of sum of current assets and revenue for Pinna...
  [187/300] CORRECT | truth=289943.0000 pred=289943.0 | which value corresponds to the sum of longterm assets and pr...
  [195/300] CORRECT | truth=12201.0000 pred=12201.0 | Give the the minimum of operating expenses for Orion Financi...
  [196/300] CORRECT | truth=125778.0000 pred=125778.0 | which quantity is given by the the maximum of cost of goods ...
  [199/300] CORRECT | truth=1477.0000 pred=1477.0 | compute the the minimum of short term investments for Quantu...
  [201/300] CORRECT | truth=-298837.0000 pred=-298837.0 | which result follows from the difference between inventories...
  [203/300] WRONG  | truth=555709.0000 pred=2022.0 | Calculate the sum of the minimum of total liabilities for Si...
  [202/300] CORRECT | truth=11621.0000 pred=11621.0 | you should calculate the average total liabilities for Pinna...
  [197/300] CORRECT | truth=203144.0000 pred=203144.0 | may you give the sum of sum of longterm liabilities for Orio...
  [190/300] CORRECT | truth=4671.0000 pred=4671.0 | provide the the minimum of cash for Pacific Crest Energy usi...
  [194/300] CORRECT | truth=678315.2000 pred=678315.2 | What does the following give: average revenue for Crimson Ph...
  [178/300] CORRECT | truth=25963.0377 pred=25945.657 | what's the value of the result of cash for Atlas Global Indu...
  [205/300] WRONG  | truth=-49670.6454 pred=-1.92556 | what's the value of the difference between inventories and r...
  [193/300] CORRECT | truth=87453.0736 pred=87452.75 | whats the value of the result of total equity for ClearPath ...
  [211/300] CORRECT | truth=131903.0000 pred=131903.0 | which result follows from the the minimum of total equity fo...
  [206/300] CORRECT | truth=127023.0000 pred=127023.0 | What is the sum of longterm assets for Apex Dynamics Corp in...
  [207/300] CORRECT | truth=-434162.0000 pred=-434162.0 | Which result follows from the difference between pretax inco...
  [198/300] CORRECT | truth=221593.0000 pred=221593.0 | Which quantity is given by the the maximum of current liabil...
  [213/300] CORRECT | truth=6081.0000 pred=6081.0 | Give the average inventories for Orion Financial Group acros...
  [204/300] CORRECT | truth=1477.0000 pred=1477.0 | Determine the the minimum of short term investments for Quan...
  [214/300] CORRECT | truth=47700.0000 pred=47700.0 | which result follows from the the maximum of non operating e...
  [216/300] CORRECT | truth=63198.0000 pred=63198.0 | whats the value of the the minimum of current liabilities fo...
  [200/300] CORRECT | truth=28556.2000 pred=28556.2 | which quantity is given by the average cash for Meridian Sys...
  [215/300] CORRECT | truth=249847.0000 pred=249847.0 | May you calculate the sum of longterm assets and operating i...
  [209/300] CORRECT | truth=12598.0000 pred=12598.0 | what would be the the maximum of cash for Cobalt Semiconduct...
  [210/300] CORRECT | truth=26091.0000 pred=26091.0 | which result follows from the the maximum of inventories for...
  [218/300] CORRECT | truth=160664.6667 pred=160664.66666666666 | you should calculate the sum of the minimum of inventories f...
  [220/300] CORRECT | truth=8135.0000 pred=8135.0 | you should calculate the the minimum of current liabilities ...
  [222/300] CORRECT | truth=34132.0000 pred=34132.0 | Which result follows from the the maximum of capex for Ironc...
  [217/300] CORRECT | truth=405886.2000 pred=405886.2 | you should calculate the average total equity for Titan Cons...
  [225/300] CORRECT | truth=47700.0000 pred=47700.0 | Which value corresponds to the the maximum of non operating ...
  [208/300] CORRECT | truth=53979.0000 pred=53979.0 | Compute the sum of current liabilities for Quantum Bridge Ho...
  [228/300] CORRECT | truth=63154.0606 pred=63135.21 | give the result of cash for Orion Financial Group in 2025 sc...
  [223/300] CORRECT | truth=462112.6667 pred=462112.6666666667 | whats the value of the sum of ratio of sum of sum of dividen...
  [212/300] WRONG  | truth=95464.9183 pred=750218.8 | You should calculate the result of the minimum of current li...
  [226/300] WRONG  | truth=9547.0000 pred=-9547.0 | compute the sum of difference between current assets and cur...
  [231/300] CORRECT | truth=27950.0000 pred=27950.0 | Determine the sum of pretax income for Quantum Bridge Holdin...
  [227/300] CORRECT | truth=15969.8000 pred=15969.8 | you should calculate the average non operating expenses for ...
  [232/300] WRONG  | truth=5973.4912 pred=13747.46 | what do we obtain as the result of longterm liabilities for ...
  [233/300] CORRECT | truth=59865.0000 pred=59865.0 | evaluate the the maximum of short term investments for Silve...
  [235/300] CORRECT | truth=11339.6000 pred=11339.6 | What is the average non operating expenses for Apex Dynamics...
  [224/300] CORRECT | truth=18276.2000 pred=18276.2 | may you give the average short term investments for Orion Fi...
  [229/300] CORRECT | truth=4705.1545 pred=4705.15 | What do we obtain as the result of the minimum of cash for C...
  [237/300] CORRECT | truth=12598.0000 pred=12598.0 | you should give the the maximum of cash for Cobalt Semicondu...
  [234/300] CORRECT | truth=308992.0000 pred=308992.0 | provide the sum of sum of the maximum of short term investme...
  [230/300] CORRECT | truth=37971.8000 pred=37971.8 | which quantity is given by the average current liabilities f...
  [219/300] CORRECT | truth=21588.2000 pred=21588.2 | may you calculate the average operating expenses for NovaSta...
  [240/300] CORRECT | truth=107884.0000 pred=107884.0 | may you give the the minimum of revenue for NovaStar Technol...
  [241/300] CORRECT | truth=17190.0000 pred=17190.0 | what would be the difference between the maximum of cost of ...
  [239/300] CORRECT | truth=21171.0000 pred=21171.0 | provide the sum of the minimum of cash for Pacific Crest Ene...
  [242/300] CORRECT | truth=259892.8000 pred=259892.8 | which value corresponds to the average total assets for Heli...
  [246/300] CORRECT | truth=334777.0000 pred=334777.0 | Provide the sum of longterm assets and sum of total assets a...
  [247/300] CORRECT | truth=35455.0000 pred=35455.0 | state the sum of difference between longterm liabilities and...
  [248/300] CORRECT | truth=36087.0000 pred=36087.0 | what is the sum of the maximum of operating expenses for Ape...
  [249/300] CORRECT | truth=118705.7500 pred=118705.75 | Which quantity is given by the sum of the maximum of total e...
  [252/300] CORRECT | truth=376935.0000 pred=376935.0 | What's the value of the sum of capex and longterm assets for...
  [253/300] CORRECT | truth=7753.0000 pred=7753.0 | what's the value of the the maximum of accounts receivable f...
  [250/300] CORRECT | truth=2064.6000 pred=2064.6 | What would be the average inventories for Cobalt Semiconduct...
  [244/300] CORRECT | truth=3346.4000 pred=3346.4 | What would be the average short term investments for Cobalt ...
  [236/300] CORRECT | truth=15773.0000 pred=15773.0 | which value corresponds to the the minimum of non operating ...
  [256/300] CORRECT | truth=131739.0000 pred=131739.0 | you should calculate the sum of longterm assets and accounts...
  [254/300] CORRECT | truth=259892.8000 pred=259892.8 | which value corresponds to the average total assets for Heli...
  [258/300] CORRECT | truth=1035938.0000 pred=1035938.0 | Evaluate the sum of longterm assets and gross profit for Tit...
  [260/300] CORRECT | truth=24652.0000 pred=24652.0 | what does the following give: the maximum of dividends paid ...
  [245/300] CORRECT | truth=757557.0000 pred=757557.0 | evaluate the the maximum of total liabilities for Titan Cons...
  [251/300] CORRECT | truth=65373.0000 pred=65373.0 | What does the following give: the maximum of short term inve...
  [257/300] CORRECT | truth=37262.0000 pred=37262.0 | Provide the the maximum of non operating expenses for Pacifi...
  [221/300] WRONG  | truth=65301.6667 pred=0.146628 | what is the sum of ratio of sum of sum of non operating expe...
  [264/300] CORRECT | truth=27333.0000 pred=27333.0 | Which value corresponds to the the minimum of current liabil...
  [262/300] CORRECT | truth=50112.8000 pred=50112.8 | what is the average cost of goods sold for Apex Dynamics Cor...
  [261/300] WRONG  | truth=1067.8879 pred=540.84 | Could you give the result of the minimum of dividends paid f...
  [259/300] CORRECT | truth=86155.6000 pred=86155.6 | May you calculate the average total equity for NovaStar Tech...
  [238/300] CORRECT | truth=44284.0000 pred=44284.0 | you should calculate the the maximum of dividends paid for T...
  [263/300] CORRECT | truth=645846.0000 pred=645846.0 | whats the value of the sum of longterm assets for ClearPath ...
  [267/300] CORRECT | truth=1477.0000 pred=1477.0 | Compute the the minimum of short term investments for Quantu...
  [269/300] CORRECT | truth=-41055.0000 pred=-41055.0 | What would be the difference between cash and longterm asset...
  [271/300] CORRECT | truth=35919.6000 pred=35919.6 | What does the following give: average short term investments...
  [255/300] CORRECT | truth=1025361.5099 pred=1025294.31 | could you give the result of gross profit for Meridian Syste...
  [274/300] CORRECT | truth=4365.0000 pred=4365.0 | What's the value of the the minimum of dividends paid for Cl...
  [243/300] WRONG  | truth=2527.4063 pred=0.02144 | Determine the result of ratio of sum of sum of sum of accoun...
  [276/300] CORRECT | truth=5564.5000 pred=5564.5 | State the difference between current liabilities for Pinnacl...
  [265/300] CORRECT | truth=2682.0000 pred=2682.0 | Determine the the maximum of accounts receivable for Pinnacl...
  [275/300] WRONG  | truth=5496.0000 pred=1224.0 | state the difference between difference between accounts rec...
  [268/300] CORRECT | truth=101392.0000 pred=101392.0 | calculate the the maximum of accounts receivable for SilverL...
  [273/300] CORRECT | truth=541958.7500 pred=541958.75 | Evaluate the sum of ratio of sum of sum of sum of total liab...
  [282/300] CORRECT | truth=23315.0000 pred=23315.0 | Which quantity is given by the average capex for Ironclad Ma...
  [283/300] CORRECT | truth=100290.0000 pred=100290.0 | may you calculate the sum of difference between gross profit...
  [278/300] CORRECT | truth=210501.9099 pred=210016.02 | what's the value of the result of longterm liabilities for A...
  [280/300] CORRECT | truth=4248.0000 pred=4248.0 | what would be the the maximum of dividends paid for Cobalt S...
  [277/300] CORRECT | truth=13623.0000 pred=13623.0 | what do we obtain as the the maximum of operating expenses f...
  [279/300] CORRECT | truth=381473.0000 pred=381473.0 | what do we obtain as the the maximum of total equity for Cri...
  [270/300] CORRECT | truth=112562.0000 pred=112562.0 | what's the value of the the maximum of total equity for Atla...
  [286/300] WRONG  | truth=-2786.0188 pred=-2633264.3 | Give the result of sum of gross profit and short term invest...
  [289/300] CORRECT | truth=126971.0000 pred=126971.0 | Provide the difference between longterm assets and total equ...
  [284/300] CORRECT | truth=443192.0000 pred=443192.0 | evaluate the the maximum of total liabilities for SilverLine...
  [288/300] CORRECT | truth=234572.0000 pred=234572.0 | could you give the the maximum of total assets for Meridian ...
  [293/300] CORRECT | truth=499181.0000 pred=499181.0 | What do we obtain as the the maximum of total liabilities fo...
  [281/300] CORRECT | truth=87804.0000 pred=87804.0 | what is the difference between longterm assets and gross pro...
  [292/300] CORRECT | truth=-4555.0000 pred=-4555.0 | What is the value of the sum of the minimum of capex for Atl...
  [296/300] CORRECT | truth=9253.0000 pred=9253.0 | which quantity is given by the the minimum of cash for Ironc...
  [297/300] CORRECT | truth=12862.4000 pred=12862.4 | whats the value of the average dividends paid for ClearPath ...
  [295/300] WRONG  | truth=-99221.5940 pred=-3.841 | may you give the sum of longterm liabilities and result of g...
  [285/300] CORRECT | truth=-92559.2500 pred=-92559.25 | What does the following give: difference between ratio of su...
  [298/300] CORRECT | truth=206177.0000 pred=206177.0 | provide the sum of the minimum of cost of goods sold for Pac...
  [299/300] CORRECT | truth=60836.0000 pred=60836.0 | Compute the the maximum of total equity for Quantum Bridge H...
  [287/300] CORRECT | truth=52043.8000 pred=52043.8 | whats the value of the average short term investments for Cl...
  [294/300] CORRECT | truth=57819.0000 pred=57819.0 | what would be the the maximum of total liabilities for Cobal...
  [290/300] CORRECT | truth=144544.0063 pred=144449.57 | which quantity is given by the result of inventories for Mer...
  [266/300] WRONG  | truth=380.5907 pred=6438371.1 | which result follows from the result of ratio of sum of sum ...
  [300/300] CORRECT | truth=140885.0000 pred=140885.0 | whats the value of the sum of the minimum of cash for ClearP...
  [291/300] CORRECT | truth=20731.0000 pred=20731.0 | compute the the minimum of total liabilities for Quantum Bri...
  [272/300] CORRECT | truth=1576310.7571 pred=1576309.77 | Evaluate the sum of the minimum of revenue for Titan Consume...

============================================================
  Model: google/gemma-4-31B-it
============================================================
  10-Q      : 0/0  accuracy = 0.0%  (skipped 0)
  90-Q      : 269/300  accuracy = 89.7%  (skipped 0)
  Multi-turn: 0/0  accuracy = 0.0%  (skipped 0)
  Overall   : 269/300  accuracy = 89.7%
============================================================

Results saved to output_llm/last_runs_9th_aug_after_21/depths/depth_5_gemma_31b_90q_20260809_222308.json
CSV saved to output_llm/eval_results_20260809_222308.csv
<===== END depth_5_gemma_31b_90q =====>
