<===== START depth_6_gemma_31b_90q | provider=Together | model=google/gemma-4-31B-it | dataset=90q | limit=300 =====>
./run_benchmark_matrix.sh: line 102: python: command not found
<===== END depth_6_gemma_31b_90q =====>
<===== START depth_6_gemma_31b_90q | provider=Together | model=google/gemma-4-31B-it | dataset=90q | limit=300 =====>
90Q are Sheet: /output/financial_spreadsheet.json
90Q are Questions: /output/original_questions.json
Loading datasets...
  90-Q: 300 questions, 15 companies

============================================================
  Evaluating model: google/gemma-4-31B-it
============================================================

-- 90-Q evaluation (300 questions) --
  [9/300] CORRECT | truth=68008.3333 pred=68008.33333333333 | what's the value of the average non operating expenses for C...
  [3/300] WRONG  | truth=18694.0000 pred=4628.0 | what is the sum of current assets for Apex Dynamics Corp in ...
  [11/300] CORRECT | truth=33803.0000 pred=33803.0 | What do we obtain as the average short term investments for ...
  [1/300] CORRECT | truth=2888.0000 pred=2888.0 | what do we obtain as the sum of result of longterm liabiliti...
  [13/300] CORRECT | truth=70585.8333 pred=70585.8333 | could you give the average total equity for Meridian Systems...
  [6/300] CORRECT | truth=33172.8000 pred=33172.8 | What do we obtain as the sum of gross profit for Cobalt Semi...
  [12/300] WRONG  | truth=2006.6920 pred=502.0865771034344 | which result follows from the result of operating income for...
  [2/300] CORRECT | truth=192812.5000 pred=192812.5 | Evaluate the average current liabilities for Titan Consumer ...
  [8/300] WRONG  | truth=225310.7864 pred=152121.3 | compute the sum of sum of pretax income for Quantum Bridge H...
  [16/300] CORRECT | truth=91957.3333 pred=91957.33333333333 | could you give the average total liabilities for Meridian Sy...
  [19/300] CORRECT | truth=31278.1667 pred=31278.166666666668 | What is the average current liabilities for Apex Dynamics Co...
  [18/300] CORRECT | truth=74533.5194 pred=74539.27 | provide the sum of current assets and result of capex scaled...
  [21/300] CORRECT | truth=2429.3665 pred=2428.2812716218 | determine the result of capex for Pinnacle Health Group in 2...
  [14/300] CORRECT | truth=71648.0000 pred=71648.0 | determine the sum of the maximum of capex for Quantum Bridge...
  [5/300] CORRECT | truth=1118.3333 pred=1118.3333333333333 | what do we obtain as the average dividends paid for Cobalt S...
  [25/300] CORRECT | truth=82758.0000 pred=82758.0 | What is the sum of the maximum of total equity for Apex Dyna...
  [17/300] CORRECT | truth=1920.8333 pred=1920.8333333333333 | what is the average dividends paid for Apex Dynamics Corp ac...
  [23/300] WRONG  | truth=-30741.6301 pred=-203564.4 | whats the value of the sum of total liabilities and sum of l...
  [24/300] CORRECT | truth=50982.6667 pred=50982.67 | what does the following give: average accounts receivable fo...
  [26/300] CORRECT | truth=462.3994 pred=462.41525 | may you calculate the result of total equity for NovaStar Te...
  [22/300] CORRECT | truth=92051.5000 pred=92051.5 | What is the average total liabilities for Apex Dynamics Corp...
  [7/300] CORRECT | truth=107340.0000 pred=107340.0 | What's the value of the sum of difference between the maximu...
  [4/300] CORRECT | truth=751431.2500 pred=751431.25 | What's the value of the sum of the maximum of cost of goods ...
  [10/300] CORRECT | truth=74297.8333 pred=74297.83333333333 | You should calculate the average operating expenses for Tita...
  [31/300] CORRECT | truth=2750283.5569 pred=2750215.21 | what do we obtain as the result of revenue scaled by ratio o...
  [15/300] CORRECT | truth=558743.0000 pred=558743.0 | you should give the sum of the minimum of total equity for C...
  [29/300] WRONG  | truth=3548800.2717 pred=276727704.7 | may you calculate the result of sum of longterm assets and r...
  [28/300] CORRECT | truth=480326.3333 pred=480326.333333 | you should calculate the average revenue for Titan Consumer ...
  [34/300] CORRECT | truth=126802.4000 pred=126802.4 | calculate the difference between ratio of sum of sum of sum ...
  [38/300] WRONG  | truth=310766.0000 pred=None | which quantity is given by the difference between revenue an...
  [30/300] CORRECT | truth=91595.0000 pred=91595.0 | which quantity is given by the difference between the maximu...
  [39/300] CORRECT | truth=136727.5000 pred=136727.5 | what is the average total assets for Apex Dynamics Corp acro...
  [37/300] CORRECT | truth=56255.8333 pred=56255.833 | whats the value of the average short term investments for Cl...
  [27/300] CORRECT | truth=806944.0000 pred=806944.0 | What's the value of the sum of total assets for ClearPath Lo...
  [40/300] CORRECT | truth=-190040.0000 pred=-190040.0 | you should give the difference between the maximum of invent...
  [20/300] CORRECT | truth=15019.0000 pred=15019.0 | what is the value of the sum of difference between accounts ...
  [41/300] CORRECT | truth=50231.0000 pred=50231.0 | determine the sum of the minimum of capex for Quantum Bridge...
  [42/300] CORRECT | truth=26402.1667 pred=26403.5 | could you give the average cash for Meridian Systems Inc acr...
  [46/300] CORRECT | truth=89860.6667 pred=89860.66666666667 | What does the following give: average cash for Crimson Pharm...
  [33/300] CORRECT | truth=117572.8333 pred=117572.8333 | give the average revenue for Orion Financial Group across ye...
  [47/300] CORRECT | truth=12021.5000 pred=12021.5 | what's the value of the average dividends paid for ClearPath...
  [43/300] CORRECT | truth=128745.5000 pred=128745.5 | What is the sum of sum of sum of current assets for Apex Dyn...
  [51/300] CORRECT | truth=35611.0000 pred=35611.0 | What do we obtain as the sum of the maximum of accounts rece...
  [45/300] CORRECT | truth=111.1555 pred=111.14 | What is the result of the minimum of non operating expenses ...
  [54/300] WRONG  | truth=369402.0000 pred=137904.0 | calculate the sum of accounts receivable for SilverLine Reta...
  [36/300] CORRECT | truth=5521.0000 pred=5521.0 | what's the value of the sum of the minimum of short term inv...
  [32/300] CORRECT | truth=5595.9579 pred=5595.99 | Determine the result of operating income for Pinnacle Health...
  [35/300] CORRECT | truth=14204.3333 pred=14204.333333333334 | what do we obtain as the average current liabilities for Cob...
  [55/300] CORRECT | truth=-79238.0000 pred=-79238.0 | May you give the difference between capex and difference bet...
  [57/300] CORRECT | truth=648577.3333 pred=648577.3333333334 | you should calculate the average total assets for ClearPath ...
  [50/300] WRONG  | truth=62470.0000 pred=70467.0 | provide the sum of short term investments for Pacific Crest ...
  [58/300] CORRECT | truth=5331.6715 pred=5330.005 | What would be the result of ratio of sum of operating expens...
  [56/300] CORRECT | truth=133339.4118 pred=133344.52060671593 | What is the result of the maximum of total assets for Apex D...
  [61/300] WRONG  | truth=1130178.4000 pred=965851.4 | evaluate the sum of current assets for Titan Consumer Brands...
  [48/300] CORRECT | truth=162543.1667 pred=162543.16666666666 | Which quantity is given by the average total assets for Meri...
  [44/300] WRONG  | truth=28220.5134 pred=9257.07 | Give the result of ratio of sum of sum of sum of sum of acco...
  [49/300] CORRECT | truth=360159.0000 pred=360159.0 | which quantity is given by the sum of ratio of sum of sum of...
  [64/300] CORRECT | truth=11372.3726 pred=11351.15 | What do we obtain as the sum of result of the maximum of cas...
  [60/300] CORRECT | truth=-551561.0000 pred=-551561.0 | Whats the value of the sum of the maximum of inventories for...
  [65/300] CORRECT | truth=24671.3333 pred=24671.3333 | State the average operating expenses for Pacific Crest Energ...
  [69/300] CORRECT | truth=3758.0000 pred=3758.0 | determine the sum of the maximum of accounts receivable for ...
  [68/300] CORRECT | truth=38887.0000 pred=38887.0 | what does the following give: sum of the minimum of dividend...
  [59/300] CORRECT | truth=62182.1667 pred=62182.166666666664 | Which result follows from the average operating expenses for...
  [53/300] WRONG  | truth=415298.4000 pred=0.42044833855385 | Evaluate the sum of ratio of sum of sum of sum of sum of ope...
  [67/300] CORRECT | truth=7498.1667 pred=7498.166666666667 | What's the value of the average short term investments for A...
  [66/300] CORRECT | truth=531.6667 pred=531.6666666666666 | state the average dividends paid for Pinnacle Health Group a...
  [62/300] CORRECT | truth=22223.0000 pred=22223.0 | compute the average current liabilities for Quantum Bridge H...
  [71/300] CORRECT | truth=677.3333 pred=677.333 | State the average capex for Pinnacle Health Group across yea...
  [72/300] CORRECT | truth=186650.3333 pred=186650.33 | which result follows from the average cost of goods sold for...
  [70/300] CORRECT | truth=82562.0000 pred=82562.0 | What would be the sum of the maximum of operating expenses f...
  [52/300] WRONG  | truth=68664.9615 pred=2589.77 | Whats the value of the result of operating expenses scaled b...
  [77/300] CORRECT | truth=-17136.0000 pred=-17136.0 | what is the value of the difference between current liabilit...
  [75/300] CORRECT | truth=6112.5000 pred=6112.5 | what would be the average non operating expenses for Cobalt ...
  [79/300] WRONG  | truth=77131.0583 pred=51083.209 | compute the result of cash for SilverLine Retail Inc in 2023...
  [80/300] CORRECT | truth=2702.6667 pred=2702.67 | State the average operating expenses for Pinnacle Health Gro...
  [76/300] CORRECT | truth=1492899.5076 pred=1492851.58 | Which quantity is given by the result of ratio of sum of sum...
  [82/300] CORRECT | truth=288874.1667 pred=288874.1666666667 | What does the following give: average total liabilities for ...
  [73/300] CORRECT | truth=28572.0713 pred=28573.31 | which result follows from the result of the minimum of opera...
  [83/300] CORRECT | truth=40187.1095 pred=40202.85 | which result follows from the result of the minimum of opera...
  [86/300] CORRECT | truth=17725.3333 pred=18325.333333333332 | you should calculate the average cash for Apex Dynamics Corp...
  [63/300] WRONG  | truth=55971.2500 pred=2021.0 | give the sum of ratio of sum of sum of sum of dividends paid...
  [90/300] WRONG  | truth=-110898.0000 pred=-188856.0 | Which value corresponds to the difference between difference...
  [89/300] CORRECT | truth=8515.0000 pred=8515.0 | determine the average accounts receivable for Quantum Bridge...
  [92/300] CORRECT | truth=16166.4000 pred=16166.4 | Determine the sum of ratio of sum of sum of sum of sum of in...
  [93/300] CORRECT | truth=11789.3333 pred=11789.3333 | what is the average short term investments for Apex Dynamics...
  [78/300] CORRECT | truth=3953.0000 pred=3953.0 | What would be the average capex for Cobalt Semiconductor acr...
  [91/300] CORRECT | truth=170773.5000 pred=170773.5 | Which value corresponds to the sum of ratio of sum of sum of...
  [88/300] CORRECT | truth=4295.0000 pred=4295.0 | What would be the average short term investments for Cobalt ...
  [95/300] WRONG  | truth=-35275.5008 pred=-1152.04 | determine the result of the maximum of dividends paid for Qu...
  [97/300] CORRECT | truth=32889.4642 pred=32884.33 | whats the value of the result of sum of the maximum of curre...
  [85/300] CORRECT | truth=89860.6667 pred=89860.67 | what does the following give: average cash for Crimson Pharm...
  [84/300] CORRECT | truth=287878.8845 pred=286880.1979 | Which quantity is given by the result of gross profit for Ir...
  [87/300] CORRECT | truth=17243.6435 pred=17254.18 | Whats the value of the result of pretax income for ClearPath...
  [81/300] CORRECT | truth=17482.0000 pred=17482.0 | You should give the sum of difference between current assets...
  [100/300] CORRECT | truth=56255.8333 pred=56255.8333 | whats the value of the average short term investments for Cl...
  [98/300] CORRECT | truth=130126.5000 pred=130126.5 | Provide the average total liabilities for Pacific Crest Ener...
  [102/300] WRONG  | truth=2028033.9409 pred=-13005.769 | Could you give the difference between result of current liab...
  [106/300] CORRECT | truth=-187405.0000 pred=-187405.0 | Evaluate the difference between sum of the minimum of operat...
  [94/300] CORRECT | truth=4295.0000 pred=4295.0 | what would be the average short term investments for Cobalt ...
  [96/300] CORRECT | truth=250945.1667 pred=250945.16666666666 | You should calculate the average total assets for Helix BioS...
  [99/300] CORRECT | truth=9811.1667 pred=9811.166666666666 | may you calculate the average capex for NovaStar Technologie...
  [108/300] CORRECT | truth=97345.6000 pred=97345.6 | which quantity is given by the sum of the maximum of invento...
  [74/300] WRONG  | truth=-170414.7099 pred=133074.0 | which value corresponds to the difference between dividends ...
  [101/300] CORRECT | truth=565391.0000 pred=565391.0 | Calculate the sum of operating income and difference between...
  [110/300] CORRECT | truth=7157.9241 pred=7163.540133443745 | evaluate the result of short term investments for SilverLine...
  [104/300] CORRECT | truth=7425.6667 pred=7425.67 | you should give the average capex for Orion Financial Group ...
  [113/300] CORRECT | truth=3678.2140 pred=3678.3147 | What do we obtain as the result of the minimum of total liab...
  [112/300] WRONG  | truth=8417.2681 pred=62915.5 | You should give the result of operating income scaled by rat...
  [109/300] CORRECT | truth=1263623.8255 pred=1263655.25 | Which result follows from the result of accounts receivable ...
  [107/300] CORRECT | truth=25014.1667 pred=25014.17 | Give the average operating expenses for Orion Financial Grou...
  [105/300] CORRECT | truth=3827.6667 pred=3827.6666666666665 | what is the average inventories for Apex Dynamics Corp acros...
  [119/300] CORRECT | truth=3320.5000 pred=3320.5 | compute the average capex for Quantum Bridge Holdings across...
  [103/300] WRONG  | truth=21831.0000 pred=0.41999 | what do we obtain as the sum of ratio of sum of sum of sum o...
  [118/300] CORRECT | truth=27244.8333 pred=27244.8333 | what do we obtain as the average capex for Crimson Pharmaceu...
  [120/300] CORRECT | truth=310966.0000 pred=310966.0 | What's the value of the sum of operating income for ClearPat...
  [124/300] CORRECT | truth=20307.3333 pred=20307.33 | what is the value of the average current liabilities for Atl...
  [115/300] CORRECT | truth=16774.5000 pred=16774.5 | what does the following give: average dividends paid for Cri...
  [125/300] CORRECT | truth=122779.0000 pred=122779.0 | evaluate the average current liabilities for SilverLine Reta...
  [122/300] CORRECT | truth=152117.3980 pred=152117.8 | which quantity is given by the sum of the minimum of total l...
  [128/300] CORRECT | truth=44751.0000 pred=44751.0 | what would be the sum of sum of pretax income and total liab...
  [123/300] CORRECT | truth=18453.0000 pred=18453.0 | What would be the average total equity for Cobalt Semiconduc...
  [116/300] CORRECT | truth=398842.8000 pred=366691.8 | evaluate the sum of operating expenses for SilverLine Retail...
  [117/300] CORRECT | truth=91935.7781 pred=91981.15 | what does the following give: result of the minimum of opera...
  [131/300] CORRECT | truth=24601.0000 pred=24601.0 | which result follows from the difference between the maximum...
  [114/300] CORRECT | truth=112182.8333 pred=112182.8333 | which value corresponds to the average total equity for Heli...
  [111/300] WRONG  | truth=-4696143.3178 pred=-2.1386 | Evaluate the result of current assets for SilverLine Retail ...
  [133/300] CORRECT | truth=3991.0000 pred=3991.0 | what is the value of the average inventories for Atlas Globa...
  [132/300] CORRECT | truth=18453.0000 pred=18453.0 | what would be the average total equity for Cobalt Semiconduc...
  [135/300] CORRECT | truth=-212507.0000 pred=-212507.0 | give the difference between longterm liabilities for Orion F...
  [138/300] CORRECT | truth=33803.0000 pred=33969.67 | what does the following give: average short term investments...
  [137/300] CORRECT | truth=95508.6000 pred=95508.6 | Determine the sum of ratio of sum of sum of sum of sum of ac...
  [136/300] WRONG  | truth=70202.1930 pred=-179315.37 | Could you give the difference between total liabilities and ...
  [139/300] CORRECT | truth=78664.0000 pred=78664.0 | Calculate the sum of ratio of sum of sum of sum of short ter...
  [141/300] CORRECT | truth=260888.3179 pred=260922.23 | which value corresponds to the result of sum of operating in...
  [143/300] CORRECT | truth=454999.0000 pred=484999.0 | provide the sum of sum of longterm assets for Pacific Crest ...
  [127/300] CORRECT | truth=31229.6667 pred=31229.666666666668 | which result follows from the average non operating expenses...
  [144/300] CORRECT | truth=31296.1614 pred=31294.33 | What is the result of ratio of sum of revenue for Apex Dynam...
  [146/300] CORRECT | truth=9466.0000 pred=9466.0 | what would be the sum of cash for Cobalt Semiconductor in 20...
  [129/300] CORRECT | truth=35235.9786 pred=35244.7 | May you calculate the result of cash for NovaStar Technologi...
  [147/300] CORRECT | truth=147906.0000 pred=147906.0 | whats the value of the average current liabilities for Clear...
  [130/300] CORRECT | truth=105943.6000 pred=105943.6 | give the sum of the minimum of revenue for Orion Financial G...
  [126/300] CORRECT | truth=79346.5000 pred=79346.5 | What is the average revenue for Apex Dynamics Corp across ye...
  [149/300] CORRECT | truth=5035.0000 pred=4701.666666666667 | Compute the average short term investments for Quantum Bridg...
  [148/300] CORRECT | truth=33188.1667 pred=33188.166666666664 | Which result follows from the average accounts receivable fo...
  [134/300] CORRECT | truth=97526.3333 pred=97526.33333333333 | provide the average cost of goods sold for Pacific Crest Ene...
  [150/300] CORRECT | truth=95188.5000 pred=95188.5 | Provide the sum of sum of ratio of sum of operating expenses...
  [152/300] CORRECT | truth=14259.0039 pred=15612.5257 | you should give the result of total equity for Cobalt Semico...
  [151/300] CORRECT | truth=60596.1667 pred=60596.17 | which result follows from the average non operating expenses...
  [153/300] CORRECT | truth=722826.3333 pred=722826.3333333334 | Calculate the average revenue for SilverLine Retail Inc acro...
  [154/300] CORRECT | truth=192812.5000 pred=192812.5 | evaluate the average current liabilities for Titan Consumer ...
  [157/300] CORRECT | truth=287009.1667 pred=287009.1666666667 | Calculate the average total equity for SilverLine Retail Inc...
  [159/300] CORRECT | truth=87120.5000 pred=87120.5 | what is the value of the average revenue for Atlas Global In...
  [140/300] CORRECT | truth=87120.5000 pred=87120.5 | what is the value of the average revenue for Atlas Global In...
  [158/300] CORRECT | truth=94557.6000 pred=94557.6 | what's the value of the sum of ratio of sum of sum of sum of...
  [163/300] CORRECT | truth=33397.0000 pred=36198.0 | State the sum of sum of the minimum of current liabilities f...
  [162/300] CORRECT | truth=147258.6667 pred=147258.66666666666 | may you calculate the average total liabilities for NovaStar...
  [155/300] WRONG  | truth=-847733.2429 pred=-460958.4 | Give the result of difference between difference between ope...
  [166/300] CORRECT | truth=28414.0000 pred=28414.0 | what is the sum of the maximum of dividends paid for Apex Dy...
  [142/300] CORRECT | truth=48633.0000 pred=48633.0 | May you give the sum of current liabilities for NovaStar Tec...
  [121/300] WRONG  | truth=-7100172.1728 pred=7759006.1 | provide the sum of the maximum of current liabilities for Pa...
  [167/300] CORRECT | truth=1652.1667 pred=1652.1666666666667 | State the average accounts receivable for Pinnacle Health Gr...
  [161/300] WRONG  | truth=23654.2000 pred=9807.2 | may you give the sum of pretax income for Orion Financial Gr...
  [170/300] CORRECT | truth=22130.8333 pred=22130.833333333332 | could you give the average non operating expenses for Meridi...
  [169/300] CORRECT | truth=102198.5000 pred=102198.5 | May you give the sum of gross profit for Orion Financial Gro...
  [168/300] CORRECT | truth=63083.1667 pred=63083.166666666664 | What would be the average total assets for Cobalt Semiconduc...
  [172/300] CORRECT | truth=54815.6667 pred=54815.666666666664 | you should give the average current liabilities for NovaStar...
  [171/300] CORRECT | truth=98950.8561 pred=98005.0119 | Provide the sum of gross profit for Pacific Crest Energy in ...
  [173/300] CORRECT | truth=14365.2103 pred=14362.48643781332 | Which result follows from the result of the minimum of divid...
  [176/300] CORRECT | truth=60596.1667 pred=60596.166666666664 | Which result follows from the average non operating expenses...
  [175/300] CORRECT | truth=59063.3331 pred=59071.71 | Could you give the result of the maximum of cash for Meridia...
  [145/300] CORRECT | truth=112012.0000 pred=112012.0 | Compute the sum of ratio of sum of sum of sum of sum of tota...
  [160/300] CORRECT | truth=418601.2590 pred=418760.088 | Whats the value of the result of the minimum of revenue for ...
  [180/300] WRONG  | truth=483914.0000 pred=126585.0 | calculate the sum of current liabilities and sum of longterm...
  [178/300] CORRECT | truth=-35839.0000 pred=-35839.0 | What is the value of the difference between difference betwe...
  [181/300] CORRECT | truth=20307.3333 pred=20307.33 | What's the value of the average current liabilities for Atla...
  [156/300] CORRECT | truth=22666.3333 pred=22666.333333333332 | May you give the average non operating expenses for NovaStar...
  [174/300] CORRECT | truth=3320.5000 pred=3320.5 | Determine the average capex for Quantum Bridge Holdings acro...
  [164/300] CORRECT | truth=9664.5000 pred=9664.5 | which quantity is given by the average capex for Meridian Sy...
  [184/300] CORRECT | truth=28574.5000 pred=28574.5 | provide the average non operating expenses for Pacific Crest...
  [185/300] CORRECT | truth=151971.0000 pred=151971.0 | May you calculate the average revenue for NovaStar Technolog...
  [188/300] CORRECT | truth=2032.6667 pred=2032.6666666666665 | what do we obtain as the average inventories for Cobalt Semi...
  [190/300] CORRECT | truth=144088.0000 pred=144088.0 | which value corresponds to the sum of the minimum of total l...
  [165/300] CORRECT | truth=412672.1667 pred=412672.1666666667 | which result follows from the average revenue for Ironclad M...
  [191/300] CORRECT | truth=3827.6667 pred=3827.6666666666665 | what is the value of the average inventories for Apex Dynami...
  [182/300] CORRECT | truth=9538.5000 pred=9538.5 | State the sum of the maximum of operating expenses for Pinna...
  [183/300] CORRECT | truth=256388.0000 pred=256398.0 | Evaluate the average cost of goods sold for Titan Consumer B...
  [195/300] CORRECT | truth=1056694.0000 pred=1056694.0 | What does the following give: difference between total asset...
  [189/300] CORRECT | truth=14533.8333 pred=14533.833333333334 | evaluate the average dividends paid for Titan Consumer Brand...
  [192/300] CORRECT | truth=214335.0000 pred=214335.0 | what is the value of the sum of the maximum of total assets ...
  [194/300] CORRECT | truth=10797.6667 pred=10797.666666666666 | provide the average capex for Pacific Crest Energy across ye...
  [197/300] CORRECT | truth=983372.0000 pred=983372.0 | You should calculate the sum of the maximum of cash for Tita...
  [199/300] CORRECT | truth=1403158.4696 pred=1403231.36 | May you calculate the result of operating income for NovaSta...
  [179/300] WRONG  | truth=192684.6113 pred=-71272.31 | State the sum of difference between short term investments a...
  [202/300] CORRECT | truth=102836.0000 pred=102836.0 | what is the value of the sum of the minimum of total liabili...
  [177/300] CORRECT | truth=445364.9230 pred=445308.2125467554 | which result follows from the sum of total liabilities for I...
  [198/300] CORRECT | truth=28949.0000 pred=28949.0 | What do we obtain as the sum of gross profit for Cobalt Semi...
  [203/300] CORRECT | truth=228028.5852 pred=228075.0188 | calculate the result of ratio of sum of sum of sum of sum of...
  [204/300] CORRECT | truth=8188.4000 pred=8188.4 | Determine the sum of the maximum of short term investments f...
  [187/300] WRONG  | truth=3456904.9252 pred=27373133511.75 | what is the result of sum of gross profit and revenue for Ap...
  [206/300] CORRECT | truth=120857.2428 pred=120855.7 | compute the result of the maximum of total assets for Quantu...
  [201/300] CORRECT | truth=31745.0000 pred=31745.0 | Give the sum of the minimum of total equity for Orion Financ...
  [210/300] CORRECT | truth=6112.5000 pred=6112.5 | what do we obtain as the average non operating expenses for ...
  [209/300] CORRECT | truth=-112584.7500 pred=-112584.75 | may you give the difference between difference between curre...
  [211/300] CORRECT | truth=187004.1667 pred=187004.16666666666 | Provide the average revenue for Pacific Crest Energy across ...
  [214/300] WRONG  | truth=-10361.9604 pred=-6162.26 | Which value corresponds to the result of difference between ...
  [215/300] CORRECT | truth=28983.5000 pred=28983.5 | give the sum of the maximum of capex for Orion Financial Gro...
  [196/300] CORRECT | truth=14027.1667 pred=14027.166666666666 | Compute the average operating expenses for Quantum Bridge Ho...
  [193/300] WRONG  | truth=-11501355.0214 pred=-104.94277514522211 | what is the result of cost of goods sold scaled by ratio of ...
  [217/300] CORRECT | truth=402367.0000 pred=402367.0 | what do we obtain as the sum of longterm assets for Crimson ...
  [205/300] CORRECT | truth=55693.0000 pred=55693.0 | State the difference between the maximum of current liabilit...
  [208/300] CORRECT | truth=22130.8333 pred=22130.833 | State the average total assets for Pinnacle Health Group acr...
  [186/300] CORRECT | truth=-32407.8106 pred=-32407.63 | what would be the result of non operating expenses scaled by...
  [218/300] CORRECT | truth=25314.3333 pred=25314.333333333332 | What does the following give: average inventories for Crimso...
  [207/300] CORRECT | truth=16820.5000 pred=16837.166666666664 | Provide the average short term investments for Pacific Crest...
  [220/300] WRONG  | truth=7127.2249 pred=791.9136 | Compute the result of inventories for Quantum Bridge Holding...
  [213/300] CORRECT | truth=93475.1667 pred=93475.16666666667 | Compute the average total assets for Quantum Bridge Holdings...
  [221/300] CORRECT | truth=5926.1667 pred=5926.166666666667 | may you calculate the average inventories for NovaStar Techn...
  [222/300] CORRECT | truth=80818.0000 pred=80818.0 | May you calculate the sum of operating income for NovaStar T...
  [223/300] CORRECT | truth=38816.1667 pred=38816.166666666664 | which value corresponds to the average cash for Helix BioSci...
  [224/300] CORRECT | truth=33188.1667 pred=33188.166666666664 | Which result follows from the average accounts receivable fo...
  [226/300] CORRECT | truth=338594.0000 pred=338594.0 | Calculate the average total liabilities for SilverLine Retai...
  [228/300] WRONG  | truth=275096.9241 pred=167132.35 | what do we obtain as the sum of total liabilities and result...
  [212/300] WRONG  | truth=361067.0000 pred=282140.0 | Evaluate the sum of gross profit for SilverLine Retail Inc i...
  [230/300] CORRECT | truth=-1793248.2414 pred=-1791542.85 | What's the value of the result of non operating expenses for...
  [233/300] CORRECT | truth=552245.3333 pred=552245.33 | What do we obtain as the average total assets for Crimson Ph...
  [216/300] CORRECT | truth=83990.8000 pred=83990.8 | What's the value of the sum of ratio of sum of sum of sum of...
  [227/300] CORRECT | truth=56190.2500 pred=56190.25 | what is the value of the sum of cost of goods sold for Atlas...
  [231/300] CORRECT | truth=-35413.0000 pred=-35413.0 | could you give the difference between inventories for Meridi...
  [234/300] CORRECT | truth=201857.2500 pred=201891.25 | Provide the sum of difference between accounts receivable fo...
  [200/300] WRONG  | truth=42341.6552 pred=123326.2 | give the sum of the maximum of operating expenses for Orion ...
  [238/300] CORRECT | truth=97526.3333 pred=97526.33333333333 | Provide the average cost of goods sold for Pacific Crest Ene...
  [232/300] WRONG  | truth=17712.0833 pred=15487.4167 | state the sum of difference between ratio of sum of sum of s...
  [235/300] WRONG  | truth=-12189.8733 pred=29590.69 | determine the result of sum of cost of goods sold for Quantu...
  [237/300] WRONG  | truth=1790.8871 pred=14311.75 | Give the result of pretax income for Pacific Crest Energy in...
  [240/300] CORRECT | truth=102840.6000 pred=102840.6 | what's the value of the sum of ratio of sum of sum of sum of...
  [242/300] CORRECT | truth=6112.5000 pred=6112.5 | What do we obtain as the average non operating expenses for ...
  [243/300] CORRECT | truth=451889.0000 pred=451889.0 | calculate the sum of the maximum of non operating expenses f...
  [244/300] CORRECT | truth=1991.9230 pred=1992.138615122842 | Could you give the result of non operating expenses for Meri...
  [246/300] CORRECT | truth=345351.0000 pred=345351.0 | What is the sum of total liabilities and sum of current asse...
  [245/300] CORRECT | truth=45685.6667 pred=45685.666666666664 | Which quantity is given by the average short term investment...
  [248/300] CORRECT | truth=547659.0000 pred=547659.0 | may you give the sum of operating expenses for NovaStar Tech...
  [229/300] CORRECT | truth=552245.3333 pred=552245.3333333334 | you should give the average total assets for Crimson Pharmac...
  [249/300] CORRECT | truth=922.2994 pred=922.25 | what is the result of operating income for Apex Dynamics Cor...
  [250/300] CORRECT | truth=650077.0642 pred=650113.5868 | what does the following give: result of total assets for Cri...
  [219/300] WRONG  | truth=1494.2611 pred=215.22 | what is the value of the sum of result of non operating expe...
  [252/300] CORRECT | truth=534916.1667 pred=534916.1666666667 | which quantity is given by the average total assets for Iron...
  [254/300] CORRECT | truth=44676.0000 pred=44676.0 | What is the average total equity for Apex Dynamics Corp acro...
  [251/300] WRONG  | truth=34537.0000 pred=44599.0 | what's the value of the sum of difference between capex and ...
  [239/300] CORRECT | truth=7746.1667 pred=7746.166666666667 | State the average total equity for Pinnacle Health Group acr...
  [255/300] CORRECT | truth=66217.0000 pred=66217.0 | What is the sum of the maximum of total equity for Apex Dyna...
  [257/300] CORRECT | truth=145335.0000 pred=145335.0 | what is the sum of the maximum of total liabilities for Apex...
  [236/300] CORRECT | truth=20307.3333 pred=20307.33 | what's the value of the average current liabilities for Atla...
  [241/300] CORRECT | truth=780.0381 pred=780.0380641653071 | State the result of cash for Pinnacle Health Group in 2021 s...
  [247/300] WRONG  | truth=-206892.5827 pred=-80980.13 | Calculate the result of difference between current assets an...
  [262/300] CORRECT | truth=130126.5000 pred=130126.5 | Give the average total liabilities for Pacific Crest Energy ...
  [264/300] CORRECT | truth=253681.8333 pred=253681.8333 | which result follows from the average revenue for Helix BioS...
  [225/300] CORRECT | truth=14381.4379 pred=14382.62 | Give the result of current liabilities for Orion Financial G...
  [261/300] CORRECT | truth=22666.3333 pred=22666.333333333332 | May you calculate the average non operating expenses for Nov...
  [253/300] CORRECT | truth=6403.6000 pred=6403.6 | determine the sum of the minimum of operating expenses for P...
  [267/300] CORRECT | truth=162543.1667 pred=162543.16666666666 | Could you give the average total assets for Meridian Systems...
  [268/300] CORRECT | truth=24065.6667 pred=24065.67 | Give the average current liabilities for Orion Financial Gro...
  [263/300] CORRECT | truth=1008165.0000 pred=1008165.0 | which quantity is given by the sum of the maximum of revenue...
  [256/300] CORRECT | truth=10797.6667 pred=10797.666666666666 | Provide the average capex for Pacific Crest Energy across ye...
  [266/300] CORRECT | truth=348364.4749 pred=348363.58 | evaluate the result of cost of goods sold for Titan Consumer...
  [269/300] CORRECT | truth=38690.1554 pred=38796.66 | Compute the difference between ratio of sum of sum of total ...
  [272/300] CORRECT | truth=206222.2706 pred=206266.89 | you should calculate the result of the maximum of total liab...
  [276/300] CORRECT | truth=53888.0000 pred=53888.0 | which quantity is given by the sum of dividends paid for Mer...
  [274/300] WRONG  | truth=3948.7616 pred=8173.425 | what is the value of the result of ratio of sum of sum of su...
  [275/300] CORRECT | truth=725332.0000 pred=725332.0 | calculate the sum of the maximum of total liabilities for Si...
  [265/300] CORRECT | truth=3953.0000 pred=3953.0 | What do we obtain as the average capex for Cobalt Semiconduc...
  [271/300] CORRECT | truth=211080.0000 pred=211080.0 | What's the value of the sum of sum of revenue for Atlas Glob...
  [259/300] WRONG  | truth=4253.9943 pred=21423.6 | State the result of gross profit scaled by ratio of sum of c...
  [260/300] WRONG  | truth=-158217.4000 pred=-139217.4 | evaluate the difference between ratio of sum of sum of sum o...
  [273/300] CORRECT | truth=84022.0000 pred=84022.0 | give the average total equity for Orion Financial Group acro...
  [282/300] WRONG  | truth=-1006547.0000 pred=515089.0 | Calculate the difference between operating income and sum of...
  [270/300] CORRECT | truth=722.5000 pred=722.5 | give the average dividends paid for Orion Financial Group ac...
  [277/300] CORRECT | truth=81838.0000 pred=81838.0 | May you give the sum of the minimum of cash for Orion Financ...
  [285/300] CORRECT | truth=1404.4000 pred=1404.4 | Could you give the difference between ratio of sum of sum of...
  [283/300] CORRECT | truth=103335.2000 pred=103335.2 | You should give the sum of the maximum of inventories for Cl...
  [288/300] CORRECT | truth=5926.1667 pred=5926.166666666667 | you should give the average inventories for NovaStar Technol...
  [279/300] CORRECT | truth=248329.0000 pred=248329.0 | which result follows from the sum of revenue for Helix BioSc...
  [280/300] CORRECT | truth=157628.0000 pred=157628.0 | What is the sum of ratio of sum of sum of sum of sum of tota...
  [281/300] CORRECT | truth=887998.7678 pred=888842.74 | which quantity is given by the result of pretax income for I...
  [284/300] CORRECT | truth=319036.5000 pred=319036.5 | which quantity is given by the sum of sum of the minimum of ...
  [293/300] CORRECT | truth=59928.0000 pred=59928.0 | which result follows from the average cash for Ironclad Manu...
  [287/300] CORRECT | truth=478436.0000 pred=478436.0 | Evaluate the sum of cost of goods sold for Titan Consumer Br...
  [278/300] CORRECT | truth=100602.4017 pred=100615.47 | could you give the result of longterm liabilities for Meridi...
  [292/300] CORRECT | truth=117572.8333 pred=117572.8333 | May you give the average revenue for Orion Financial Group a...
  [286/300] CORRECT | truth=40936.0000 pred=40936.0 | Give the sum of operating income for Orion Financial Group i...
  [299/300] CORRECT | truth=18566.0000 pred=18566.0 | state the average revenue for Pinnacle Health Group across y...
  [297/300] CORRECT | truth=413662.8545 pred=413637.13 | what does the following give: result of ratio of sum of sum ...
  [300/300] CORRECT | truth=45279.3333 pred=45279.333333333336 | calculate the average short term investments for SilverLine ...
  [291/300] CORRECT | truth=82066.5000 pred=82066.5 | what do we obtain as the average operating expenses for Crim...
  [294/300] CORRECT | truth=201970.4000 pred=195970.4 | which quantity is given by the sum of the maximum of cash fo...
  [289/300] CORRECT | truth=690750.0000 pred=690750.0 | you should calculate the sum of sum of the maximum of operat...
  [295/300] CORRECT | truth=0.0000 pred=0.0 | May you calculate the result of ratio of sum of sum of sum o...
  [258/300] WRONG  | truth=114012.8426 pred=-248790.12 | You should calculate the sum of inventories and difference b...
  [296/300] CORRECT | truth=12600.5000 pred=12600.5 | Could you give the average short term investments for Meridi...
  [298/300] CORRECT | truth=132426.0000 pred=132426.0 | Which result follows from the sum of gross profit for Helix ...
  [290/300] CORRECT | truth=109275.0000 pred=109275.0 | Which quantity is given by the sum of longterm assets for Me...

============================================================
  Model: google/gemma-4-31B-it
============================================================
  10-Q      : 0/0  accuracy = 0.0%  (skipped 0)
  90-Q      : 255/300  accuracy = 85.0%  (skipped 0)
  Multi-turn: 0/0  accuracy = 0.0%  (skipped 0)
  Overall   : 255/300  accuracy = 85.0%
============================================================

Results saved to output_llm/last_runs_9th_aug_after_21/depths/depth_6_gemma_31b_90q_20260809_222831.json
CSV saved to output_llm/eval_results_20260809_222831.csv
<===== END depth_6_gemma_31b_90q =====>
