<===== START depth_8_gemma_31b_90q | provider=Together | model=google/gemma-4-31B-it | dataset=90q | limit=300 =====>
./run_benchmark_matrix.sh: line 102: python: command not found
<===== END depth_8_gemma_31b_90q =====>
<===== START depth_{8}_gemma_31b_90q | provider=Together | model=google/gemma-4-31B-it | dataset=90q | limit=100 =====>
Traceback (most recent call last):
  File "<frozen runpy>", line 198, in _run_module_as_main
  File "<frozen runpy>", line 88, in _run_code
  File "", line 931, in <module>
    main()
    ~~~~^^
  File "", line 869, in main
    results_90q = asyncio.run(evaluate_90q(
        questions_90q, sheet_lookup_90q, model_name,
        limit=args.limit, tol=args.tol, max_new_tokens=args.max_new_tokens,
    ))
  File "/Library/Frameworks/Python.framework/Versions/3.14/lib/python3.14/asyncio/runners.py", line 204, in run
    return runner.run(main)
           ~~~~~~~~~~^^^^^^
  File "/Library/Frameworks/Python.framework/Versions/3.14/lib/python3.14/asyncio/runners.py", line 127, in run
    return self._loop.run_until_complete(task)
           ~~~~~~~~~~~~~~~~~~~~~~~~~~~~~^^^^^^
  File "/Library/Frameworks/Python.framework/Versions/3.14/lib/python3.14/asyncio/base_events.py", line 719, in run_until_complete
    return future.result()
           ~~~~~~~~~~~~~^^
  File "", line 411, in evaluate_90q
    results = await asyncio.gather(*tasks)
              ^^^^^^^^^^^^^^^^^^^^^^^^^^^^
  File "", line 404, in run_one
    return await ask_one_90q_question(i, max_new_tokens, model_name, q, sheet_lookup, subset, tol)
           ^^^^^^^^^^^^^^^^^^^^^^^^^^^^^^^^^^^^^^^^^^^^^^^^^^^^^^^^^^^^^^^^^^^^^^^^^^^^^^^^^^^^^^^
  File "", line 440, in ask_one_90q_question
    response = await run_inference(model_name, prompt, max_new_tokens)
               ^^^^^^^^^^^^^^^^^^^^^^^^^^^^^^^^^^^^^^^^^^^^^^^^^^^^^^^
  File "", line 263, in run_inference
    response = await _client.chat.completions.create(
               ^^^^^^^^^^^^^^^^^^^^^^^^^^^^^^^^^^^^^^
    ...<7 lines>...
    )
    ^
  File ".venv/lib/python3.14/site-packages/together/resources/chat/completions.py", line 1061, in create
    return await self._post(
           ^^^^^^^^^^^^^^^^^
    ...<41 lines>...
    )
    ^
  File ".venv/lib/python3.14/site-packages/together/_base_client.py", line 1864, in post
    return await self.request(cast_to, opts, stream=stream, stream_cls=stream_cls)
           ^^^^^^^^^^^^^^^^^^^^^^^^^^^^^^^^^^^^^^^^^^^^^^^^^^^^^^^^^^^^^^^^^^^^^^^
  File ".venv/lib/python3.14/site-packages/together/_base_client.py", line 1663, in request
    raise self._make_status_error_from_response(err.response) from None
together.APIStatusError: Error code: 402 - {'id': 'ovYwPK3-zfFMX-a289975e7fbb8bbd', 'error': {'message': "Credit limit exceeded, please [add credits](https://api.together.ai/settings/billing). If you've already made a payment, please wait up to 5 minutes for balances to update and try again.", 'type': 'credit_limit', 'param': None, 'code': None}}
90Q are Sheet: /output/financial_spreadsheet.json
90Q are Questions: /output/original_questions.json
Loading datasets...
  90-Q: 300 questions, 15 companies

============================================================
  Evaluating model: google/gemma-4-31B-it
============================================================

-- 90-Q evaluation (100 questions) --
<===== END depth_{8}_gemma_31b_90q =====>
<===== START depth_8_gemma_31b_90q | provider=Together | model=google/gemma-4-31B-it | dataset=90q | limit=100 =====>
Traceback (most recent call last):
  File "<frozen runpy>", line 198, in _run_module_as_main
  File "<frozen runpy>", line 88, in _run_code
  File "", line 931, in <module>
    main()
    ~~~~^^
  File "", line 869, in main
    results_90q = asyncio.run(evaluate_90q(
        questions_90q, sheet_lookup_90q, model_name,
        limit=args.limit, tol=args.tol, max_new_tokens=args.max_new_tokens,
    ))
  File "/Library/Frameworks/Python.framework/Versions/3.14/lib/python3.14/asyncio/runners.py", line 204, in run
    return runner.run(main)
           ~~~~~~~~~~^^^^^^
  File "/Library/Frameworks/Python.framework/Versions/3.14/lib/python3.14/asyncio/runners.py", line 127, in run
    return self._loop.run_until_complete(task)
           ~~~~~~~~~~~~~~~~~~~~~~~~~~~~~^^^^^^
  File "/Library/Frameworks/Python.framework/Versions/3.14/lib/python3.14/asyncio/base_events.py", line 719, in run_until_complete
    return future.result()
           ~~~~~~~~~~~~~^^
  File "", line 411, in evaluate_90q
    results = await asyncio.gather(*tasks)
              ^^^^^^^^^^^^^^^^^^^^^^^^^^^^
  File "", line 404, in run_one
    return await ask_one_90q_question(i, max_new_tokens, model_name, q, sheet_lookup, subset, tol)
           ^^^^^^^^^^^^^^^^^^^^^^^^^^^^^^^^^^^^^^^^^^^^^^^^^^^^^^^^^^^^^^^^^^^^^^^^^^^^^^^^^^^^^^^
  File "", line 440, in ask_one_90q_question
    response = await run_inference(model_name, prompt, max_new_tokens)
               ^^^^^^^^^^^^^^^^^^^^^^^^^^^^^^^^^^^^^^^^^^^^^^^^^^^^^^^
  File "", line 263, in run_inference
    response = await _client.chat.completions.create(
               ^^^^^^^^^^^^^^^^^^^^^^^^^^^^^^^^^^^^^^
    ...<7 lines>...
    )
    ^
  File ".venv/lib/python3.14/site-packages/together/resources/chat/completions.py", line 1061, in create
    return await self._post(
           ^^^^^^^^^^^^^^^^^
    ...<41 lines>...
    )
    ^
  File ".venv/lib/python3.14/site-packages/together/_base_client.py", line 1864, in post
    return await self.request(cast_to, opts, stream=stream, stream_cls=stream_cls)
           ^^^^^^^^^^^^^^^^^^^^^^^^^^^^^^^^^^^^^^^^^^^^^^^^^^^^^^^^^^^^^^^^^^^^^^^
  File ".venv/lib/python3.14/site-packages/together/_base_client.py", line 1663, in request
    raise self._make_status_error_from_response(err.response) from None
together.APIStatusError: Error code: 402 - {'id': 'ovYwXeq-fdNmn-a289980f3a551e6d', 'error': {'message': "Credit limit exceeded, please [add credits](https://api.together.ai/settings/billing). If you've already made a payment, please wait up to 5 minutes for balances to update and try again.", 'type': 'credit_limit', 'param': None, 'code': None}}
90Q are Sheet: /output/financial_spreadsheet.json
90Q are Questions: /output/original_questions.json
Loading datasets...
  90-Q: 100 questions, 15 companies

============================================================
  Evaluating model: google/gemma-4-31B-it
============================================================

-- 90-Q evaluation (100 questions) --
<===== END depth_8_gemma_31b_90q =====>
<===== START depth_8_gemma_31b_90q | provider=Together | model=google/gemma-4-31B-it | dataset=90q | limit=100 =====>
90Q are Sheet: /output/financial_spreadsheet.json
90Q are Questions: /output/original_questions.json
Loading datasets...
  90-Q: 100 questions, 15 companies

============================================================
  Evaluating model: google/gemma-4-31B-it
============================================================

-- 90-Q evaluation (100 questions) --
  [10/100] CORRECT | truth=3265928.4211 pred=3265948.24 | What does the following give: sum of revenue for Crimson Pha...
  [3/100] CORRECT | truth=39876.0000 pred=39876.0 | state the sum of total equity for Pinnacle Health Group in 2...
  [4/100] CORRECT | truth=42211.0000 pred=42211.0 | State the sum of sum of sum of longterm assets and operating...
  [7/100] CORRECT | truth=183796.3343 pred=183797.31 | Calculate the sum of result of the maximum of cost of goods ...
  [9/100] CORRECT | truth=114559.3246 pred=114556.2 | what is the value of the sum of the maximum of cash for Apex...
  [8/100] CORRECT | truth=49900.4141 pred=49903.21 | whats the value of the result of dividends paid for ClearPat...
  [1/100] CORRECT | truth=7173.5019 pred=7175.74 | may you calculate the result of operating income for NovaSta...
  [6/100] CORRECT | truth=110483.9341 pred=103925.88 | Give the result of sum of the minimum of accounts receivable...
  [2/100] CORRECT | truth=20615.6174 pred=20612.3 | Give the result of total liabilities for Pacific Crest Energ...
  [5/100] WRONG  | truth=75268.8889 pred=88025.56 | May you calculate the sum of result of sum of pretax income ...
  [15/100] CORRECT | truth=-9847.5191 pred=-9847.332 | may you calculate the result of result of sum of the maximum...
  [16/100] WRONG  | truth=56619.2946 pred=170765.55 | Could you give the result of sum of ratio of sum of sum of s...
  [19/100] CORRECT | truth=175300.8000 pred=175300.8 | What do we obtain as the sum of sum of short term investment...
  [18/100] CORRECT | truth=238640.0000 pred=238640.0 | evaluate the sum of sum of ratio of sum of sum of sum of sum...
  [11/100] WRONG  | truth=6793043.4254 pred=59212891535.7 | Whats the value of the result of the maximum of revenue for ...
  [14/100] WRONG  | truth=159152.7420 pred=-6790.43 | what would be the sum of result of current liabilities for C...
  [13/100] CORRECT | truth=-13432.5019 pred=-13432.2 | Which result follows from the result of difference between l...
  [17/100] WRONG  | truth=511472.7720 pred=597505.62 | calculate the sum of difference between the minimum of curre...
  [12/100] WRONG  | truth=1818326.7225 pred=271120.75 | evaluate the sum of sum of the maximum of dividends paid for...
  [24/100] WRONG  | truth=53589.3082 pred=0.8784 | What's the value of the result of the maximum of revenue for...
  [23/100] CORRECT | truth=1155993.7235 pred=1156973.3 | What does the following give: result of cost of goods sold f...
  [21/100] CORRECT | truth=302925.4147 pred=301219.00000105 | What do we obtain as the sum of gross profit for Crimson Pha...
  [22/100] WRONG  | truth=19992.7554 pred=10539.66 | What do we obtain as the result of dividends paid for Crimso...
  [26/100] WRONG  | truth=83835.8333 pred=-59225.8333 | May you give the difference between sum of operating expense...
  [28/100] WRONG  | truth=612812.3156 pred=96277.3 | What's the value of the result of current liabilities for Cl...
  [27/100] CORRECT | truth=23212.0522 pred=23221.58 | provide the result of inventories for Pacific Crest Energy i...
  [29/100] CORRECT | truth=181487.2609 pred=181476.5 | Compute the sum of the minimum of short term investments for...
  [33/100] CORRECT | truth=501.0702 pred=458.17 | Determine the result of the maximum of operating expenses fo...
  [20/100] WRONG  | truth=-4031564.5532 pred=-9563.8 | give the result of result of difference between the maximum ...
  [34/100] CORRECT | truth=213885.7933 pred=213928.48 | You should calculate the sum of the maximum of short term in...
  [32/100] CORRECT | truth=-181712.6023 pred=-181717.55 | May you calculate the result of difference between gross pro...
  [36/100] WRONG  | truth=60115.8701 pred=413914.0 | Provide the sum of ratio of sum of total liabilities for Pac...
  [37/100] WRONG  | truth=17041.3333 pred=10757.333333333334 | Compute the sum of capex for Quantum Bridge Holdings in 2021...
  [35/100] WRONG  | truth=34702.0000 pred=245476.0 | Could you give the sum of sum of the maximum of revenue for ...
  [31/100] WRONG  | truth=297.3114 pred=246.198 | Determine the result of the minimum of cash for Pinnacle Hea...
  [41/100] CORRECT | truth=52073.0000 pred=52073.0 | what is the value of the sum of the maximum of operating exp...
  [39/100] CORRECT | truth=7606.5715 pred=7592.49 | what would be the result of the maximum of total assets for ...
  [30/100] WRONG  | truth=160610.8729 pred=368800168575.4 | Calculate the result of the minimum of total equity for Silv...
  [42/100] CORRECT | truth=38739.9000 pred=38739.9 | What would be the difference between ratio of sum of sum of ...
  [48/100] WRONG  | truth=22376.1689 pred=19614.76 | Which value corresponds to the result of pretax income for H...
  [47/100] CORRECT | truth=322305.2866 pred=322254.5 | you should give the result of the maximum of total equity fo...
  [45/100] CORRECT | truth=106676.4997 pred=106525.45720937243 | What does the following give: difference between result of t...
  [25/100] CORRECT | truth=519663.0917 pred=519434.02 | Provide the result of the minimum of total assets for Pacifi...
  [44/100] WRONG  | truth=140820.0365 pred=-22367.9 | Which result follows from the result of sum of total equity ...
  [46/100] WRONG  | truth=-127398.8333 pred=-76398.83 | could you give the difference between short term investments...
  [38/100] CORRECT | truth=56699.1837 pred=56705.12 | What does the following give: result of accounts receivable ...
  [43/100] CORRECT | truth=334204.3333 pred=334204.333 | May you calculate the sum of ratio of sum of sum of total li...
  [40/100] CORRECT | truth=-230013.0096 pred=-229921.8 | Calculate the difference between difference between the maxi...
  [49/100] WRONG  | truth=7786.3844 pred=82213782.0 | What's the value of the result of capex for Atlas Global Ind...
  [51/100] CORRECT | truth=47781.3471 pred=47774.59 | state the result of the minimum of revenue for Pinnacle Heal...
  [50/100] CORRECT | truth=37074.8333 pred=37074.83333333333 | state the sum of sum of the minimum of operating expenses fo...
  [53/100] WRONG  | truth=-71132.8185 pred=1.56548387 | you should calculate the result of current liabilities scale...
  [52/100] WRONG  | truth=-3101.2040 pred=-13871.13 | What would be the result of capex for Cobalt Semiconductor i...
  [56/100] WRONG  | truth=-36556.8333 pred=-51734.8333 | what would be the sum of difference between the maximum of n...
  [58/100] WRONG  | truth=29154.6149 pred=921.483 | State the result of sum of total liabilities for Pinnacle He...
  [59/100] WRONG  | truth=41654.9965 pred=379911.1 | What is the value of the sum of result of dividends paid for...
  [57/100] CORRECT | truth=-53645.5310 pred=-53645.52 | what does the following give: difference between result of i...
  [61/100] WRONG  | truth=-296135.5299 pred=598946.31 | Which result follows from the difference between non operati...
  [55/100] WRONG  | truth=146709.7616 pred=118708.5 | What is the value of the sum of longterm assets for Apex Dyn...
  [54/100] WRONG  | truth=137264.2388 pred=3.507e-07 | calculate the result of ratio of sum of sum of sum of sum of...
  [62/100] CORRECT | truth=523212.0000 pred=523212.0 | Calculate the sum of ratio of sum of cost of goods sold for ...
  [60/100] CORRECT | truth=8360.0939 pred=8360.15 | determine the result of revenue for Pinnacle Health Group in...
  [63/100] WRONG  | truth=616401.8536 pred=321262.144 | which value corresponds to the result of ratio of sum of sum...
  [64/100] CORRECT | truth=506148.0000 pred=506148.0 | evaluate the sum of ratio of sum of sum of sum of sum of sum...
  [69/100] WRONG  | truth=98272.0000 pred=0.0 | What does the following give: sum of result of dividends pai...
  [68/100] CORRECT | truth=60507.3022 pred=60624.248 | May you calculate the result of the maximum of total liabili...
  [66/100] CORRECT | truth=2274.0352 pred=2273.91 | what's the value of the sum of the minimum of short term inv...
  [67/100] CORRECT | truth=61930.4881 pred=61929.2 | Which quantity is given by the result of the maximum of cape...
  [70/100] CORRECT | truth=289540.7500 pred=289540.75 | Could you give the sum of ratio of sum of sum of sum of cape...
  [72/100] CORRECT | truth=415426.4360 pred=396842.1 | calculate the result of sum of the maximum of capex for Silv...
  [71/100] CORRECT | truth=44288.1661 pred=44276.38 | Provide the sum of result of current liabilities for Pacific...
  [65/100] WRONG  | truth=29341.0219 pred=806152.3 | give the result of ratio of sum of sum of sum of sum of tota...
  [75/100] WRONG  | truth=53488.1083 pred=42629.6 | Which value corresponds to the sum of the minimum of capex f...
  [73/100] CORRECT | truth=122818.0246 pred=122823.5344 | which quantity is given by the result of total equity for Ir...
  [76/100] CORRECT | truth=-143557.3273 pred=-143557.462 | what does the following give: difference between result of o...
  [74/100] CORRECT | truth=-1059035.4136 pred=-1055423.8 | could you give the result of longterm liabilities for Meridi...
  [80/100] CORRECT | truth=223238.1137 pred=223218.18 | Whats the value of the sum of result of the minimum of inven...
  [78/100] WRONG  | truth=74707.7043 pred=4490.34 | May you calculate the sum of result of the minimum of short ...
  [79/100] WRONG  | truth=182454.3356 pred=35648.86 | Which result follows from the result of the minimum of inven...
  [77/100] CORRECT | truth=-50871.0300 pred=-50870.333 | What would be the result of difference between pretax income...
  [82/100] WRONG  | truth=13179.6667 pred=9846.333333333334 | State the difference between capex for Pinnacle Health Group...
  [81/100] CORRECT | truth=3175753.5667 pred=3175843.33 | evaluate the result of current liabilities for Titan Consume...
  [84/100] CORRECT | truth=7597878.5709 pred=7597537.04 | What is the sum of result of ratio of sum of sum of sum of s...
  [88/100] WRONG  | truth=-22778.2133 pred=-28691.34 | determine the sum of result of difference between the minimu...
  [85/100] CORRECT | truth=-260595.8333 pred=-260595.83333333334 | may you calculate the difference between difference between ...
  [87/100] WRONG  | truth=12878.2506 pred=4477.86 | What is the sum of the minimum of capex for Apex Dynamics Co...
  [90/100] WRONG  | truth=9724.2536 pred=2.8821e-06 | compute the result of ratio of sum of sum of sum of sum of s...
  [89/100] WRONG  | truth=164342816.8375 pred=138453293.3 | which value corresponds to the result of the maximum of tota...
  [86/100] WRONG  | truth=15299.9897 pred=2372.82 | provide the result of operating expenses for Pacific Crest E...
  [91/100] CORRECT | truth=4479.0159 pred=4478.91 | Determine the sum of difference between operating income and...
  [83/100] WRONG  | truth=-599414.8835 pred=364509.889 | you should give the result of result of sum of short term in...
  [93/100] CORRECT | truth=-509854.6667 pred=-509854.6666666667 | what does the following give: sum of short term investments ...
  [92/100] CORRECT | truth=4043.7801 pred=4043.7 | which quantity is given by the result of the maximum of shor...
  [96/100] WRONG  | truth=480527.7047 pred=37548.4 | Which result follows from the result of ratio of sum of sum ...
  [98/100] WRONG  | truth=41123.6698 pred=12055.4 | Determine the difference between sum of the maximum of divid...
  [97/100] WRONG  | truth=71143.2024 pred=2362.65 | State the sum of accounts receivable and result of ratio of ...
  [95/100] CORRECT | truth=260205.3613 pred=260435.4 | Provide the result of the maximum of accounts receivable for...
  [94/100] CORRECT | truth=86270.3312 pred=86280.4 | What is the sum of sum of current liabilities and sum of cap...
  [100/100] CORRECT | truth=3510812.0223 pred=3514944.88 | which value corresponds to the sum of inventories for Helix ...
  [99/100] WRONG  | truth=366639.1819 pred=508489.13 | You should calculate the sum of the minimum of capex for Nov...

============================================================
  Model: google/gemma-4-31B-it
============================================================
  10-Q      : 0/0  accuracy = 0.0%  (skipped 0)
  90-Q      : 55/100  accuracy = 55.0%  (skipped 0)
  Multi-turn: 0/0  accuracy = 0.0%  (skipped 0)
  Overall   : 55/100  accuracy = 55.0%
============================================================

Results saved to output_llm/last_runs_9th_aug_after_21/depths/depth_8_gemma_31b_90q_20260809_224623.json
CSV saved to output_llm/eval_results_20260809_224623.csv
<===== END depth_8_gemma_31b_90q =====>
