<===== START depth_3_gemma_31b_90q | provider=Together | model=google/gemma-4-31B-it | dataset=90q | limit=300 =====>
Traceback (most recent call last):
  File "<frozen runpy>", line 198, in _run_module_as_main
  File "<frozen runpy>", line 88, in _run_code
  File "", line 931, in <module>
    main()
    ~~~~^^
  File "", line 869, in main
    results_90q = asyncio.run(evaluate_90q(
        questions_90q, sheet_lookup_90q, model_name,
        limit=args.limit, tol=args.tol, max_new_tokens=args.max_new_tokens,
    ))
  File "/Library/Frameworks/Python.framework/Versions/3.14/lib/python3.14/asyncio/runners.py", line 204, in run
    return runner.run(main)
           ~~~~~~~~~~^^^^^^
  File "/Library/Frameworks/Python.framework/Versions/3.14/lib/python3.14/asyncio/runners.py", line 127, in run
    return self._loop.run_until_complete(task)
           ~~~~~~~~~~~~~~~~~~~~~~~~~~~~~^^^^^^
  File "/Library/Frameworks/Python.framework/Versions/3.14/lib/python3.14/asyncio/base_events.py", line 719, in run_until_complete
    return future.result()
           ~~~~~~~~~~~~~^^
  File "", line 411, in evaluate_90q
    results = await asyncio.gather(*tasks)
              ^^^^^^^^^^^^^^^^^^^^^^^^^^^^
  File "", line 404, in run_one
    return await ask_one_90q_question(i, max_new_tokens, model_name, q, sheet_lookup, subset, tol)
           ^^^^^^^^^^^^^^^^^^^^^^^^^^^^^^^^^^^^^^^^^^^^^^^^^^^^^^^^^^^^^^^^^^^^^^^^^^^^^^^^^^^^^^^
  File "", line 440, in ask_one_90q_question
    response = await run_inference(model_name, prompt, max_new_tokens)
               ^^^^^^^^^^^^^^^^^^^^^^^^^^^^^^^^^^^^^^^^^^^^^^^^^^^^^^^
  File "", line 263, in run_inference
    response = await _client.chat.completions.create(
               ^^^^^^^^^^^^^^^^^^^^^^^^^^^^^^^^^^^^^^
    ...<7 lines>...
    )
    ^
  File ".venv/lib/python3.14/site-packages/together/resources/chat/completions.py", line 1061, in create
    return await self._post(
           ^^^^^^^^^^^^^^^^^
    ...<41 lines>...
    )
    ^
  File ".venv/lib/python3.14/site-packages/together/_base_client.py", line 1864, in post
    return await self.request(cast_to, opts, stream=stream, stream_cls=stream_cls)
           ^^^^^^^^^^^^^^^^^^^^^^^^^^^^^^^^^^^^^^^^^^^^^^^^^^^^^^^^^^^^^^^^^^^^^^^
  File ".venv/lib/python3.14/site-packages/together/_base_client.py", line 1663, in request
    raise self._make_status_error_from_response(err.response) from None
together.APIStatusError: Error code: 402 - {'id': 'ovYZvpF-fdNmn-a289312a99b8b571', 'error': {'message': "Credit limit exceeded, please [add credits](https://api.together.ai/settings/billing). If you've already made a payment, please wait up to 5 minutes for balances to update and try again.", 'type': 'credit_limit', 'param': None, 'code': None}}
90Q are Sheet: /output/financial_spreadsheet.json
90Q are Questions: /output/original_questions.json
Loading datasets...
  90-Q: 300 questions, 15 companies

============================================================
  Evaluating model: google/gemma-4-31B-it
============================================================

-- 90-Q evaluation (300 questions) --
  [4/300] CORRECT | truth=27059.0000 pred=27059.0 | what is the the maximum of short term investments for Apex D...
  [3/300] CORRECT | truth=134161.0000 pred=134161.0 | Whats the value of the current assets for ClearPath Logistic...
  [5/300] CORRECT | truth=33146.0000 pred=33146.0 | May you give the current assets for Orion Financial Group in...
  [2/300] CORRECT | truth=217473.0000 pred=217473.0 | Which quantity is given by the sum of the maximum of revenue...
<===== END depth_3_gemma_31b_90q =====>
<===== START depth_3_gemma_31b_90q | provider=Together | model=google/gemma-4-31B-it | dataset=90q | limit=300 =====>
Traceback (most recent call last):
  File "<frozen runpy>", line 198, in _run_module_as_main
  File "<frozen runpy>", line 88, in _run_code
  File "", line 931, in <module>
    main()
    ~~~~^^
  File "", line 869, in main
    results_90q = asyncio.run(evaluate_90q(
        questions_90q, sheet_lookup_90q, model_name,
        limit=args.limit, tol=args.tol, max_new_tokens=args.max_new_tokens,
    ))
  File "/Library/Frameworks/Python.framework/Versions/3.14/lib/python3.14/asyncio/runners.py", line 204, in run
    return runner.run(main)
           ~~~~~~~~~~^^^^^^
  File "/Library/Frameworks/Python.framework/Versions/3.14/lib/python3.14/asyncio/runners.py", line 127, in run
    return self._loop.run_until_complete(task)
           ~~~~~~~~~~~~~~~~~~~~~~~~~~~~~^^^^^^
  File "/Library/Frameworks/Python.framework/Versions/3.14/lib/python3.14/asyncio/base_events.py", line 719, in run_until_complete
    return future.result()
           ~~~~~~~~~~~~~^^
  File "", line 411, in evaluate_90q
    results = await asyncio.gather(*tasks)
              ^^^^^^^^^^^^^^^^^^^^^^^^^^^^
  File "", line 404, in run_one
    return await ask_one_90q_question(i, max_new_tokens, model_name, q, sheet_lookup, subset, tol)
           ^^^^^^^^^^^^^^^^^^^^^^^^^^^^^^^^^^^^^^^^^^^^^^^^^^^^^^^^^^^^^^^^^^^^^^^^^^^^^^^^^^^^^^^
  File "", line 440, in ask_one_90q_question
    response = await run_inference(model_name, prompt, max_new_tokens)
               ^^^^^^^^^^^^^^^^^^^^^^^^^^^^^^^^^^^^^^^^^^^^^^^^^^^^^^^
  File "", line 263, in run_inference
    response = await _client.chat.completions.create(
               ^^^^^^^^^^^^^^^^^^^^^^^^^^^^^^^^^^^^^^
    ...<7 lines>...
    )
    ^
  File ".venv/lib/python3.14/site-packages/together/resources/chat/completions.py", line 1061, in create
    return await self._post(
           ^^^^^^^^^^^^^^^^^
    ...<41 lines>...
    )
    ^
  File ".venv/lib/python3.14/site-packages/together/_base_client.py", line 1864, in post
    return await self.request(cast_to, opts, stream=stream, stream_cls=stream_cls)
           ^^^^^^^^^^^^^^^^^^^^^^^^^^^^^^^^^^^^^^^^^^^^^^^^^^^^^^^^^^^^^^^^^^^^^^^
  File ".venv/lib/python3.14/site-packages/together/_base_client.py", line 1663, in request
    raise self._make_status_error_from_response(err.response) from None
together.APIStatusError: Error code: 402 - {'id': 'ovYbPGr-fdNmn-a289381a2a77611f', 'error': {'message': "Credit limit exceeded, please [add credits](https://api.together.ai/settings/billing). If you've already made a payment, please wait up to 5 minutes for balances to update and try again.", 'type': 'credit_limit', 'param': None, 'code': None}}
90Q are Sheet: /output/financial_spreadsheet.json
90Q are Questions: /output/original_questions.json
Loading datasets...
  90-Q: 300 questions, 15 companies

============================================================
  Evaluating model: google/gemma-4-31B-it
============================================================

-- 90-Q evaluation (300 questions) --
<===== END depth_3_gemma_31b_90q =====>
<===== START depth_3_gemma_31b_90q | provider=Together | model=google/gemma-4-31B-it | dataset=90q | limit=300 =====>
Traceback (most recent call last):
  File "<frozen runpy>", line 198, in _run_module_as_main
  File "<frozen runpy>", line 88, in _run_code
  File "", line 931, in <module>
    main()
    ~~~~^^
  File "", line 869, in main
    results_90q = asyncio.run(evaluate_90q(
        questions_90q, sheet_lookup_90q, model_name,
        limit=args.limit, tol=args.tol, max_new_tokens=args.max_new_tokens,
    ))
  File "/Library/Frameworks/Python.framework/Versions/3.14/lib/python3.14/asyncio/runners.py", line 204, in run
    return runner.run(main)
           ~~~~~~~~~~^^^^^^
  File "/Library/Frameworks/Python.framework/Versions/3.14/lib/python3.14/asyncio/runners.py", line 127, in run
    return self._loop.run_until_complete(task)
           ~~~~~~~~~~~~~~~~~~~~~~~~~~~~~^^^^^^
  File "/Library/Frameworks/Python.framework/Versions/3.14/lib/python3.14/asyncio/base_events.py", line 719, in run_until_complete
    return future.result()
           ~~~~~~~~~~~~~^^
  File "", line 411, in evaluate_90q
    results = await asyncio.gather(*tasks)
              ^^^^^^^^^^^^^^^^^^^^^^^^^^^^
  File "", line 404, in run_one
    return await ask_one_90q_question(i, max_new_tokens, model_name, q, sheet_lookup, subset, tol)
           ^^^^^^^^^^^^^^^^^^^^^^^^^^^^^^^^^^^^^^^^^^^^^^^^^^^^^^^^^^^^^^^^^^^^^^^^^^^^^^^^^^^^^^^
  File "", line 440, in ask_one_90q_question
    response = await run_inference(model_name, prompt, max_new_tokens)
               ^^^^^^^^^^^^^^^^^^^^^^^^^^^^^^^^^^^^^^^^^^^^^^^^^^^^^^^
  File "", line 263, in run_inference
    response = await _client.chat.completions.create(
               ^^^^^^^^^^^^^^^^^^^^^^^^^^^^^^^^^^^^^^
    ...<7 lines>...
    )
    ^
  File ".venv/lib/python3.14/site-packages/together/resources/chat/completions.py", line 1061, in create
    return await self._post(
           ^^^^^^^^^^^^^^^^^
    ...<41 lines>...
    )
    ^
  File ".venv/lib/python3.14/site-packages/together/_base_client.py", line 1864, in post
    return await self.request(cast_to, opts, stream=stream, stream_cls=stream_cls)
           ^^^^^^^^^^^^^^^^^^^^^^^^^^^^^^^^^^^^^^^^^^^^^^^^^^^^^^^^^^^^^^^^^^^^^^^
  File ".venv/lib/python3.14/site-packages/together/_base_client.py", line 1663, in request
    raise self._make_status_error_from_response(err.response) from None
together.APIStatusError: Error code: 402 - {'id': 'ovYhdS3-fdNmn-a28955d89f9c0396', 'error': {'message': "Credit limit exceeded, please [add credits](https://api.together.ai/settings/billing). If you've already made a payment, please wait up to 5 minutes for balances to update and try again.", 'type': 'credit_limit', 'param': None, 'code': None}}
90Q are Sheet: /output/financial_spreadsheet.json
90Q are Questions: /output/original_questions.json
Loading datasets...
  90-Q: 300 questions, 15 companies

============================================================
  Evaluating model: google/gemma-4-31B-it
============================================================

-- 90-Q evaluation (300 questions) --
<===== END depth_3_gemma_31b_90q =====>
<===== START depth_3_gemma_31b_90q | provider=Together | model=google/gemma-4-31B-it | dataset=90q | limit=300 =====>
Traceback (most recent call last):
  File "<frozen runpy>", line 198, in _run_module_as_main
  File "<frozen runpy>", line 88, in _run_code
  File "", line 931, in <module>
    main()
    ~~~~^^
  File "", line 869, in main
    results_90q = asyncio.run(evaluate_90q(
        questions_90q, sheet_lookup_90q, model_name,
        limit=args.limit, tol=args.tol, max_new_tokens=args.max_new_tokens,
    ))
  File "/Library/Frameworks/Python.framework/Versions/3.14/lib/python3.14/asyncio/runners.py", line 204, in run
    return runner.run(main)
           ~~~~~~~~~~^^^^^^
  File "/Library/Frameworks/Python.framework/Versions/3.14/lib/python3.14/asyncio/runners.py", line 127, in run
    return self._loop.run_until_complete(task)
           ~~~~~~~~~~~~~~~~~~~~~~~~~~~~~^^^^^^
  File "/Library/Frameworks/Python.framework/Versions/3.14/lib/python3.14/asyncio/base_events.py", line 719, in run_until_complete
    return future.result()
           ~~~~~~~~~~~~~^^
  File "", line 411, in evaluate_90q
    results = await asyncio.gather(*tasks)
              ^^^^^^^^^^^^^^^^^^^^^^^^^^^^
  File "", line 404, in run_one
    return await ask_one_90q_question(i, max_new_tokens, model_name, q, sheet_lookup, subset, tol)
           ^^^^^^^^^^^^^^^^^^^^^^^^^^^^^^^^^^^^^^^^^^^^^^^^^^^^^^^^^^^^^^^^^^^^^^^^^^^^^^^^^^^^^^^
  File "", line 440, in ask_one_90q_question
    response = await run_inference(model_name, prompt, max_new_tokens)
               ^^^^^^^^^^^^^^^^^^^^^^^^^^^^^^^^^^^^^^^^^^^^^^^^^^^^^^^
  File "", line 263, in run_inference
    response = await _client.chat.completions.create(
               ^^^^^^^^^^^^^^^^^^^^^^^^^^^^^^^^^^^^^^
    ...<7 lines>...
    )
    ^
  File ".venv/lib/python3.14/site-packages/together/resources/chat/completions.py", line 1061, in create
    return await self._post(
           ^^^^^^^^^^^^^^^^^
    ...<41 lines>...
    )
    ^
  File ".venv/lib/python3.14/site-packages/together/_base_client.py", line 1864, in post
    return await self.request(cast_to, opts, stream=stream, stream_cls=stream_cls)
           ^^^^^^^^^^^^^^^^^^^^^^^^^^^^^^^^^^^^^^^^^^^^^^^^^^^^^^^^^^^^^^^^^^^^^^^
  File ".venv/lib/python3.14/site-packages/together/_base_client.py", line 1663, in request
    raise self._make_status_error_from_response(err.response) from None
together.APIStatusError: Error code: 402 - {'id': 'ovYkKag-fdNmn-a28962abcd9723bc', 'error': {'message': "Credit limit exceeded, please [add credits](https://api.together.ai/settings/billing). If you've already made a payment, please wait up to 5 minutes for balances to update and try again.", 'type': 'credit_limit', 'param': None, 'code': None}}
90Q are Sheet: /output/financial_spreadsheet.json
90Q are Questions: /output/original_questions.json
Loading datasets...
  90-Q: 300 questions, 15 companies

============================================================
  Evaluating model: google/gemma-4-31B-it
============================================================

-- 90-Q evaluation (300 questions) --
  [4/300] CORRECT | truth=13454.0000 pred=13454.0 | What do we obtain as the current assets for Cobalt Semicondu...
  [8/300] WRONG  | truth=108917.0000 pred=0.0 | Calculate the sum of result of sum of operating expenses and...
  [6/300] CORRECT | truth=25147.0000 pred=25147.0 | what is the current assets for Apex Dynamics Corp in 2021 ?...
  [5/300] CORRECT | truth=6640.2790 pred=6640.65 | What would be the result of longterm liabilities scaled by r...
  [7/300] CORRECT | truth=10135.6667 pred=10135.67 | whats the value of the average inventories for ClearPath Log...
<===== END depth_3_gemma_31b_90q =====>
<===== START depth_3_gemma_31b_90q | provider=Together | model=google/gemma-4-31B-it | dataset=90q | limit=300 =====>
./run_benchmark_matrix.sh: line 102: python: command not found
<===== END depth_3_gemma_31b_90q =====>
<===== START depth_3_gemma_31b_90q | provider=Together | model=google/gemma-4-31B-it | dataset=90q | limit=300 =====>
90Q are Sheet: /output/financial_spreadsheet.json
90Q are Questions: /output/original_questions.json
Loading datasets...
  90-Q: 300 questions, 15 companies

============================================================
  Evaluating model: google/gemma-4-31B-it
============================================================

-- 90-Q evaluation (300 questions) --
  [4/300] CORRECT | truth=10644.0000 pred=10644.0 | what is the value of the the maximum of dividends paid for A...
  [2/300] CORRECT | truth=7359.0000 pred=7359.0 | give the average capex for Orion Financial Group across year...
  [3/300] CORRECT | truth=237449.0000 pred=237449.0 | evaluate the current assets for SilverLine Retail Inc in 202...
  [5/300] CORRECT | truth=119508.0000 pred=119508.0 | Provide the current assets for Pacific Crest Energy in 2020....
  [7/300] CORRECT | truth=5281.0000 pred=5281.0 | what is the value of the the minimum of operating expenses f...
  [8/300] CORRECT | truth=4853.0000 pred=4853.0 | determine the current assets for Pinnacle Health Group in 20...
  [13/300] CORRECT | truth=11725.0000 pred=11725.0 | state the the maximum of cost of goods sold for Pinnacle Hea...
  [6/300] CORRECT | truth=71165.8940 pred=71154.78 | may you give the result of longterm liabilities scaled by ra...
  [14/300] CORRECT | truth=16500.0000 pred=16500.0 | Provide the the maximum of capex for Pacific Crest Energy us...
  [1/300] WRONG  | truth=171914.0000 pred=-1858.0 | give the difference between difference between sum of cost o...
  [11/300] WRONG  | truth=28365.7359 pred=6407.6645 | which quantity is given by the sum of result of sum of inven...
  [17/300] CORRECT | truth=272356.0000 pred=272356.0 | calculate the current assets for SilverLine Retail Inc in 20...
  [20/300] CORRECT | truth=41229.0000 pred=41229.0 | What is the the maximum of cash for Apex Dynamics Corp using...
  [15/300] CORRECT | truth=26290.0000 pred=26290.0 | What's the value of the current assets for Atlas Global Indu...
  [18/300] CORRECT | truth=7867.0000 pred=7867.0 | give the the maximum of inventories for Orion Financial Grou...
  [12/300] CORRECT | truth=41367.0000 pred=41367.0 | Which quantity is given by the sum of difference between cos...
  [10/300] CORRECT | truth=14071.3333 pred=14071.333333333334 | Which result follows from the average dividends paid for Iro...
  [19/300] CORRECT | truth=66578.0000 pred=66578.0 | Could you give the current assets for Meridian Systems Inc i...
  [9/300] CORRECT | truth=-138538.0000 pred=-138538.0 | which value corresponds to the sum of result of difference b...
  [16/300] CORRECT | truth=7919.2080 pred=7919.21 | Which quantity is given by the result of sum of difference b...
  [29/300] CORRECT | truth=105291.0000 pred=105291.0 | which result follows from the current assets for Helix BioSc...
  [25/300] CORRECT | truth=5363.0000 pred=5363.0 | Which result follows from the the minimum of inventories for...
  [30/300] CORRECT | truth=18071.4919 pred=18071.5 | give the sum of difference between result of capex scaled by...
  [28/300] WRONG  | truth=3537.4768 pred=65.12 | State the sum of result of short term investments scaled by ...
  [26/300] CORRECT | truth=27487.0000 pred=27487.0 | What's the value of the current assets for Atlas Global Indu...
  [23/300] CORRECT | truth=1355377.0000 pred=1355377.0 | Which quantity is given by the sum of longterm liabilities f...
  [32/300] CORRECT | truth=3346.0000 pred=3346.0 | What is the the minimum of accounts receivable for Apex Dyna...
  [27/300] WRONG  | truth=4509.6422 pred=0.027271 | May you give the result of accounts receivable scaled by rat...
  [22/300] CORRECT | truth=231556.0000 pred=231556.0 | Which result follows from the the maximum of cost of goods s...
  [31/300] CORRECT | truth=233753.0000 pred=233753.0 | calculate the current assets for SilverLine Retail Inc in 20...
  [37/300] CORRECT | truth=12572.0000 pred=12572.0 | what would be the the maximum of cash for Cobalt Semiconduct...
  [34/300] CORRECT | truth=30901.0000 pred=30901.0 | compute the sum of ratio of sum of short term investments fo...
  [36/300] CORRECT | truth=66354.0000 pred=66354.0 | give the current assets for Orion Financial Group in 2025....
  [39/300] CORRECT | truth=131903.0000 pred=131903.0 | which result follows from the the minimum of total equity fo...
  [40/300] CORRECT | truth=354045.6667 pred=354045.67 | evaluate the average total equity for Titan Consumer Brands ...
  [42/300] WRONG  | truth=87684.5473 pred=16999.99 | Compute the sum of result of difference between cash and acc...
  [35/300] CORRECT | truth=41213.0000 pred=41213.0 | state the the maximum of total assets for Pinnacle Health Gr...
  [33/300] CORRECT | truth=257911.0000 pred=257911.0 | compute the current assets for SilverLine Retail Inc in 2023...
  [21/300] CORRECT | truth=16004.0000 pred=15940.0 | What would be the difference between sum of sum of dividends...
  [46/300] CORRECT | truth=95759.0000 pred=95759.0 | Provide the current assets for Pacific Crest Energy in 2022....
  [38/300] CORRECT | truth=21251.0000 pred=21251.0 | You should give the current assets for Atlas Global Industri...
  [44/300] CORRECT | truth=419645.0000 pred=419645.0 | Which value corresponds to the sum of sum of total liabiliti...
  [49/300] CORRECT | truth=159416.0000 pred=159416.0 | which quantity is given by the current assets for Ironclad M...
  [43/300] CORRECT | truth=78304.0000 pred=78304.0 | you should calculate the current assets for NovaStar Technol...
  [41/300] WRONG  | truth=-12201.0000 pred=12201.0 | You should give the difference between the minimum of operat...
  [53/300] WRONG  | truth=234572.0000 pred=209713.15 | Which quantity is given by the sum of the maximum of total a...
  [45/300] CORRECT | truth=78674.0000 pred=78674.0 | What does the following give: the maximum of accounts receiv...
  [24/300] WRONG  | truth=46067.4760 pred=627035.15 | What does the following give: result of the minimum of non o...
  [48/300] CORRECT | truth=158784.0000 pred=158784.0 | what does the following give: the maximum of cash for Crimso...
  [56/300] CORRECT | truth=159416.0000 pred=159416.0 | Which result follows from the current assets for Ironclad Ma...
  [52/300] CORRECT | truth=201846.0000 pred=201846.0 | whats the value of the current assets for ClearPath Logistic...
  [51/300] CORRECT | truth=357135.0000 pred=357135.0 | which value corresponds to the the maximum of total assets f...
  [57/300] CORRECT | truth=29074.0000 pred=29074.0 | give the result of the maximum of cost of goods sold for Ori...
  [47/300] CORRECT | truth=72352.1125 pred=72352.52 | You should calculate the difference between non operating ex...
  [60/300] CORRECT | truth=33171.0000 pred=33171.0 | What is the value of the the minimum of total liabilities fo...
  [61/300] CORRECT | truth=83241.3333 pred=83241.33333333333 | What does the following give: average non operating expenses...
  [62/300] CORRECT | truth=29567.0000 pred=29567.0 | What do we obtain as the current assets for Cobalt Semicondu...
  [63/300] CORRECT | truth=19839.0000 pred=19839.0 | what would be the current assets for Cobalt Semiconductor in...
  [55/300] CORRECT | truth=89022.0000 pred=89022.0 | what is the sum of gross profit for Apex Dynamics Corp in 20...
  [64/300] CORRECT | truth=243881.0000 pred=243881.0 | you should calculate the current assets for Titan Consumer B...
  [54/300] CORRECT | truth=165182.0000 pred=165182.0 | Give the the maximum of total equity for Orion Financial Gro...
  [58/300] CORRECT | truth=19552.3333 pred=19552.333333333332 | Compute the average cash for Quantum Bridge Holdings across ...
  [68/300] CORRECT | truth=73656.7113 pred=73656.1 | what's the value of the result of the maximum of revenue for...
  [70/300] CORRECT | truth=543420.3333 pred=543420.33 | What does the following give: average revenue for Crimson Ph...
  [50/300] WRONG  | truth=-253573.0350 pred=-607804560.3 | Whats the value of the difference between difference between...
  [72/300] CORRECT | truth=619727.3333 pred=619727.3333333334 | what's the value of the average total assets for ClearPath L...
  [71/300] CORRECT | truth=6477.6667 pred=6477.67 | May you calculate the average capex for NovaStar Technologie...
  [69/300] CORRECT | truth=36898.0000 pred=36898.0 | what is the current assets for Apex Dynamics Corp in 2023?...
  [77/300] CORRECT | truth=15632.0000 pred=15632.0 | Could you give the the minimum of cash for Meridian Systems ...
  [76/300] CORRECT | truth=797935.0000 pred=797935.0 | What does the following give: the maximum of revenue for Cri...
  [80/300] CORRECT | truth=15521.0000 pred=15521.0 | What does the following give: the minimum of capex for Crims...
  [78/300] CORRECT | truth=109459.0000 pred=109459.0 | Which result follows from the current assets for Helix BioSc...
  [79/300] CORRECT | truth=1436.0115 pred=1438.38 | Evaluate the result of result of short term investments scal...
  [81/300] CORRECT | truth=105291.0000 pred=105291.0 | Which value corresponds to the current assets for Helix BioS...
  [74/300] CORRECT | truth=513720.9479 pred=513720.95 | Whats the value of the difference between total assets and d...
  [82/300] CORRECT | truth=27487.0000 pred=27487.0 | what's the value of the current assets for Atlas Global Indu...
  [75/300] CORRECT | truth=453283.0000 pred=453283.0 | Compute the average cost of goods sold for SilverLine Retail...
  [73/300] CORRECT | truth=165371.0000 pred=165371.0 | You should give the the maximum of total equity for NovaStar...
  [83/300] CORRECT | truth=165182.0000 pred=165182.0 | you should give the the maximum of total equity for Orion Fi...
  [84/300] CORRECT | truth=134161.0000 pred=134161.0 | whats the value of the current assets for ClearPath Logistic...
  [86/300] CORRECT | truth=6853.0000 pred=6853.0 | What is the the maximum of capex for Apex Dynamics Corp usin...
  [87/300] CORRECT | truth=75315.0000 pred=75315.0 | which quantity is given by the the minimum of total liabilit...
  [85/300] CORRECT | truth=2622789.2946 pred=2633782.33 | whats the value of the sum of result of the maximum of total...
  [59/300] CORRECT | truth=85277.0000 pred=85277.0 | What is the current assets for Apex Dynamics Corp in 2022...
  [67/300] CORRECT | truth=296099.0000 pred=296099.0 | evaluate the current assets for Titan Consumer Brands in 202...
  [88/300] CORRECT | truth=208560.0000 pred=192213.0 | give the sum of total assets for Orion Financial Group in 20...
  [66/300] CORRECT | truth=15443.0000 pred=15443.0 | which value corresponds to the the maximum of capex for Heli...
  [94/300] CORRECT | truth=156766.0000 pred=156766.0 | calculate the the maximum of operating expenses for SilverLi...
  [65/300] CORRECT | truth=14071.3333 pred=14071.333333333334 | Which quantity is given by the average dividends paid for Ir...
  [96/300] CORRECT | truth=2745.0000 pred=2745.0 | you should calculate the the minimum of inventories for Nova...
  [99/300] CORRECT | truth=4243.0000 pred=4243.0 | what would be the the minimum of operating expenses for Coba...
  [98/300] CORRECT | truth=40590.8081 pred=40590.16 | give the sum of longterm liabilities and difference between ...
  [101/300] CORRECT | truth=254814.0000 pred=254814.0 | what does the following give: current assets for Crimson Pha...
  [90/300] CORRECT | truth=27925.0000 pred=27925.0 | What does the following give: the maximum of short term inve...
  [91/300] CORRECT | truth=63745.0000 pred=63745.0 | give the the minimum of cost of goods sold for Orion Financi...
  [92/300] CORRECT | truth=18382.0000 pred=18382.0 | What do we obtain as the current assets for Cobalt Semicondu...
  [105/300] CORRECT | truth=362729.0000 pred=362729.0 | calculate the average cost of goods sold for SilverLine Reta...
  [102/300] CORRECT | truth=316946.0000 pred=316946.0 | You should calculate the the minimum of total liabilities fo...
  [100/300] CORRECT | truth=4778.0000 pred=4778.0 | What is the the minimum of non operating expenses for Apex D...
  [106/300] CORRECT | truth=2025766.6852 pred=2137497.28975 | what's the value of the result of result of sum of total lia...
  [108/300] CORRECT | truth=103672.0000 pred=103672.0 | What do we obtain as the the maximum of non operating expens...
  [89/300] CORRECT | truth=26261.2407 pred=26261.17 | calculate the result of the maximum of cash for SilverLine R...
  [95/300] CORRECT | truth=130516.0000 pred=130516.0 | Which value corresponds to the current assets for Helix BioS...
  [112/300] CORRECT | truth=66354.0000 pred=66354.0 | Give the current assets for Orion Financial Group in 2025....
  [110/300] CORRECT | truth=42511.0000 pred=42511.0 | Compute the average total equity for Quantum Bridge Holdings...
  [109/300] CORRECT | truth=290820.5000 pred=290820.5 | which quantity is given by the sum of ratio of sum of non op...
  [103/300] CORRECT | truth=5107.0000 pred=5107.0 | state the current assets for Pinnacle Health Group in 2020 ....
  [113/300] CORRECT | truth=23302.0000 pred=23302.0 | You should calculate the the minimum of accounts receivable ...
  [107/300] CORRECT | truth=102595.0000 pred=102595.0 | may you calculate the current assets for NovaStar Technologi...
  [104/300] CORRECT | truth=102595.0000 pred=102595.0 | May you give the current assets for NovaStar Technologies in...
  [97/300] WRONG  | truth=119666.0000 pred=32950.0 | Provide the sum of difference between sum of total assets an...
  [118/300] CORRECT | truth=10380.6667 pred=10380.67 | may you give the average capex for NovaStar Technologies acr...
  [93/300] WRONG  | truth=78791.9483 pred=7953.92 | determine the difference between sum of current liabilities ...
  [120/300] CORRECT | truth=119508.0000 pred=119508.0 | Give the current assets for Pacific Crest Energy in 2020...
  [116/300] CORRECT | truth=33056.0000 pred=33056.0 | what is the value of the current assets for Apex Dynamics Co...
  [122/300] CORRECT | truth=23323.0000 pred=23323.0 | state the the maximum of revenue for Pinnacle Health Group u...
  [121/300] CORRECT | truth=154669.0000 pred=154669.0 | calculate the current assets for SilverLine Retail Inc in 20...
  [123/300] CORRECT | truth=42140.0000 pred=42140.0 | What does the following give: sum of the minimum of short te...
  [115/300] CORRECT | truth=203231.0000 pred=203231.0 | evaluate the current assets for Titan Consumer Brands in 202...
  [111/300] CORRECT | truth=80147.0000 pred=80147.0 | Whats the value of the the maximum of non operating expenses...
  [127/300] CORRECT | truth=156129.0000 pred=156129.0 | what does the following give: current assets for Crimson Pha...
  [117/300] CORRECT | truth=42514.0000 pred=42514.0 | compute the current assets for Quantum Bridge Holdings in 20...
  [114/300] CORRECT | truth=10116.0000 pred=10116.0 | you should give the the maximum of total liabilities for Pin...
  [132/300] CORRECT | truth=21527.0000 pred=21527.0 | state the the minimum of non operating expenses for Pacific ...
  [133/300] CORRECT | truth=18382.0000 pred=18382.0 | What would be the current assets for Cobalt Semiconductor in...
  [119/300] CORRECT | truth=15565.1748 pred=15565.6 | may you give the sum of capex and result of short term inves...
  [135/300] CORRECT | truth=233753.0000 pred=233753.0 | You should give the current assets for SilverLine Retail Inc...
  [131/300] CORRECT | truth=339437.0000 pred=339437.0 | Give the the maximum of total assets for Pacific Crest Energ...
  [126/300] CORRECT | truth=14517.0000 pred=14517.0 | What does the following give: the minimum of dividends paid ...
  [124/300] CORRECT | truth=19965.0000 pred=19965.0 | May you give the the minimum of total liabilities for Orion ...
  [130/300] CORRECT | truth=154669.0000 pred=154669.0 | you should calculate the current assets for SilverLine Retai...
  [128/300] CORRECT | truth=5444.9128 pred=5445.69 | could you give the difference between longterm liabilities a...
  [136/300] CORRECT | truth=47664.6667 pred=47664.67 | What's the value of the average total liabilities for Atlas ...
  [129/300] CORRECT | truth=21416.0000 pred=21416.0 | may you give the the minimum of current liabilities for Orio...
  [134/300] CORRECT | truth=105547.0000 pred=105547.0 | Give the current assets for Orion Financial Group in 2024 ....
  [140/300] CORRECT | truth=27419.0000 pred=27419.0 | which result follows from the average capex for Ironclad Man...
  [125/300] CORRECT | truth=66524.0000 pred=66524.0 | What's the value of the the minimum of total assets for Atla...
  [137/300] CORRECT | truth=-254370.6582 pred=-254175.15 | you should give the result of result of operating expenses s...
  [138/300] CORRECT | truth=2744.0000 pred=2744.0 | Could you give the the minimum of inventories for Meridian S...
  [144/300] CORRECT | truth=284624.0000 pred=284624.0 | which result follows from the sum of the maximum of short te...
  [147/300] CORRECT | truth=134161.0000 pred=134161.0 | you should calculate the current assets for ClearPath Logist...
  [141/300] CORRECT | truth=24969.0000 pred=24969.0 | what is the value of the the minimum of total equity for Ape...
  [148/300] CORRECT | truth=45989.0000 pred=45989.0 | What would be the sum of revenue and difference between divi...
  [146/300] CORRECT | truth=134436.0000 pred=134436.0 | Give the average revenue for Orion Financial Group across ye...
  [150/300] CORRECT | truth=156129.0000 pred=156129.0 | what do we obtain as the current assets for Crimson Pharmace...
  [139/300] CORRECT | truth=201846.0000 pred=201846.0 | What would be the current assets for ClearPath Logistics in ...
  [151/300] CORRECT | truth=130516.0000 pred=130516.0 | which result follows from the current assets for Helix BioSc...
  [149/300] CORRECT | truth=58621.0447 pred=58620.34 | may you calculate the sum of longterm liabilities and result...
  [157/300] CORRECT | truth=105646.0000 pred=105646.0 | Which value corresponds to the current assets for Helix BioS...
  [155/300] CORRECT | truth=10741.3333 pred=10741.333333333334 | Compute the average accounts receivable for Quantum Bridge H...
  [158/300] CORRECT | truth=461322.0000 pred=461322.0 | Which result follows from the the maximum of revenue for Iro...
  [145/300] CORRECT | truth=154669.0000 pred=154669.0 | calculate the current assets for SilverLine Retail Inc in 20...
  [143/300] CORRECT | truth=504191.0000 pred=504191.0 | calculate the sum of total liabilities for SilverLine Retail...
  [152/300] CORRECT | truth=64638.0000 pred=64638.0 | Provide the the minimum of total liabilities for Pacific Cre...
  [142/300] CORRECT | truth=664693.0000 pred=664693.0 | what does the following give: the maximum of total assets fo...
  [160/300] CORRECT | truth=9579.0000 pred=9579.0 | Determine the current assets for Pinnacle Health Group in 20...
  [162/300] CORRECT | truth=8988.0000 pred=8988.0 | which result follows from the the minimum of capex for Helix...
  [156/300] CORRECT | truth=-26808.0000 pred=-26808.0 | compute the difference between difference between difference...
  [154/300] WRONG  | truth=99152.0000 pred=-7662.0 | What's the value of the sum of capex and difference between ...
  [159/300] CORRECT | truth=43926.1714 pred=43716.7136 | compute the sum of cash and result of total liabilities scal...
  [153/300] CORRECT | truth=357949.6667 pred=357949.67 | Which result follows from the average revenue for Ironclad M...
  [165/300] CORRECT | truth=212503.0000 pred=212503.0 | Whats the value of the the minimum of cost of goods sold for...
  [163/300] CORRECT | truth=13117.3333 pred=13117.333333333334 | determine the average total assets for Pinnacle Health Group...
  [164/300] CORRECT | truth=62467.9615 pred=62475.73884 | Give the result of difference between total assets and diffe...
  [168/300] CORRECT | truth=117808.0000 pred=117808.0 | Evaluate the the maximum of operating expenses for Titan Con...
  [166/300] CORRECT | truth=53334.0000 pred=53334.0 | What's the value of the the minimum of total assets for Atla...
  [167/300] CORRECT | truth=107706.6667 pred=107706.67 | you should give the average current liabilities for Ironclad...
  [176/300] WRONG  | truth=13249.0000 pred=-51393.0 | what do we obtain as the sum of difference between sum of di...
  [173/300] CORRECT | truth=48015.0000 pred=48015.0 | what's the value of the current assets for Atlas Global Indu...
  [171/300] CORRECT | truth=1397.0000 pred=1397.0 | what is the the minimum of inventories for Apex Dynamics Cor...
  [178/300] CORRECT | truth=68614.0000 pred=68614.0 | give the current assets for Orion Financial Group in 2023...
  [174/300] CORRECT | truth=4637.3333 pred=4637.333333333333 | what do we obtain as the average capex for Cobalt Semiconduc...
  [180/300] CORRECT | truth=35841.0000 pred=35841.0 | Give the current assets for Orion Financial Group in 2020....
  [182/300] CORRECT | truth=95759.0000 pred=95759.0 | you should give the current assets for Pacific Crest Energy ...
  [179/300] WRONG  | truth=5854373.1021 pred=58416436.46 | May you calculate the result of sum of total equity and cash...
  [183/300] WRONG  | truth=23765.0000 pred=301285.0 | May you calculate the difference between sum of total liabil...
  [161/300] CORRECT | truth=20589.0000 pred=20589.0 | Evaluate the the minimum of capex for Titan Consumer Brands ...
  [181/300] CORRECT | truth=5363.0000 pred=5363.0 | Which value corresponds to the the minimum of inventories fo...
  [169/300] CORRECT | truth=105646.0000 pred=105646.0 | what does the following give: current assets for Helix BioSc...
  [175/300] CORRECT | truth=4148.0000 pred=4148.0 | you should give the the minimum of short term investments fo...
  [170/300] CORRECT | truth=23965.0000 pred=23965.0 | what would be the sum of current liabilities for Cobalt Semi...
  [172/300] CORRECT | truth=66354.0000 pred=66354.0 | Give the current assets for Orion Financial Group in 2025 ....
  [186/300] CORRECT | truth=54862.0000 pred=54862.0 | may you give the current assets for NovaStar Technologies in...
  [185/300] CORRECT | truth=14066.0000 pred=14066.0 | what is the current assets for Apex Dynamics Corp in 2020 ?...
  [184/300] CORRECT | truth=246479.0000 pred=246479.0 | Provide the the maximum of total liabilities for Pacific Cre...
  [192/300] CORRECT | truth=8553.0000 pred=8553.0 | which value corresponds to the the minimum of capex for Heli...
  [193/300] WRONG  | truth=15054.0000 pred=-16208.0 | state the sum of operating expenses and sum of difference be...
  [177/300] CORRECT | truth=134844.0000 pred=134844.0 | evaluate the sum of result of short term investments scaled ...
  [187/300] CORRECT | truth=73095.0000 pred=73095.0 | what would be the the maximum of total assets for Cobalt Sem...
  [191/300] CORRECT | truth=4705.0000 pred=4705.0 | What's the value of the the minimum of short term investment...
  [190/300] CORRECT | truth=311526.0000 pred=311526.0 | Calculate the sum of ratio of sum of cash for SilverLine Ret...
  [194/300] CORRECT | truth=28075.6667 pred=28075.67 | Provide the average non operating expenses for Pacific Crest...
  [188/300] CORRECT | truth=60922.0000 pred=60922.0 | give the current assets for Pacific Crest Energy in 2024....
  [195/300] CORRECT | truth=17996.0000 pred=17996.0 | what do we obtain as the current assets for Cobalt Semicondu...
  [196/300] CORRECT | truth=24950.0000 pred=24950.0 | Compute the current assets for Quantum Bridge Holdings in 20...
  [200/300] CORRECT | truth=222947.0000 pred=222947.0 | You should calculate the current assets for Crimson Pharmace...
  [189/300] CORRECT | truth=-318268.8888 pred=-318268.82 | Which quantity is given by the sum of difference between dif...
  [202/300] CORRECT | truth=57819.0000 pred=57819.0 | What would be the the maximum of total liabilities for Cobal...
  [204/300] CORRECT | truth=370.0000 pred=370.0 | state the the minimum of cash for Pinnacle Health Group usin...
  [197/300] CORRECT | truth=88430.0000 pred=88430.0 | which quantity is given by the the maximum of short term inv...
  [203/300] CORRECT | truth=108798.0000 pred=108798.0 | provide the result of total equity scaled by ratio of sum of...
  [209/300] CORRECT | truth=93272.0000 pred=93272.0 | Which value corresponds to the current assets for Helix BioS...
  [210/300] CORRECT | truth=1870.3333 pred=1870.3333333333333 | State the average accounts receivable for Pinnacle Health Gr...
  [201/300] CORRECT | truth=-176378.1741 pred=-176384.33 | May you calculate the result of inventories scaled by ratio ...
  [211/300] CORRECT | truth=37306.9732 pred=37247.68 | which quantity is given by the result of result of differenc...
  [199/300] CORRECT | truth=1876.0000 pred=1876.0 | determine the the minimum of operating expenses for Pinnacle...
  [206/300] CORRECT | truth=27178.0000 pred=27178.0 | Determine the sum of revenue for Pinnacle Health Group in 20...
  [214/300] CORRECT | truth=797935.0000 pred=797935.0 | what does the following give: the maximum of revenue for Cri...
  [208/300] CORRECT | truth=542897.6860 pred=542875.8 | May you give the result of the maximum of cost of goods sold...
  [212/300] CORRECT | truth=66578.0000 pred=66578.0 | could you give the current assets for Meridian Systems Inc i...
  [207/300] CORRECT | truth=5701.0000 pred=5701.0 | What is the value of the the minimum of accounts receivable ...
  [215/300] CORRECT | truth=105646.0000 pred=105646.0 | Which value corresponds to the current assets for Helix BioS...
  [205/300] CORRECT | truth=203221.5607 pred=203218.71 | calculate the result of the minimum of total equity for Silv...
  [221/300] WRONG  | truth=185385.2012 pred=45205.23 | May you calculate the sum of result of sum of accounts recei...
  [222/300] CORRECT | truth=7648201.3266 pred=7647967.02 | you should give the result of the maximum of total assets fo...
  [219/300] CORRECT | truth=-108338.0000 pred=-108338.0 | provide the difference between gross profit and sum of cash ...
  [198/300] CORRECT | truth=193620.0000 pred=193620.0 | May you calculate the sum of the minimum of revenue for Nova...
  [216/300] CORRECT | truth=19407.0000 pred=19407.0 | May you give the sum of the maximum of inventories for NovaS...
  [226/300] CORRECT | truth=107699.0000 pred=107699.0 | what would be the average operating expenses for ClearPath L...
  [213/300] CORRECT | truth=139005.4313 pred=139245.45 | you should calculate the sum of gross profit and result of s...
  [220/300] CORRECT | truth=250333.0000 pred=250333.0 | what does the following give: sum of the maximum of short te...
  [225/300] CORRECT | truth=10900.0000 pred=10900.0 | determine the current assets for Pinnacle Health Group in 20...
  [224/300] CORRECT | truth=322420.0000 pred=322420.0 | Which result follows from the average total liabilities for ...
  [223/300] CORRECT | truth=150752.0000 pred=150752.0 | You should give the current assets for Crimson Pharmaceutica...
  [232/300] CORRECT | truth=26290.0000 pred=26290.0 | what is the value of the current assets for Atlas Global Ind...
  [234/300] CORRECT | truth=11549.6667 pred=11549.67 | What's the value of the average dividends paid for ClearPath...
  [235/300] CORRECT | truth=144752.0000 pred=144752.0 | what is the value of the sum of gross profit and sum of reve...
  [236/300] CORRECT | truth=6279.0000 pred=6279.0 | Determine the the maximum of capex for Quantum Bridge Holdin...
  [228/300] CORRECT | truth=1935.6667 pred=1935.6666666666667 | Determine the average dividends paid for Quantum Bridge Hold...
  [237/300] CORRECT | truth=219020.0143 pred=218981.37 | which quantity is given by the result of sum of revenue for ...
  [239/300] CORRECT | truth=2520.0000 pred=2520.0 | What would be the the minimum of capex for Cobalt Semiconduc...
  [233/300] CORRECT | truth=92958.0000 pred=92958.0 | Provide the the minimum of total equity for Pacific Crest En...
  [218/300] CORRECT | truth=17976.6308 pred=17976.31 | You should calculate the result of dividends paid scaled by ...
  [241/300] CORRECT | truth=67540.0000 pred=67540.0 | which quantity is given by the current assets for Ironclad M...
  [243/300] CORRECT | truth=10900.0000 pred=10900.0 | determine the current assets for Pinnacle Health Group in 20...
  [229/300] CORRECT | truth=44581.0000 pred=44581.0 | compute the current assets for Quantum Bridge Holdings in 20...
  [230/300] CORRECT | truth=107884.0000 pred=107884.0 | may you calculate the the minimum of revenue for NovaStar Te...
  [242/300] CORRECT | truth=56894.0000 pred=56894.0 | Provide the the minimum of total equity for Pacific Crest En...
  [227/300] WRONG  | truth=209418.0000 pred=154842.0 | Calculate the difference between accounts receivable and dif...
  [247/300] CORRECT | truth=21251.0000 pred=21251.0 | what's the value of the current assets for Atlas Global Indu...
  [250/300] CORRECT | truth=41404978.3688 pred=41412265.8 | Whats the value of the result of sum of difference between t...
  [238/300] CORRECT | truth=57969.0000 pred=57969.0 | Which quantity is given by the current assets for Ironclad M...
  [217/300] CORRECT | truth=141395.0000 pred=141395.0 | Could you give the difference between ratio of sum of operat...
  [245/300] CORRECT | truth=8553.0000 pred=8553.0 | What does the following give: the minimum of capex for Helix...
  [251/300] CORRECT | truth=20220.3333 pred=20220.33 | Give the average short term investments for Pacific Crest En...
  [240/300] CORRECT | truth=147524.0000 pred=147524.0 | calculate the the maximum of operating expenses for SilverLi...
  [254/300] CORRECT | truth=721.0000 pred=721.0 | State the average capex for Pinnacle Health Group across yea...
  [246/300] CORRECT | truth=18382.0000 pred=18382.0 | What would be the current assets for Cobalt Semiconductor in...
  [244/300] CORRECT | truth=8699.0000 pred=8699.0 | what would be the average operating expenses for Cobalt Semi...
  [248/300] WRONG  | truth=20118678.7520 pred=200265592.01151744 | You should calculate the result of cash scaled by ratio of c...
  [249/300] WRONG  | truth=45689.7907 pred=-23169820.38 | What's the value of the difference between sum of cost of go...
  [258/300] CORRECT | truth=499588.0000 pred=499588.0 | whats the value of the the minimum of total assets for Clear...
  [256/300] WRONG  | truth=1025158.0153 pred=12804.3 | Give the result of longterm liabilities scaled by ratio of d...
  [260/300] CORRECT | truth=41540.0000 pred=41540.0 | may you give the the maximum of current liabilities for Orio...
  [231/300] WRONG  | truth=35059.3934 pred=64424.4 | which value corresponds to the sum of difference between dif...
  [262/300] CORRECT | truth=36229.0000 pred=36229.0 | Evaluate the the minimum of accounts receivable for Titan Co...
  [259/300] CORRECT | truth=56894.0000 pred=56894.0 | provide the the minimum of total equity for Pacific Crest En...
  [261/300] CORRECT | truth=233753.0000 pred=233753.0 | Evaluate the current assets for SilverLine Retail Inc in 202...
  [257/300] CORRECT | truth=21527.0000 pred=21527.0 | provide the the minimum of non operating expenses for Pacifi...
  [265/300] CORRECT | truth=59865.0000 pred=59865.0 | Calculate the the maximum of short term investments for Silv...
  [268/300] CORRECT | truth=79070.0000 pred=79070.0 | you should calculate the current assets for Ironclad Manufac...
  [253/300] CORRECT | truth=19839.0000 pred=19839.0 | What do we obtain as the current assets for Cobalt Semicondu...
  [264/300] CORRECT | truth=672607.0000 pred=672607.0 | what does the following give: sum of sum of operating expens...
  [272/300] CORRECT | truth=29355.0000 pred=29355.0 | You should calculate the the minimum of operating expenses f...
  [270/300] WRONG  | truth=4197.5842 pred=68183.41 | what is the value of the result of current liabilities scale...
  [271/300] CORRECT | truth=95759.0000 pred=95759.0 | give the current assets for Pacific Crest Energy in 2022...
  [276/300] CORRECT | truth=27059.0000 pred=27059.0 | what is the the maximum of short term investments for Apex D...
  [274/300] CORRECT | truth=47359.0000 pred=47359.0 | What's the value of the current assets for Atlas Global Indu...
  [275/300] CORRECT | truth=23856.0000 pred=23856.0 | May you calculate the the maximum of accounts receivable for...
  [273/300] CORRECT | truth=142977.0000 pred=142977.0 | You should calculate the the maximum of total liabilities fo...
  [277/300] CORRECT | truth=5679.3333 pred=5679.333333333333 | State the average total equity for Pinnacle Health Group acr...
  [255/300] CORRECT | truth=98272.0000 pred=98272.0 | What does the following give: the maximum of operating expen...
  [279/300] CORRECT | truth=57969.0000 pred=57969.0 | which result follows from the current assets for Ironclad Ma...
  [266/300] CORRECT | truth=296099.0000 pred=296099.0 | you should calculate the current assets for Titan Consumer B...
  [281/300] CORRECT | truth=105036.0000 pred=105036.0 | give the average total equity for Pacific Crest Energy acros...
  [283/300] CORRECT | truth=280237.0000 pred=280237.0 | Which quantity is given by the current assets for Ironclad M...
  [282/300] CORRECT | truth=2627.0000 pred=2627.0 | what is the the minimum of cash for Apex Dynamics Corp using...
  [284/300] WRONG  | truth=71.3372 pred=851.12 | What do we obtain as the result of non operating expenses sc...
  [287/300] CORRECT | truth=8455.0000 pred=8455.0 | What is the value of the the minimum of current liabilities ...
  [286/300] CORRECT | truth=33056.0000 pred=33056.0 | what is the current assets for Apex Dynamics Corp in 2024 ?...
  [290/300] CORRECT | truth=1652.0000 pred=1652.0 | What is the value of the the minimum of inventories for Atla...
  [291/300] CORRECT | truth=272356.0000 pred=272356.0 | compute the current assets for SilverLine Retail Inc in 2024...
  [269/300] WRONG  | truth=29393.0000 pred=16283.0 | could you give the sum of cash and difference between sum of...
  [278/300] CORRECT | truth=229290.0000 pred=229290.0 | Evaluate the current assets for Titan Consumer Brands in 202...
  [285/300] CORRECT | truth=8678.0000 pred=8678.0 | provide the average inventories for Pacific Crest Energy acr...
  [293/300] CORRECT | truth=119230.6667 pred=119230.67 | calculate the average current liabilities for SilverLine Ret...
  [267/300] CORRECT | truth=8754938.6248 pred=8754684.5 | Whats the value of the sum of result of the maximum of total...
  [295/300] CORRECT | truth=7666.0000 pred=7666.0 | State the the minimum of total liabilities for Pinnacle Heal...
  [280/300] CORRECT | truth=18142.0000 pred=18142.0 | What is the the minimum of current liabilities for Apex Dyna...
  [296/300] CORRECT | truth=36435.6667 pred=36435.67 | what is the average current liabilities for Apex Dynamics Co...
  [298/300] WRONG  | truth=-174071.0000 pred=18947.0 | may you give the difference between sum of capex and differe...
  [299/300] CORRECT | truth=-72492.0000 pred=-72492.0 | Which value corresponds to the difference between difference...
  [252/300] CORRECT | truth=818378.7325 pred=838378.69 | compute the difference between gross profit and difference b...
  [288/300] CORRECT | truth=10900.0000 pred=10900.0 | state the current assets for Pinnacle Health Group in 2025....
  [263/300] WRONG  | truth=145525.0347 pred=19054.12 | Which result follows from the result of longterm liabilities...
  [294/300] CORRECT | truth=339512.0000 pred=339512.0 | Calculate the the maximum of total equity for SilverLine Ret...
  [297/300] CORRECT | truth=149482.0000 pred=149482.0 | What do we obtain as the the minimum of total equity for Cri...
  [292/300] WRONG  | truth=96242.1495 pred=-64528.2 | What's the value of the sum of the minimum of inventories fo...
  [289/300] CORRECT | truth=151418.5000 pred=151418.5 | Provide the sum of ratio of sum of inventories for Pacific C...
  [300/300] CORRECT | truth=52279.3333 pred=52279.333333333336 | may you calculate the average cash for NovaStar Technologies...

============================================================
  Model: google/gemma-4-31B-it
============================================================
  10-Q      : 0/0  accuracy = 0.0%  (skipped 0)
  90-Q      : 272/300  accuracy = 90.7%  (skipped 0)
  Multi-turn: 0/0  accuracy = 0.0%  (skipped 0)
  Overall   : 272/300  accuracy = 90.7%
============================================================

Results saved to output_llm/last_runs_9th_aug_after_21/depths/depth_3_gemma_31b_90q_20260809_221538.json
CSV saved to output_llm/eval_results_20260809_221538.csv
<===== END depth_3_gemma_31b_90q =====>
