<===== START depth_4_gemma_31b_90q | provider=Together | model=google/gemma-4-31B-it | dataset=90q | limit=300 =====>
Traceback (most recent call last):
  File "<frozen runpy>", line 198, in _run_module_as_main
  File "<frozen runpy>", line 88, in _run_code
  File "", line 931, in <module>
    main()
    ~~~~^^
  File "", line 869, in main
    results_90q = asyncio.run(evaluate_90q(
        questions_90q, sheet_lookup_90q, model_name,
        limit=args.limit, tol=args.tol, max_new_tokens=args.max_new_tokens,
    ))
  File "/Library/Frameworks/Python.framework/Versions/3.14/lib/python3.14/asyncio/runners.py", line 204, in run
    return runner.run(main)
           ~~~~~~~~~~^^^^^^
  File "/Library/Frameworks/Python.framework/Versions/3.14/lib/python3.14/asyncio/runners.py", line 127, in run
    return self._loop.run_until_complete(task)
           ~~~~~~~~~~~~~~~~~~~~~~~~~~~~~^^^^^^
  File "/Library/Frameworks/Python.framework/Versions/3.14/lib/python3.14/asyncio/base_events.py", line 719, in run_until_complete
    return future.result()
           ~~~~~~~~~~~~~^^
  File "", line 411, in evaluate_90q
    results = await asyncio.gather(*tasks)
              ^^^^^^^^^^^^^^^^^^^^^^^^^^^^
  File "", line 404, in run_one
    return await ask_one_90q_question(i, max_new_tokens, model_name, q, sheet_lookup, subset, tol)
           ^^^^^^^^^^^^^^^^^^^^^^^^^^^^^^^^^^^^^^^^^^^^^^^^^^^^^^^^^^^^^^^^^^^^^^^^^^^^^^^^^^^^^^^
  File "", line 440, in ask_one_90q_question
    response = await run_inference(model_name, prompt, max_new_tokens)
               ^^^^^^^^^^^^^^^^^^^^^^^^^^^^^^^^^^^^^^^^^^^^^^^^^^^^^^^
  File "", line 263, in run_inference
    response = await _client.chat.completions.create(
               ^^^^^^^^^^^^^^^^^^^^^^^^^^^^^^^^^^^^^^
    ...<7 lines>...
    )
    ^
  File ".venv/lib/python3.14/site-packages/together/resources/chat/completions.py", line 1061, in create
    return await self._post(
           ^^^^^^^^^^^^^^^^^
    ...<41 lines>...
    )
    ^
  File ".venv/lib/python3.14/site-packages/together/_base_client.py", line 1864, in post
    return await self.request(cast_to, opts, stream=stream, stream_cls=stream_cls)
           ^^^^^^^^^^^^^^^^^^^^^^^^^^^^^^^^^^^^^^^^^^^^^^^^^^^^^^^^^^^^^^^^^^^^^^^
  File ".venv/lib/python3.14/site-packages/together/_base_client.py", line 1663, in request
    raise self._make_status_error_from_response(err.response) from None
together.APIStatusError: Error code: 402 - {'id': 'ovYZwpo-fdNmn-a289313ece8d03a9', 'error': {'message': "Credit limit exceeded, please [add credits](https://api.together.ai/settings/billing). If you've already made a payment, please wait up to 5 minutes for balances to update and try again.", 'type': 'credit_limit', 'param': None, 'code': None}}
90Q are Sheet: /output/financial_spreadsheet.json
90Q are Questions: /output/original_questions.json
Loading datasets...
  90-Q: 300 questions, 15 companies

============================================================
  Evaluating model: google/gemma-4-31B-it
============================================================

-- 90-Q evaluation (300 questions) --
<===== END depth_4_gemma_31b_90q =====>
<===== START depth_4_gemma_31b_90q | provider=Together | model=google/gemma-4-31B-it | dataset=90q | limit=300 =====>
<===== START depth_4_gemma_31b_90q | provider=Together | model=google/gemma-4-31B-it | dataset=90q | limit=300 =====>
./run_benchmark_matrix.sh: line 102: python: command not found
<===== END depth_4_gemma_31b_90q =====>
<===== START depth_4_gemma_31b_90q | provider=Together | model=google/gemma-4-31B-it | dataset=90q | limit=300 =====>
90Q are Sheet: /output/financial_spreadsheet.json
90Q are Questions: /output/original_questions.json
Loading datasets...
  90-Q: 300 questions, 15 companies

============================================================
  Evaluating model: google/gemma-4-31B-it
============================================================

-- 90-Q evaluation (300 questions) --
  [6/300] CORRECT | truth=25599.5000 pred=25599.5 | Which result follows from the average operating expenses for...
  [4/300] CORRECT | truth=11607.0000 pred=11607.0 | May you calculate the the maximum of capex for NovaStar Tech...
  [9/300] CORRECT | truth=112894.0000 pred=112894.0 | what is the longterm assets for Apex Dynamics Corp in 2025 ?...
  [7/300] CORRECT | truth=95280.0000 pred=95280.0 | Calculate the average operating expenses for SilverLine Reta...
  [5/300] CORRECT | truth=387219.0000 pred=387219.0 | which result follows from the sum of current assets and gros...
  [2/300] CORRECT | truth=379094.7500 pred=379094.75 | Whats the value of the average total liabilities for ClearPa...
  [1/300] CORRECT | truth=191823.0000 pred=191823.0 | which value corresponds to the longterm assets for Helix Bio...
  [13/300] WRONG  | truth=12319.7289 pred=10881.41 | Determine the sum of difference between result of difference...
  [14/300] CORRECT | truth=687937.0000 pred=687937.0 | Whats the value of the the maximum of revenue for ClearPath ...
  [12/300] WRONG  | truth=421384.4044 pred=57879.3 | could you give the sum of result of longterm liabilities sca...
  [15/300] CORRECT | truth=445216.0000 pred=445216.0 | whats the value of the the maximum of cost of goods sold for...
  [17/300] CORRECT | truth=378705.0000 pred=378705.0 | which result follows from the longterm assets for Ironclad M...
  [16/300] CORRECT | truth=16019.0000 pred=16019.0 | May you calculate the the minimum of non operating expenses ...
  [8/300] CORRECT | truth=710334.5000 pred=710334.5 | what does the following give: average revenue for Crimson Ph...
  [18/300] CORRECT | truth=30842.0000 pred=30842.0 | what would be the the maximum of cost of goods sold for Coba...
  [20/300] CORRECT | truth=20131.2500 pred=20131.25 | Give the average current liabilities for Orion Financial Gro...
  [10/300] CORRECT | truth=26613.0000 pred=26613.0 | May you give the the maximum of operating expenses for NovaS...
  [24/300] CORRECT | truth=10830.0000 pred=10830.0 | Provide the the minimum of operating expenses for Pacific Cr...
  [23/300] CORRECT | truth=139504.0000 pred=139504.0 | Could you give the longterm assets for Meridian Systems Inc ...
  [22/300] CORRECT | truth=21463.0000 pred=21463.0 | evaluate the average inventories for Titan Consumer Brands a...
  [19/300] WRONG  | truth=-56140.3437 pred=54026.9 | provide the sum of difference between result of difference b...
  [3/300] CORRECT | truth=219929.0000 pred=219929.0 | Provide the longterm assets for Pacific Crest Energy in 2020...
  [30/300] CORRECT | truth=56016.0000 pred=56016.0 | what's the value of the longterm assets for Atlas Global Ind...
  [28/300] CORRECT | truth=774.0000 pred=774.0 | provide the the minimum of dividends paid for Pacific Crest ...
  [11/300] CORRECT | truth=65173.0000 pred=65173.0 | could you give the longterm assets for Meridian Systems Inc ...
  [21/300] CORRECT | truth=15521.0000 pred=15521.0 | what does the following give: the minimum of capex for Crims...
  [32/300] CORRECT | truth=213345.0000 pred=213345.0 | what does the following give: the maximum of current liabili...
  [34/300] CORRECT | truth=30313.0000 pred=30313.0 | state the longterm assets for Pinnacle Health Group in 2025....
  [31/300] CORRECT | truth=514684.0000 pred=514684.0 | Whats the value of the the minimum of revenue for ClearPath ...
  [25/300] CORRECT | truth=15194.0000 pred=15194.0 | Which result follows from the average inventories for Helix ...
  [33/300] CORRECT | truth=247385.0000 pred=247385.0 | Which result follows from the the maximum of total liabiliti...
  [37/300] CORRECT | truth=234572.0000 pred=234572.0 | could you give the the maximum of total assets for Meridian ...
  [35/300] CORRECT | truth=52203.0000 pred=52203.0 | what would be the the minimum of total assets for Cobalt Sem...
  [27/300] CORRECT | truth=63527.0000 pred=63527.0 | may you calculate the the minimum of cost of goods sold for ...
  [38/300] CORRECT | truth=48287.0000 pred=48287.0 | Determine the longterm assets for Quantum Bridge Holdings in...
  [41/300] CORRECT | truth=39655.0000 pred=39655.0 | What would be the longterm assets for Cobalt Semiconductor i...
  [40/300] CORRECT | truth=6043.0000 pred=6043.0 | What is the the maximum of inventories for Apex Dynamics Cor...
  [43/300] CORRECT | truth=8665.0000 pred=8665.0 | Determine the the minimum of cost of goods sold for Pinnacle...
  [42/300] CORRECT | truth=103346.0000 pred=103346.0 | May you calculate the longterm assets for NovaStar Technolog...
  [48/300] CORRECT | truth=8839.5000 pred=8839.5 | what is the average operating expenses for Apex Dynamics Cor...
  [47/300] CORRECT | truth=20787.0000 pred=20787.0 | What do we obtain as the the maximum of total equity for Cob...
  [29/300] CORRECT | truth=56951.0000 pred=56951.0 | what is the value of the longterm assets for Apex Dynamics C...
  [49/300] CORRECT | truth=853892.0000 pred=853892.0 | You should calculate the longterm assets for Titan Consumer ...
  [26/300] CORRECT | truth=918217.0000 pred=918217.0 | evaluate the longterm assets for Titan Consumer Brands in 20...
  [53/300] CORRECT | truth=541492.2500 pred=541492.25 | what would be the average revenue for ClearPath Logistics ac...
  [54/300] CORRECT | truth=927688.5000 pred=927688.5 | Which result follows from the sum of the minimum of non oper...
  [39/300] CORRECT | truth=130298.0000 pred=130298.0 | Calculate the the maximum of cash for SilverLine Retail Inc ...
  [57/300] CORRECT | truth=116496.0000 pred=116496.0 | Whats the value of the the minimum of total equity for Clear...
  [56/300] WRONG  | truth=510487.6315 pred=205644.35 | Evaluate the difference between cost of goods sold and resul...
  [44/300] CORRECT | truth=405.0000 pred=405.0 | provide the the minimum of dividends paid for Pacific Crest ...
  [52/300] CORRECT | truth=33783.7500 pred=33783.75 | what is the value of the average current liabilities for Ape...
  [46/300] CORRECT | truth=9008.0000 pred=9008.0 | Determine the longterm assets for Pinnacle Health Group in 2...
  [59/300] CORRECT | truth=101096.2500 pred=101096.25 | may you calculate the average total equity for NovaStar Tech...
  [60/300] CORRECT | truth=56951.0000 pred=56951.0 | What is the longterm assets for Apex Dynamics Corp in 2020?...
  [45/300] CORRECT | truth=3706.7500 pred=3706.75 | What would be the average capex for Cobalt Semiconductor acr...
  [62/300] CORRECT | truth=437826.0000 pred=437826.0 | what does the following give: the minimum of total assets fo...
  [50/300] CORRECT | truth=552699.0000 pred=552699.0 | which result follows from the the maximum of total liabiliti...
  [65/300] CORRECT | truth=19605.0000 pred=19605.0 | what's the value of the the minimum of total equity for Atla...
  [63/300] CORRECT | truth=320486.0000 pred=320486.0 | Whats the value of the sum of the maximum of non operating e...
  [51/300] CORRECT | truth=61378.0000 pred=61378.0 | determine the longterm assets for Quantum Bridge Holdings in...
  [67/300] CORRECT | truth=7772.0000 pred=7772.0 | give the the minimum of short term investments for Orion Fin...
  [64/300] CORRECT | truth=-2187450.1531 pred=-2187445.16 | may you give the sum of result of difference between sum of ...
  [68/300] CORRECT | truth=728017.0000 pred=728017.0 | evaluate the sum of current assets and total assets for Silv...
  [73/300] CORRECT | truth=706774.0000 pred=706774.0 | what's the value of the longterm assets for ClearPath Logist...
  [72/300] CORRECT | truth=100803.2500 pred=100803.25 | give the average total liabilities for Orion Financial Group...
  [71/300] CORRECT | truth=57926.0000 pred=57926.0 | which result follows from the sum of sum of difference betwe...
  [58/300] CORRECT | truth=163671.0000 pred=163671.0 | give the longterm assets for Orion Financial Group in 2024....
  [36/300] CORRECT | truth=76567.6667 pred=76567.66666666667 | State the sum of sum of current liabilities for Pacific Cres...
  [75/300] CORRECT | truth=82616.0000 pred=82616.0 | Provide the the maximum of cash for Pacific Crest Energy usi...
  [74/300] WRONG  | truth=-138981.3333 pred=-39236.33333333334 | What's the value of the difference between ratio of sum of s...
  [77/300] CORRECT | truth=13380.5000 pred=13380.5 | evaluate the average inventories for Titan Consumer Brands a...
  [61/300] CORRECT | truth=0.0000 pred=0.0 | Calculate the the minimum of dividends paid for SilverLine R...
  [79/300] CORRECT | truth=43034.0000 pred=43034.0 | what does the following give: average accounts receivable fo...
  [80/300] CORRECT | truth=5578.0000 pred=5578.0 | Could you give the the minimum of short term investments for...
  [81/300] CORRECT | truth=145388.0000 pred=145388.0 | Provide the longterm assets for Pacific Crest Energy in 2025...
  [83/300] CORRECT | truth=112894.0000 pred=112894.0 | What is the longterm assets for Apex Dynamics Corp in 2025?...
  [66/300] CORRECT | truth=28196.0000 pred=28196.0 | state the longterm assets for Pinnacle Health Group in 2024....
  [76/300] CORRECT | truth=-43769.6667 pred=-43769.66666667 | determine the difference between ratio of sum of sum of inve...
  [70/300] CORRECT | truth=394.0000 pred=394.0 | State the the minimum of capex for Pinnacle Health Group usi...
  [84/300] CORRECT | truth=28435.0000 pred=28435.0 | provide the the maximum of short term investments for Pacifi...
  [86/300] CORRECT | truth=67361.0000 pred=67361.0 | May you calculate the the minimum of total liabilities for N...
  [90/300] CORRECT | truth=2673.0000 pred=2673.0 | what is the average dividends paid for Apex Dynamics Corp ac...
  [69/300] CORRECT | truth=39037.0000 pred=39037.0 | What's the value of the longterm assets for Atlas Global Ind...
  [87/300] CORRECT | truth=58304.0000 pred=58304.0 | Give the the maximum of cash for Orion Financial Group using...
  [88/300] CORRECT | truth=6853.0000 pred=6853.0 | You should give the the maximum of capex for Apex Dynamics C...
  [91/300] CORRECT | truth=8665.0000 pred=8665.0 | state the the minimum of cost of goods sold for Pinnacle Hea...
  [92/300] CORRECT | truth=340690.0000 pred=340690.0 | whats the value of the longterm assets for ClearPath Logisti...
  [93/300] CORRECT | truth=-4991.5331 pred=-4991.05 | compute the result of the minimum of total equity for Quantu...
  [95/300] CORRECT | truth=28435.0000 pred=28435.0 | provide the the maximum of short term investments for Pacifi...
  [94/300] CORRECT | truth=367473.0000 pred=367473.0 | calculate the longterm assets for SilverLine Retail Inc in 2...
  [96/300] CORRECT | truth=50376.5000 pred=50376.5 | what is the value of the average total equity for Apex Dynam...
  [55/300] CORRECT | truth=-689988.5009 pred=-689986.12 | You should calculate the sum of gross profit and result of s...
  [100/300] CORRECT | truth=3285.7500 pred=3285.75 | what's the value of the average dividends paid for Atlas Glo...
  [101/300] CORRECT | truth=145373.0000 pred=145373.0 | could you give the longterm assets for Meridian Systems Inc ...
  [85/300] CORRECT | truth=13956.7500 pred=13956.75 | What is the average short term investments for Apex Dynamics...
  [103/300] CORRECT | truth=260511.0000 pred=260511.0 | calculate the longterm assets for SilverLine Retail Inc in 2...
  [78/300] CORRECT | truth=366328.0000 pred=366328.0 | may you calculate the longterm assets for NovaStar Technolog...
  [106/300] CORRECT | truth=162250.0000 pred=162250.0 | which value corresponds to the longterm assets for Helix Bio...
  [107/300] CORRECT | truth=18724.0000 pred=18724.0 | Which result follows from the the minimum of cash for Helix ...
  [82/300] CORRECT | truth=145373.0000 pred=145373.0 | could you give the longterm assets for Meridian Systems Inc ...
  [98/300] CORRECT | truth=8296.2500 pred=8296.25 | what is the value of the average short term investments for ...
  [108/300] CORRECT | truth=278929.0000 pred=278929.0 | give the sum of ratio of sum of sum of accounts receivable f...
  [110/300] CORRECT | truth=129423.0000 pred=129423.0 | provide the the maximum of total equity for Pacific Crest En...
  [89/300] CORRECT | truth=174481.0000 pred=174481.0 | may you calculate the sum of longterm liabilities and curren...
  [111/300] CORRECT | truth=47514.2500 pred=47514.25 | You should calculate the average accounts receivable for Tit...
  [113/300] CORRECT | truth=4661.5000 pred=4661.5 | What is the average capex for Apex Dynamics Corp across year...
  [99/300] CORRECT | truth=81457.0000 pred=81457.0 | calculate the the maximum of capex for SilverLine Retail Inc...
  [102/300] CORRECT | truth=631.5000 pred=631.5 | May you calculate the average dividends paid for NovaStar Te...
  [114/300] CORRECT | truth=0.0000 pred=0.0 | what is the the minimum of dividends paid for Apex Dynamics ...
  [116/300] CORRECT | truth=17945.0000 pred=17945.0 | You should give the the maximum of operating expenses for Ap...
  [118/300] CORRECT | truth=-84019.0000 pred=-84019.0 | give the difference between the maximum of operating expense...
  [97/300] CORRECT | truth=139495.0000 pred=139495.0 | What's the value of the longterm assets for Atlas Global Ind...
  [119/300] CORRECT | truth=31236.0000 pred=31236.0 | Calculate the the minimum of short term investments for Silv...
  [117/300] CORRECT | truth=12131.7500 pred=12131.75 | could you give the average short term investments for Meridi...
  [105/300] CORRECT | truth=525432.0000 pred=525432.0 | May you give the the maximum of total assets for NovaStar Te...
  [104/300] CORRECT | truth=153750.0000 pred=153750.0 | Whats the value of the the maximum of operating expenses for...
  [120/300] CORRECT | truth=65913.0000 pred=65913.0 | Evaluate the the minimum of cash for Titan Consumer Brands u...
  [124/300] CORRECT | truth=13370.0000 pred=13370.0 | whats the value of the the minimum of capex for ClearPath Lo...
  [125/300] CORRECT | truth=64815.0000 pred=64815.0 | What would be the difference between the maximum of total as...
  [122/300] CORRECT | truth=20731.0000 pred=20731.0 | Determine the the minimum of total liabilities for Quantum B...
  [121/300] CORRECT | truth=111735.2660 pred=110911.43 | Give the difference between sum of gross profit and result o...
  [126/300] WRONG  | truth=308795.8565 pred=5.6817 | calculate the result of gross profit scaled by ratio of cape...
  [131/300] CORRECT | truth=357329.0000 pred=357329.0 | calculate the longterm assets for SilverLine Retail Inc in 2...
  [129/300] CORRECT | truth=7169.0000 pred=7169.0 | what's the value of the the maximum of capex for Atlas Globa...
  [128/300] WRONG  | truth=-18994.4992 pred=-71205875.17 | determine the sum of dividends paid and sum of difference be...
  [127/300] CORRECT | truth=1217431.9587 pred=1217441.66 | You should give the sum of revenue and sum of longterm liabi...
  [112/300] CORRECT | truth=39037.0000 pred=39037.0 | What's the value of the longterm assets for Atlas Global Ind...
  [132/300] CORRECT | truth=60565.0000 pred=60565.0 | You should calculate the average current liabilities for Nov...
  [109/300] CORRECT | truth=365161.0000 pred=365161.0 | Calculate the longterm assets for SilverLine Retail Inc in 2...
  [136/300] CORRECT | truth=16485.0000 pred=16485.0 | Determine the the maximum of non operating expenses for Quan...
  [137/300] CORRECT | truth=4243.0000 pred=4243.0 | What do we obtain as the the minimum of operating expenses f...
  [115/300] CORRECT | truth=269311.0000 pred=269311.0 | Whats the value of the longterm assets for ClearPath Logisti...
  [138/300] CORRECT | truth=100421.0000 pred=100421.0 | State the sum of current assets and longterm liabilities for...
  [141/300] CORRECT | truth=23909.0000 pred=23909.0 | May you give the sum of operating income for Orion Financial...
  [140/300] CORRECT | truth=-17239.2026 pred=-17236.5 | you should give the result of the maximum of operating expen...
  [142/300] CORRECT | truth=269218.0000 pred=269218.0 | May you give the the maximum of total assets for Orion Finan...
  [145/300] CORRECT | truth=32083.0000 pred=32083.0 | What is the value of the longterm assets for Atlas Global In...
  [130/300] CORRECT | truth=271565.0000 pred=271565.0 | Evaluate the average cost of goods sold for Titan Consumer B...
  [123/300] CORRECT | truth=81708.0000 pred=81708.0 | could you give the longterm assets for Meridian Systems Inc ...
  [133/300] CORRECT | truth=27761.0000 pred=27761.0 | You should give the the minimum of non operating expenses fo...
  [149/300] CORRECT | truth=286352.0000 pred=286352.0 | What does the following give: longterm assets for Crimson Ph...
  [146/300] CORRECT | truth=21496.0000 pred=21496.0 | May you give the the minimum of operating expenses for Orion...
  [148/300] CORRECT | truth=22596.0000 pred=22596.0 | Which result follows from the the maximum of inventories for...
  [151/300] CORRECT | truth=20540.7500 pred=20540.75 | Give the average short term investments for Pacific Crest En...
  [147/300] CORRECT | truth=26613.0000 pred=26613.0 | May you calculate the the maximum of operating expenses for ...
  [139/300] CORRECT | truth=664693.0000 pred=664693.0 | What does the following give: the maximum of total assets fo...
  [152/300] CORRECT | truth=12107.0000 pred=12107.0 | What would be the sum of the maximum of non operating expens...
  [157/300] CORRECT | truth=91983.0000 pred=91983.0 | What's the value of the the maximum of revenue for Atlas Glo...
  [143/300] CORRECT | truth=139495.0000 pred=139495.0 | What is the value of the longterm assets for Atlas Global In...
  [154/300] CORRECT | truth=80320.0000 pred=80320.0 | What would be the the maximum of non operating expenses for ...
  [150/300] CORRECT | truth=87508.0000 pred=87508.0 | state the longterm assets for Pacific Crest Energy in 2023....
  [156/300] CORRECT | truth=19749.6667 pred=19749.666666666668 | What do we obtain as the sum of ratio of sum of sum of total...
  [134/300] CORRECT | truth=19281.7500 pred=19281.75 | Determine the average total assets for Pinnacle Health Group...
  [160/300] CORRECT | truth=17565.5000 pred=17565.5 | What is the value of the average current liabilities for Atl...
  [158/300] CORRECT | truth=112894.0000 pred=112894.0 | what is the value of the longterm assets for Apex Dynamics C...
  [159/300] CORRECT | truth=635390.0000 pred=635390.0 | Which quantity is given by the longterm assets for Ironclad ...
  [161/300] CORRECT | truth=16137.5000 pred=16137.5 | What is the average cash for Apex Dynamics Corp across years...
  [162/300] CORRECT | truth=116077.0000 pred=116077.0 | What is the longterm assets for Apex Dynamics Corp in 2021?...
  [165/300] CORRECT | truth=56016.0000 pred=56016.0 | What's the value of the longterm assets for Atlas Global Ind...
  [135/300] CORRECT | truth=78139.0000 pred=78139.0 | Give the sum of current assets for Orion Financial Group in ...
  [167/300] CORRECT | truth=54291.0000 pred=54291.0 | what would be the the maximum of total liabilities for Cobal...
  [171/300] CORRECT | truth=9666.0000 pred=9666.0 | what is the the minimum of non operating expenses for Apex D...
  [144/300] CORRECT | truth=21098.5000 pred=21098.5 | Which result follows from the average inventories for Helix ...
  [168/300] CORRECT | truth=3285.7500 pred=3285.75 | what's the value of the average dividends paid for Atlas Glo...
  [169/300] CORRECT | truth=370704.0000 pred=370704.0 | whats the value of the average total liabilities for ClearPa...
  [153/300] CORRECT | truth=143545.5000 pred=143545.5 | Provide the average total liabilities for Pacific Crest Ener...
  [173/300] CORRECT | truth=46480.0000 pred=46480.0 | What is the the minimum of total liabilities for Apex Dynami...
  [174/300] CORRECT | truth=8094.5194 pred=8093.5 | What do we obtain as the difference between current assets a...
  [176/300] CORRECT | truth=2421.0000 pred=2421.0 | You should give the the maximum of dividends paid for Orion ...
  [172/300] CORRECT | truth=277530.3976 pred=277562.73 | Whats the value of the result of longterm liabilities for Cl...
  [178/300] CORRECT | truth=41743.0000 pred=41743.0 | compute the longterm assets for Quantum Bridge Holdings in 2...
  [175/300] CORRECT | truth=716.7500 pred=716.75 | State the average dividends paid for Pinnacle Health Group a...
  [164/300] CORRECT | truth=24377.5000 pred=24377.5 | what does the following give: average capex for Crimson Phar...
  [155/300] CORRECT | truth=357329.0000 pred=357329.0 | Evaluate the longterm assets for SilverLine Retail Inc in 20...
  [180/300] CORRECT | truth=20196.5000 pred=20196.5 | provide the average short term investments for Pacific Crest...
  [166/300] CORRECT | truth=219929.0000 pred=219929.0 | provide the longterm assets for Pacific Crest Energy in 2020...
  [163/300] CORRECT | truth=1096413.3333 pred=1096413.3333333333 | what do we obtain as the sum of revenue for Crimson Pharmace...
  [182/300] CORRECT | truth=418219.0000 pred=418219.0 | Whats the value of the the maximum of total equity for Clear...
  [185/300] CORRECT | truth=255557.0000 pred=255557.0 | you should give the longterm assets for Crimson Pharmaceutic...
  [186/300] CORRECT | truth=394.0000 pred=394.0 | you should give the the minimum of capex for Pinnacle Health...
  [177/300] CORRECT | truth=28435.0000 pred=28435.0 | Provide the the maximum of short term investments for Pacifi...
  [188/300] WRONG  | truth=-211943.6745 pred=23512.88 | You should give the result of current liabilities scaled by ...
  [181/300] CORRECT | truth=56016.0000 pred=56016.0 | what is the value of the longterm assets for Atlas Global In...
  [170/300] CORRECT | truth=-30410.4757 pred=-30447.6 | Compute the result of the maximum of operating expenses for ...
  [179/300] CORRECT | truth=52795.0000 pred=52795.0 | you should calculate the average short term investments for ...
  [184/300] CORRECT | truth=42993.0000 pred=42993.0 | provide the average current liabilities for Pacific Crest En...
  [190/300] CORRECT | truth=3812.0000 pred=3812.0 | You should calculate the the minimum of non operating expens...
  [191/300] CORRECT | truth=30873.0000 pred=30873.0 | What does the following give: the minimum of accounts receiv...
  [197/300] CORRECT | truth=259874.5000 pred=259874.5 | You should give the average total equity for Crimson Pharmac...
  [192/300] CORRECT | truth=160072.0000 pred=160072.0 | which result follows from the sum of current assets and curr...
  [198/300] CORRECT | truth=47153.0000 pred=47153.0 | May you calculate the longterm assets for NovaStar Technolog...
  [195/300] CORRECT | truth=541627.0000 pred=541627.0 | What does the following give: sum of gross profit and curren...
  [193/300] CORRECT | truth=2530.0000 pred=2530.0 | compute the the minimum of inventories for Quantum Bridge Ho...
  [200/300] CORRECT | truth=28498.0000 pred=28498.0 | You should give the the minimum of cost of goods sold for Qu...
  [201/300] CORRECT | truth=853892.0000 pred=853892.0 | You should calculate the longterm assets for Titan Consumer ...
  [189/300] CORRECT | truth=193978.0000 pred=193978.0 | Calculate the the maximum of non operating expenses for Silv...
  [194/300] CORRECT | truth=18608.0000 pred=18608.0 | could you give the the maximum of inventories for Meridian S...
  [183/300] CORRECT | truth=44843.0000 pred=44843.0 | You should give the sum of non operating expenses and curren...
  [196/300] CORRECT | truth=18084.2500 pred=18084.25 | determine the average total liabilities for Pinnacle Health ...
  [202/300] CORRECT | truth=69920.2304 pred=69919.85 | What does the following give: sum of result of gross profit ...
  [187/300] CORRECT | truth=340690.0000 pred=340690.0 | whats the value of the longterm assets for ClearPath Logisti...
  [206/300] CORRECT | truth=8613.7500 pred=8613.75 | what's the value of the average short term investments for A...
  [207/300] CORRECT | truth=62704.0000 pred=62704.0 | which value corresponds to the the minimum of total equity f...
  [204/300] CORRECT | truth=-23885.0000 pred=-23885.0 | Determine the difference between the minimum of dividends pa...
  [211/300] CORRECT | truth=38749.0000 pred=38749.0 | you should calculate the longterm assets for Cobalt Semicond...
  [203/300] CORRECT | truth=1080.2500 pred=1080.25 | Determine the average inventories for Pinnacle Health Group ...
  [213/300] CORRECT | truth=56894.0000 pred=56894.0 | provide the the minimum of total equity for Pacific Crest En...
  [214/300] CORRECT | truth=5376.0000 pred=5376.0 | may you give the the minimum of accounts receivable for Orio...
  [209/300] CORRECT | truth=3827.2500 pred=3827.25 | Could you give the average dividends paid for Meridian Syste...
  [208/300] CORRECT | truth=2830.7500 pred=2830.75 | state the average operating expenses for Pinnacle Health Gro...
  [215/300] CORRECT | truth=8579.0000 pred=8579.0 | State the sum of longterm liabilities for Pinnacle Health Gr...
  [205/300] CORRECT | truth=77518.5000 pred=77518.5 | calculate the average accounts receivable for SilverLine Ret...
  [216/300] CORRECT | truth=64613.0000 pred=64613.0 | could you give the longterm assets for Meridian Systems Inc ...
  [219/300] CORRECT | truth=7589.0000 pred=7589.0 | what would be the the maximum of accounts receivable for Cob...
  [221/300] CORRECT | truth=9338.0000 pred=9338.0 | state the longterm assets for Pinnacle Health Group in 2020...
  [223/300] CORRECT | truth=9848.5000 pred=9848.5 | Which quantity is given by the average short term investment...
  [222/300] CORRECT | truth=-49955.0000 pred=-48955.0 | Evaluate the difference between current assets and current l...
  [225/300] CORRECT | truth=922.0000 pred=922.0 | What would be the the minimum of short term investments for ...
  [226/300] CORRECT | truth=206070.0000 pred=206070.0 | what is the value of the the maximum of total assets for Ape...
  [227/300] CORRECT | truth=6778.0000 pred=6778.0 | Determine the the maximum of current liabilities for Pinnacl...
  [220/300] WRONG  | truth=-256263.0000 pred=-395766.0 | May you calculate the sum of the maximum of cost of goods so...
  [224/300] CORRECT | truth=108437.0000 pred=108437.0 | could you give the the maximum of total equity for Meridian ...
  [199/300] CORRECT | truth=13336.0000 pred=13336.0 | may you give the difference between current assets and longt...
  [229/300] CORRECT | truth=46722.0000 pred=46722.0 | what is the value of the longterm assets for Atlas Global In...
  [217/300] CORRECT | truth=27059.0000 pred=27059.0 | what is the the maximum of short term investments for Apex D...
  [234/300] CORRECT | truth=52279.2500 pred=52279.25 | what is the average cost of goods sold for Apex Dynamics Cor...
  [231/300] CORRECT | truth=5472.0000 pred=5472.0 | whats the value of the the minimum of inventories for ClearP...
  [230/300] CORRECT | truth=1944.0000 pred=1944.0 | determine the the minimum of capex for Quantum Bridge Holdin...
  [232/300] CORRECT | truth=143685.0000 pred=143685.0 | May you calculate the longterm assets for NovaStar Technolog...
  [233/300] CORRECT | truth=635390.0000 pred=635390.0 | Which quantity is given by the longterm assets for Ironclad ...
  [235/300] CORRECT | truth=343771.3333 pred=343771.3333 | Whats the value of the sum of ratio of sum of sum of total l...
  [236/300] WRONG  | truth=2504.9551 pred=258015.72 | Provide the result of ratio of sum of cash for Pacific Crest...
  [212/300] CORRECT | truth=80451.0000 pred=80451.0 | calculate the the maximum of inventories for SilverLine Reta...
  [210/300] CORRECT | truth=11220.5000 pred=11220.5 | determine the average cost of goods sold for Pinnacle Health...
  [218/300] CORRECT | truth=32022.0000 pred=32022.0 | give the longterm assets for Orion Financial Group in 2020....
  [237/300] CORRECT | truth=-18524.0000 pred=-18524.0 | what would be the difference between current assets and long...
  [239/300] CORRECT | truth=26134.5000 pred=26134.5 | give the average operating expenses for Orion Financial Grou...
  [242/300] CORRECT | truth=52514.0000 pred=52514.0 | what is the sum of current assets and non operating expenses...
  [248/300] CORRECT | truth=21527.0000 pred=21527.0 | provide the the minimum of non operating expenses for Pacifi...
  [240/300] CORRECT | truth=32134.2500 pred=32134.25 | what does the following give: average short term investments...
  [244/300] CORRECT | truth=-644.3482 pred=-644.3141421124283 | Determine the result of difference between current liabiliti...
  [246/300] CORRECT | truth=52090.0000 pred=52090.0 | what's the value of the sum of current assets and inventorie...
  [241/300] CORRECT | truth=54234.0000 pred=54234.0 | which result follows from the the maximum of accounts receiv...
  [247/300] CORRECT | truth=5363.0000 pred=5363.0 | Which result follows from the the minimum of inventories for...
  [228/300] CORRECT | truth=74993.0000 pred=74993.0 | What is the sum of ratio of sum of sum of total equity for A...
  [252/300] WRONG  | truth=9338.0000 pred=10338.0 | state the longterm assets for Pinnacle Health Group in 2020....
  [254/300] CORRECT | truth=3962.0000 pred=3962.0 | Determine the the maximum of cash for Pinnacle Health Group ...
  [256/300] CORRECT | truth=154461.0000 pred=154461.0 | Give the the maximum of total liabilities for Orion Financia...
  [253/300] CORRECT | truth=34511.0000 pred=34511.0 | Evaluate the the maximum of capex for Titan Consumer Brands ...
  [255/300] CORRECT | truth=24706.0000 pred=24706.0 | What is the value of the the maximum of cash for Atlas Globa...
  [245/300] CORRECT | truth=5002.0000 pred=5002.0 | determine the the maximum of inventories for Quantum Bridge ...
  [238/300] CORRECT | truth=642387.0000 pred=642387.0 | whats the value of the sum of the maximum of cost of goods s...
  [249/300] CORRECT | truth=39037.0000 pred=39037.0 | what is the value of the longterm assets for Atlas Global In...
  [259/300] CORRECT | truth=4680.9260 pred=4680.6 | what does the following give: difference between short term ...
  [260/300] WRONG  | truth=153212.5686 pred=109791.97 | you should give the result of sum of sum of difference betwe...
  [251/300] CORRECT | truth=47514.2500 pred=47514.25 | you should calculate the average accounts receivable for Tit...
  [262/300] CORRECT | truth=10309.0000 pred=10309.0 | what would be the the maximum of non operating expenses for ...
  [265/300] CORRECT | truth=62704.0000 pred=62704.0 | Which value corresponds to the the minimum of total equity f...
  [261/300] CORRECT | truth=597468.0000 pred=597468.0 | you should give the the maximum of cost of goods sold for Cr...
  [263/300] CORRECT | truth=13156.0000 pred=13156.0 | Could you give the result of the minimum of non operating ex...
  [266/300] CORRECT | truth=29622.0000 pred=29622.0 | What is the sum of current assets and capex for Apex Dynamic...
  [243/300] CORRECT | truth=162359.6667 pred=162359.66666666666 | what is the sum of ratio of sum of sum of non operating expe...
  [267/300] CORRECT | truth=366328.0000 pred=366328.0 | May you calculate the longterm assets for NovaStar Technolog...
  [258/300] CORRECT | truth=568831.0000 pred=568831.0 | Which result follows from the longterm assets for Ironclad M...
  [269/300] CORRECT | truth=2627.0000 pred=2627.0 | you should calculate the the minimum of cash for Apex Dynami...
  [270/300] CORRECT | truth=20649.0000 pred=20649.0 | compute the the minimum of total equity for Quantum Bridge H...
  [273/300] CORRECT | truth=41540.0000 pred=41540.0 | May you give the the maximum of current liabilities for Orio...
  [274/300] CORRECT | truth=103155.7500 pred=103155.75 | Provide the average total liabilities for Pacific Crest Ener...
  [272/300] CORRECT | truth=294361.5000 pred=294361.5 | may you calculate the average total assets for NovaStar Tech...
  [257/300] CORRECT | truth=409261.0000 pred=409261.0 | what do we obtain as the longterm assets for Crimson Pharmac...
  [280/300] CORRECT | truth=15690.5000 pred=15690.5 | compute the average cash for Quantum Bridge Holdings across ...
  [277/300] CORRECT | truth=937.0000 pred=937.0 | state the the minimum of accounts receivable for Pinnacle He...
  [250/300] CORRECT | truth=636892.0000 pred=636893.0 | Calculate the sum of sum of gross profit for SilverLine Reta...
  [275/300] CORRECT | truth=11997.2500 pred=11997.25 | determine the average total liabilities for Pinnacle Health ...
  [283/300] CORRECT | truth=142602.0000 pred=142602.0 | compute the longterm assets for Quantum Bridge Holdings in 2...
  [264/300] CORRECT | truth=46678.5000 pred=46678.5 | Calculate the average capex for SilverLine Retail Inc across...
  [268/300] CORRECT | truth=378705.0000 pred=378705.0 | which result follows from the longterm assets for Ironclad M...
  [284/300] CORRECT | truth=525432.0000 pred=525432.0 | may you calculate the the maximum of total assets for NovaSt...
  [278/300] CORRECT | truth=50083.5000 pred=50083.5 | You should calculate the average accounts receivable for Tit...
  [285/300] CORRECT | truth=-184292.0000 pred=-184292.0 | Evaluate the difference between inventories and current asse...
  [276/300] CORRECT | truth=3285.7500 pred=3285.75 | what is the value of the average dividends paid for Atlas Gl...
  [288/300] CORRECT | truth=15928.0000 pred=15928.0 | What do we obtain as the the maximum of current liabilities ...
  [290/300] CORRECT | truth=12604.7500 pred=12604.75 | which result follows from the average inventories for Ironcl...
  [291/300] WRONG  | truth=16961.5742 pred=20323.17 | what is the result of non operating expenses scaled by ratio...
  [292/300] WRONG  | truth=457240.5476 pred=532294.4 | What would be the result of longterm liabilities scaled by r...
  [286/300] CORRECT | truth=48021.2500 pred=48021.25 | What is the average total equity for Apex Dynamics Corp acro...
  [295/300] CORRECT | truth=57819.0000 pred=57819.0 | what would be the the maximum of total liabilities for Cobal...
  [294/300] WRONG  | truth=8735.5526 pred=495.18 | state the sum of result of gross profit scaled by ratio of s...
  [287/300] CORRECT | truth=36694.0000 pred=36694.0 | Compute the longterm assets for Quantum Bridge Holdings in 2...
  [271/300] WRONG  | truth=14668.6694 pred=1655769.4 | Could you give the result of ratio of sum of total liabiliti...
  [299/300] CORRECT | truth=64835.0000 pred=64835.0 | may you calculate the average cost of goods sold for NovaSta...
  [298/300] CORRECT | truth=162250.0000 pred=162250.0 | which result follows from the longterm assets for Helix BioS...
  [282/300] CORRECT | truth=11245.0000 pred=11245.0 | Compute the the maximum of accounts receivable for Quantum B...
  [281/300] CORRECT | truth=100624.2613 pred=100624.04 | What is the value of the sum of the maximum of revenue for A...
  [300/300] CORRECT | truth=24683.5000 pred=24683.5 | Which result follows from the average capex for Ironclad Man...
  [279/300] WRONG  | truth=1415178.7034 pred=8.8768 | You should give the result of current assets scaled by ratio...
  [289/300] CORRECT | truth=7177.2500 pred=7177.25 | provide the average inventories for Pacific Crest Energy acr...
  [297/300] CORRECT | truth=26669.0000 pred=26669.0 | may you give the the maximum of non operating expenses for N...
  [293/300] CORRECT | truth=252958.0000 pred=252958.0 | What do we obtain as the sum of ratio of sum of sum of total...
  [296/300] CORRECT | truth=2247.3333 pred=2247.3333333333335 | state the sum of the maximum of capex for Pinnacle Health Gr...

============================================================
  Model: google/gemma-4-31B-it
============================================================
  10-Q      : 0/0  accuracy = 0.0%  (skipped 0)
  90-Q      : 283/300  accuracy = 94.3%  (skipped 0)
  Multi-turn: 0/0  accuracy = 0.0%  (skipped 0)
  Overall   : 283/300  accuracy = 94.3%
============================================================

Results saved to output_llm/last_runs_9th_aug_after_21/depths/depth_4_gemma_31b_90q_20260809_221908.json
CSV saved to output_llm/eval_results_20260809_221908.csv
<===== END depth_4_gemma_31b_90q =====>
