<===== START depth_2_gemma_31b_90q | provider=Together | model=google/gemma-4-31B-it | dataset=90q | limit=300 =====>
90Q are Sheet: /output/financial_spreadsheet.json
90Q are Questions: /output/original_questions.json
Loading datasets...
  90-Q: 300 questions, 15 companies

============================================================
  Evaluating model: google/gemma-4-31B-it
============================================================

-- 90-Q evaluation (300 questions) --
  [3/300] CORRECT | truth=185116.0000 pred=185116.0 | Compute the difference between sum of accounts receivable an...
  [9/300] CORRECT | truth=1888.5194 pred=1888.53 | you should give the result of dividends paid scaled by ratio...
  [4/300] CORRECT | truth=8647.5000 pred=8647.5 | state the average total liabilities for Pinnacle Health Grou...
  [10/300] CORRECT | truth=58011.0000 pred=58011.0 | What would be the sum of revenue and sum of capex and invent...
  [5/300] CORRECT | truth=116386.5000 pred=116386.5 | Could you give the average total assets for Meridian Systems...
  [8/300] CORRECT | truth=83340.0000 pred=83340.0 | may you calculate the the maximum of cost of goods sold for ...
  [7/300] CORRECT | truth=1330.3520 pred=1330.47 | evaluate the result of result of cash scaled by income tax s...
  [13/300] CORRECT | truth=15521.0000 pred=15521.0 | What do we obtain as the the minimum of capex for Crimson Ph...
  [11/300] CORRECT | truth=320376.0000 pred=320376.0 | evaluate the the minimum of cost of goods sold for Titan Con...
  [15/300] CORRECT | truth=42955.0000 pred=42955.0 | Evaluate the the maximum of accounts receivable for Titan Co...
  [14/300] WRONG  | truth=101474.8300 pred=67056.38 | which result follows from the result of sum of short term in...
  [1/300] CORRECT | truth=15989.0000 pred=15989.0 | provide the sum of difference between short term investments...
  [6/300] CORRECT | truth=-13546.0000 pred=-13546.0 | You should calculate the difference between sum of dividends...
  [2/300] CORRECT | truth=182129.0772 pred=182129.1 | whats the value of the sum of difference between total liabi...
  [12/300] CORRECT | truth=-69279.0459 pred=-69278.78 | give the sum of result of total liabilities scaled by income...
  [18/300] CORRECT | truth=1495.0000 pred=1495.0 | Determine the the maximum of short term investments for Pinn...
  [16/300] CORRECT | truth=-503857.0000 pred=-503857.0 | Whats the value of the sum of difference between accounts re...
  [17/300] CORRECT | truth=-279624.0000 pred=-279624.0 | whats the value of the difference between sum of total equit...
  [20/300] CORRECT | truth=2326.2322 pred=2327.16 | Determine the result of sum of capex and cash scaled by rati...
  [19/300] CORRECT | truth=119627.0000 pred=119627.0 | what is the value of the sum of sum of inventories and reven...
  [21/300] CORRECT | truth=30275.1143 pred=30275.13 | you should give the sum of result of total liabilities scale...
  [25/300] CORRECT | truth=63666.0000 pred=63666.0 | Could you give the sum of current liabilities and sum of acc...
  [26/300] CORRECT | truth=429776.0000 pred=429776.0 | you should calculate the difference between sum of total equ...
  [27/300] CORRECT | truth=31176.0000 pred=31176.0 | Which value corresponds to the result of non operating expen...
  [22/300] CORRECT | truth=40125.3063 pred=40124.31 | you should give the result of sum of total liabilities and s...
  [28/300] CORRECT | truth=46683.0000 pred=43059.0 | What would be the sum of difference between revenue and curr...
  [29/300] CORRECT | truth=125319.8507 pred=125321.49 | what is the result of current liabilities scaled by ratio of...
  [33/300] CORRECT | truth=7582.0000 pred=7582.0 | You should give the the maximum of operating expenses for Co...
  [24/300] CORRECT | truth=-16236.1859 pred=-16236.22 | may you give the difference between result of accounts recei...
  [34/300] CORRECT | truth=532539.0000 pred=532539.0 | evaluate the average total liabilities for Titan Consumer Br...
  [30/300] CORRECT | truth=387126.0000 pred=387126.0 | May you calculate the the maximum of total liabilities for N...
  [23/300] CORRECT | truth=3219.5495 pred=3219.5494835244517 | determine the sum of operating expenses and result of invent...
  [32/300] CORRECT | truth=3600.6040 pred=3600.51 | What does the following give: difference between result of t...
  [35/300] CORRECT | truth=-595071.0000 pred=-595071.0 | What does the following give: sum of difference between oper...
  [39/300] WRONG  | truth=-66399.0000 pred=-82033.0 | whats the value of the sum of difference between operating e...
  [37/300] CORRECT | truth=4602.0000 pred=4602.0 | may you give the difference between cost of goods sold for O...
  [38/300] CORRECT | truth=24484.0000 pred=24484.0 | what would be the sum of the maximum of current liabilities ...
  [43/300] CORRECT | truth=189823.0000 pred=189823.0 | Which value corresponds to the average total liabilities for...
  [31/300] CORRECT | truth=198341.9212 pred=198341.93 | which quantity is given by the difference between sum of tot...
  [46/300] CORRECT | truth=103106.8822 pred=103099.33 | may you give the result of non operating expenses scaled by ...
  [42/300] CORRECT | truth=8553.0000 pred=8553.0 | Which value corresponds to the the minimum of capex for Heli...
  [44/300] CORRECT | truth=1346.8790 pred=1346.89 | What is the difference between cash and result of capex scal...
  [47/300] CORRECT | truth=18575.0000 pred=18575.0 | You should give the the minimum of total equity for Cobalt S...
  [36/300] CORRECT | truth=-86861.0000 pred=-86861.0 | what is the value of the difference between sum of dividends...
  [41/300] CORRECT | truth=-53194.2245 pred=-53193.65 | Which result follows from the difference between sum of divi...
  [45/300] CORRECT | truth=135615.4266 pred=135616.36 | Which value corresponds to the sum of result of total equity...
  [49/300] CORRECT | truth=63198.0000 pred=63198.0 | what's the value of the the minimum of current liabilities f...
  [54/300] CORRECT | truth=141224.0000 pred=141224.0 | What is the value of the the minimum of total assets for Ape...
  [48/300] CORRECT | truth=49337.7106 pred=49337.51 | could you give the sum of short term investments and result ...
  [40/300] CORRECT | truth=-503414.8109 pred=-503424.75 | What do we obtain as the difference between result of total ...
  [55/300] CORRECT | truth=41692.9417 pred=41686.32 | Which value corresponds to the result of sum of total assets...
  [53/300] CORRECT | truth=97119.0000 pred=97119.0 | Compute the the maximum of revenue for Quantum Bridge Holdin...
  [52/300] CORRECT | truth=12076.0000 pred=12076.0 | compute the the maximum of dividends paid for Quantum Bridge...
  [56/300] CORRECT | truth=368108.5000 pred=368108.5 | Whats the value of the average cost of goods sold for ClearP...
  [58/300] CORRECT | truth=78889.0000 pred=78889.0 | Provide the the minimum of cost of goods sold for Pacific Cr...
  [51/300] CORRECT | truth=-2482.0000 pred=-2482.0 | You should give the difference between operating expenses an...
  [57/300] CORRECT | truth=50136.0000 pred=50136.0 | You should give the the maximum of current liabilities for M...
  [60/300] CORRECT | truth=915627.0000 pred=915627.0 | Which result follows from the the maximum of total assets fo...
  [50/300] CORRECT | truth=-144628.6222 pred=-144628.712426265 | Could you give the sum of difference between accounts receiv...
  [63/300] CORRECT | truth=12144.0000 pred=12144.0 | Give the the maximum of accounts receivable for Orion Financ...
  [59/300] CORRECT | truth=-16937.1143 pred=-16937.03 | compute the difference between short term investments and re...
  [61/300] WRONG  | truth=142402.6512 pred=38947.43 | Which result follows from the sum of cost of goods sold and ...
  [64/300] CORRECT | truth=17159.0000 pred=17159.0 | Which quantity is given by the average capex for Ironclad Ma...
  [67/300] CORRECT | truth=5961.0000 pred=5961.0 | you should calculate the average inventories for NovaStar Te...
  [62/300] CORRECT | truth=85190.0000 pred=85190.0 | what's the value of the sum of capex and sum of total assets...
  [68/300] CORRECT | truth=19909.0000 pred=19909.0 | may you give the the minimum of operating expenses for NovaS...
  [72/300] CORRECT | truth=102226.0000 pred=102226.0 | evaluate the the maximum of operating expenses for Titan Con...
  [65/300] CORRECT | truth=63997.6385 pred=63997.62 | May you calculate the difference between current liabilities...
  [73/300] CORRECT | truth=194929.0000 pred=194929.0 | what does the following give: sum of non operating expenses ...
  [76/300] CORRECT | truth=12201.0000 pred=12201.0 | May you give the the minimum of operating expenses for Orion...
  [70/300] CORRECT | truth=881.2595 pred=882.34 | compute the result of result of cost of goods sold scaled by...
  [69/300] CORRECT | truth=-248141.0000 pred=-248141.0 | Calculate the result of difference between inventories and t...
  [75/300] CORRECT | truth=62300.0000 pred=62300.0 | Which result follows from the the maximum of cash for Helix ...
  [66/300] CORRECT | truth=371234.9902 pred=371184.27 | what do we obtain as the sum of difference between operating...
  [71/300] CORRECT | truth=46858.4686 pred=46856.32 | you should calculate the result of result of total liabiliti...
  [77/300] CORRECT | truth=26008.0000 pred=26008.0 | May you give the the maximum of non operating expenses for N...
  [74/300] CORRECT | truth=16194.0000 pred=16194.0 | you should calculate the difference between cash and differe...
  [82/300] CORRECT | truth=387813.0000 pred=387813.0 | You should calculate the sum of total liabilities and sum of...
  [78/300] CORRECT | truth=59486.5237 pred=59486.5247 | what is the difference between difference between revenue an...
  [85/300] CORRECT | truth=934072.0000 pred=934072.0 | what do we obtain as the sum of sum of revenue and cost of g...
  [83/300] CORRECT | truth=277200.5000 pred=277200.5 | which quantity is given by the average total liabilities for...
  [84/300] CORRECT | truth=56007.0000 pred=56007.0 | what would be the the maximum of revenue for Cobalt Semicond...
  [79/300] CORRECT | truth=104031.0000 pred=104031.0 | You should give the the maximum of total assets for Atlas Gl...
  [80/300] CORRECT | truth=1307.3816 pred=1306.22494222 | state the result of result of operating expenses scaled by i...
  [81/300] CORRECT | truth=64866.0000 pred=64866.0 | What would be the sum of accounts receivable and sum of reve...
  [88/300] CORRECT | truth=282967.0000 pred=282967.0 | Which result follows from the the minimum of total assets fo...
  [86/300] CORRECT | truth=87854.0000 pred=87854.0 | evaluate the the maximum of operating expenses for Titan Con...
  [94/300] CORRECT | truth=3096.0000 pred=3096.0 | Which quantity is given by the the minimum of dividends paid...
  [90/300] CORRECT | truth=271260.1014 pred=271143.91226422164 | What would be the result of cost of goods sold scaled by rat...
  [87/300] CORRECT | truth=-445312.1093 pred=-445312.1863 | may you calculate the sum of difference between cash and tot...
  [92/300] CORRECT | truth=2421.0000 pred=2421.0 | May you give the the maximum of dividends paid for Orion Fin...
  [89/300] CORRECT | truth=92958.0000 pred=92958.0 | Give the the minimum of total equity for Pacific Crest Energ...
  [98/300] CORRECT | truth=-179311.0000 pred=-195699.0 | give the sum of difference between inventories and total ass...
  [96/300] CORRECT | truth=197508.4452 pred=197534.68 | which value corresponds to the result of sum of current liab...
  [99/300] CORRECT | truth=80147.0000 pred=80147.0 | Whats the value of the the maximum of non operating expenses...
  [93/300] CORRECT | truth=88375.5000 pred=88375.5 | calculate the average current liabilities for SilverLine Ret...
  [101/300] CORRECT | truth=7348.0000 pred=7348.0 | Determine the average non operating expenses for Quantum Bri...
  [97/300] CORRECT | truth=1533.0341 pred=1532.26 | provide the result of difference between total equity and in...
  [102/300] WRONG  | truth=36245.0000 pred=-36245.0 | Whats the value of the sum of difference between accounts re...
  [106/300] CORRECT | truth=60478.5000 pred=60478.5 | Give the average cost of goods sold for Orion Financial Grou...
  [95/300] CORRECT | truth=-108199.0000 pred=-108199.0 | could you give the difference between difference between sho...
  [91/300] CORRECT | truth=-217677.4254 pred=-217677.38 | may you calculate the sum of difference between dividends pa...
  [100/300] CORRECT | truth=630473.6830 pred=630473.6829 | What's the value of the sum of result of capex scaled by inc...
  [107/300] CORRECT | truth=99484.7237 pred=99481.23 | What is the result of sum of operating expenses and capex sc...
  [109/300] CORRECT | truth=171013.0000 pred=171013.0 | May you calculate the sum of difference between total assets...
  [105/300] CORRECT | truth=712606.0000 pred=712606.0 | what does the following give: the minimum of revenue for Cri...
  [111/300] CORRECT | truth=5363.0000 pred=5363.0 | What does the following give: the minimum of inventories for...
  [104/300] CORRECT | truth=7625.4114 pred=7627.321254681914 | may you give the difference between result of total liabilit...
  [103/300] CORRECT | truth=4180.7903 pred=4180.790444 | determine the sum of result of current liabilities scaled by...
  [112/300] CORRECT | truth=2305.0000 pred=2305.0 | Evaluate the the maximum of dividends paid for Titan Consume...
  [115/300] CORRECT | truth=52901.0000 pred=52901.0 | you should calculate the average short term investments for ...
  [114/300] CORRECT | truth=14679.0000 pred=14679.0 | what do we obtain as the difference between revenue and sum ...
  [108/300] CORRECT | truth=55370.5347 pred=55361.12 | what does the following give: difference between result of t...
  [113/300] CORRECT | truth=182626.7747 pred=182628.12 | you should calculate the sum of total liabilities and result...
  [118/300] CORRECT | truth=1017.0000 pred=1017.0 | what would be the the minimum of inventories for Cobalt Semi...
  [117/300] CORRECT | truth=56571.0000 pred=56571.0 | whats the value of the the maximum of accounts receivable fo...
  [119/300] CORRECT | truth=133116.0000 pred=133116.0 | evaluate the average current liabilities for SilverLine Reta...
  [122/300] CORRECT | truth=4238.0000 pred=4238.0 | what would be the difference between accounts receivable and...
  [121/300] CORRECT | truth=-505680.0000 pred=-505680.0 | what do we obtain as the difference between cash and differe...
  [125/300] CORRECT | truth=-202778.0000 pred=-202778.0 | may you give the sum of the minimum of dividends paid for No...
  [129/300] CORRECT | truth=141095.0000 pred=141095.0 | calculate the the maximum of operating expenses for SilverLi...
  [128/300] WRONG  | truth=7355.0000 pred=3904.0 | State the sum of sum of short term investments and cash and ...
  [123/300] CORRECT | truth=-1416.4922 pred=-1416.52 | compute the difference between result of total liabilities s...
  [126/300] CORRECT | truth=519779.2645 pred=519779.24 | Evaluate the sum of result of revenue scaled by income tax a...
  [120/300] CORRECT | truth=2543.0000 pred=2543.0 | could you give the the minimum of inventories for Meridian S...
  [110/300] CORRECT | truth=100025.0000 pred=100025.0 | Provide the the maximum of current liabilities for Pacific C...
  [127/300] CORRECT | truth=36306.1126 pred=36285.81 | Compute the result of total assets scaled by ratio of non op...
  [124/300] CORRECT | truth=-3664.0000 pred=-3664.0 | Compute the sum of difference between total liabilities and ...
  [116/300] CORRECT | truth=34.7772 pred=34.74818014858022 | what is the result of result of accounts receivable scaled b...
  [130/300] CORRECT | truth=-541084.0000 pred=-541084.0 | Whats the value of the difference between difference between...
  [132/300] CORRECT | truth=25728.0000 pred=25728.0 | May you calculate the the minimum of total equity for NovaSt...
  [138/300] CORRECT | truth=79388.0000 pred=79388.0 | what is the the minimum of revenue for Apex Dynamics Corp us...
  [134/300] WRONG  | truth=71270.0000 pred=-94340.0 | what is the sum of difference between accounts receivable an...
  [136/300] CORRECT | truth=-3100.1308 pred=-3100.48 | which quantity is given by the difference between result of ...
  [139/300] CORRECT | truth=106578.0000 pred=106578.0 | may you calculate the sum of cash and sum of total equity an...
  [133/300] CORRECT | truth=-26568.4004 pred=-26568.33 | Which quantity is given by the difference between result of ...
  [135/300] CORRECT | truth=85996.0000 pred=85996.0 | What do we obtain as the the maximum of non operating expens...
  [137/300] CORRECT | truth=-277470.5772 pred=-277470.62 | What's the value of the difference between difference betwee...
  [142/300] CORRECT | truth=3520233.1653 pred=3520155.3366365344 | Which value corresponds to the result of sum of cash and cap...
  [131/300] CORRECT | truth=-17427.0000 pred=-17427.0 | You should give the difference between difference between ca...
  [141/300] CORRECT | truth=16019.0000 pred=16019.0 | May you calculate the the minimum of non operating expenses ...
  [143/300] CORRECT | truth=729677.0000 pred=729677.0 | Calculate the the maximum of total assets for SilverLine Ret...
  [144/300] CORRECT | truth=84651.0000 pred=84651.0 | What do we obtain as the sum of non operating expenses and s...
  [146/300] CORRECT | truth=41645.5000 pred=41645.5 | Which result follows from the average cash for Helix BioScie...
  [145/300] CORRECT | truth=63362.0000 pred=63362.0 | calculate the the minimum of non operating expenses for Silv...
  [140/300] CORRECT | truth=-100179.0000 pred=-100179.0 | Provide the difference between difference between inventorie...
  [147/300] CORRECT | truth=2037257.3130 pred=2037362.64 | What's the value of the result of short term investments sca...
  [155/300] CORRECT | truth=7759.0000 pred=7759.0 | May you give the the minimum of accounts receivable for Orio...
  [151/300] CORRECT | truth=-9514.0000 pred=-9514.0 | You should calculate the difference between difference betwe...
  [150/300] CORRECT | truth=28498.0000 pred=28498.0 | determine the the minimum of cost of goods sold for Quantum ...
  [149/300] CORRECT | truth=72683.3908 pred=72680.31 | May you give the result of non operating expenses scaled by ...
  [157/300] CORRECT | truth=181200.0000 pred=181200.0 | provide the average revenue for Pacific Crest Energy across ...
  [160/300] CORRECT | truth=-6696.0000 pred=-6696.0 | What is the value of the difference between difference betwe...
  [148/300] CORRECT | truth=1389.0000 pred=1389.0 | What would be the difference between difference between non ...
  [158/300] CORRECT | truth=84633.5000 pred=84633.5 | calculate the average operating expenses for SilverLine Reta...
  [156/300] CORRECT | truth=102325.0000 pred=102325.0 | What does the following give: the minimum of cash for Crimso...
  [152/300] CORRECT | truth=1113.1148 pred=1113.04 | what do we obtain as the result of capex scaled by ratio of ...
  [153/300] CORRECT | truth=-3263.8745 pred=-3264.79 | What would be the difference between result of cost of goods...
  [154/300] CORRECT | truth=-67763.0000 pred=-67763.0 | May you give the difference between difference between curre...
  [166/300] CORRECT | truth=65913.0000 pred=65913.0 | You should calculate the the minimum of cash for Titan Consu...
  [162/300] WRONG  | truth=12108.0000 pred=6054.0 | what is the sum of short term investments for Apex Dynamics ...
  [168/300] CORRECT | truth=1431.5969 pred=1432.35 | What is the result of inventories scaled by ratio of short t...
  [170/300] CORRECT | truth=16327.0000 pred=16327.0 | Which result follows from the the minimum of short term inve...
  [165/300] CORRECT | truth=1574.9518 pred=1572.326 | You should give the result of result of inventories scaled b...
  [161/300] CORRECT | truth=-23403.7228 pred=-23403.24 | give the difference between result of operating expenses sca...
  [167/300] CORRECT | truth=367527.5565 pred=367527.52 | which result follows from the sum of result of capex scaled ...
  [164/300] CORRECT | truth=56835.7076 pred=56835.11 | which quantity is given by the sum of non operating expenses...
  [171/300] WRONG  | truth=2386001.5559 pred=1220994.85 | which result follows from the result of sum of operating exp...
  [173/300] CORRECT | truth=105120.0000 pred=105120.0 | May you give the sum of cost of goods sold and sum of invent...
  [175/300] CORRECT | truth=150533.0000 pred=150533.0 | which value corresponds to the sum of sum of current liabili...
  [177/300] CORRECT | truth=208061.0000 pred=208061.0 | could you give the sum of difference between total equity an...
  [176/300] CORRECT | truth=21555.0999 pred=21555.15 | What's the value of the sum of sum of non operating expenses...
  [174/300] CORRECT | truth=1199.7178 pred=1200.04 | What is the value of the result of cash scaled by ratio of c...
  [172/300] CORRECT | truth=24923.4640 pred=24928.6 | which quantity is given by the result of the maximum of divi...
  [159/300] CORRECT | truth=22799.7177 pred=22799.76 | What is the value of the sum of result of total assets scale...
  [181/300] CORRECT | truth=729677.0000 pred=729677.0 | evaluate the sum of the minimum of dividends paid for Silver...
  [184/300] CORRECT | truth=124489.0000 pred=124489.0 | determine the difference between sum of revenue and revenue ...
  [182/300] CORRECT | truth=-44577.5738 pred=-44564.56 | calculate the result of difference between total equity and ...
  [180/300] CORRECT | truth=175974.8507 pred=175974.92 | Could you give the sum of result of current liabilities scal...
  [185/300] CORRECT | truth=56607.0000 pred=56607.0 | which value corresponds to the sum of sum of operating expen...
  [186/300] CORRECT | truth=3154.0000 pred=3154.0 | compute the result of operating expenses scaled by ratio of ...
  [188/300] CORRECT | truth=536852.0000 pred=536852.0 | Calculate the the maximum of cost of goods sold for SilverLi...
  [189/300] CORRECT | truth=118223.6612 pred=117749.43438 | What is the value of the result of cost of goods sold scaled...
  [192/300] CORRECT | truth=4148.0000 pred=4148.0 | give the the minimum of short term investments for Pacific C...
  [163/300] CORRECT | truth=216256.0000 pred=216256.0 | evaluate the difference between sum of total liabilities and...
  [190/300] CORRECT | truth=13776.0000 pred=13776.0 | State the sum of short term investments and difference betwe...
  [193/300] CORRECT | truth=105.8827 pred=105.776 | state the result of result of total equity scaled by income ...
  [191/300] CORRECT | truth=177982.0000 pred=177982.0 | may you give the the maximum of revenue for NovaStar Technol...
  [187/300] CORRECT | truth=14334.0000 pred=14334.0 | compute the average operating expenses for Quantum Bridge Ho...
  [169/300] CORRECT | truth=101029.0000 pred=101029.0 | What is the sum of cost of goods sold and difference between...
  [179/300] CORRECT | truth=38066.4514 pred=38066.48 | what's the value of the difference between operating expense...
  [178/300] CORRECT | truth=82416.0000 pred=82416.0 | Whats the value of the sum of dividends paid and difference ...
  [183/300] CORRECT | truth=32600.0000 pred=32600.0 | what is the value of the the maximum of current liabilities ...
  [196/300] WRONG  | truth=26755.0000 pred=-3593.0 | what would be the sum of difference between cash and invento...
  [194/300] CORRECT | truth=-20427.0000 pred=-20427.0 | which result follows from the difference between difference ...
  [199/300] CORRECT | truth=65369.0000 pred=65369.0 | compute the the minimum of total assets for Quantum Bridge H...
  [195/300] CORRECT | truth=64113.0000 pred=64113.0 | What does the following give: the maximum of accounts receiv...
  [197/300] CORRECT | truth=51492.0000 pred=51492.0 | what is the sum of cash and difference between cost of goods...
  [200/300] CORRECT | truth=28162.5000 pred=28162.5 | What do we obtain as the average capex for Crimson Pharmaceu...
  [201/300] CORRECT | truth=84780.5663 pred=84780.63 | what is the value of the difference between result of short ...
  [203/300] CORRECT | truth=278756.0000 pred=278756.0 | provide the difference between difference between total asse...
  [202/300] CORRECT | truth=-130231.0074 pred=-130218.76 | Calculate the result of difference between accounts receivab...
  [198/300] CORRECT | truth=1478.7473 pred=1478.75 | Which result follows from the difference between capex and r...
  [206/300] CORRECT | truth=51665.5000 pred=51665.5 | What's the value of the average total equity for Atlas Globa...
  [207/300] CORRECT | truth=93831.5000 pred=93831.5 | What do we obtain as the average current liabilities for Cri...
  [211/300] CORRECT | truth=263222.0000 pred=263222.0 | May you give the the maximum of total assets for Orion Finan...
  [204/300] CORRECT | truth=92468.1790 pred=92468.72 | may you calculate the difference between total liabilities a...
  [205/300] CORRECT | truth=105959.4839 pred=105959.49 | could you give the difference between total equity and resul...
  [210/300] CORRECT | truth=-58867.0000 pred=-58867.0 | What is the value of the difference between operating expens...
  [212/300] CORRECT | truth=38518.0000 pred=38518.0 | give the difference between cost of goods sold and differenc...
  [213/300] CORRECT | truth=3778.0000 pred=3778.0 | State the the maximum of operating expenses for Pinnacle Hea...
  [208/300] CORRECT | truth=5886964.0451 pred=5885363.14 | evaluate the result of sum of capex and total liabilities sc...
  [214/300] CORRECT | truth=38882.5000 pred=38882.5 | What's the value of the average operating expenses for Clear...
  [209/300] CORRECT | truth=13325.3615 pred=13325.43 | May you give the sum of result of capex scaled by income tax...
  [218/300] CORRECT | truth=78889.0000 pred=78889.0 | Provide the the minimum of cost of goods sold for Pacific Cr...
  [221/300] CORRECT | truth=67923.0000 pred=67923.0 | evaluate the average non operating expenses for Titan Consum...
  [216/300] CORRECT | truth=3092.5250 pred=3095.54 | What is the result of result of inventories scaled by income...
  [220/300] CORRECT | truth=13611.5000 pred=13611.5 | provide the average capex for Pacific Crest Energy across ye...
  [224/300] CORRECT | truth=43731.0000 pred=43731.0 | Provide the sum of current liabilities and difference betwee...
  [223/300] CORRECT | truth=315442.0000 pred=315442.0 | What does the following give: the maximum of total equity fo...
  [217/300] CORRECT | truth=12321.0000 pred=12321.0 | which value corresponds to the difference between sum of cos...
  [222/300] CORRECT | truth=22970.0835 pred=22974.75 | could you give the result of operating expenses scaled by ra...
  [219/300] CORRECT | truth=-243.0000 pred=-243.0 | what is the difference between difference between capex and ...
  [227/300] CORRECT | truth=10362.0000 pred=10362.0 | Provide the average accounts receivable for Pacific Crest En...
  [226/300] CORRECT | truth=3086.0686 pred=3086.12 | give the result of inventories scaled by ratio of inventorie...
  [228/300] WRONG  | truth=48118.0000 pred=-83234.0 | may you give the sum of difference between accounts receivab...
  [231/300] CORRECT | truth=119642.0000 pred=119642.0 | Provide the average total liabilities for Pacific Crest Ener...
  [233/300] CORRECT | truth=58944.0000 pred=58944.0 | May you calculate the sum of difference between total assets...
  [235/300] CORRECT | truth=1451.0000 pred=1451.0 | what would be the average inventories for Cobalt Semiconduct...
  [236/300] CORRECT | truth=182735.0000 pred=182735.0 | give the difference between total equity and difference betw...
  [234/300] CORRECT | truth=282.3644 pred=282.21 | May you calculate the result of result of capex scaled by in...
  [238/300] CORRECT | truth=9666.0000 pred=9666.0 | what is the difference between non operating expenses and di...
  [230/300] CORRECT | truth=1565082.6662 pred=1566425.64 | calculate the result of revenue scaled by ratio of capex to ...
  [240/300] CORRECT | truth=35449.0000 pred=35449.0 | State the difference between total assets and sum of account...
  [237/300] CORRECT | truth=13538.0000 pred=13538.0 | could you give the average short term investments for Meridi...
  [242/300] CORRECT | truth=141224.0000 pred=141224.0 | what is the the minimum of total assets for Apex Dynamics Co...
  [232/300] CORRECT | truth=17608.5587 pred=17611.56 | Which value corresponds to the result of sum of capex and di...
  [239/300] CORRECT | truth=14212.0000 pred=14212.0 | What does the following give: average dividends paid for Cri...
  [245/300] CORRECT | truth=68017.6109 pred=68215.0864565 | provide the result of cash scaled by ratio of total liabilit...
  [248/300] CORRECT | truth=-13761.0000 pred=-13761.0 | State the difference between difference between accounts rec...
  [243/300] CORRECT | truth=4813.5012 pred=4813.50124631 | Which result follows from the difference between inventories...
  [247/300] CORRECT | truth=-51965.8758 pred=-51966.05 | give the sum of difference between total liabilities and rev...
  [249/300] CORRECT | truth=100359.8058 pred=100134.60960615303 | you should give the result of short term investments scaled ...
  [250/300] CORRECT | truth=4243.0000 pred=4243.0 | what do we obtain as the the minimum of operating expenses f...
  [253/300] CORRECT | truth=8677.9875 pred=8678.09 | state the difference between cost of goods sold and result o...
  [241/300] CORRECT | truth=27834.0000 pred=27834.0 | Which value corresponds to the the minimum of operating expe...
  [246/300] CORRECT | truth=8548.0000 pred=8548.0 | what is the average accounts receivable for Apex Dynamics Co...
  [255/300] CORRECT | truth=9080.0000 pred=9080.0 | Compute the average non operating expenses for Quantum Bridg...
  [251/300] CORRECT | truth=94541.0000 pred=94541.0 | Which quantity is given by the the maximum of total liabilit...
  [256/300] CORRECT | truth=18575.0000 pred=18575.0 | what do we obtain as the the minimum of total equity for Cob...
  [259/300] CORRECT | truth=27745.0000 pred=27745.0 | which quantity is given by the average accounts receivable f...
  [257/300] CORRECT | truth=18145.0000 pred=18145.0 | what's the value of the sum of the maximum of inventories fo...
  [258/300] CORRECT | truth=-84123.0000 pred=-84123.0 | you should calculate the difference between difference betwe...
  [260/300] CORRECT | truth=82521.0000 pred=82521.0 | Could you give the difference between total equity and sum o...
  [262/300] CORRECT | truth=17297.0000 pred=17297.0 | May you give the the maximum of non operating expenses for O...
  [261/300] CORRECT | truth=9946.0000 pred=9946.0 | What would be the the minimum of current liabilities for Cob...
  [263/300] CORRECT | truth=78674.0000 pred=78674.0 | what does the following give: the maximum of accounts receiv...
  [264/300] CORRECT | truth=303569.0125 pred=303526.14 | May you calculate the result of sum of total assets and curr...
  [266/300] CORRECT | truth=228336.0000 pred=228336.0 | You should give the sum of cash and difference between total...
  [265/300] CORRECT | truth=31515.0000 pred=31515.0 | you should calculate the sum of operating expenses and diffe...
  [267/300] CORRECT | truth=18799237.5493 pred=18815411.53 | which result follows from the result of current liabilities ...
  [268/300] CORRECT | truth=20810.0000 pred=20810.0 | evaluate the the maximum of dividends paid for Titan Consume...
  [269/300] CORRECT | truth=1109.2916 pred=1109.3421 | state the result of result of cash scaled by income tax scal...
  [270/300] CORRECT | truth=26962.0000 pred=26962.0 | What's the value of the sum of difference between short term...
  [271/300] CORRECT | truth=39883.0000 pred=39883.0 | You should give the difference between sum of non operating ...
  [272/300] CORRECT | truth=89374.0000 pred=89374.0 | What's the value of the the maximum of revenue for Atlas Glo...
  [275/300] CORRECT | truth=1168.0000 pred=1168.0 | State the the minimum of operating expenses for Pinnacle Hea...
  [273/300] CORRECT | truth=10999.5747 pred=11000.55 | provide the result of the maximum of non operating expenses ...
  [276/300] CORRECT | truth=11708.5000 pred=11708.5 | could you give the average capex for Meridian Systems Inc ac...
  [277/300] CORRECT | truth=11718.0000 pred=11718.0 | which value corresponds to the average inventories for Helix...
  [274/300] CORRECT | truth=327.1457 pred=327.164 | what is the result of result of revenue scaled by income tax...
  [278/300] CORRECT | truth=89512.0000 pred=89512.0 | Give the the maximum of total assets for Orion Financial Gro...
  [279/300] CORRECT | truth=4458.0000 pred=4458.0 | you should give the the minimum of current liabilities for P...
  [281/300] CORRECT | truth=96173.0000 pred=96173.0 | you should calculate the the minimum of current liabilities ...
  [282/300] CORRECT | truth=7666.0000 pred=7666.0 | State the the minimum of total liabilities for Pinnacle Heal...
  [280/300] CORRECT | truth=218.5000 pred=218.5 | may you give the average dividends paid for NovaStar Technol...
  [283/300] CORRECT | truth=103288.5000 pred=103288.5 | provide the average total liabilities for Pacific Crest Ener...
  [285/300] CORRECT | truth=50567.2895 pred=50567.31 | which value corresponds to the sum of result of total assets...
  [287/300] CORRECT | truth=-215489.1786 pred=-215489.12 | May you calculate the difference between result of cash scal...
  [288/300] CORRECT | truth=3457.2549 pred=3457.25 | What is the sum of cash and result of accounts receivable sc...
  [289/300] CORRECT | truth=122891.9619 pred=122891.52 | Could you give the sum of total assets and result of short t...
  [291/300] CORRECT | truth=55977.5000 pred=55977.5 | you should give the average revenue for Cobalt Semiconductor...
  [290/300] CORRECT | truth=25208.0445 pred=25207.87 | provide the sum of result of inventories scaled by income ta...
  [292/300] CORRECT | truth=132031.0000 pred=132031.0 | May you give the the maximum of current liabilities for Nova...
  [293/300] CORRECT | truth=274.2704 pred=274.27 | What is the value of the result of inventories scaled by rat...
  [295/300] CORRECT | truth=11754.0000 pred=11754.0 | give the average accounts receivable for Orion Financial Gro...
  [294/300] CORRECT | truth=-22660.9643 pred=-22660.56 | which quantity is given by the difference between difference...
  [296/300] WRONG  | truth=54373.0000 pred=-63361.0 | what is the difference between sum of dividends paid and cos...
  [298/300] CORRECT | truth=7867.0000 pred=7867.0 | May you give the the maximum of inventories for Orion Financ...
  [297/300] CORRECT | truth=149482.0000 pred=149482.0 | What does the following give: the minimum of total equity fo...
  [299/300] CORRECT | truth=108545.7539 pred=108546.13 | Whats the value of the sum of cash and result of total liabi...
  [300/300] WRONG  | truth=149961.0000 pred=-116935.0 | may you give the difference between sum of current liabiliti...
  [215/300] WRONG  | truth=4984.0000 pred=2792.0 | determine the sum of difference between total equity and acc...
  [225/300] CORRECT | truth=24063.5399 pred=24063.53 | Which result follows from the sum of result of inventories s...
  [229/300] CORRECT | truth=22982.0000 pred=22982.0 | What does the following give: average inventories for Crimso...
  [244/300] CORRECT | truth=180308.9702 pred=179839.27 | calculate the result of the maximum of revenue for SilverLin...
  [252/300] CORRECT | truth=2581.9292 pred=2584.607 | May you give the result of result of non operating expenses ...
  [254/300] CORRECT | truth=19965.0000 pred=19965.0 | Give the the minimum of total liabilities for Orion Financia...
  [284/300] WRONG  | truth=3216.0000 pred=-2120.0 | state the difference between inventories and difference betw...
  [286/300] CORRECT | truth=51539.7818 pred=51539.78 | what is the sum of cost of goods sold and result of accounts...

============================================================
  Model: google/gemma-4-31B-it
============================================================
  10-Q      : 0/0  accuracy = 0.0%  (skipped 0)
  90-Q      : 286/300  accuracy = 95.3%  (skipped 0)
  Multi-turn: 0/0  accuracy = 0.0%  (skipped 0)
  Overall   : 286/300  accuracy = 95.3%
============================================================

Results saved to output_llm/last_runs_9th_aug_after_21/depths/depth_2_gemma_31b_90q_20260809_213314.json
CSV saved to output_llm/eval_results_20260809_213314.csv
<===== END depth_2_gemma_31b_90q =====>
