<===== START depth_7_gemma_31b_90q | provider=Together | model=google/gemma-4-31B-it | dataset=90q | limit=300 =====>
./run_benchmark_matrix.sh: line 102: python: command not found
<===== END depth_7_gemma_31b_90q =====>
<===== START depth_7_gemma_31b_90q | provider=Together | model=google/gemma-4-31B-it | dataset=90q | limit=300 =====>
Traceback (most recent call last):
  File "<frozen runpy>", line 198, in _run_module_as_main
  File "<frozen runpy>", line 88, in _run_code
  File "", line 931, in <module>
    main()
    ~~~~^^
  File "", line 869, in main
    results_90q = asyncio.run(evaluate_90q(
        questions_90q, sheet_lookup_90q, model_name,
        limit=args.limit, tol=args.tol, max_new_tokens=args.max_new_tokens,
    ))
  File "/Library/Frameworks/Python.framework/Versions/3.14/lib/python3.14/asyncio/runners.py", line 204, in run
    return runner.run(main)
           ~~~~~~~~~~^^^^^^
  File "/Library/Frameworks/Python.framework/Versions/3.14/lib/python3.14/asyncio/runners.py", line 127, in run
    return self._loop.run_until_complete(task)
           ~~~~~~~~~~~~~~~~~~~~~~~~~~~~~^^^^^^
  File "/Library/Frameworks/Python.framework/Versions/3.14/lib/python3.14/asyncio/base_events.py", line 719, in run_until_complete
    return future.result()
           ~~~~~~~~~~~~~^^
  File "", line 411, in evaluate_90q
    results = await asyncio.gather(*tasks)
              ^^^^^^^^^^^^^^^^^^^^^^^^^^^^
  File "", line 404, in run_one
    return await ask_one_90q_question(i, max_new_tokens, model_name, q, sheet_lookup, subset, tol)
           ^^^^^^^^^^^^^^^^^^^^^^^^^^^^^^^^^^^^^^^^^^^^^^^^^^^^^^^^^^^^^^^^^^^^^^^^^^^^^^^^^^^^^^^
  File "", line 440, in ask_one_90q_question
    response = await run_inference(model_name, prompt, max_new_tokens)
               ^^^^^^^^^^^^^^^^^^^^^^^^^^^^^^^^^^^^^^^^^^^^^^^^^^^^^^^
  File "", line 263, in run_inference
    response = await _client.chat.completions.create(
               ^^^^^^^^^^^^^^^^^^^^^^^^^^^^^^^^^^^^^^
    ...<7 lines>...
    )
    ^
  File ".venv/lib/python3.14/site-packages/together/resources/chat/completions.py", line 1061, in create
    return await self._post(
           ^^^^^^^^^^^^^^^^^
    ...<41 lines>...
    )
    ^
  File ".venv/lib/python3.14/site-packages/together/_base_client.py", line 1864, in post
    return await self.request(cast_to, opts, stream=stream, stream_cls=stream_cls)
           ^^^^^^^^^^^^^^^^^^^^^^^^^^^^^^^^^^^^^^^^^^^^^^^^^^^^^^^^^^^^^^^^^^^^^^^
  File ".venv/lib/python3.14/site-packages/together/_base_client.py", line 1663, in request
    raise self._make_status_error_from_response(err.response) from None
together.APIStatusError: Error code: 402 - {'id': 'ovYshYc-fdNmn-a28985d1ae2ebc62', 'error': {'message': "Credit limit exceeded, please [add credits](https://api.together.ai/settings/billing). If you've already made a payment, please wait up to 5 minutes for balances to update and try again.", 'type': 'credit_limit', 'param': None, 'code': None}}
90Q are Sheet: /output/financial_spreadsheet.json
90Q are Questions: /output/original_questions.json
Loading datasets...
  90-Q: 300 questions, 15 companies

============================================================
  Evaluating model: google/gemma-4-31B-it
============================================================

-- 90-Q evaluation (300 questions) --
  [1/300] CORRECT | truth=581689.0000 pred=601732.0 | evaluate the sum of total liabilities for Titan Consumer Bra...
  [9/300] CORRECT | truth=53133.0000 pred=53133.0 | What do we obtain as the sum of difference between total ass...
  [8/300] CORRECT | truth=23698.4721 pred=23697.43 | Give the result of the minimum of non operating expenses for...
  [7/300] WRONG  | truth=85540.9533 pred=420238.37 | provide the result of sum of total assets for Pacific Crest ...
  [5/300] CORRECT | truth=98916.6585 pred=99231.94134376111 | provide the result of revenue for Pacific Crest Energy in 20...
  [4/300] CORRECT | truth=814199.0000 pred=814199.0 | you should give the sum of ratio of sum of non operating exp...
  [2/300] WRONG  | truth=37419.8043 pred=9807.200018 | May you give the result of sum of ratio of sum of sum of sum...
  [3/300] CORRECT | truth=859.5007 pred=857.37621 | What would be the result of the minimum of non operating exp...
  [11/300] CORRECT | truth=385444.6363 pred=385435.76 | Which result follows from the sum of cost of goods sold for ...
  [15/300] CORRECT | truth=363362.4000 pred=363362.4 | which result follows from the sum of the minimum of inventor...
  [13/300] CORRECT | truth=47672.8333 pred=47672.833333333336 | What's the value of the sum of ratio of sum of sum of sum of...
  [10/300] CORRECT | truth=24683.0000 pred=24683.0 | determine the sum of current assets for Pinnacle Health Grou...
  [17/300] CORRECT | truth=950080.0000 pred=950080.0 | You should calculate the sum of non operating expenses for T...
  [14/300] WRONG  | truth=129548.0548 pred=227620.5 | what is the value of the sum of sum of gross profit and resu...
  [16/300] CORRECT | truth=16246.4793 pred=16248.25 | what is the value of the result of the minimum of total liab...
  [19/300] CORRECT | truth=53374.0000 pred=53374.0 | whats the value of the difference between the minimum of tot...
  [6/300] WRONG  | truth=88928.5391 pred=11222.42 | What is the value of the sum of revenue and result of invent...
  [20/300] CORRECT | truth=119757.0000 pred=119757.0 | what do we obtain as the sum of ratio of sum of sum of sum o...
  [12/300] CORRECT | truth=11129.0000 pred=11129.0 | What's the value of the difference between sum of ratio of s...
  [21/300] CORRECT | truth=3027.1291 pred=3028.4311098186777 | State the result of the maximum of total liabilities for Pin...
  [18/300] CORRECT | truth=-366048.6667 pred=-366048.6667 | which quantity is given by the difference between ratio of s...
  [24/300] CORRECT | truth=1170283.0000 pred=1170283.0 | What does the following give: sum of sum of the maximum of r...
  [25/300] CORRECT | truth=102900.1667 pred=102900.16666666667 | May you give the sum of the minimum of total assets for Nova...
  [22/300] CORRECT | truth=4932.5882 pred=4932.32 | may you calculate the result of sum of the minimum of total ...
  [23/300] CORRECT | truth=1268779.1239 pred=1268932.0 | you should calculate the sum of sum of operating expenses an...
  [27/300] WRONG  | truth=146888.0000 pred=-43193.0 | could you give the difference between difference between sum...
  [30/300] CORRECT | truth=1222984.8965 pred=1214841.2 | what's the value of the sum of gross profit for ClearPath Lo...
  [28/300] CORRECT | truth=20067.3333 pred=20067.333333333332 | Calculate the sum of ratio of sum of sum of sum of sum of su...
  [29/300] WRONG  | truth=1490848.8212 pred=316.77 | Evaluate the result of ratio of sum of sum of sum of sum of ...
  [26/300] WRONG  | truth=48418.7186 pred=14874.65 | Provide the result of ratio of sum of sum of sum of sum of n...
  [32/300] CORRECT | truth=18696.2371 pred=18665.74 | Give the result of gross profit for Orion Financial Group in...
  [33/300] CORRECT | truth=1192152.0000 pred=1192152.0 | evaluate the sum of ratio of sum of sum of sum of sum of sum...
  [31/300] CORRECT | truth=41468.6667 pred=41468.666666666664 | compute the sum of difference between longterm liabilities f...
  [38/300] WRONG  | truth=271824.3333 pred=0.52239473514 | state the sum of ratio of sum of sum of sum of sum of sum of...
  [36/300] CORRECT | truth=267682.5000 pred=267682.5 | which quantity is given by the sum of ratio of sum of sum of...
  [35/300] CORRECT | truth=737556.2260 pred=737172.1 | Compute the sum of non operating expenses for Quantum Bridge...
  [34/300] CORRECT | truth=57355.0000 pred=52378.0 | Determine the difference between sum of current liabilities ...
  [39/300] CORRECT | truth=1598123.3338 pred=1600001.62126 | whats the value of the result of ratio of sum of sum of sum ...
  [40/300] CORRECT | truth=16194.4755 pred=16205.1357 | whats the value of the result of pretax income for ClearPath...
  [37/300] CORRECT | truth=113177.5000 pred=113177.5 | could you give the difference between the maximum of cost of...
  [43/300] CORRECT | truth=53498.3333 pred=53498.33 | provide the difference between ratio of sum of sum of sum of...
  [44/300] CORRECT | truth=73438.0000 pred=73438.0 | What does the following give: sum of the minimum of accounts...
  [45/300] WRONG  | truth=993076.1667 pred=625603.1666666667 | You should give the sum of longterm assets for SilverLine Re...
  [42/300] CORRECT | truth=8702.7729 pred=8752.16 | What is the result of the maximum of revenue for Apex Dynami...
  [48/300] CORRECT | truth=887152.8211 pred=887328.6 | what do we obtain as the sum of total liabilities for Crimso...
  [49/300] CORRECT | truth=529760.3052 pred=529765.35 | which result follows from the result of ratio of sum of sum ...
  [51/300] CORRECT | truth=1979.1320 pred=1979.21 | What would be the result of accounts receivable for Cobalt S...
  [50/300] CORRECT | truth=1915.2210 pred=1917.233 | What is the result of gross profit for Apex Dynamics Corp in...
  [41/300] WRONG  | truth=150172.3333 pred=53999.333 | Evaluate the sum of current liabilities for Titan Consumer B...
  [52/300] WRONG  | truth=87510.1667 pred=0.400255 | Give the sum of ratio of sum of sum of sum of sum of sum of ...
  [46/300] WRONG  | truth=216217.7164 pred=242565.56 | Give the sum of revenue for Orion Financial Group in 2020 an...
  [47/300] CORRECT | truth=-47702.7651 pred=-47671.42 | what does the following give: result of sum of inventories a...
  [54/300] CORRECT | truth=563979.5000 pred=563979.5 | Which quantity is given by the sum of total liabilities for ...
  [53/300] WRONG  | truth=54479.8333 pred=36807.5 | give the sum of short term investments for Pacific Crest Ene...
  [60/300] CORRECT | truth=12258.1893 pred=12257.52 | calculate the result of the minimum of current liabilities f...
  [57/300] CORRECT | truth=7363.0000 pred=7363.0 | State the sum of sum of the minimum of inventories for Pinna...
  [56/300] WRONG  | truth=2913.5758 pred=3.0 | compute the result of sum of ratio of sum of sum of sum of s...
  [59/300] CORRECT | truth=8437.4333 pred=8437.4333 | Which result follows from the difference between ratio of su...
  [64/300] CORRECT | truth=515955.5000 pred=515955.5 | what do we obtain as the sum of ratio of sum of sum of sum o...
  [55/300] CORRECT | truth=2295137.7165 pred=2298617.1 | What is the result of sum of the minimum of total liabilitie...
  [63/300] WRONG  | truth=348222.5492 pred=75723.69 | could you give the result of ratio of sum of sum of sum of s...
  [62/300] WRONG  | truth=1390.9468 pred=145134.31 | What do we obtain as the result of ratio of sum of sum of su...
  [65/300] CORRECT | truth=17531.1667 pred=17531.166666666668 | what is the value of the sum of ratio of sum of sum of sum o...
  [66/300] CORRECT | truth=635832.0333 pred=635832.0333333334 | you should calculate the sum of sum of ratio of sum of sum o...
  [67/300] CORRECT | truth=37503.0000 pred=37503.0 | Which value corresponds to the sum of ratio of sum of sum of...
  [58/300] CORRECT | truth=4251.2511 pred=4249.43 | May you give the result of the maximum of inventories for No...
  [61/300] WRONG  | truth=109444.0460 pred=2615335.7 | You should give the result of total assets for Quantum Bridg...
  [70/300] WRONG  | truth=48696.4905 pred=487055.44 | may you calculate the result of cost of goods sold for NovaS...
  [69/300] CORRECT | truth=3847.9744 pred=3847.8 | state the result of dividends paid for Pinnacle Health Group...
  [71/300] CORRECT | truth=229619.5203 pred=229671.3483618 | You should give the result of total assets for Quantum Bridg...
  [72/300] CORRECT | truth=26690.1667 pred=26690.166666666664 | could you give the sum of ratio of sum of sum of sum of sum ...
  [73/300] WRONG  | truth=44938.1667 pred=35391.166666666664 | Compute the sum of non operating expenses for Quantum Bridge...
  [78/300] WRONG  | truth=43194.0000 pred=-23148.0 | what's the value of the difference between the maximum of to...
  [81/300] CORRECT | truth=-51273.0000 pred=-51273.0 | What do we obtain as the sum of difference between the minim...
  [76/300] CORRECT | truth=377519.4000 pred=377519.4 | Which result follows from the sum of sum of ratio of sum of ...
  [80/300] CORRECT | truth=14485.8333 pred=14485.8333 | Could you give the sum of ratio of sum of sum of capex for M...
  [75/300] WRONG  | truth=210836.5000 pred=135968.0 | You should give the sum of non operating expenses for Silver...
  [74/300] CORRECT | truth=198511.0000 pred=198511.0 | what is the value of the sum of sum of total liabilities for...
  [82/300] WRONG  | truth=83118.1667 pred=35391.166666666664 | Compute the sum of total liabilities for Quantum Bridge Hold...
  [68/300] WRONG  | truth=952017.3278 pred=314138.5 | What does the following give: result of sum of the minimum o...
  [85/300] CORRECT | truth=483724.5289 pred=483823.8283 | May you calculate the result of ratio of sum of sum of sum o...
  [83/300] WRONG  | truth=1279711.7452 pred=12800514.3 | could you give the result of the maximum of current liabilit...
  [79/300] WRONG  | truth=12057.8725 pred=52163.77722 | Give the result of ratio of sum of sum of sum of sum of sum ...
  [88/300] CORRECT | truth=36621.3333 pred=36621.333333333336 | determine the difference between ratio of sum of sum of sum ...
  [77/300] CORRECT | truth=1987293.5000 pred=2018176.5 | what would be the sum of sum of non operating expenses and s...
  [84/300] CORRECT | truth=60193.1667 pred=60183.166666666664 | what do we obtain as the sum of ratio of sum of sum of sum o...
  [91/300] CORRECT | truth=99553.1667 pred=99553.16666666667 | Compute the sum of ratio of sum of operating expenses for Qu...
  [96/300] WRONG  | truth=447511.0000 pred=3.1096 | calculate the sum of ratio of sum of sum of sum of sum of su...
  [87/300] CORRECT | truth=-65958.0000 pred=-65958.0 | May you give the sum of operating income and difference betw...
  [86/300] CORRECT | truth=5722.9626 pred=5722.7 | what is the value of the result of the maximum of accounts r...
  [95/300] CORRECT | truth=131541.6667 pred=131541.66666666666 | may you calculate the sum of ratio of sum of sum of sum of s...
  [93/300] CORRECT | truth=5106.1529 pred=5108.13 | what's the value of the result of ratio of sum of sum of sum...
  [94/300] CORRECT | truth=-569040.1667 pred=-569040.1666666667 | You should calculate the difference between cost of goods so...
  [99/300] CORRECT | truth=66398.5000 pred=66398.5 | may you give the sum of the maximum of total liabilities for...
  [90/300] CORRECT | truth=37245.8333 pred=37245.833333333336 | State the sum of ratio of sum of sum of sum of sum of sum of...
  [97/300] CORRECT | truth=30.4978 pred=30.507 | determine the result of the minimum of short term investment...
  [98/300] CORRECT | truth=226821.6667 pred=226821.66666666666 | may you calculate the difference between ratio of sum of sum...
  [89/300] WRONG  | truth=10046.8514 pred=1681.78 | what do we obtain as the sum of pretax income and result of ...
  [101/300] CORRECT | truth=66506.3333 pred=66506.33333333333 | What is the sum of difference between longterm liabilities a...
  [100/300] CORRECT | truth=36996.0000 pred=36996.0 | what would be the sum of ratio of sum of sum of sum of sum o...
  [106/300] CORRECT | truth=567436.0000 pred=567436.0 | what does the following give: sum of the maximum of total as...
  [102/300] CORRECT | truth=1052347.1667 pred=1052347.1666667 | which quantity is given by the sum of sum of total assets fo...
  [104/300] CORRECT | truth=1163.8333 pred=1163.833333333334 | May you give the difference between accounts receivable for ...
  [103/300] CORRECT | truth=17960.7833 pred=17960.7833 | What is the value of the sum of ratio of sum of sum of sum o...
  [107/300] CORRECT | truth=-3884168.2145 pred=-3892472.8218 | May you calculate the result of the minimum of current liabi...
  [113/300] WRONG  | truth=10348.5414 pred=76823.848 | Whats the value of the result of the minimum of cost of good...
  [108/300] WRONG  | truth=249982.5965 pred=2.0453 | what does the following give: sum of result of the maximum o...
  [112/300] CORRECT | truth=27821.8333 pred=25076.833333333332 | you should calculate the sum of dividends paid for NovaStar ...
  [92/300] WRONG  | truth=-79098.6468 pred=-83783318.2 | You should calculate the result of total equity scaled by ra...
  [110/300] CORRECT | truth=45514.6667 pred=45514.666666666664 | What is the value of the difference between revenue for Atla...
  [105/300] WRONG  | truth=4870.1750 pred=0.99716 | Determine the sum of result of capex scaled by ratio of curr...
  [115/300] CORRECT | truth=21465.0000 pred=20809.0 | could you give the sum of sum of the minimum of short term i...
  [109/300] WRONG  | truth=113005.2500 pred=261329.0 | You should give the sum of difference between cash and non o...
  [116/300] CORRECT | truth=38996.5000 pred=38996.5 | what would be the sum of the maximum of cost of goods sold f...
  [111/300] CORRECT | truth=668335.9000 pred=668335.9 | Whats the value of the sum of ratio of sum of total equity f...
  [118/300] CORRECT | truth=67382.1667 pred=63083.166666666664 | You should give the sum of capex for Cobalt Semiconductor in...
  [119/300] CORRECT | truth=2406185.1591 pred=2403424.83 | Which result follows from the result of operating income for...
  [124/300] CORRECT | truth=5281.0000 pred=5281.0 | what is the result of operating expenses for Apex Dynamics C...
  [114/300] CORRECT | truth=346904.4984 pred=346895.41 | Which result follows from the sum of the maximum of cost of ...
  [122/300] CORRECT | truth=28787.6307 pred=28753.68 | what is the result of current liabilities for Apex Dynamics ...
  [117/300] CORRECT | truth=8074.2076 pred=8073.713323391478 | may you calculate the result of accounts receivable for Nova...
  [120/300] CORRECT | truth=-44398.2852 pred=-44397.42 | Which result follows from the result of difference between l...
  [121/300] WRONG  | truth=4516.3000 pred=28429529.74065484 | Which value corresponds to the result of the minimum of inve...
  [123/300] WRONG  | truth=251731.7717 pred=111507.72 | Compute the result of sum of revenue for Quantum Bridge Hold...
  [126/300] WRONG  | truth=345417.6667 pred=427820.0 | What does the following give: sum of longterm assets for Cri...
  [128/300] WRONG  | truth=27369.6000 pred=11339.6 | what is the sum of difference between ratio of sum of sum of...
  [125/300] CORRECT | truth=88926.4167 pred=88926.41666666667 | Whats the value of the sum of ratio of sum of sum of sum of ...
  [127/300] CORRECT | truth=43537.7249 pred=43522.54 | Whats the value of the result of ratio of sum of sum of sum ...
  [129/300] CORRECT | truth=41749.3963 pred=44472.88 | Which value corresponds to the result of total assets scaled...
  [133/300] CORRECT | truth=106123.0000 pred=106123.0 | What's the value of the sum of the maximum of inventories fo...
  [131/300] WRONG  | truth=-18656.0000 pred=64727.0 | May you calculate the sum of difference between non operatin...
  [130/300] WRONG  | truth=47457.0000 pred=434562.0 | Give the sum of longterm liabilities and difference between ...
  [134/300] WRONG  | truth=8964.8902 pred=0.08681 | may you calculate the result of cash for NovaStar Technologi...
  [136/300] CORRECT | truth=62236.4390 pred=62236.41 | what's the value of the result of ratio of sum of sum of sum...
  [137/300] CORRECT | truth=250621.0833 pred=250621.0833 | Which result follows from the sum of ratio of sum of sum of ...
  [132/300] CORRECT | truth=927032.0000 pred=927032.0 | what does the following give: sum of sum of longterm liabili...
  [139/300] CORRECT | truth=642945.8000 pred=642945.8 | whats the value of the sum of dividends paid for ClearPath L...
  [142/300] CORRECT | truth=23144.6667 pred=23144.666666666664 | Provide the sum of ratio of sum of capex for Pacific Crest E...
  [145/300] CORRECT | truth=255627.0292 pred=255650.36 | you should give the sum of sum of the maximum of total equit...
  [140/300] WRONG  | truth=607342.3333 pred=3.78163 | you should calculate the sum of ratio of sum of sum of sum o...
  [143/300] CORRECT | truth=4654065.0803 pred=4676947.42 | What would be the result of longterm assets for ClearPath Lo...
  [141/300] CORRECT | truth=16838.0455 pred=16841.45 | What would be the result of accounts receivable for ClearPat...
  [135/300] CORRECT | truth=-3991808.3154 pred=-3993633.46 | you should calculate the difference between ratio of sum of ...
  [144/300] CORRECT | truth=-20577.2090 pred=-20580.72 | What is the difference between result of operating expenses ...
  [146/300] CORRECT | truth=3847506.9931 pred=3848371.416523144 | You should give the result of pretax income for NovaStar Tec...
  [150/300] CORRECT | truth=491157.6095 pred=493652.59 | what does the following give: result of total liabilities fo...
  [138/300] CORRECT | truth=71265.7507 pred=71265.81 | what's the value of the result of sum of operating income an...
  [149/300] WRONG  | truth=32983.0000 pred=-1937.0 | What do we obtain as the sum of difference between sum of pr...
  [148/300] CORRECT | truth=160005.6667 pred=160005.66666666666 | what is the sum of sum of total liabilities for Apex Dynamic...
  [152/300] CORRECT | truth=87517.0000 pred=87517.0 | provide the sum of sum of inventories for Pacific Crest Ener...
  [151/300] CORRECT | truth=1566340.6729 pred=1566383.5605148 | determine the result of ratio of sum of sum of sum of sum of...
  [154/300] WRONG  | truth=67021.5000 pred=32861.5 | May you calculate the sum of current assets for NovaStar Tec...
  [147/300] CORRECT | truth=96215.4167 pred=96215.41666666666 | You should calculate the sum of ratio of sum of sum of sum o...
  [158/300] CORRECT | truth=440090.5726 pred=439984.43 | evaluate the result of the maximum of dividends paid for Sil...
  [153/300] CORRECT | truth=142274.4000 pred=142274.4 | whats the value of the sum of ratio of sum of sum of sum of ...
  [155/300] CORRECT | truth=17663.0000 pred=17663.0 | what is the sum of ratio of sum of sum of sum of sum of sum ...
  [157/300] CORRECT | truth=7128.1506 pred=7132.34 | Evaluate the result of accounts receivable for Titan Consume...
  [156/300] CORRECT | truth=85838.6000 pred=85838.6 | What is the value of the sum of sum of dividends paid for Ap...
  [160/300] CORRECT | truth=152188.5060 pred=152085.45 | which quantity is given by the result of ratio of sum of sum...
  [159/300] CORRECT | truth=-89474.1667 pred=-89474.16666667 | may you give the difference between ratio of sum of sum of s...
  [164/300] CORRECT | truth=225815.0000 pred=225815.0 | Evaluate the result of cash for Titan Consumer Brands in 202...
  [165/300] CORRECT | truth=261375.1667 pred=261375.16666666666 | which quantity is given by the sum of total liabilities for ...
  [163/300] WRONG  | truth=22011.4217 pred=15364.9 | provide the result of current assets for Pacific Crest Energ...
  [161/300] CORRECT | truth=291234.6830 pred=291192.73 | May you give the sum of the minimum of operating expenses fo...
  [168/300] CORRECT | truth=417485.0000 pred=417485.0 | what does the following give: sum of sum of total liabilitie...
  [171/300] WRONG  | truth=34548.5000 pred=722.5 | Give the sum of total liabilities for Orion Financial Group ...
  [167/300] WRONG  | truth=-49602.8000 pred=-55881.8 | Which value corresponds to the difference between longterm a...
  [169/300] WRONG  | truth=31213.5474 pred=0.2267 | May you calculate the result of the minimum of operating exp...
  [174/300] CORRECT | truth=383345.0000 pred=383345.0 | calculate the sum of ratio of sum of sum of sum of sum of su...
  [170/300] CORRECT | truth=1195027.6000 pred=1195027.6 | calculate the sum of sum of ratio of sum of sum of sum of su...
  [176/300] CORRECT | truth=19325.5692 pred=19345.1356606275 | give the result of operating income for Orion Financial Grou...
  [172/300] CORRECT | truth=18052.9962 pred=18052.12 | what do we obtain as the result of operating expenses for Co...
  [173/300] CORRECT | truth=95413.5000 pred=87120.5 | what's the value of the sum of operating expenses for Atlas ...
  [177/300] CORRECT | truth=16378.6079 pred=16383.174 | Compute the result of current liabilities for Quantum Bridge...
  [162/300] WRONG  | truth=7449471.0132 pred=13517138.57 | what's the value of the sum of the minimum of total assets f...
  [180/300] CORRECT | truth=82390.5296 pred=82372.15 | What is the result of gross profit for Apex Dynamics Corp in...
  [182/300] WRONG  | truth=106161.4297 pred=49805.55 | State the difference between difference between result of op...
  [184/300] CORRECT | truth=532.9574 pred=533.234 | Whats the value of the result of capex for ClearPath Logisti...
  [185/300] WRONG  | truth=37407.5314 pred=21427.3 | Determine the result of sum of cash for Quantum Bridge Holdi...
  [179/300] CORRECT | truth=310745.6544 pred=307188.3 | What does the following give: result of cash scaled by ratio...
  [186/300] CORRECT | truth=8586.3224 pred=8585.44 | State the sum of ratio of sum of sum of sum of sum of divide...
  [175/300] CORRECT | truth=55858.4477 pred=55848.62 | Which value corresponds to the result of ratio of sum of sum...
  [187/300] CORRECT | truth=-13590.0580 pred=-13589.86 | You should give the difference between result of capex for P...
  [181/300] WRONG  | truth=-78393.8000 pred=6321.465 | Compute the difference between difference between accounts r...
  [188/300] CORRECT | truth=60916.5000 pred=60916.5 | what would be the sum of the minimum of revenue for Cobalt S...
  [183/300] CORRECT | truth=53372.2515 pred=53397.54 | What is the sum of the minimum of inventories for Apex Dynam...
  [178/300] CORRECT | truth=59429.5846 pred=59425.9465 | May you give the result of the minimum of accounts receivabl...
  [166/300] CORRECT | truth=208708.4876 pred=208647.57 | Evaluate the result of the maximum of inventories for Titan ...
  [189/300] CORRECT | truth=-50027.2000 pred=-51027.2 | you should give the sum of difference between operating expe...
  [190/300] CORRECT | truth=-26215.8333 pred=-26215.8333 | what would be the difference between ratio of sum of sum of ...
  [194/300] CORRECT | truth=-211567.0000 pred=-211567.0 | What does the following give: difference between difference ...
  [192/300] CORRECT | truth=110193.5000 pred=110193.5 | what is the sum of ratio of sum of sum of sum of sum of sum ...
  [191/300] CORRECT | truth=330622.1667 pred=330622.1666666667 | which result follows from the sum of ratio of sum of sum of ...
  [197/300] CORRECT | truth=63794.0000 pred=58084.0 | Compute the sum of short term investments for Quantum Bridge...
  [198/300] CORRECT | truth=13261.1774 pred=13262.25 | Could you give the result of pretax income for Meridian Syst...
  [195/300] WRONG  | truth=755151.0736 pred=3.74923 | whats the value of the result of the minimum of current liab...
  [193/300] WRONG  | truth=-47710.9906 pred=62992.39 | what would be the difference between difference between resu...
  [199/300] CORRECT | truth=6633.2720 pred=6633.25 | which value corresponds to the result of the maximum of shor...
  [202/300] WRONG  | truth=-12823.2116 pred=-48663.1 | you should give the difference between total equity for Meri...
  [196/300] WRONG  | truth=-1138922.7794 pred=-4.639 | You should give the result of result of the minimum of curre...
  [207/300] CORRECT | truth=285.4820 pred=285.48 | What do we obtain as the result of capex for Cobalt Semicond...
  [206/300] CORRECT | truth=1191686.7592 pred=1191362.16 | which quantity is given by the result of revenue for Ironcla...
  [200/300] CORRECT | truth=91800.6667 pred=91800.66666666667 | Whats the value of the sum of ratio of sum of sum of dividen...
  [203/300] CORRECT | truth=169425.1667 pred=169425.16666666666 | which result follows from the sum of the minimum of cash for...
  [204/300] WRONG  | truth=12904.0000 pred=17704.0 | Determine the sum of difference between longterm liabilities...
  [205/300] CORRECT | truth=16031.0806 pred=16030.450356835245 | what's the value of the result of ratio of sum of sum of sum...
  [201/300] WRONG  | truth=93934.1683 pred=7498754421.0 | compute the sum of difference between gross profit and resul...
  [211/300] CORRECT | truth=221262.0000 pred=221262.0 | Could you give the sum of sum of gross profit for Meridian S...
  [212/300] CORRECT | truth=100552.3333 pred=100552.33333333333 | could you give the sum of the minimum of operating expenses ...
  [215/300] CORRECT | truth=1406704.0133 pred=1406736.54 | what's the value of the result of the maximum of operating e...
  [208/300] WRONG  | truth=159438.0000 pred=69366.0 | Evaluate the difference between ratio of sum of sum of sum o...
  [213/300] CORRECT | truth=-13994.0000 pred=-13994.0 | What's the value of the difference between difference betwee...
  [210/300] WRONG  | truth=-58343.2357 pred=-4054.86 | May you give the result of ratio of sum of sum of sum of sum...
  [214/300] CORRECT | truth=56537.3333 pred=56537.3333 | what do we obtain as the sum of operating income for Crimson...
  [218/300] WRONG  | truth=21.7063 pred=2609.59 | what do we obtain as the result of dividends paid for Cobalt...
  [209/300] CORRECT | truth=593411.0000 pred=593411.0 | Evaluate the sum of sum of current assets for Titan Consumer...
  [223/300] WRONG  | truth=31960.3333 pred=0.036257 | you should calculate the sum of ratio of sum of sum of sum o...
  [219/300] CORRECT | truth=207997.2000 pred=207997.2 | Which quantity is given by the sum of sum of ratio of sum of...
  [217/300] CORRECT | truth=65210.1667 pred=65210.16666666666 | What is the difference between the minimum of total liabilit...
  [216/300] CORRECT | truth=258327.2683 pred=258324.68 | provide the sum of result of ratio of sum of sum of sum of o...
  [221/300] CORRECT | truth=7369.9103 pred=7372.6 | give the difference between result of the maximum of cost of...
  [220/300] CORRECT | truth=118976.7000 pred=118976.7 | What does the following give: sum of sum of non operating ex...
  [225/300] CORRECT | truth=5750.1035 pred=5738.8 | state the sum of the maximum of dividends paid for Pinnacle ...
  [224/300] WRONG  | truth=36164.2450 pred=6070.248 | Could you give the sum of the minimum of cash for Meridian S...
  [222/300] CORRECT | truth=55324.0505 pred=55325.01 | which value corresponds to the result of ratio of sum of sum...
  [229/300] CORRECT | truth=19915.5000 pred=19915.5 | what is the difference between the maximum of short term inv...
  [228/300] CORRECT | truth=166150.6667 pred=166150.66666666666 | you should give the sum of the maximum of revenue for Orion ...
  [227/300] WRONG  | truth=4342.9256 pred=1.6901 | What is the value of the result of result of pretax income s...
  [231/300] CORRECT | truth=304545.0000 pred=304545.0 | Which result follows from the sum of the maximum of total eq...
  [230/300] CORRECT | truth=147439.5000 pred=147439.5 | what do we obtain as the sum of ratio of sum of sum of sum o...
  [226/300] WRONG  | truth=139337.2521 pred=0.945393913 | You should calculate the result of the maximum of total asse...
  [239/300] WRONG  | truth=31126.6820 pred=311.4164351565153 | Could you give the result of total assets for Meridian Syste...
  [236/300] CORRECT | truth=15402.6667 pred=15402.666666666666 | State the sum of the maximum of capex for Pinnacle Health Gr...
  [237/300] CORRECT | truth=150365.3333 pred=150365.3333 | calculate the sum of ratio of sum of sum of sum of sum of su...
  [234/300] WRONG  | truth=825.3492 pred=3561.4114 | what do we obtain as the result of ratio of sum of sum of su...
  [233/300] WRONG  | truth=-590015.0000 pred=-1074235.0 | You should calculate the difference between longterm assets ...
  [232/300] WRONG  | truth=113521.3147 pred=45923.293 | could you give the sum of difference between total liabiliti...
  [238/300] WRONG  | truth=142408.5369 pred=57323.42 | Determine the result of ratio of sum of sum of sum of revenu...
  [242/300] WRONG  | truth=56087.0000 pred=75315.0 | could you give the result of total equity for Meridian Syste...
  [241/300] CORRECT | truth=1442.5003 pred=1442.44 | Evaluate the result of ratio of sum of sum of sum of sum of ...
  [235/300] CORRECT | truth=718903.0403 pred=718376.07 | Whats the value of the sum of ratio of sum of sum of sum of ...
  [247/300] CORRECT | truth=4462.7458 pred=4464.360639830513 | what would be the result of inventories for Cobalt Semicondu...
  [248/300] CORRECT | truth=466.5686 pred=466.57 | State the result of cash for Pinnacle Health Group in 2021 s...
  [245/300] CORRECT | truth=362561.0000 pred=362561.0 | Calculate the sum of operating income for SilverLine Retail ...
  [249/300] CORRECT | truth=136617.0000 pred=136617.0 | compute the sum of sum of the maximum of non operating expen...
  [243/300] CORRECT | truth=413.6069 pred=413.52 | May you give the result of capex for NovaStar Technologies i...
  [240/300] WRONG  | truth=258630.4056 pred=185003.5 | Which quantity is given by the result of ratio of sum of cos...
  [246/300] CORRECT | truth=40008.5976 pred=40016.16 | what is the result of the minimum of current liabilities for...
  [244/300] CORRECT | truth=27370.6667 pred=27370.666666666668 | determine the sum of ratio of sum of sum of sum of sum of su...
  [252/300] CORRECT | truth=24137.2111 pred=24135.5561 | What does the following give: result of short term investmen...
  [250/300] WRONG  | truth=83707.8333 pred=4748.166666666667 | could you give the sum of operating income for Meridian Syst...
  [251/300] WRONG  | truth=1176709.2212 pred=167253.61 | which quantity is given by the sum of sum of operating expen...
  [255/300] CORRECT | truth=3236.8333 pred=3236.833333 | Give the difference between ratio of sum of sum of sum of su...
  [257/300] CORRECT | truth=-142352.6667 pred=-142352.67 | evaluate the difference between ratio of sum of sum of sum o...
  [253/300] CORRECT | truth=188576.0000 pred=195587.0 | What is the sum of inventories for Apex Dynamics Corp in 202...
  [256/300] CORRECT | truth=60614.0000 pred=60614.0 | compute the sum of ratio of sum of sum of sum of sum of sum ...
  [261/300] WRONG  | truth=20735.3333 pred=10878.333333333334 | Determine the sum of cost of goods sold for Pinnacle Health ...
  [260/300] CORRECT | truth=11638.3333 pred=11638.33333333 | determine the sum of ratio of sum of short term investments ...
  [262/300] CORRECT | truth=60242.0019 pred=60239.25 | What's the value of the result of dividends paid for ClearPa...
  [258/300] CORRECT | truth=90797.0941 pred=90797.37 | May you calculate the sum of the minimum of current liabilit...
  [263/300] CORRECT | truth=-18249.6667 pred=-18249.666666666668 | may you give the difference between the minimum of short ter...
  [254/300] WRONG  | truth=-1224.8508 pred=36457.37 | provide the result of the maximum of capex for Pacific Crest...
  [266/300] CORRECT | truth=77519.0000 pred=77519.0 | Compute the sum of sum of the minimum of total liabilities f...
  [259/300] WRONG  | truth=7694.8053 pred=194384.81 | Could you give the result of difference between sum of sum o...
  [272/300] CORRECT | truth=4719.3946 pred=4719.61 | What is the value of the result of the minimum of revenue fo...
  [269/300] WRONG  | truth=78432.8000 pred=36729.8 | compute the sum of sum of sum of total equity and longterm a...
  [264/300] CORRECT | truth=109749.7500 pred=109749.75 | what do we obtain as the sum of ratio of sum of sum of sum o...
  [271/300] CORRECT | truth=268249.0000 pred=268249.0 | Provide the sum of sum of the maximum of total equity for Pa...
  [270/300] CORRECT | truth=228720.5000 pred=228720.5 | What's the value of the sum of sum of the maximum of total a...
<===== END depth_7_gemma_31b_90q =====>
