<===== START depth_1_gemma_31b_90q | provider=Together | model=google/gemma-4-31B-it | dataset=90q | limit=300 =====>
<===== START depth_1_gemma_31b_90q | provider=Together | model=google/gemma-4-31B-it | dataset=90q | limit=300 =====>
<===== START depth_1_gemma_31b_90q | provider=Together | model=google/gemma-4-31B-it | dataset=90q | limit=300 =====>
<===== START depth_1_gemma_31b_90q | provider=Together | model=google/gemma-4-31B-it | dataset=90q | limit=300 =====>
<===== START depth_1_gemma_31b_90q | provider=Together | model=google/gemma-4-31B-it | dataset=90q | limit=300 =====>
90Q are Sheet: /output/financial_spreadsheet.json
90Q are Questions: /output/original_questions.json
Loading datasets...
  90-Q: 300 questions, 15 companies

============================================================
  Evaluating model: google/gemma-4-31B-it
============================================================

-- 90-Q evaluation (300 questions) --
  [4/300] CORRECT | truth=61894.0000 pred=61894.0 | what would be the sum of total assets and operating expenses...
  [7/300] CORRECT | truth=-454860.0000 pred=-454860.0 | Which quantity is given by the difference between short term...
  [9/300] CORRECT | truth=157437.0000 pred=157437.0 | May you calculate the sum of capex and revenue for NovaStar ...
  [3/300] CORRECT | truth=472978.0000 pred=472978.0 | evaluate the the maximum of revenue for Titan Consumer Brand...
  [6/300] CORRECT | truth=36412.0000 pred=36412.0 | Could you give the sum of current liabilities and current li...
  [1/300] CORRECT | truth=31657.0000 pred=31657.0 | Determine the sum of short term investments and cash for Qua...
  [13/300] CORRECT | truth=-65307.0000 pred=-65307.0 | What's the value of the difference between inventories and c...
  [10/300] CORRECT | truth=209012.0000 pred=209012.0 | provide the sum of total assets and total equity for Pacific...
  [11/300] CORRECT | truth=2011.1065 pred=2011.20445641027 | What's the value of the result of capex scaled by income tax...
  [5/300] CORRECT | truth=35929.0000 pred=35929.0 | determine the the maximum of cost of goods sold for Quantum ...
  [2/300] CORRECT | truth=770863.0000 pred=770863.0 | What do we obtain as the difference between revenue and cape...
  [12/300] CORRECT | truth=39556.8582 pred=39556.53 | Which quantity is given by the result of cost of goods sold ...
  [14/300] CORRECT | truth=10230.4393 pred=10230.513651 | what does the following give: result of capex scaled by inco...
  [8/300] WRONG  | truth=32706.2842 pred=380316.35 | Whats the value of the result of current liabilities scaled ...
  [21/300] CORRECT | truth=-84761.0000 pred=-84761.0 | What do we obtain as the difference between capex and curren...
  [18/300] CORRECT | truth=124672.0000 pred=124672.0 | give the sum of accounts receivable and revenue for Orion Fi...
  [15/300] CORRECT | truth=0.0000 pred=0.0 | calculate the difference between operating expenses and oper...
  [19/300] CORRECT | truth=263222.0000 pred=263222.0 | May you give the the minimum of total assets for Orion Finan...
  [22/300] CORRECT | truth=232922.0000 pred=232922.0 | you should give the difference between total liabilities and...
  [23/300] CORRECT | truth=30076.0000 pred=30076.0 | state the sum of revenue and total assets for Pinnacle Healt...
  [17/300] CORRECT | truth=-27166.0000 pred=-27166.0 | which value corresponds to the difference between dividends ...
  [25/300] CORRECT | truth=149263.0000 pred=149263.0 | May you give the the minimum of revenue for NovaStar Technol...
  [24/300] CORRECT | truth=47070.0000 pred=47070.0 | could you give the sum of non operating expenses and current...
  [16/300] WRONG  | truth=7883.5673 pred=89838.1 | may you calculate the result of operating expenses scaled by...
  [20/300] CORRECT | truth=16214.7008 pred=16214.25 | calculate the result of inventories scaled by income tax for...
  [26/300] CORRECT | truth=6556.0000 pred=6556.0 | What is the value of the sum of capex and inventories for Ap...
  [28/300] WRONG  | truth=-133864.0000 pred=133864.0 | Give the difference between inventories and revenue for Orio...
  [29/300] CORRECT | truth=864.0000 pred=864.0 | State the sum of dividends paid and capex for Pinnacle Healt...
  [35/300] CORRECT | truth=75601.0000 pred=75601.0 | May you give the sum of non operating expenses and cash for ...
  [27/300] CORRECT | truth=573416.0000 pred=573416.0 | what's the value of the sum of total liabilities and cost of...
  [30/300] CORRECT | truth=19883.1846 pred=19883.33 | provide the result of revenue scaled by income tax for Pacif...
  [31/300] CORRECT | truth=11749.0000 pred=11749.0 | What is the value of the difference between cash and dividen...
  [32/300] CORRECT | truth=-7414.0000 pred=-7414.0 | could you give the difference between current liabilities an...
  [33/300] CORRECT | truth=1685.4419 pred=1685.4418693718765 | Give the result of inventories scaled by income tax for Orio...
  [36/300] CORRECT | truth=-3469.0000 pred=-3469.0 | Give the difference between cash and non operating expenses ...
  [43/300] CORRECT | truth=11156.0000 pred=11156.0 | Give the difference between current liabilities and dividend...
  [34/300] CORRECT | truth=317434.0000 pred=317434.0 | Whats the value of the sum of cash and cost of goods sold fo...
  [37/300] CORRECT | truth=111511.0000 pred=111511.0 | May you give the difference between total equity and dividen...
  [45/300] CORRECT | truth=89374.0000 pred=89374.0 | you should give the the minimum of revenue for Atlas Global ...
  [47/300] CORRECT | truth=45629.0000 pred=45629.0 | what would be the sum of cost of goods sold and total equity...
  [48/300] CORRECT | truth=543197.0000 pred=543197.0 | May you calculate the sum of total assets and accounts recei...
  [50/300] CORRECT | truth=-110541.0000 pred=-110541.0 | What do we obtain as the difference between inventories and ...
  [49/300] CORRECT | truth=617681.0000 pred=617681.0 | Calculate the sum of accounts receivable and cost of goods s...
  [38/300] CORRECT | truth=0.0000 pred=0.0 | Evaluate the difference between cash and cash for Titan Cons...
  [53/300] CORRECT | truth=14819.0000 pred=14819.0 | Determine the the maximum of current liabilities for Quantum...
  [54/300] CORRECT | truth=108199.0000 pred=108199.0 | May you give the sum of revenue and capex for Orion Financia...
  [46/300] CORRECT | truth=97842.1955 pred=97842.32 | What does the following give: result of total assets scaled ...
  [51/300] CORRECT | truth=-456401.0000 pred=-456401.0 | Calculate the difference between inventories and cost of goo...
  [55/300] CORRECT | truth=111520.0000 pred=111520.0 | whats the value of the sum of accounts receivable and short ...
  [52/300] CORRECT | truth=26267.0000 pred=26267.0 | Compute the sum of short term investments and cash for Quant...
  [57/300] CORRECT | truth=49090.0000 pred=49090.0 | may you calculate the sum of inventories and cash for NovaSt...
  [56/300] CORRECT | truth=144432.0000 pred=144432.0 | calculate the sum of short term investments and current liab...
  [41/300] CORRECT | truth=207167.0000 pred=207167.0 | provide the difference between revenue and accounts receivab...
  [40/300] CORRECT | truth=20800.0000 pred=20800.0 | what would be the sum of dividends paid and total equity for...
  [44/300] CORRECT | truth=-51007.0000 pred=-51007.0 | provide the difference between total equity and total liabil...
  [39/300] CORRECT | truth=-170201.0000 pred=-170201.0 | What does the following give: difference between accounts re...
  [58/300] WRONG  | truth=-12180.0000 pred=12180.0 | State the difference between cash and revenue for Pinnacle H...
  [59/300] CORRECT | truth=10318.0000 pred=10318.0 | What is the sum of capex and capex for Apex Dynamics Corp in...
  [42/300] CORRECT | truth=475.9846 pred=475.9845191451795 | State the result of cash scaled by income tax for Pinnacle H...
  [63/300] CORRECT | truth=106446.0000 pred=106446.0 | may you give the the minimum of total liabilities for NovaSt...
  [64/300] CORRECT | truth=38806.0000 pred=38806.0 | Could you give the sum of cash and inventories for Meridian ...
  [66/300] CORRECT | truth=30608.0000 pred=30608.0 | You should calculate the sum of capex and inventories for Cl...
  [65/300] CORRECT | truth=46202.0000 pred=46202.0 | What would be the sum of cost of goods sold and total equity...
  [60/300] CORRECT | truth=19845.0000 pred=19845.0 | Compute the the maximum of dividends paid for SilverLine Ret...
  [67/300] CORRECT | truth=1543.5607 pred=1543.660617434 | May you calculate the result of capex scaled by income tax f...
  [69/300] CORRECT | truth=20709.0000 pred=20709.0 | What do we obtain as the sum of short term investments and d...
  [74/300] CORRECT | truth=436010.0000 pred=436010.0 | provide the sum of revenue and revenue for Pacific Crest Ene...
  [61/300] CORRECT | truth=2284.6807 pred=2284.6607 | What is the result of non operating expenses scaled by incom...
  [68/300] WRONG  | truth=8831.0845 pred=745112.44 | whats the value of the result of accounts receivable scaled ...
  [72/300] CORRECT | truth=2047.0350 pred=2046.61133188 | Whats the value of the result of inventories scaled by incom...
  [73/300] WRONG  | truth=8338.8468 pred=277115.28 | What do we obtain as the result of operating expenses scaled...
  [78/300] CORRECT | truth=-45323.0000 pred=-45323.0 | which result follows from the difference between accounts re...
  [79/300] CORRECT | truth=203458.5940 pred=203402.32 | you should calculate the result of total assets scaled by in...
  [62/300] CORRECT | truth=34546.0000 pred=34546.0 | which result follows from the difference between current lia...
  [71/300] WRONG  | truth=6979.7485 pred=264353.41 | evaluate the result of accounts receivable scaled by income ...
  [77/300] CORRECT | truth=46110.0000 pred=46110.0 | which value corresponds to the the maximum of operating expe...
  [76/300] CORRECT | truth=2137.0000 pred=2137.0 | What is the value of the difference between accounts receiva...
  [84/300] CORRECT | truth=8278.0000 pred=8278.0 | Which value corresponds to the difference between total equi...
  [81/300] CORRECT | truth=50820.0000 pred=50820.0 | provide the sum of capex and operating expenses for Pacific ...
  [70/300] CORRECT | truth=239412.0000 pred=239412.0 | Provide the difference between total assets and current liab...
  [86/300] CORRECT | truth=10895.0000 pred=10895.0 | What's the value of the sum of short term investments and ac...
  [82/300] CORRECT | truth=538795.0000 pred=538795.0 | What does the following give: sum of total assets and divide...
  [80/300] CORRECT | truth=20370.0000 pred=20370.0 | You should give the difference between total assets and reve...
  [85/300] CORRECT | truth=78567.0000 pred=78567.0 | what is the difference between total assets and operating ex...
  [87/300] CORRECT | truth=7540.0000 pred=7540.0 | Which quantity is given by the the minimum of inventories fo...
  [75/300] WRONG  | truth=1466.8529 pred=61837.87 | state the result of cost of goods sold scaled by income tax ...
  [90/300] CORRECT | truth=21960.0000 pred=21960.0 | you should give the the minimum of accounts receivable for C...
  [88/300] CORRECT | truth=87396.5095 pred=87396.41 | Evaluate the result of revenue scaled by income tax for Tita...
  [89/300] CORRECT | truth=6324.0000 pred=6324.0 | Compute the the minimum of accounts receivable for Quantum B...
  [83/300] CORRECT | truth=2919.0000 pred=2919.0 | state the difference between total liabilities and inventori...
  [92/300] CORRECT | truth=54949.0000 pred=54949.0 | whats the value of the the minimum of short term investments...
  [93/300] CORRECT | truth=3998.3050 pred=3998.38 | Which value corresponds to the result of short term investme...
  [91/300] CORRECT | truth=13546.0000 pred=13546.0 | Which value corresponds to the difference between capex and ...
  [100/300] CORRECT | truth=75117.0000 pred=75117.0 | May you calculate the the maximum of cost of goods sold for ...
  [96/300] WRONG  | truth=73.6967 pred=2796.881 | You should give the result of dividends paid scaled by incom...
  [98/300] CORRECT | truth=-79320.0000 pred=-79320.0 | Calculate the difference between operating expenses and non ...
  [101/300] CORRECT | truth=93868.0000 pred=93868.0 | What does the following give: difference between total equit...
  [99/300] CORRECT | truth=672213.0000 pred=672213.0 | evaluate the sum of total equity and total liabilities for S...
  [94/300] WRONG  | truth=721.0780 pred=10981.53 | State the result of non operating expenses scaled by income ...
  [97/300] CORRECT | truth=77490.7441 pred=77491.68 | which quantity is given by the result of revenue scaled by i...
  [104/300] CORRECT | truth=0.0000 pred=0.0 | whats the value of the difference between non operating expe...
  [108/300] CORRECT | truth=320.0000 pred=320.0 | Provide the difference between capex and accounts receivable...
  [102/300] CORRECT | truth=209830.0000 pred=209830.0 | Whats the value of the sum of cash and accounts receivable f...
  [95/300] WRONG  | truth=31686.7721 pred=1555203.47 | you should give the result of total assets scaled by income ...
  [106/300] CORRECT | truth=19914.0000 pred=19914.0 | could you give the sum of short term investments and capex f...
  [107/300] CORRECT | truth=41581.0000 pred=41581.0 | what is the sum of accounts receivable and current liabiliti...
  [105/300] WRONG  | truth=9470.5321 pred=464835.71 | May you give the result of current liabilities scaled by inc...
  [109/300] CORRECT | truth=-51614.0000 pred=-51614.0 | may you calculate the difference between capex and total equ...
  [110/300] CORRECT | truth=-42329.0000 pred=-42329.0 | May you give the difference between current liabilities and ...
  [103/300] CORRECT | truth=25865.4266 pred=25865.42661924138 | Which value corresponds to the result of total equity scaled...
  [113/300] CORRECT | truth=29818.0000 pred=29818.0 | You should give the sum of operating expenses and total equi...
  [111/300] CORRECT | truth=233242.0000 pred=233242.0 | Which result follows from the sum of cost of goods sold and ...
  [112/300] CORRECT | truth=-93962.0000 pred=-93962.0 | you should give the difference between operating expenses an...
  [116/300] CORRECT | truth=6461.0000 pred=6461.0 | What is the the maximum of operating expenses for Apex Dynam...
  [114/300] CORRECT | truth=382901.0000 pred=382901.0 | which quantity is given by the sum of revenue and capex for ...
  [115/300] WRONG  | truth=-54291.0000 pred=54291.0 | what would be the difference between total equity and total ...
  [122/300] CORRECT | truth=0.0000 pred=0.0 | may you calculate the difference between capex and capex for...
  [117/300] CORRECT | truth=18575.0000 pred=18575.0 | what would be the the minimum of total equity for Cobalt Sem...
  [124/300] CORRECT | truth=6824.0000 pred=6824.0 | What is the value of the difference between operating expens...
  [119/300] WRONG  | truth=-205523.0000 pred=205523.0 | may you give the difference between capex and total assets f...
  [123/300] CORRECT | truth=-84321.0000 pred=-84321.0 | may you give the difference between dividends paid and cost ...
  [125/300] CORRECT | truth=100857.0000 pred=100857.0 | compute the sum of accounts receivable and total assets for ...
  [127/300] CORRECT | truth=83888.0000 pred=83888.0 | Compute the the minimum of revenue for Quantum Bridge Holdin...
  [120/300] CORRECT | truth=-403180.0000 pred=-403180.0 | what do we obtain as the difference between non operating ex...
  [118/300] CORRECT | truth=34511.0000 pred=34511.0 | You should calculate the the maximum of capex for Titan Cons...
  [126/300] CORRECT | truth=1824.3229 pred=1824.2638 | which quantity is given by the result of operating expenses ...
  [129/300] CORRECT | truth=28898.0000 pred=28898.0 | you should give the sum of non operating expenses and cash f...
  [131/300] CORRECT | truth=937.0000 pred=937.0 | State the the minimum of accounts receivable for Pinnacle He...
  [128/300] CORRECT | truth=209862.0000 pred=209862.0 | Whats the value of the sum of cash and cash for ClearPath Lo...
  [121/300] CORRECT | truth=10230.4393 pred=10231.464128 | what does the following give: result of capex scaled by inco...
  [134/300] CORRECT | truth=-17930.0000 pred=-17930.0 | You should give the difference between cost of goods sold an...
  [130/300] WRONG  | truth=4080.7517 pred=291861.26 | Evaluate the result of capex scaled by income tax for Titan ...
  [135/300] CORRECT | truth=10313.0000 pred=10313.0 | state the difference between revenue and total equity for Pi...
  [132/300] CORRECT | truth=3007.0000 pred=3007.0 | determine the sum of operating expenses and short term inves...
  [133/300] CORRECT | truth=-2850.0000 pred=-2850.0 | Which value corresponds to the difference between accounts r...
  [138/300] CORRECT | truth=28767.0000 pred=28767.0 | State the sum of cash and accounts receivable for Pacific Cr...
  [139/300] CORRECT | truth=-30377.0000 pred=-30377.0 | May you calculate the difference between short term investme...
  [142/300] CORRECT | truth=45233.0000 pred=45233.0 | provide the sum of current liabilities and cash for Pacific ...
  [136/300] CORRECT | truth=6682.0772 pred=6682.112261 | whats the value of the result of inventories scaled by incom...
  [145/300] WRONG  | truth=68.9064 pred=822.034 | what would be the result of dividends paid scaled by income ...
  [141/300] CORRECT | truth=7919.0000 pred=7919.0 | State the difference between cost of goods sold and accounts...
  [137/300] WRONG  | truth=16014.0183 pred=386520.5 | what does the following give: result of accounts receivable ...
  [147/300] CORRECT | truth=6625.0000 pred=6625.0 | You should give the sum of dividends paid and operating expe...
  [140/300] WRONG  | truth=4828.0395 pred=149631.13 | give the result of short term investments scaled by income t...
  [144/300] WRONG  | truth=3884.5449 pred=48599.82 | give the result of non operating expenses scaled by income t...
  [143/300] CORRECT | truth=3988.2474 pred=3987.357 | determine the result of revenue scaled by income tax for Pin...
  [146/300] CORRECT | truth=15443.0000 pred=15443.0 | Which value corresponds to the the maximum of capex for Heli...
  [149/300] CORRECT | truth=123954.0000 pred=123954.0 | which quantity is given by the sum of non operating expenses...
  [150/300] CORRECT | truth=221989.0000 pred=221989.0 | may you give the sum of total equity and total liabilities f...
  [154/300] CORRECT | truth=11630.0000 pred=11630.0 | give the sum of cash and dividends paid for Pacific Crest En...
  [156/300] CORRECT | truth=64992.4156 pred=64982.324 | Which result follows from the result of cost of goods sold s...
  [153/300] WRONG  | truth=629.0655 pred=33828.05020817348 | State the result of non operating expenses scaled by income ...
  [148/300] CORRECT | truth=475.9846 pred=475.9845191451795 | State the result of cash scaled by income tax for Pinnacle H...
  [155/300] CORRECT | truth=25016.0000 pred=25016.0 | Compute the sum of operating expenses and capex for Quantum ...
  [151/300] WRONG  | truth=17621.7002 pred=286206.42 | What is the value of the result of total assets scaled by in...
  [157/300] CORRECT | truth=41772.7913 pred=41772.76 | calculate the result of total equity scaled by income tax fo...
  [152/300] CORRECT | truth=13296.1310 pred=13300.16 | Evaluate the result of non operating expenses scaled by inco...
  [160/300] CORRECT | truth=9522.0000 pred=9522.0 | What is the sum of inventories and accounts receivable for A...
  [158/300] WRONG  | truth=2727.6702 pred=62924.12 | Give the result of accounts receivable scaled by income tax ...
  [163/300] CORRECT | truth=1275.0000 pred=1275.0 | state the the minimum of non operating expenses for Pinnacle...
  [159/300] WRONG  | truth=81904.7348 pred=5857725.75 | You should calculate the result of total liabilities scaled ...
  [164/300] WRONG  | truth=2181.4016 pred=67607.33 | Give the result of accounts receivable scaled by income tax ...
  [165/300] CORRECT | truth=291110.0000 pred=291110.0 | which result follows from the sum of cost of goods sold and ...
  [167/300] CORRECT | truth=34063.8903 pred=34063.62 | which result follows from the result of total equity scaled ...
  [169/300] CORRECT | truth=22171.0000 pred=22171.0 | Which value corresponds to the sum of accounts receivable an...
  [162/300] CORRECT | truth=7642.9355 pred=7642.94521335 | calculate the result of accounts receivable scaled by income...
  [168/300] CORRECT | truth=1098264.0000 pred=1098264.0 | Evaluate the the maximum of total assets for Titan Consumer ...
  [166/300] WRONG  | truth=4040.3517 pred=91600.8 | Calculate the result of inventories scaled by income tax for...
  [170/300] CORRECT | truth=39797.0000 pred=39797.0 | evaluate the difference between operating expenses and capex...
  [161/300] WRONG  | truth=4294.8141 pred=73482.73081245724 | May you give the result of accounts receivable scaled by inc...
  [173/300] CORRECT | truth=392693.0000 pred=392693.0 | evaluate the difference between revenue and total equity for...
  [175/300] CORRECT | truth=22639.0000 pred=22639.0 | Determine the sum of cash and accounts receivable for Quantu...
  [171/300] WRONG  | truth=17846.4858 pred=501602.164 | could you give the result of total liabilities scaled by inc...
  [172/300] CORRECT | truth=-19561.0000 pred=-19561.0 | Compute the difference between dividends paid and cash for Q...
  [174/300] CORRECT | truth=91839.0000 pred=91839.0 | What do we obtain as the sum of non operating expenses and a...
  [182/300] CORRECT | truth=41413.0000 pred=41413.0 | What is the value of the sum of current liabilities and cost...
  [176/300] CORRECT | truth=412.1721 pred=412.1720796354958 | state the result of short term investments scaled by income ...
  [181/300] CORRECT | truth=16631.0000 pred=16631.0 | what is the value of the sum of inventories and operating ex...
  [178/300] CORRECT | truth=4040.0000 pred=4040.0 | what is the the maximum of inventories for Apex Dynamics Cor...
  [183/300] CORRECT | truth=464758.0000 pred=464758.0 | Which quantity is given by the the maximum of total equity f...
  [189/300] CORRECT | truth=159919.0000 pred=159919.0 | evaluate the sum of capex and cash for Titan Consumer Brands...
  [184/300] CORRECT | truth=-151994.0000 pred=-151994.0 | evaluate the difference between accounts receivable and curr...
  [177/300] CORRECT | truth=55501.0000 pred=55501.0 | Whats the value of the difference between current liabilitie...
  [187/300] CORRECT | truth=724468.0000 pred=724468.0 | what does the following give: the maximum of total assets fo...
  [186/300] WRONG  | truth=181003.1934 pred=5335124.5 | You should calculate the result of total assets scaled by in...
  [188/300] CORRECT | truth=601354.0000 pred=601354.0 | what's the value of the sum of operating expenses and revenu...
  [193/300] CORRECT | truth=65507.0000 pred=65507.0 | what's the value of the difference between cost of goods sol...
  [195/300] CORRECT | truth=35810.0000 pred=35810.0 | Determine the sum of operating expenses and current liabilit...
  [192/300] CORRECT | truth=4346.0000 pred=4346.0 | state the sum of dividends paid and total liabilities for Pi...
  [194/300] CORRECT | truth=27778.0000 pred=27778.0 | could you give the sum of short term investments and non ope...
  [180/300] CORRECT | truth=14219.6924 pred=14220.74 | whats the value of the result of short term investments scal...
  [185/300] CORRECT | truth=-342007.0000 pred=-342007.0 | What does the following give: difference between accounts re...
  [179/300] CORRECT | truth=24609.3657 pred=24618.83 | what's the value of the result of cash scaled by income tax ...
  [197/300] CORRECT | truth=8031.0000 pred=8031.0 | What do we obtain as the sum of non operating expenses and s...
  [199/300] WRONG  | truth=1260.7701 pred=116792.45 | Could you give the result of accounts receivable scaled by i...
  [198/300] CORRECT | truth=23302.0000 pred=23302.0 | which quantity is given by the the minimum of accounts recei...
  [196/300] CORRECT | truth=37757.0000 pred=37757.0 | State the difference between total assets and operating expe...
  [190/300] CORRECT | truth=114835.0000 pred=114835.0 | may you give the sum of total equity and dividends paid for ...
  [191/300] CORRECT | truth=6949.3682 pred=6949.3655948 | compute the result of cash scaled by income tax for SilverLi...
  [203/300] CORRECT | truth=2436.0000 pred=2436.0 | Compute the the maximum of capex for Quantum Bridge Holdings...
  [201/300] WRONG  | truth=-129615.0000 pred=129615.0 | what is the difference between non operating expenses and to...
  [202/300] CORRECT | truth=14588.0000 pred=14588.0 | what is the value of the the minimum of current liabilities ...
  [200/300] CORRECT | truth=1916.3738 pred=1916.3734 | What is the value of the result of cash scaled by income tax...
  [206/300] CORRECT | truth=-25883.0000 pred=-25883.0 | provide the difference between non operating expenses and to...
  [205/300] CORRECT | truth=340508.0000 pred=340508.0 | Which quantity is given by the the minimum of revenue for Ir...
  [210/300] CORRECT | truth=13446.0000 pred=13446.0 | What's the value of the the maximum of non operating expense...
  [204/300] CORRECT | truth=1661.5022 pred=1661.49123165 | what is the result of short term investments scaled by incom...
  [209/300] CORRECT | truth=18718.3246 pred=18718.361172571 | may you calculate the result of total assets scaled by incom...
  [208/300] CORRECT | truth=-9179.0000 pred=-9179.0 | Determine the difference between accounts receivable and tot...
  [207/300] CORRECT | truth=11930.0000 pred=11930.0 | You should give the sum of cash and non operating expenses f...
  [213/300] WRONG  | truth=-72066.0000 pred=72066.0 | what would be the difference between inventories and total a...
  [215/300] CORRECT | truth=465315.0000 pred=465315.0 | which quantity is given by the sum of total assets and inven...
  [216/300] CORRECT | truth=43412.0000 pred=43412.0 | Calculate the difference between cash and dividends paid for...
  [212/300] CORRECT | truth=32523.0000 pred=32523.0 | What would be the sum of cost of goods sold and inventories ...
  [211/300] CORRECT | truth=2357.1064 pred=2357.13315 | Evaluate the result of inventories scaled by income tax for ...
  [217/300] CORRECT | truth=16904.0000 pred=16904.0 | Which value corresponds to the difference between non operat...
  [214/300] WRONG  | truth=6342.4964 pred=108514.05 | May you give the result of operating expenses scaled by inco...
  [219/300] CORRECT | truth=-216214.0000 pred=-216214.0 | Which value corresponds to the difference between inventorie...
  [223/300] CORRECT | truth=40478.0000 pred=40478.0 | which result follows from the sum of short term investments ...
  [220/300] CORRECT | truth=1996.0000 pred=1996.0 | What is the value of the difference between current liabilit...
  [222/300] CORRECT | truth=92537.0000 pred=92537.0 | what does the following give: sum of accounts receivable and...
  [218/300] CORRECT | truth=43822.0827 pred=43822.14 | Could you give the result of revenue scaled by income tax fo...
  [225/300] CORRECT | truth=-7975.0000 pred=-7975.0 | what would be the difference between cost of goods sold and ...
  [221/300] CORRECT | truth=46714.2836 pred=46714.32 | Calculate the result of cost of goods sold scaled by income ...
  [224/300] CORRECT | truth=8053.7706 pred=8053.7315 | which value corresponds to the result of non operating expen...
  [229/300] CORRECT | truth=83161.0000 pred=83161.0 | What is the sum of non operating expenses and total liabilit...
  [226/300] CORRECT | truth=8099.5750 pred=8099.54 | You should calculate the result of cash scaled by income tax...
  [227/300] CORRECT | truth=-32342.0000 pred=-32342.0 | compute the difference between accounts receivable and total...
  [230/300] CORRECT | truth=5861.8975 pred=5861.9 | calculate the result of inventories scaled by income tax for...
  [228/300] WRONG  | truth=4295.4865 pred=151150.32 | Determine the result of current liabilities scaled by income...
  [231/300] CORRECT | truth=130466.0000 pred=130466.0 | Provide the difference between total assets and capex for Pa...
  [232/300] CORRECT | truth=8099.5750 pred=8099.5533 | Evaluate the result of cash scaled by income tax for Titan C...
  [237/300] CORRECT | truth=-371281.0000 pred=-371281.0 | What do we obtain as the difference between cash and revenue...
  [233/300] CORRECT | truth=63965.4551 pred=63965.71 | Whats the value of the result of cost of goods sold scaled b...
  [238/300] CORRECT | truth=15221.0000 pred=15221.0 | What's the value of the difference between total equity and ...
  [235/300] WRONG  | truth=3791.2977 pred=51599.43504561962 | Which result follows from the result of operating expenses s...
  [239/300] CORRECT | truth=6265.0000 pred=6265.0 | state the sum of cash and non operating expenses for Pinnacl...
  [234/300] WRONG  | truth=1369.4830 pred=45673.03736277034 | may you give the result of current liabilities scaled by inc...
  [236/300] CORRECT | truth=1947.2016 pred=1947.184099 | Which result follows from the result of inventories scaled b...
  [242/300] CORRECT | truth=-1814.0000 pred=-1814.0 | which quantity is given by the difference between non operat...
  [244/300] WRONG  | truth=15346.4809 pred=181522.16 | could you give the result of cost of goods sold scaled by in...
  [250/300] CORRECT | truth=42626.0000 pred=42626.0 | Provide the the maximum of operating expenses for Pacific Cr...
  [249/300] WRONG  | truth=55521.9817 pred=1602534.36 | give the result of total assets scaled by income tax for Pac...
  [248/300] CORRECT | truth=125081.0000 pred=125081.0 | What is the sum of cost of goods sold and revenue for Apex D...
  [247/300] WRONG  | truth=1461.8644 pred=62340.11164650138 | determine the result of non operating expenses scaled by inc...
  [243/300] CORRECT | truth=248.9868 pred=248.9944220671 | compute the result of short term investments scaled by incom...
  [252/300] CORRECT | truth=286345.0000 pred=286345.0 | what does the following give: sum of current liabilities and...
  [251/300] CORRECT | truth=232423.0000 pred=232423.0 | Which value corresponds to the difference between revenue an...
  [254/300] CORRECT | truth=15841.0000 pred=15841.0 | state the sum of short term investments and total assets for...
  [256/300] CORRECT | truth=201256.0000 pred=201256.0 | which result follows from the sum of total equity and non op...
  [253/300] CORRECT | truth=-689221.0000 pred=-689221.0 | What does the following give: difference between inventories...
  [255/300] WRONG  | truth=10961.6926 pred=124917.32 | May you calculate the result of current liabilities scaled b...
  [259/300] CORRECT | truth=7412.0000 pred=7412.0 | what is the the minimum of cash for Apex Dynamics Corp using...
  [260/300] CORRECT | truth=202902.0000 pred=202902.0 | You should give the sum of cash and revenue for Meridian Sys...
  [257/300] CORRECT | truth=-27219.0000 pred=-27219.0 | What would be the difference between dividends paid and cost...
  [261/300] CORRECT | truth=19663.0000 pred=19663.0 | provide the sum of inventories and accounts receivable for P...
  [258/300] CORRECT | truth=4820.0000 pred=4820.0 | Determine the sum of current liabilities and non operating e...
  [263/300] CORRECT | truth=8761.0000 pred=8761.0 | May you give the the maximum of cash for NovaStar Technologi...
  [266/300] CORRECT | truth=-130300.0000 pred=-130300.0 | may you give the difference between capex and revenue for Or...
  [262/300] CORRECT | truth=23017.0000 pred=23017.0 | What do we obtain as the sum of non operating expenses and c...
  [265/300] CORRECT | truth=342186.0000 pred=342186.0 | whats the value of the difference between total equity and n...
  [264/300] WRONG  | truth=7461.7442 pred=231261.742 | Give the result of current liabilities scaled by income tax ...
  [271/300] WRONG  | truth=-830425.0000 pred=830425.0 | which result follows from the difference between inventories...
  [267/300] CORRECT | truth=23472.0000 pred=23472.0 | What would be the sum of capex and total equity for Cobalt S...
  [270/300] CORRECT | truth=-78788.0000 pred=-78788.0 | May you calculate the difference between non operating expen...
  [268/300] CORRECT | truth=23875.0000 pred=23875.0 | Which quantity is given by the difference between operating ...
  [269/300] CORRECT | truth=11560.0000 pred=11560.0 | compute the the maximum of dividends paid for Quantum Bridge...
  [272/300] WRONG  | truth=2097.6727 pred=27455.63 | what do we obtain as the result of accounts receivable scale...
  [277/300] CORRECT | truth=597468.0000 pred=597468.0 | What do we obtain as the sum of dividends paid and cost of g...
  [276/300] CORRECT | truth=48725.3829 pred=48724.46 | which result follows from the result of revenue scaled by in...
  [280/300] CORRECT | truth=63745.0000 pred=63745.0 | You should calculate the the minimum of cost of goods sold f...
  [279/300] WRONG  | truth=14552.8339 pred=512101.13 | you should give the result of total assets scaled by income ...
  [281/300] CORRECT | truth=3876.0000 pred=3876.0 | State the difference between total equity and short term inv...
  [282/300] CORRECT | truth=51473.0000 pred=51473.0 | Which value corresponds to the sum of operating expenses and...
  [283/300] CORRECT | truth=141208.0000 pred=141208.0 | you should calculate the sum of cash and short term investme...
  [284/300] CORRECT | truth=-610281.0000 pred=-610281.0 | What do we obtain as the difference between cash and revenue...
  [285/300] CORRECT | truth=-449895.0000 pred=-449895.0 | which quantity is given by the difference between capex and ...
  [286/300] CORRECT | truth=84710.0000 pred=84710.0 | which quantity is given by the sum of accounts receivable an...
  [241/300] CORRECT | truth=27277.0000 pred=27277.0 | which result follows from the sum of capex and cash for Heli...
  [245/300] CORRECT | truth=70583.0000 pred=70583.0 | you should calculate the difference between total assets and...
  [240/300] CORRECT | truth=78595.0000 pred=78595.0 | what do we obtain as the difference between operating expens...
  [246/300] CORRECT | truth=56997.0000 pred=56997.0 | you should give the sum of inventories and operating expense...
  [288/300] CORRECT | truth=70238.0000 pred=70238.0 | whats the value of the sum of accounts receivable and divide...
  [274/300] CORRECT | truth=14501.0000 pred=14501.0 | What's the value of the the maximum of non operating expense...
  [278/300] CORRECT | truth=43135.0000 pred=43135.0 | may you calculate the sum of non operating expenses and cape...
  [287/300] WRONG  | truth=21636.5395 pred=574296.34 | evaluate the result of non operating expenses scaled by inco...
  [275/300] WRONG  | truth=9622.1712 pred=120434.23 | may you give the result of total equity scaled by income tax...
  [273/300] CORRECT | truth=1661.5022 pred=1661.5012326598412 | what is the value of the result of short term investments sc...
  [291/300] WRONG  | truth=-633820.0000 pred=633820.0 | what does the following give: difference between accounts re...
  [292/300] CORRECT | truth=33007.0000 pred=33007.0 | could you give the the minimum of total equity for Meridian ...
  [293/300] CORRECT | truth=262119.0000 pred=262119.0 | evaluate the sum of operating expenses and total equity for ...
  [290/300] CORRECT | truth=12445.9869 pred=12445.94 | what would be the result of revenue scaled by income tax for...
  [297/300] CORRECT | truth=72945.0000 pred=72945.0 | you should calculate the sum of non operating expenses and c...
  [295/300] CORRECT | truth=32926.5817 pred=32926.41143 | provide the result of revenue scaled by income tax for Pacif...
  [294/300] CORRECT | truth=-25763.0000 pred=-25763.0 | provide the difference between dividends paid and non operat...
  [298/300] CORRECT | truth=98272.0000 pred=98272.0 | what do we obtain as the the maximum of operating expenses f...
  [289/300] WRONG  | truth=10309.5287 pred=970438.13 | provide the result of current liabilities scaled by income t...
  [296/300] CORRECT | truth=-84509.0000 pred=-84509.0 | You should give the difference between dividends paid and sh...
  [299/300] CORRECT | truth=66789.0000 pred=66789.0 | What is the the maximum of total equity for Apex Dynamics Co...
  [300/300] WRONG  | truth=6181.4677 pred=144498.62 | what is the result of current liabilities scaled by income t...

============================================================
  Model: google/gemma-4-31B-it
============================================================
  10-Q      : 0/0  accuracy = 0.0%  (skipped 0)
  90-Q      : 252/300  accuracy = 84.0%  (skipped 0)
  Multi-turn: 0/0  accuracy = 0.0%  (skipped 0)
  Overall   : 252/300  accuracy = 84.0%
============================================================

Results saved to output_llm/last_runs_9th_aug_after_21/depths/depth_1_gemma_31b_90q_20260809_212921.json
CSV saved to output_llm/eval_results_20260809_212921.csv
<===== END depth_1_gemma_31b_90q =====>
