<===== START depth_2_gemma_31b_90q | provider=Apertus | model=CSCS-Inference/google/gemma-4-31B-it | dataset=90q | limit=2 =====>
90Q are Sheet: /output/financial_spreadsheet.json
90Q are Questions: /output/original_questions.json
Loading datasets...
  90-Q: 2 questions, 15 companies

============================================================
  Evaluating model: CSCS-Inference/google/gemma-4-31B-it
============================================================

-- 90-Q evaluation (2 questions) --
  [2/2] CORRECT | truth=72845.5000 pred=72845.5 | What is the average total liabilities for Apex Dynamics Corp...
  [1/2] WRONG  | truth=834000.0000 pred=322222.0 | what would be the sum of difference between revenue and acco...

============================================================
  Model: CSCS-Inference/google/gemma-4-31B-it
============================================================
  10-Q      : 0/0  accuracy = 0.0%  (skipped 0)
  90-Q      : 1/2  accuracy = 50.0%  (skipped 0)
  Multi-turn: 0/0  accuracy = 0.0%  (skipped 0)
  Overall   : 1/2  accuracy = 50.0%
============================================================

Results saved to output_llm/depths/depth_2_gemma_31b_90q_20260808_233614.json
CSV saved to output_llm/eval_results_20260808_233614.csv
<===== END depth_2_gemma_31b_90q =====>
