<===== new run accounts/fireworks/models/qwen3p7-plus depth_1-5 =======>
./commands_now.sh: line 106: python: command not found
<===== new run accounts/fireworks/models/qwen3p7-plus depth_1-5 =======>
90Q are Sheet: /output/financial_spreadsheet.json
90Q are Questions: /output/original_questions.json
Loading datasets...
  90-Q: 250 questions, 15 companies

============================================================
  Evaluating model: accounts/fireworks/models/qwen3p7-plus
============================================================

-- 90-Q evaluation (250 questions) --
  [10/250] CORRECT | truth=86108.0000 pred=86108.0 | compute the the minimum of revenue for Quantum Bridge Holdin...
  [8/250] CORRECT | truth=353846.0000 pred=353846.0 | You should calculate the longterm liabilities for Titan Cons...
  [1/250] CORRECT | truth=49048.0000 pred=49048.0 | which quantity is given by the longterm liabilities for Meri...
  [5/250] CORRECT | truth=56571.0000 pred=56571.0 | Whats the value of the the maximum of accounts receivable fo...
  [7/250] CORRECT | truth=13623.0000 pred=13623.0 | what would be the the maximum of operating expenses for Coba...
  [2/250] CORRECT | truth=8748.0000 pred=8748.0 | May you calculate the the maximum of inventories for NovaSta...
  [3/250] CORRECT | truth=49048.0000 pred=49048.0 | Could you give the longterm liabilities for Meridian Systems...
  [4/250] CORRECT | truth=13979.2500 pred=13979.25 | Compute the average operating expenses for Quantum Bridge Ho...
  [6/250] CORRECT | truth=151273.0000 pred=151273.0 | calculate the operating income for SilverLine Retail Inc in ...
  [11/250] CORRECT | truth=4778.0000 pred=4778.0 | What is the the minimum of non operating expenses for Apex D...
  [12/250] WRONG  | truth=138082.0000 pred=170585.0 | Whats the value of the longterm liabilities for ClearPath Lo...
  [16/250] CORRECT | truth=52064.2500 pred=52064.25 | what's the value of the average total liabilities for Atlas ...
  [19/250] CORRECT | truth=22901.0000 pred=22901.0 | May you calculate the the minimum of short term investments ...
  [17/250] CORRECT | truth=272356.0000 pred=272356.0 | Calculate the current assets for SilverLine Retail Inc in 20...
  [9/250] WRONG  | truth=3658.8163 pred=17.3 | What does the following give: result of cash scaled by incom...
  [20/250] CORRECT | truth=17642.0000 pred=17642.0 | what is the the maximum of non operating expenses for Apex D...
  [14/250] CORRECT | truth=33644.0000 pred=33644.0 | what would be the difference between revenue and total equit...
  [13/250] CORRECT | truth=707950.0000 pred=707950.0 | compute the result of total liabilities scaled by ratio of t...
  [18/250] CORRECT | truth=10964.0000 pred=10964.0 | state the sum of current assets and current assets for Pinna...
  [15/250] CORRECT | truth=841624.7500 pred=841624.75 | What do we obtain as the sum of longterm assets for Crimson ...
  [21/250] CORRECT | truth=977069.0000 pred=977069.0 | What would be the sum of difference between total assets and...
  [28/250] CORRECT | truth=246479.0000 pred=246479.0 | provide the the maximum of total liabilities for Pacific Cre...
  [23/250] WRONG  | truth=150603.0000 pred=301219.0 | what's the value of the gross profit for ClearPath Logistics...
  [24/250] CORRECT | truth=23856.0000 pred=23856.0 | may you calculate the the maximum of accounts receivable for...
  [22/250] CORRECT | truth=372181.0000 pred=372181.0 | What does the following give: difference between cost of goo...
  [25/250] CORRECT | truth=40562.0000 pred=40562.0 | provide the the maximum of current liabilities for Pacific C...
  [27/250] CORRECT | truth=12076.0000 pred=12076.0 | Determine the the maximum of dividends paid for Quantum Brid...
  [26/250] CORRECT | truth=706774.0000 pred=706774.0 | Whats the value of the longterm assets for ClearPath Logisti...
  [31/250] CORRECT | truth=17176.0000 pred=17176.0 | determine the the maximum of revenue for Pinnacle Health Gro...
  [34/250] CORRECT | truth=24950.0000 pred=24950.0 | Compute the current assets for Quantum Bridge Holdings in 20...
  [32/250] CORRECT | truth=3877.0000 pred=3877.0 | State the result of current assets scaled by ratio of result...
  [38/250] CORRECT | truth=54576.0000 pred=54576.0 | Calculate the the minimum of accounts receivable for SilverL...
  [35/250] CORRECT | truth=88430.0000 pred=88430.0 | which result follows from the the maximum of short term inve...
  [29/250] CORRECT | truth=229893.0000 pred=229893.0 | may you calculate the sum of total assets and sum of current...
  [39/250] CORRECT | truth=267446.0000 pred=267446.0 | Which quantity is given by the gross profit for Ironclad Man...
  [30/250] CORRECT | truth=88102.0000 pred=88102.0 | what does the following give: average operating expenses for...
  [37/250] CORRECT | truth=46063.0000 pred=46063.0 | which result follows from the the maximum of non operating e...
  [36/250] CORRECT | truth=869039.0000 pred=869039.0 | evaluate the longterm assets for Titan Consumer Brands in 20...
  [41/250] CORRECT | truth=5149.0000 pred=5149.0 | compute the the minimum of non operating expenses for Quantu...
  [33/250] CORRECT | truth=261485.6383 pred=261485.5630232253 | Whats the value of the sum of cash and result of total equit...
  [40/250] CORRECT | truth=266322.0000 pred=245506.0 | whats the value of the difference between ratio of sum of su...
  [45/250] CORRECT | truth=295198.0000 pred=295198.0 | Calculate the the minimum of total liabilities for SilverLin...
  [46/250] CORRECT | truth=552699.0000 pred=552699.0 | Which quantity is given by the the maximum of total liabilit...
  [43/250] CORRECT | truth=159104.0000 pred=159104.0 | May you calculate the current assets for NovaStar Technologi...
  [44/250] CORRECT | truth=234237.0000 pred=234237.0 | evaluate the longterm liabilities for SilverLine Retail Inc ...
  [47/250] CORRECT | truth=90754.0000 pred=90754.0 | Calculate the the maximum of cash for SilverLine Retail Inc ...
  [42/250] CORRECT | truth=324698.2000 pred=324698.2 | Which result follows from the average total liabilities for ...
  [48/250] CORRECT | truth=729677.0000 pred=729677.0 | calculate the the maximum of total assets for SilverLine Ret...
  [56/250] WRONG  | truth=445216.0000 pred=597468.0 | Whats the value of the the maximum of cost of goods sold for...
  [50/250] CORRECT | truth=908620.0000 pred=908620.0 | Whats the value of the the maximum of total assets for Clear...
  [53/250] CORRECT | truth=63824.0000 pred=63824.0 | you should calculate the the maximum of cash for SilverLine ...
  [51/250] CORRECT | truth=84633.5000 pred=84633.5 | Calculate the average operating expenses for SilverLine Reta...
  [49/250] CORRECT | truth=48287.0000 pred=48287.0 | determine the longterm assets for Quantum Bridge Holdings in...
  [52/250] CORRECT | truth=65173.0000 pred=65173.0 | Which quantity is given by the longterm assets for Meridian ...
  [55/250] CORRECT | truth=210041.0000 pred=210041.0 | provide the sum of longterm liabilities and current assets f...
  [54/250] CORRECT | truth=697598.4000 pred=697598.4 | Whats the value of the average total assets for ClearPath Lo...
  [60/250] CORRECT | truth=194965.0000 pred=194965.0 | Which value corresponds to the the minimum of total assets f...
  [57/250] WRONG  | truth=986.1160 pred=39980.93645426859 | compute the result of capex scaled by income tax for Quantum...
  [58/250] CORRECT | truth=27481.0000 pred=27481.0 | What's the value of the gross profit for Atlas Global Indust...
  [67/250] CORRECT | truth=14517.0000 pred=14517.0 | What does the following give: the minimum of dividends paid ...
  [59/250] CORRECT | truth=61174.0000 pred=61174.0 | which value corresponds to the pretax income for Helix BioSc...
  [61/250] CORRECT | truth=53117.0000 pred=53117.0 | which quantity is given by the average short term investment...
  [62/250] CORRECT | truth=15614.0000 pred=15614.0 | Whats the value of the difference between non operating expe...
  [63/250] CORRECT | truth=738806.0000 pred=738806.0 | you should calculate the longterm assets for Titan Consumer ...
  [71/250] CORRECT | truth=23938.0000 pred=23938.0 | what is the gross profit for Apex Dynamics Corp in 2024 ?...
  [70/250] CORRECT | truth=90754.0000 pred=90754.0 | calculate the the maximum of cash for SilverLine Retail Inc ...
  [68/250] CORRECT | truth=169244.0000 pred=169244.0 | What do we obtain as the the maximum of operating expenses f...
  [66/250] CORRECT | truth=11315.0000 pred=11315.0 | Give the the maximum of inventories for Orion Financial Grou...
  [64/250] CORRECT | truth=170513.5000 pred=170513.5 | Provide the average total assets for Pacific Crest Energy ac...
  [69/250] CORRECT | truth=33056.0000 pred=33056.0 | What is the value of the current assets for Apex Dynamics Co...
  [65/250] CORRECT | truth=75315.0000 pred=75315.0 | Could you give the sum of longterm liabilities and current l...
  [73/250] CORRECT | truth=5363.0000 pred=5363.0 | which value corresponds to the the minimum of inventories fo...
  [75/250] CORRECT | truth=0.0000 pred=0.0 | What is the the minimum of dividends paid for Apex Dynamics ...
  [72/250] CORRECT | truth=51604.6667 pred=51604.67 | Compute the average total liabilities for Quantum Bridge Hol...
  [74/250] CORRECT | truth=5107.0000 pred=5107.0 | you should give the current assets for Pinnacle Health Group...
  [78/250] CORRECT | truth=257911.0000 pred=257911.0 | compute the current assets for SilverLine Retail Inc in 2023...
  [77/250] CORRECT | truth=18575.0000 pred=18575.0 | What do we obtain as the the minimum of total equity for Cob...
  [85/250] CORRECT | truth=58304.0000 pred=58304.0 | may you give the the maximum of cash for Orion Financial Gro...
  [79/250] CORRECT | truth=1652.0000 pred=1652.0 | what is the value of the the minimum of inventories for Atla...
  [76/250] CORRECT | truth=10492.5562 pred=10492.55617787975 | determine the result of the minimum of cash for Quantum Brid...
  [84/250] CORRECT | truth=552921.0000 pred=552921.0 | Whats the value of the sum of capex for ClearPath Logistics ...
  [82/250] CORRECT | truth=-3855.0000 pred=-3855.0 | State the difference between total equity and total assets f...
  [87/250] CORRECT | truth=525432.0000 pred=525432.0 | may you calculate the the maximum of total assets for NovaSt...
  [88/250] CORRECT | truth=1839.0000 pred=1839.0 | State the the maximum of short term investments for Pinnacle...
  [86/250] CORRECT | truth=255557.0000 pred=255557.0 | what does the following give: longterm assets for Crimson Ph...
  [83/250] CORRECT | truth=58456.0000 pred=58456.0 | Evaluate the pretax income for Titan Consumer Brands in 2024...
  [80/250] CORRECT | truth=1255.0000 pred=1255.0 | state the pretax income for Pinnacle Health Group in 2022...
  [81/250] CORRECT | truth=8670.8000 pred=8670.8 | What's the value of the average short term investments for A...
  [93/250] CORRECT | truth=50873.0000 pred=50873.0 | Which quantity is given by the the minimum of current liabil...
  [89/250] CORRECT | truth=219929.0000 pred=219929.0 | provide the longterm assets for Pacific Crest Energy in 2020...
  [94/250] CORRECT | truth=83549.0000 pred=83549.0 | You should give the sum of revenue and sum of cost of goods ...
  [90/250] CORRECT | truth=105646.0000 pred=105646.0 | Which value corresponds to the current assets for Helix BioS...
  [92/250] CORRECT | truth=235364.0000 pred=235364.0 | evaluate the sum of the maximum of inventories for Titan Con...
  [95/250] CORRECT | truth=203738.0000 pred=203738.0 | Calculate the longterm liabilities for SilverLine Retail Inc...
  [97/250] CORRECT | truth=28364.0000 pred=28364.0 | provide the average non operating expenses for Pacific Crest...
  [102/250] CORRECT | truth=10033.0000 pred=10033.0 | What is the value of the the minimum of cash for Atlas Globa...
  [99/250] CORRECT | truth=39977.0000 pred=39977.0 | What is the gross profit for Apex Dynamics Corp in 2020...
  [104/250] CORRECT | truth=26680.0000 pred=26680.0 | you should give the average accounts receivable for Ironclad...
  [91/250] WRONG  | truth=20.9170 pred=2023.0 | State the result of the minimum of accounts receivable for P...
  [100/250] CORRECT | truth=3855.0000 pred=3855.0 | state the the minimum of total liabilities for Pinnacle Heal...
  [96/250] WRONG  | truth=17895.2467 pred=0.5978079150497113 | You should calculate the sum of result of dividends paid sca...
  [98/250] CORRECT | truth=29918.0000 pred=29918.0 | What is the value of the pretax income for Apex Dynamics Cor...
  [106/250] CORRECT | truth=53256.0000 pred=53256.0 | What do we obtain as the longterm assets for Cobalt Semicond...
  [110/250] CORRECT | truth=1096.0000 pred=1096.0 | Determine the the maximum of inventories for Pinnacle Health...
  [109/250] CORRECT | truth=37881.0000 pred=37881.0 | Could you give the longterm liabilities for Meridian Systems...
  [108/250] CORRECT | truth=24078.2500 pred=24078.25 | what is the average cash for Apex Dynamics Corp across years...
  [103/250] WRONG  | truth=-108189.0000 pred=108189.0 | Which value corresponds to the difference between the minimu...
  [105/250] WRONG  | truth=4252.9839 pred=425.0 | What is the result of the minimum of short term investments ...
  [112/250] WRONG  | truth=-182160.0000 pred=182160.0 | Give the difference between cost of goods sold and total ass...
  [107/250] WRONG  | truth=90503.2515 pred=-166872.115262 | evaluate the difference between sum of non operating expense...
  [114/250] CORRECT | truth=13014.7500 pred=13014.75 | What's the value of the average operating expenses for Atlas...
  [111/250] CORRECT | truth=-249787.0000 pred=-249787.0 | which result follows from the difference between the maximum...
  [118/250] CORRECT | truth=370.0000 pred=370.0 | state the the minimum of cash for Pinnacle Health Group usin...
  [101/250] WRONG  | truth=26654.3403 pred=10.0 | Which quantity is given by the sum of result of total equity...
  [113/250] CORRECT | truth=853892.0000 pred=853892.0 | Evaluate the longterm assets for Titan Consumer Brands in 20...
  [115/250] CORRECT | truth=220619.0000 pred=220619.0 | evaluate the pretax income for Titan Consumer Brands in 2020...
  [117/250] CORRECT | truth=17269.0000 pred=17269.0 | Which value corresponds to the average short term investment...
  [119/250] CORRECT | truth=61687.0000 pred=61687.0 | What do we obtain as the sum of total liabilities for Cobalt...
  [120/250] CORRECT | truth=66377.0000 pred=66377.0 | What do we obtain as the sum of operating income and revenue...
  [121/250] CORRECT | truth=165182.0000 pred=165182.0 | Give the the maximum of total equity for Orion Financial Gro...
  [124/250] CORRECT | truth=60901.0000 pred=60901.0 | What's the value of the the minimum of non operating expense...
  [116/250] CORRECT | truth=11190.0000 pred=11190.0 | you should calculate the sum of difference between total equ...
  [123/250] CORRECT | truth=166227.0000 pred=166227.0 | calculate the pretax income for SilverLine Retail Inc in 202...
  [130/250] CORRECT | truth=15616.0000 pred=15616.0 | What is the the maximum of non operating expenses for Apex D...
  [131/250] CORRECT | truth=83340.0000 pred=83340.0 | May you calculate the the maximum of cost of goods sold for ...
  [126/250] CORRECT | truth=16621.0000 pred=16621.0 | What would be the pretax income for Cobalt Semiconductor in ...
  [125/250] CORRECT | truth=102738.0000 pred=102738.0 | may you give the average total equity for Orion Financial Gr...
  [129/250] CORRECT | truth=246479.0000 pred=246479.0 | Give the the maximum of total liabilities for Pacific Crest ...
  [127/250] CORRECT | truth=357135.0000 pred=357135.0 | What does the following give: the maximum of total assets fo...
  [122/250] CORRECT | truth=173192.6667 pred=173192.67 | Give the average total assets for Pacific Crest Energy acros...
  [132/250] CORRECT | truth=19465.0000 pred=19465.0 | What is the value of the longterm liabilities for Atlas Glob...
  [134/250] CORRECT | truth=354397.0000 pred=354397.0 | Which value corresponds to the difference between total asse...
  [138/250] CORRECT | truth=15773.0000 pred=15773.0 | you should give the the minimum of non operating expenses fo...
  [135/250] CORRECT | truth=366328.0000 pred=366328.0 | May you calculate the longterm assets for NovaStar Technolog...
  [137/250] CORRECT | truth=4908.0000 pred=4908.0 | May you give the the minimum of short term investments for N...
  [139/250] CORRECT | truth=36229.0000 pred=36229.0 | Evaluate the the minimum of accounts receivable for Titan Co...
  [142/250] CORRECT | truth=16019.0000 pred=16019.0 | May you calculate the the minimum of non operating expenses ...
  [141/250] CORRECT | truth=6690.5000 pred=6690.5 | you should give the average dividends paid for Meridian Syst...
  [128/250] WRONG  | truth=-250305.1234 pred=8694535455.0 | evaluate the difference between difference between result of...
  [143/250] CORRECT | truth=41750.0000 pred=41750.0 | Determine the gross profit for Quantum Bridge Holdings in 20...
  [133/250] WRONG  | truth=73.6967 pred=2796.815471942625 | What do we obtain as the result of dividends paid scaled by ...
  [136/250] CORRECT | truth=95404.0000 pred=95404.0 | may you give the sum of total equity and current assets for ...
  [144/250] CORRECT | truth=273650.0000 pred=273650.0 | Evaluate the longterm liabilities for SilverLine Retail Inc ...
  [147/250] WRONG  | truth=22107.0000 pred=28424.0 | whats the value of the the maximum of dividends paid for Cle...
  [148/250] CORRECT | truth=8455.0000 pred=8455.0 | what's the value of the the minimum of current liabilities f...
  [150/250] CORRECT | truth=22107.0000 pred=22107.0 | Which value corresponds to the average inventories for Helix...
  [146/250] CORRECT | truth=-257074.0000 pred=-257074.0 | give the difference between accounts receivable and total as...
  [151/250] CORRECT | truth=186854.0000 pred=186854.0 | what's the value of the the maximum of total assets for Atla...
  [152/250] CORRECT | truth=28358.0000 pred=28358.0 | Compute the current assets for Quantum Bridge Holdings in 20...
  [145/250] CORRECT | truth=-3275.5817 pred=-3275.581064337267 | you should give the result of ratio of sum of sum of sum of ...
  [153/250] CORRECT | truth=103533.0000 pred=103533.0 | Evaluate the the maximum of non operating expenses for Titan...
  [154/250] CORRECT | truth=97839.0000 pred=97839.0 | which quantity is given by the the maximum of short term inv...
  [155/250] CORRECT | truth=365161.0000 pred=365161.0 | Evaluate the longterm assets for SilverLine Retail Inc in 20...
  [156/250] CORRECT | truth=724468.0000 pred=724468.0 | what does the following give: the maximum of total assets fo...
  [140/250] CORRECT | truth=775935.0070 pred=775905.93 | which result follows from the result of longterm liabilities...
  [162/250] CORRECT | truth=8721.0000 pred=8721.0 | could you give the the minimum of accounts receivable for Me...
  [158/250] CORRECT | truth=83340.0000 pred=83340.0 | may you give the the maximum of cost of goods sold for NovaS...
  [160/250] CORRECT | truth=8414.5000 pred=8414.5 | Determine the average current liabilities for Pinnacle Healt...
  [163/250] CORRECT | truth=93560.0000 pred=93560.0 | Which value corresponds to the gross profit for Helix BioSci...
  [165/250] CORRECT | truth=101392.0000 pred=101392.0 | calculate the the maximum of accounts receivable for SilverL...
  [149/250] CORRECT | truth=17683.0000 pred=17683.0 | Provide the sum of longterm liabilities and difference betwe...
  [157/250] CORRECT | truth=119214.0000 pred=119214.0 | Which value corresponds to the longterm assets for Helix Bio...
  [159/250] CORRECT | truth=220619.0000 pred=220619.0 | Evaluate the pretax income for Titan Consumer Brands in 2020...
  [164/250] CORRECT | truth=150752.0000 pred=150752.0 | what does the following give: current assets for Crimson Pha...
  [171/250] CORRECT | truth=21435.0000 pred=21435.0 | You should calculate the the minimum of short term investmen...
  [166/250] CORRECT | truth=5692.0000 pred=5692.0 | What's the value of the average capex for Atlas Global Indus...
  [161/250] WRONG  | truth=8089.8393 pred=21428.919640009255 | Evaluate the result of sum of capex and capex scaled by rati...
  [168/250] CORRECT | truth=54909.0000 pred=54909.0 | what is the sum of current liabilities and capex for Apex Dy...
  [173/250] CORRECT | truth=196832.0000 pred=196832.0 | could you give the the maximum of revenue for Meridian Syste...
  [169/250] CORRECT | truth=38749.0000 pred=38749.0 | what would be the longterm assets for Cobalt Semiconductor i...
  [176/250] CORRECT | truth=9253.0000 pred=9253.0 | You should give the the minimum of cash for Ironclad Manufac...
  [167/250] CORRECT | truth=4147.0000 pred=4147.0 | what would be the the maximum of inventories for Cobalt Semi...
  [172/250] CORRECT | truth=36886.0000 pred=36886.0 | Compute the longterm liabilities for Quantum Bridge Holdings...
  [180/250] CORRECT | truth=85599.0000 pred=85599.0 | what do we obtain as the the minimum of operating expenses f...
  [177/250] CORRECT | truth=4011.0000 pred=4011.0 | What would be the average accounts receivable for Cobalt Sem...
  [174/250] CORRECT | truth=72945.0000 pred=72945.0 | Whats the value of the the maximum of short term investments...
  [179/250] CORRECT | truth=4579.8000 pred=4579.8 | What would be the average accounts receivable for Cobalt Sem...
  [175/250] CORRECT | truth=918217.0000 pred=918217.0 | Evaluate the longterm assets for Titan Consumer Brands in 20...
  [178/250] CORRECT | truth=183662.0000 pred=183662.0 | you should give the operating income for Crimson Pharmaceuti...
  [185/250] CORRECT | truth=135686.0000 pred=135686.0 | Calculate the the minimum of total equity for SilverLine Ret...
  [184/250] CORRECT | truth=5108.0000 pred=5108.0 | What do we obtain as the the minimum of cash for Cobalt Semi...
  [187/250] CORRECT | truth=60388.0000 pred=60388.0 | What is the longterm liabilities for Apex Dynamics Corp in 2...
  [183/250] CORRECT | truth=10648.0000 pred=10648.0 | what would be the pretax income for Cobalt Semiconductor in ...
  [186/250] CORRECT | truth=27025.0000 pred=27025.0 | Whats the value of the pretax income for ClearPath Logistics...
  [190/250] CORRECT | truth=50103.0000 pred=50103.0 | Provide the difference between current liabilities and accou...
  [188/250] CORRECT | truth=194608.0000 pred=194608.0 | may you give the longterm assets for Orion Financial Group i...
  [170/250] CORRECT | truth=142085.0000 pred=142085.0 | may you give the the maximum of revenue for Orion Financial ...
  [189/250] CORRECT | truth=14696.0000 pred=14696.0 | What would be the pretax income for Cobalt Semiconductor in ...
  [181/250] CORRECT | truth=57969.0000 pred=57969.0 | Which quantity is given by the current assets for Ironclad M...
  [182/250] WRONG  | truth=12599.0000 pred=23327.8 | You should give the average inventories for ClearPath Logist...
  [192/250] CORRECT | truth=37653.0000 pred=37653.0 | What do we obtain as the the maximum of capex for Crimson Ph...
  [194/250] CORRECT | truth=744898.0000 pred=744898.0 | what would be the sum of non operating expenses and total as...
  [193/250] CORRECT | truth=108437.0000 pred=108437.0 | which quantity is given by the the maximum of total equity f...
  [197/250] CORRECT | truth=17082.0000 pred=17082.0 | compute the current assets for Quantum Bridge Holdings in 20...
  [200/250] CORRECT | truth=9923.0000 pred=9923.0 | Determine the operating income for Pinnacle Health Group in ...
  [191/250] WRONG  | truth=206.1329 pred=6326.81 | Which quantity is given by the result of dividends paid scal...
  [198/250] CORRECT | truth=633177.3333 pred=633177.33 | what does the following give: average total assets for Crims...
  [202/250] CORRECT | truth=3204.0000 pred=3204.0 | give the the minimum of capex for Orion Financial Group usin...
  [196/250] CORRECT | truth=49098.0000 pred=49098.0 | compute the operating income for Quantum Bridge Holdings in ...
  [201/250] CORRECT | truth=127775.0000 pred=127775.0 | Give the the maximum of revenue for Orion Financial Group us...
  [199/250] CORRECT | truth=23315.0000 pred=23315.0 | which result follows from the average capex for Ironclad Man...
  [205/250] CORRECT | truth=286903.0000 pred=286903.0 | what does the following give: sum of cash and cost of goods ...
  [207/250] CORRECT | truth=15855.5000 pred=15855.5 | Give the average non operating expenses for Orion Financial ...
  [206/250] CORRECT | truth=7094.0000 pred=7094.0 | You should calculate the the maximum of capex for Atlas Glob...
  [211/250] CORRECT | truth=18142.0000 pred=18142.0 | what is the the minimum of current liabilities for Apex Dyna...
  [203/250] CORRECT | truth=178376.0000 pred=178376.0 | Evaluate the sum of accounts receivable for SilverLine Retai...
  [208/250] CORRECT | truth=4853.0000 pred=4853.0 | determine the current assets for Pinnacle Health Group in 20...
  [209/250] CORRECT | truth=508854.0000 pred=508854.0 | Calculate the gross profit for SilverLine Retail Inc in 2025...
  [204/250] CORRECT | truth=4604.0000 pred=4604.0 | May you give the difference between cash and capex for NovaS...
  [210/250] CORRECT | truth=34321.0000 pred=34321.0 | What do we obtain as the sum of cost of goods sold and short...
  [214/250] CORRECT | truth=10537.0000 pred=10537.0 | What's the value of the the minimum of short term investment...
  [212/250] CORRECT | truth=117591.0000 pred=117591.0 | What does the following give: average total equity for Helix...
  [218/250] CORRECT | truth=1006.0000 pred=1006.0 | state the the maximum of inventories for Pinnacle Health Gro...
  [216/250] CORRECT | truth=33734.0000 pred=33734.0 | you should calculate the operating income for Quantum Bridge...
  [213/250] CORRECT | truth=3785.2000 pred=3785.2 | You should give the average inventories for Apex Dynamics Co...
  [217/250] CORRECT | truth=61190.0000 pred=61190.0 | compute the gross profit for Quantum Bridge Holdings in 2024...
  [215/250] CORRECT | truth=18382.0000 pred=18382.0 | what do we obtain as the current assets for Cobalt Semicondu...
  [219/250] CORRECT | truth=13370.0000 pred=13370.0 | Whats the value of the the minimum of capex for ClearPath Lo...
  [195/250] WRONG  | truth=1500486.7432 pred=78674.0 | what does the following give: sum of current assets for Crim...
  [221/250] CORRECT | truth=2888.0000 pred=2888.0 | what would be the the minimum of accounts receivable for Cob...
  [224/250] CORRECT | truth=656046.0000 pred=656046.0 | whats the value of the average total assets for ClearPath Lo...
  [223/250] CORRECT | truth=28206.0000 pred=28206.0 | What is the value of the current assets for Atlas Global Ind...
  [225/250] CORRECT | truth=6190.0000 pred=6190.0 | what's the value of the the minimum of accounts receivable f...
  [222/250] CORRECT | truth=167123.0000 pred=167123.0 | determine the sum of difference between revenue and short te...
  [227/250] CORRECT | truth=48730.0000 pred=48730.0 | what's the value of the average cost of goods sold for Atlas...
  [226/250] CORRECT | truth=194608.0000 pred=194608.0 | May you give the longterm assets for Orion Financial Group i...
  [229/250] CORRECT | truth=77293.0000 pred=77293.0 | could you give the operating income for Meridian Systems Inc...
  [228/250] CORRECT | truth=187681.0000 pred=187681.0 | give the difference between total assets and capex for Orion...
  [230/250] WRONG  | truth=-58095.0000 pred=58095.0 | what's the value of the difference between current liabiliti...
  [231/250] CORRECT | truth=36300.0000 pred=36300.0 | provide the operating income for Pacific Crest Energy in 202...
  [220/250] CORRECT | truth=-9630.3571 pred=-9630.357088007479 | You should give the difference between result of operating e...
  [233/250] CORRECT | truth=62589.0000 pred=62589.0 | evaluate the sum of the minimum of capex for Titan Consumer ...
  [232/250] CORRECT | truth=3578.0000 pred=3578.0 | You should give the sum of dividends paid and short term inv...
  [234/250] CORRECT | truth=61174.0000 pred=61174.0 | which value corresponds to the pretax income for Helix BioSc...
  [239/250] CORRECT | truth=390165.0000 pred=390165.0 | evaluate the the maximum of total liabilities for SilverLine...
  [241/250] CORRECT | truth=3475.0000 pred=3475.0 | state the the maximum of short term investments for Pinnacle...
  [242/250] CORRECT | truth=11694.0000 pred=11694.0 | what is the the maximum of accounts receivable for Apex Dyna...
  [238/250] CORRECT | truth=13365.0000 pred=13365.0 | What's the value of the average non operating expenses for A...
  [240/250] CORRECT | truth=55811.0000 pred=55811.0 | state the current assets for Pacific Crest Energy in 2021 ....
  [235/250] CORRECT | truth=56571.0000 pred=56571.0 | whats the value of the the maximum of accounts receivable fo...
  [243/250] CORRECT | truth=28593.0000 pred=28593.0 | what do we obtain as the gross profit for Cobalt Semiconduct...
  [245/250] CORRECT | truth=13280.0000 pred=13280.0 | give the the maximum of inventories for Pacific Crest Energy...
  [244/250] CORRECT | truth=33734.0000 pred=33734.0 | Compute the operating income for Quantum Bridge Holdings in ...
  [248/250] CORRECT | truth=218005.0000 pred=218005.0 | State the the maximum of revenue for Pacific Crest Energy us...
  [247/250] CORRECT | truth=929955.0000 pred=937813.0 | whats the value of the sum of current liabilities and total ...
  [237/250] CORRECT | truth=148307.0000 pred=148307.0 | Which result follows from the longterm assets for Ironclad M...
  [250/250] CORRECT | truth=-123283.0000 pred=-123283.0 | may you calculate the difference between inventories and cur...
  [236/250] CORRECT | truth=-2618.9483 pred=-2618.9482682949083 | Compute the difference between result of operating expenses ...
  [246/250] CORRECT | truth=408048.0000 pred=408048.0 | Whats the value of the sum of cost of goods sold for ClearPa...
  [249/250] CORRECT | truth=269311.0000 pred=269311.0 | Whats the value of the longterm assets for ClearPath Logisti...

============================================================
  Model: accounts/fireworks/models/qwen3p7-plus
============================================================
  10-Q      : 0/0  accuracy = 0.0%  (skipped 0)
  90-Q      : 230/250  accuracy = 92.0%  (skipped 0)
  Multi-turn: 0/0  accuracy = 0.0%  (skipped 0)
  Overall   : 230/250  accuracy = 92.0%
============================================================

Results saved to output_llm/last_runs_9th_aug_after_21/mixed_depth_qwen3p7plus_20260809_210908.json
CSV saved to output_llm/eval_results_20260809_210908.csv
